Overriding model.yaml nc=80 with nc=1
Freezing layer 'model.23.dfl.conv.weight'
AMP: running Automatic Mixed Precision (AMP) checks...
AMP: checks passed ✅
train: Fast image access ✅ (ping: 0.0±0.0 ms, read: 1310.4±611.7 MB/s, size: 78.2 KB)
train: Scanning /data2/jd1/datasets/medical-pills/labels/train... 92 images, 0 b
train: New cache created: /data2/jd1/datasets/medical-pills/labels/train.cache
val: Fast image access ✅ (ping: 0.0±0.0 ms, read: 53.6±40.5 MB/s, size: 71.9 KB)
val: Scanning /data2/jd1/datasets/medical-pills/labels/val... 23 images, 0 backg
val: New cache created: /data2/jd1/datasets/medical-pills/labels/val.cache
Plotting labels to .yolo-out-mp/yolo11-mp-1/labels.jpg...
optimizer: 'optimizer=auto' found, ignoring 'lr0=0.01' and 'momentum=0.937' and determining best 'optimizer', 'lr0' and 'momentum' automatically...
optimizer: AdamW(lr=0.002, momentum=0.9) with parameter groups 106 weight(decay=0.0), 113 weight(decay=0.0005), 112 bias(decay=0.0)
Image sizes 640 train, 640 val
Using 16 dataloader workers
Logging results to .yolo-out-mp/yolo11-mp-1
Starting training for 100 epochs...

      Epoch    GPU_mem   box_loss   cls_loss   dfl_loss  Instances       Size
      1/100      4.23G      5.892      3.768      4.264        295        640: 1
                 Class     Images  Instances      Box(P          R      mAP50  m
                   all         23        399          0          0          0          0

      Epoch    GPU_mem   box_loss   cls_loss   dfl_loss  Instances       Size
      2/100      4.39G      5.378      3.557      4.179        275        640: 1
                 Class     Images  Instances      Box(P          R      mAP50  m
                   all         23        399          0          0          0          0

      Epoch    GPU_mem   box_loss   cls_loss   dfl_loss  Instances       Size
      3/100      4.52G      3.874      2.392      3.824        173        640: 100
                 Class     Images  Instances      Box(P          R      mAP50  mAP50-95): 100%|██████████|
                   all         23        399          0          0          0          0

      Epoch    GPU_mem   box_loss   cls_loss   dfl_loss  Instances       Size
      4/100      4.69G      2.739      1.541       3.42        198        640: 100%|██████████| 6/6 [00:01<
                 Class     Images  Instances      Box(P          R      mAP50  mAP50-95): 100%|██████████|
                   all         23        399          0          0          0          0

      Epoch    GPU_mem   box_loss   cls_loss   dfl_loss  Instances       Size
      5/100      4.76G      2.376      1.303      3.099        213        640: 100%|██████████| 6/6 [00:01<
                 Class     Images  Instances      Box(P          R      mAP50  mAP50-95): 100%|██████████|
                   all         23        399          0          0          0          0

      Epoch    GPU_mem   box_loss   cls_loss   dfl_loss  Instances       Size
      6/100       4.9G      2.284      1.188      2.849        216        640: 100%|██████████| 6/6 [00:01<
                 Class     Images  Instances      Box(P          R      mAP50  mAP50-95): 100%|██████████|
                   all         23        399          0          0          0          0

      Epoch    GPU_mem   box_loss   cls_loss   dfl_loss  Instances       Size
      7/100      5.03G      2.056      1.122      2.489        259        640: 100%|██████████| 6/6 [00:01<
                 Class     Images  Instances      Box(P          R      mAP50  mAP50-95): 100%|██████████|
                   all         23        399          0          0          0          0

      Epoch    GPU_mem   box_loss   cls_loss   dfl_loss  Instances       Size
      8/100      5.09G      1.895      1.089      2.431        172        640: 100%|██████████| 6/6 [00:01<
                 Class     Images  Instances      Box(P          R      mAP50  mAP50-95): 100%|██████████|
                   all         23        399          0          0          0          0

      Epoch    GPU_mem   box_loss   cls_loss   dfl_loss  Instances       Size
      9/100      5.22G      1.855     0.9645      2.153        220        640: 100%|██████████| 6/6 [00:01<
                 Class     Images  Instances      Box(P          R      mAP50  mAP50-95): 100%|██████████|
                   all         23        399          0          0          0          0

      Epoch    GPU_mem   box_loss   cls_loss   dfl_loss  Instances       Size
     10/100      5.35G      1.754     0.9253      2.072        232        640: 100%|██████████| 6/6 [00:01<
                 Class     Images  Instances      Box(P          R      mAP50  mAP50-95): 100%|██████████|
                   all         23        399          0          0          0          0

      Epoch    GPU_mem   box_loss   cls_loss   dfl_loss  Instances       Size
     11/100      5.48G      1.694      0.867      1.906        179        640: 100%|██████████| 6/6 [00:01<
                 Class     Images  Instances      Box(P          R      mAP50  mAP50-95): 100%|██████████|
                   all         23        399          0          0          0          0

      Epoch    GPU_mem   box_loss   cls_loss   dfl_loss  Instances       Size
     12/100      5.61G       1.64     0.8762      1.918        195        640: 100%|██████████| 6/6 [00:01<
                 Class     Images  Instances      Box(P          R      mAP50  mAP50-95): 100%|██████████|
                   all         23        399          0          0          0          0

      Epoch    GPU_mem   box_loss   cls_loss   dfl_loss  Instances       Size
     13/100      5.68G      2.058      0.943      1.949        178        640: 100%|██████████| 6/6 [00:01<
                 Class     Images  Instances      Box(P          R      mAP50  mAP50-95): 100%|██████████|
                   all         23        399          0          0          0          0

      Epoch    GPU_mem   box_loss   cls_loss   dfl_loss  Instances       Size
     14/100      5.81G      1.703     0.8979      1.877        241        640: 100%|██████████| 6/6 [00:01<
                 Class     Images  Instances      Box(P          R      mAP50  mAP50-95): 100%|██████████|
                   all         23        399   0.000645    0.00752   0.000327   3.27e-05

      Epoch    GPU_mem   box_loss   cls_loss   dfl_loss  Instances       Size
     15/100      5.95G      1.746     0.8868      1.801        194        640: 100%|██████████| 6/6 [00:01<
                 Class     Images  Instances      Box(P          R      mAP50  mAP50-95): 100%|██████████|
                   all         23        399     0.0978      0.687      0.131     0.0374

      Epoch    GPU_mem   box_loss   cls_loss   dfl_loss  Instances       Size
     16/100      6.08G      1.612      0.828      1.732        230        640: 100%|██████████| 6/6 [00:01<
                 Class     Images  Instances      Box(P          R      mAP50  mAP50-95): 100%|██████████|
                   all         23        399      0.105      0.925      0.585      0.213

      Epoch    GPU_mem   box_loss   cls_loss   dfl_loss  Instances       Size
     17/100      6.15G      1.607     0.8103      1.617        291        640: 100%|██████████| 6/6 [00:01<
                 Class     Images  Instances      Box(P          R      mAP50  mAP50-95): 100%|██████████|
                   all         23        399      0.103       0.95      0.643      0.266

      Epoch    GPU_mem   box_loss   cls_loss   dfl_loss  Instances       Size
     18/100      6.28G      1.651     0.8145      1.669        188        640: 100%|██████████| 6/6 [00:01<
                 Class     Images  Instances      Box(P          R      mAP50  mAP50-95): 100%|██████████|
                   all         23        399      0.981      0.646      0.923      0.418

      Epoch    GPU_mem   box_loss   cls_loss   dfl_loss  Instances       Size
     19/100      6.41G      1.577     0.8044      1.626        230        640: 100%|██████████| 6/6 [00:01<
                 Class     Images  Instances      Box(P          R      mAP50  mAP50-95): 100%|██████████|
                   all         23        399      0.972      0.812      0.931      0.417

      Epoch    GPU_mem   box_loss   cls_loss   dfl_loss  Instances       Size
     20/100      6.48G      1.522     0.7683       1.56        201        640: 100%|██████████| 6/6 [00:01<
                 Class     Images  Instances      Box(P          R      mAP50  mAP50-95): 100%|██████████|
                   all         23        399      0.968      0.896      0.942      0.484

      Epoch    GPU_mem   box_loss   cls_loss   dfl_loss  Instances       Size
     21/100      6.54G      1.637     0.7822      1.668        258        640: 100%|██████████| 6/6 [00:01<
                 Class     Images  Instances      Box(P          R      mAP50  mAP50-95): 100%|██████████|
                   all         23        399       0.94       0.88      0.914       0.41

      Epoch    GPU_mem   box_loss   cls_loss   dfl_loss  Instances       Size
     22/100      6.71G      1.712     0.8178      1.661        197        640: 100%|██████████| 6/6 [00:01<
                 Class     Images  Instances      Box(P          R      mAP50  mAP50-95): 100%|██████████|
                   all         23        399      0.929      0.859      0.905      0.348

      Epoch    GPU_mem   box_loss   cls_loss   dfl_loss  Instances       Size
     23/100      6.85G      1.653     0.8323      1.667        206        640: 100%|██████████| 6/6 [00:01<
                 Class     Images  Instances      Box(P          R      mAP50  mAP50-95): 100%|██████████|
                   all         23        399      0.953      0.902      0.947      0.494

      Epoch    GPU_mem   box_loss   cls_loss   dfl_loss  Instances       Size
     24/100      6.92G      1.571     0.7964      1.577        156        640: 100%|██████████| 6/6 [00:01<
                 Class     Images  Instances      Box(P          R      mAP50  mAP50-95): 100%|██████████|
                   all         23        399      0.953      0.909      0.936      0.371

      Epoch    GPU_mem   box_loss   cls_loss   dfl_loss  Instances       Size
     25/100      7.05G       1.55     0.7624      1.534        201        640: 100%|██████████| 6/6 [00:01<
                 Class     Images  Instances      Box(P          R      mAP50  mAP50-95): 100%|██████████|
                   all         23        399      0.969       0.92      0.959      0.535

      Epoch    GPU_mem   box_loss   cls_loss   dfl_loss  Instances       Size
     26/100      7.17G      1.478     0.7251      1.498        195        640: 100%|██████████| 6/6 [00:01<
                 Class     Images  Instances      Box(P          R      mAP50  mAP50-95): 100%|██████████|
                   all         23        399      0.976      0.935      0.966      0.606

      Epoch    GPU_mem   box_loss   cls_loss   dfl_loss  Instances       Size
     27/100       7.3G      1.509     0.7254       1.49        206        640: 100%|██████████| 6/6 [00:01<
                 Class     Images  Instances      Box(P          R      mAP50  mAP50-95): 100%|██████████|
                   all         23        399      0.979      0.933      0.974      0.567

      Epoch    GPU_mem   box_loss   cls_loss   dfl_loss  Instances       Size
     28/100      4.75G      1.424     0.7291      1.472        149        640: 100%|██████████| 6/6 [00:01<
                 Class     Images  Instances      Box(P          R      mAP50  mAP50-95): 100%|██████████|
                   all         23        399      0.981      0.929      0.969       0.57

      Epoch    GPU_mem   box_loss   cls_loss   dfl_loss  Instances       Size
     29/100      4.75G      1.426     0.7232      1.501        147        640: 100%|██████████| 6/6 [00:01<
                 Class     Images  Instances      Box(P          R      mAP50  mAP50-95): 100%|██████████|
                   all         23        399      0.976      0.935      0.974      0.615

      Epoch    GPU_mem   box_loss   cls_loss   dfl_loss  Instances       Size
     30/100      4.75G      1.403     0.6991      1.463        258        640: 100%|██████████| 6/6 [00:01<
                 Class     Images  Instances      Box(P          R      mAP50  mAP50-95): 100%|██████████|
                   all         23        399      0.977      0.947      0.978      0.654

      Epoch    GPU_mem   box_loss   cls_loss   dfl_loss  Instances       Size
     31/100      4.75G       1.34     0.6597      1.403        234        640: 100%|██████████| 6/6 [00:01<
                 Class     Images  Instances      Box(P          R      mAP50  mAP50-95): 100%|██████████|
                   all         23        399      0.977      0.947      0.978      0.636

      Epoch    GPU_mem   box_loss   cls_loss   dfl_loss  Instances       Size
     32/100      4.75G      1.338      0.639      1.364        158        640: 100%|██████████| 6/6 [00:01<
                 Class     Images  Instances      Box(P          R      mAP50  mAP50-95): 100%|██████████|
                   all         23        399      0.986      0.927      0.979      0.647

      Epoch    GPU_mem   box_loss   cls_loss   dfl_loss  Instances       Size
     33/100      4.77G      1.387     0.6557       1.38        266        640: 100%|██████████| 6/6 [00:01<
                 Class     Images  Instances      Box(P          R      mAP50  mAP50-95): 100%|██████████|
                   all         23        399       0.96      0.954       0.98      0.629

      Epoch    GPU_mem   box_loss   cls_loss   dfl_loss  Instances       Size
     34/100      4.96G      1.377     0.6546      1.438        134        640: 100%|██████████| 6/6 [00:01<
                 Class     Images  Instances      Box(P          R      mAP50  mAP50-95): 100%|██████████|
                   all         23        399      0.965      0.955       0.98      0.653

      Epoch    GPU_mem   box_loss   cls_loss   dfl_loss  Instances       Size
     35/100      5.02G      1.283     0.6138      1.352        180        640: 100%|██████████| 6/6 [00:01<
                 Class     Images  Instances      Box(P          R      mAP50  mAP50-95): 100%|██████████|
                   all         23        399      0.976      0.952       0.98      0.645

      Epoch    GPU_mem   box_loss   cls_loss   dfl_loss  Instances       Size
     36/100      5.15G      1.241     0.5941      1.307        189        640: 100%|██████████| 6/6 [00:01<
                 Class     Images  Instances      Box(P          R      mAP50  mAP50-95): 100%|██████████|
                   all         23        399      0.968      0.971      0.983      0.691

      Epoch    GPU_mem   box_loss   cls_loss   dfl_loss  Instances       Size
     37/100      5.29G      1.242     0.5896      1.315        233        640: 100%|██████████| 6/6 [00:01<
                 Class     Images  Instances      Box(P          R      mAP50  mAP50-95): 100%|██████████|
                   all         23        399      0.971      0.972      0.982      0.696

      Epoch    GPU_mem   box_loss   cls_loss   dfl_loss  Instances       Size
     38/100      5.36G      1.228      0.596      1.334        147        640: 100%|██████████| 6/6 [00:01<
                 Class     Images  Instances      Box(P          R      mAP50  mAP50-95): 100%|██████████|
                   all         23        399       0.98      0.955      0.982      0.693

      Epoch    GPU_mem   box_loss   cls_loss   dfl_loss  Instances       Size
     39/100      5.48G      1.221     0.5983       1.32        193        640: 100%|██████████| 6/6 [00:01<
                 Class     Images  Instances      Box(P          R      mAP50  mAP50-95): 100%|██████████|
                   all         23        399      0.981      0.957      0.989      0.706

      Epoch    GPU_mem   box_loss   cls_loss   dfl_loss  Instances       Size
     40/100      5.61G      1.209     0.5941      1.331        212        640: 100%|██████████| 6/6 [00:01<
                 Class     Images  Instances      Box(P          R      mAP50  mAP50-95): 100%|██████████|
                   all         23        399      0.982      0.969       0.99      0.722

      Epoch    GPU_mem   box_loss   cls_loss   dfl_loss  Instances       Size
     41/100      5.73G      1.235     0.5917      1.298        229        640: 100%|██████████| 6/6 [00:01<
                 Class     Images  Instances      Box(P          R      mAP50  mAP50-95): 100%|██████████|
                   all         23        399      0.982      0.968      0.989      0.709

      Epoch    GPU_mem   box_loss   cls_loss   dfl_loss  Instances       Size
     42/100       5.8G      1.178     0.5999      1.356        161        640: 100%|██████████| 6/6 [00:01<
                 Class     Images  Instances      Box(P          R      mAP50  mAP50-95): 100%|██████████|
                   all         23        399      0.978       0.96      0.989      0.705

      Epoch    GPU_mem   box_loss   cls_loss   dfl_loss  Instances       Size
     43/100      5.92G      1.124     0.5556      1.245        198        640: 100%|██████████| 6/6 [00:01<
                 Class     Images  Instances      Box(P          R      mAP50  mAP50-95): 100%|██████████|
                   all         23        399      0.975      0.964       0.99      0.729

      Epoch    GPU_mem   box_loss   cls_loss   dfl_loss  Instances       Size
     44/100      6.05G      1.151     0.5547      1.259        179        640: 100%|██████████| 6/6 [00:01<
                 Class     Images  Instances      Box(P          R      mAP50  mAP50-95): 100%|██████████|
                   all         23        399      0.956      0.979      0.991      0.724

      Epoch    GPU_mem   box_loss   cls_loss   dfl_loss  Instances       Size
     45/100      6.18G      1.137     0.5383      1.227        222        640: 100%|██████████| 6/6 [00:01<
                 Class     Images  Instances      Box(P          R      mAP50  mAP50-95): 100%|██████████|
                   all         23        399      0.974      0.965      0.991      0.706

      Epoch    GPU_mem   box_loss   cls_loss   dfl_loss  Instances       Size
     46/100      6.31G      1.133     0.5426      1.226        163        640: 100%|██████████| 6/6 [00:01<
                 Class     Images  Instances      Box(P          R      mAP50  mAP50-95): 100%|██████████|
                   all         23        399       0.98       0.98       0.99      0.737

      Epoch    GPU_mem   box_loss   cls_loss   dfl_loss  Instances       Size
     47/100      6.38G      1.139     0.5432      1.262        174        640: 100%|██████████| 6/6 [00:01<
                 Class     Images  Instances      Box(P          R      mAP50  mAP50-95): 100%|██████████|
                   all         23        399      0.975       0.98      0.992      0.714

      Epoch    GPU_mem   box_loss   cls_loss   dfl_loss  Instances       Size
     48/100      6.51G      1.177     0.5563       1.27        125        640: 100%|██████████| 6/6 [00:01<
                 Class     Images  Instances      Box(P          R      mAP50  mAP50-95): 100%|██████████|
                   all         23        399      0.983      0.972      0.991      0.709

      Epoch    GPU_mem   box_loss   cls_loss   dfl_loss  Instances       Size
     49/100      6.64G       1.11     0.5401      1.235        207        640: 100%|██████████| 6/6 [00:01<
                 Class     Images  Instances      Box(P          R      mAP50  mAP50-95): 100%|██████████|
                   all         23        399      0.978       0.97      0.991       0.72

      Epoch    GPU_mem   box_loss   cls_loss   dfl_loss  Instances       Size
     50/100      6.78G      1.116     0.5335      1.197        188        640: 100%|██████████| 6/6 [00:01<
                 Class     Images  Instances      Box(P          R      mAP50  mAP50-95): 100%|██████████|
                   all         23        399       0.97      0.973      0.983       0.73

      Epoch    GPU_mem   box_loss   cls_loss   dfl_loss  Instances       Size
     51/100      6.84G      1.088     0.5196      1.188        188        640: 100%|██████████| 6/6 [00:01<
                 Class     Images  Instances      Box(P          R      mAP50  mAP50-95): 100%|██████████|
                   all         23        399      0.968      0.974      0.982      0.681

      Epoch    GPU_mem   box_loss   cls_loss   dfl_loss  Instances       Size
     52/100      6.98G      1.147       0.54      1.247        204        640: 100%|██████████| 6/6 [00:01<
                 Class     Images  Instances      Box(P          R      mAP50  mAP50-95): 100%|██████████|
                   all         23        399      0.968      0.976      0.982      0.732

      Epoch    GPU_mem   box_loss   cls_loss   dfl_loss  Instances       Size
     53/100      7.04G      1.108      0.534      1.218        280        640: 100%|██████████| 6/6 [00:01<
                 Class     Images  Instances      Box(P          R      mAP50  mAP50-95): 100%|██████████|
                   all         23        399      0.968      0.979      0.983      0.689

      Epoch    GPU_mem   box_loss   cls_loss   dfl_loss  Instances       Size
     54/100      7.17G      1.065     0.5085      1.174        149        640: 100%|██████████| 6/6 [00:01<
                 Class     Images  Instances      Box(P          R      mAP50  mAP50-95): 100%|██████████|
                   all         23        399      0.978      0.981      0.992      0.745

      Epoch    GPU_mem   box_loss   cls_loss   dfl_loss  Instances       Size
     55/100       7.3G      1.078     0.5169      1.172        231        640: 100%|██████████| 6/6 [00:01<
                 Class     Images  Instances      Box(P          R      mAP50  mAP50-95): 100%|██████████|
                   all         23        399      0.983       0.98      0.992      0.749

      Epoch    GPU_mem   box_loss   cls_loss   dfl_loss  Instances       Size
     56/100      4.79G      1.157      0.537       1.23        280        640: 100%|██████████| 6/6 [00:01<
                 Class     Images  Instances      Box(P          R      mAP50  mAP50-95): 100%|██████████|
                   all         23        399       0.97      0.983       0.99      0.736

      Epoch    GPU_mem   box_loss   cls_loss   dfl_loss  Instances       Size
     57/100      4.79G      1.122     0.5231      1.208        243        640: 100%|██████████| 6/6 [00:01<
                 Class     Images  Instances      Box(P          R      mAP50  mAP50-95): 100%|██████████|
                   all         23        399       0.97      0.987       0.99      0.701

      Epoch    GPU_mem   box_loss   cls_loss   dfl_loss  Instances       Size
     58/100      4.79G      1.135     0.5453      1.241        163        640: 100%|██████████| 6/6 [00:01<
                 Class     Images  Instances      Box(P          R      mAP50  mAP50-95): 100%|██████████|
                   all         23        399       0.97      0.992       0.99       0.74

      Epoch    GPU_mem   box_loss   cls_loss   dfl_loss  Instances       Size
     59/100      4.79G      1.015     0.4994      1.157        151        640: 100%|██████████| 6/6 [00:01<
                 Class     Images  Instances      Box(P          R      mAP50  mAP50-95): 100%|██████████|
                   all         23        399      0.975      0.989       0.99        0.7

      Epoch    GPU_mem   box_loss   cls_loss   dfl_loss  Instances       Size
     60/100      4.86G      1.075     0.5155      1.165        237        640: 100%|██████████| 6/6 [00:01<
                 Class     Images  Instances      Box(P          R      mAP50  mAP50-95): 100%|██████████|
                   all         23        399       0.98      0.979      0.992      0.733

      Epoch    GPU_mem   box_loss   cls_loss   dfl_loss  Instances       Size
     61/100      4.93G      1.137     0.5421      1.229        263        640: 100%|██████████| 6/6 [00:01<
                 Class     Images  Instances      Box(P          R      mAP50  mAP50-95): 100%|██████████|
                   all         23        399      0.975       0.98      0.992      0.731

      Epoch    GPU_mem   box_loss   cls_loss   dfl_loss  Instances       Size
     62/100      4.94G      1.046      0.515      1.182        221        640: 100%|██████████| 6/6 [00:01<
                 Class     Images  Instances      Box(P          R      mAP50  mAP50-95): 100%|██████████|
                   all         23        399      0.968      0.985      0.991      0.721

      Epoch    GPU_mem   box_loss   cls_loss   dfl_loss  Instances       Size
     63/100      5.07G      1.045      0.499      1.178        134        640: 100%|██████████| 6/6 [00:01<
                 Class     Images  Instances      Box(P          R      mAP50  mAP50-95): 100%|██████████|
                   all         23        399       0.97      0.982      0.992      0.732

      Epoch    GPU_mem   box_loss   cls_loss   dfl_loss  Instances       Size
     64/100      5.14G      1.053     0.5118      1.187        195        640: 100%|██████████| 6/6 [00:01<
                 Class     Images  Instances      Box(P          R      mAP50  mAP50-95): 100%|██████████|
                   all         23        399      0.973      0.987      0.992      0.753

      Epoch    GPU_mem   box_loss   cls_loss   dfl_loss  Instances       Size
     65/100      5.26G     0.9982     0.4892      1.132        197        640: 100%|██████████| 6/6 [00:01<
                 Class     Images  Instances      Box(P          R      mAP50  mAP50-95): 100%|██████████|
                   all         23        399      0.972       0.99      0.992      0.761

      Epoch    GPU_mem   box_loss   cls_loss   dfl_loss  Instances       Size
     66/100      5.38G     0.9871     0.4896      1.183        148        640: 100%|██████████| 6/6 [00:01<
                 Class     Images  Instances      Box(P          R      mAP50  mAP50-95): 100%|██████████|
                   all         23        399      0.978      0.988      0.992      0.774

      Epoch    GPU_mem   box_loss   cls_loss   dfl_loss  Instances       Size
     67/100      5.51G     0.9939     0.4871      1.147        250        640: 100%|██████████| 6/6 [00:01<
                 Class     Images  Instances      Box(P          R      mAP50  mAP50-95): 100%|██████████|
                   all         23        399      0.971      0.991      0.992       0.77

      Epoch    GPU_mem   box_loss   cls_loss   dfl_loss  Instances       Size
     68/100      5.64G     0.9704     0.4755      1.123        126        640: 100%|██████████| 6/6 [00:01<
                 Class     Images  Instances      Box(P          R      mAP50  mAP50-95): 100%|██████████|
                   all         23        399      0.978      0.982      0.992      0.773

      Epoch    GPU_mem   box_loss   cls_loss   dfl_loss  Instances       Size
     69/100      5.71G     0.9803     0.4699      1.116        225        640: 100%|██████████| 6/6 [00:01<
                 Class     Images  Instances      Box(P          R      mAP50  mAP50-95): 100%|██████████|
                   all         23        399       0.98      0.982      0.992      0.772

      Epoch    GPU_mem   box_loss   cls_loss   dfl_loss  Instances       Size
     70/100      5.84G      1.007     0.4842      1.166        133        640: 100%|██████████| 6/6 [00:01<
                 Class     Images  Instances      Box(P          R      mAP50  mAP50-95): 100%|██████████|
                   all         23        399       0.98      0.987      0.992      0.762

      Epoch    GPU_mem   box_loss   cls_loss   dfl_loss  Instances       Size
     71/100      5.97G     0.9868     0.4766      1.124        239        640: 100%|██████████| 6/6 [00:01<
                 Class     Images  Instances      Box(P          R      mAP50  mAP50-95): 100%|██████████|
                   all         23        399       0.98      0.985      0.991      0.758

      Epoch    GPU_mem   box_loss   cls_loss   dfl_loss  Instances       Size
     72/100      6.11G      1.015     0.4769      1.157        175        640: 100%|██████████| 6/6 [00:01<
                 Class     Images  Instances      Box(P          R      mAP50  mAP50-95): 100%|██████████|
                   all         23        399      0.982      0.985      0.993       0.76

      Epoch    GPU_mem   box_loss   cls_loss   dfl_loss  Instances       Size
     73/100      6.17G     0.9894     0.4673      1.135        205        640: 100%|██████████| 6/6 [00:01<
                 Class     Images  Instances      Box(P          R      mAP50  mAP50-95): 100%|██████████|
                   all         23        399      0.977      0.982      0.992      0.751

      Epoch    GPU_mem   box_loss   cls_loss   dfl_loss  Instances       Size
     74/100       6.3G     0.9565     0.4638      1.124        232        640: 100%|██████████| 6/6 [00:01<
                 Class     Images  Instances      Box(P          R      mAP50  mAP50-95): 100%|██████████|
                   all         23        399      0.985      0.985      0.992      0.773

      Epoch    GPU_mem   box_loss   cls_loss   dfl_loss  Instances       Size
     75/100      6.37G     0.9406     0.4508      1.112        193        640: 100%|██████████| 6/6 [00:01<
                 Class     Images  Instances      Box(P          R      mAP50  mAP50-95): 100%|██████████|
                   all         23        399      0.982      0.987      0.992      0.769

      Epoch    GPU_mem   box_loss   cls_loss   dfl_loss  Instances       Size
     76/100       6.5G     0.9503     0.4605       1.14        162        640: 100%|██████████| 6/6 [00:01<
                 Class     Images  Instances      Box(P          R      mAP50  mAP50-95): 100%|██████████|
                   all         23        399      0.978      0.985      0.992      0.781

      Epoch    GPU_mem   box_loss   cls_loss   dfl_loss  Instances       Size
     77/100      6.62G      0.936     0.4501      1.114        246        640: 100%|██████████| 6/6 [00:01<
                 Class     Images  Instances      Box(P          R      mAP50  mAP50-95): 100%|██████████|
                   all         23        399      0.978       0.99      0.992      0.779

      Epoch    GPU_mem   box_loss   cls_loss   dfl_loss  Instances       Size
     78/100      6.75G     0.9209     0.4471      1.109        154        640: 100%|██████████| 6/6 [00:01<
                 Class     Images  Instances      Box(P          R      mAP50  mAP50-95): 100%|██████████|
                   all         23        399      0.982       0.99      0.992      0.765

      Epoch    GPU_mem   box_loss   cls_loss   dfl_loss  Instances       Size
     79/100      6.88G     0.9834     0.4737      1.157        174        640: 100%|██████████| 6/6 [00:01<
                 Class     Images  Instances      Box(P          R      mAP50  mAP50-95): 100%|██████████|
                   all         23        399       0.98       0.99      0.992      0.768

      Epoch    GPU_mem   box_loss   cls_loss   dfl_loss  Instances       Size
     80/100      7.02G     0.9391     0.4488      1.105        203        640: 100%|██████████| 6/6 [00:01<
                 Class     Images  Instances      Box(P          R      mAP50  mAP50-95): 100%|██████████|
                   all         23        399      0.978      0.984      0.992      0.752

      Epoch    GPU_mem   box_loss   cls_loss   dfl_loss  Instances       Size
     81/100      7.08G     0.9341     0.4487      1.135        187        640: 100%|██████████| 6/6 [00:01<
                 Class     Images  Instances      Box(P          R      mAP50  mAP50-95): 100%|██████████|
                   all         23        399      0.978      0.981      0.992      0.769

      Epoch    GPU_mem   box_loss   cls_loss   dfl_loss  Instances       Size
     82/100      7.22G      0.913     0.4357      1.106        189        640: 100%|██████████| 6/6 [00:01<
                 Class     Images  Instances      Box(P          R      mAP50  mAP50-95): 100%|██████████|
                   all         23        399      0.985      0.985      0.991      0.763

      Epoch    GPU_mem   box_loss   cls_loss   dfl_loss  Instances       Size
     83/100      7.28G     0.9141     0.4329      1.093        189        640: 100%|██████████| 6/6 [00:01<
                 Class     Images  Instances      Box(P          R      mAP50  mAP50-95): 100%|██████████|
                   all         23        399       0.98      0.981      0.991      0.765

      Epoch    GPU_mem   box_loss   cls_loss   dfl_loss  Instances       Size
     84/100      4.74G     0.9442     0.4398      1.115        141        640: 100%|██████████| 6/6 [00:01<
                 Class     Images  Instances      Box(P          R      mAP50  mAP50-95): 100%|██████████|
                   all         23        399      0.985      0.981      0.991      0.773

      Epoch    GPU_mem   box_loss   cls_loss   dfl_loss  Instances       Size
     85/100      4.74G     0.9066     0.4452      1.099        136        640: 100%|██████████| 6/6 [00:01<
                 Class     Images  Instances      Box(P          R      mAP50  mAP50-95): 100%|██████████|
                   all         23        399      0.983      0.987      0.992      0.766

      Epoch    GPU_mem   box_loss   cls_loss   dfl_loss  Instances       Size
     86/100      4.74G     0.9337     0.4664      1.145        178        640: 100%|██████████| 6/6 [00:01<
                 Class     Images  Instances      Box(P          R      mAP50  mAP50-95): 100%|██████████|
                   all         23        399      0.987      0.982      0.992      0.777

      Epoch    GPU_mem   box_loss   cls_loss   dfl_loss  Instances       Size
     87/100      4.74G     0.9351       0.46      1.141        245        640: 100%|██████████| 6/6 [00:01<
                 Class     Images  Instances      Box(P          R      mAP50  mAP50-95): 100%|██████████|
                   all         23        399       0.98      0.983      0.991      0.776

      Epoch    GPU_mem   box_loss   cls_loss   dfl_loss  Instances       Size
     88/100      4.79G     0.9148     0.4403      1.106        221        640: 100%|██████████| 6/6 [00:01<
                 Class     Images  Instances      Box(P          R      mAP50  mAP50-95): 100%|██████████|
                   all         23        399      0.978      0.985      0.992      0.781

      Epoch    GPU_mem   box_loss   cls_loss   dfl_loss  Instances       Size
     89/100      4.86G     0.9185     0.4446      1.113        179        640: 100%|██████████| 6/6 [00:01<
                 Class     Images  Instances      Box(P          R      mAP50  mAP50-95): 100%|██████████|
                   all         23        399      0.975       0.99      0.992      0.785

      Epoch    GPU_mem   box_loss   cls_loss   dfl_loss  Instances       Size
     90/100      4.91G     0.9124     0.4347      1.099        167        640: 100%|██████████| 6/6 [00:01<
                 Class     Images  Instances      Box(P          R      mAP50  mAP50-95): 100%|██████████|
                   all         23        399       0.98      0.985      0.992      0.785
Closing dataloader mosaic

      Epoch    GPU_mem   box_loss   cls_loss   dfl_loss  Instances       Size
     91/100      4.97G     0.9362     0.4981      1.122        105        640: 100%|██████████| 6/6 [00:01<
                 Class     Images  Instances      Box(P          R      mAP50  mAP50-95): 100%|██████████|
                   all         23        399      0.983      0.987      0.992      0.773

      Epoch    GPU_mem   box_loss   cls_loss   dfl_loss  Instances       Size
     92/100      5.04G     0.9122     0.4672      1.151        101        640: 100%|██████████| 6/6 [00:01<
                 Class     Images  Instances      Box(P          R      mAP50  mAP50-95): 100%|██████████|
                   all         23        399      0.982       0.99      0.992      0.761

      Epoch    GPU_mem   box_loss   cls_loss   dfl_loss  Instances       Size
     93/100      5.16G     0.9182      0.462      1.158        102        640: 100%|██████████| 6/6 [00:01<
                 Class     Images  Instances      Box(P          R      mAP50  mAP50-95): 100%|██████████|
                   all         23        399      0.982       0.99      0.992      0.778

      Epoch    GPU_mem   box_loss   cls_loss   dfl_loss  Instances       Size
     94/100      5.28G     0.8986     0.4499      1.101        101        640: 100%|██████████| 6/6 [00:01<
                 Class     Images  Instances      Box(P          R      mAP50  mAP50-95): 100%|██████████|
                   all         23        399      0.976       0.99      0.992      0.778

      Epoch    GPU_mem   box_loss   cls_loss   dfl_loss  Instances       Size
     95/100      5.39G     0.8833     0.4445      1.106        104        640: 100%|██████████| 6/6 [00:01<
                 Class     Images  Instances      Box(P          R      mAP50  mAP50-95): 100%|██████████|
                   all         23        399      0.987       0.98      0.992       0.78

      Epoch    GPU_mem   box_loss   cls_loss   dfl_loss  Instances       Size
     96/100       5.5G     0.8668      0.442      1.108        103        640: 100%|██████████| 6/6 [00:01<
                 Class     Images  Instances      Box(P          R      mAP50  mAP50-95): 100%|██████████|
                   all         23        399      0.987       0.98      0.992      0.783

      Epoch    GPU_mem   box_loss   cls_loss   dfl_loss  Instances       Size
     97/100      5.62G     0.8497     0.4257      1.069        100        640: 100%|██████████| 6/6 [00:01<
                 Class     Images  Instances      Box(P          R      mAP50  mAP50-95): 100%|██████████|
                   all         23        399      0.989       0.98      0.992      0.782

      Epoch    GPU_mem   box_loss   cls_loss   dfl_loss  Instances       Size
     98/100      5.74G     0.8658     0.4369      1.069         99        640: 100%|██████████| 6/6 [00:01<
                 Class     Images  Instances      Box(P          R      mAP50  mAP50-95): 100%|██████████|
                   all         23        399      0.987      0.978      0.992      0.786

      Epoch    GPU_mem   box_loss   cls_loss   dfl_loss  Instances       Size
     99/100      5.84G     0.8349     0.4174      1.038        107        640: 100%|██████████| 6/6 [00:01<
                 Class     Images  Instances      Box(P          R      mAP50  mAP50-95): 100%|██████████|
                   all         23        399      0.989      0.977      0.992      0.785

      Epoch    GPU_mem   box_loss   cls_loss   dfl_loss  Instances       Size
    100/100      5.96G     0.8797     0.4472      1.125         99        640: 100%|██████████| 6/6 [00:01<
                 Class     Images  Instances      Box(P          R      mAP50  mAP50-95): 100%|██████████|
                   all         23        399      0.987       0.98      0.992      0.787

100 epochs completed in 0.080 hours.
Optimizer stripped from .yolo-out-mp/yolo11-mp-1/weights/last.pt, 40.5MB
Optimizer stripped from .yolo-out-mp/yolo11-mp-1/weights/best.pt, 40.5MB

Validating .yolo-out-mp/yolo11-mp-1/weights/best.pt...
Ultralytics 8.3.150 🚀 Python-3.13.2 torch-2.6.0+cu118 CUDA:0 (Tesla T4, 14913MiB)
                                                       CUDA:1 (Tesla T4, 14913MiB)
YOLO11m summary (fused): 125 layers, 20,030,803 parameters, 0 gradients, 67.6 GFLOPs
                 Class     Images  Instances      Box(P          R      mAP50  mAP50-95): 100%|██████████|
                   all         23        399      0.987       0.98      0.992      0.786
Speed: 0.1ms preprocess, 7.7ms inference, 0.0ms loss, 0.9ms postprocess per image
Results saved to .yolo-out-mp/yolo11-mp-1
