Overriding model.yaml nc=80 with nc=1
WARNING ⚠️ no model scale passed. Assuming scale='m'.
Freezing layer 'model.23.dfl.conv.weight'
AMP: running Automatic Mixed Precision (AMP) checks...
AMP: checks passed ✅
train: Fast image access ✅ (ping: 0.0±0.0 ms, read: 1581.8±575.9 MB/s, size: 78.2 KB)
train: Scanning /data2/jd1/datasets/medical-pills/labels/train.cache... 92 images, 0 backgrounds, 0 corru
val: Fast image access ✅ (ping: 0.1±0.0 ms, read: 243.7±51.4 MB/s, size: 71.9 KB)
val: Scanning /data2/jd1/datasets/medical-pills/labels/val.cache... 23 images, 0 backgrounds, 0 corrupt:
Plotting labels to .yolo-out-mp/yolo11-mp-abl-a-1/labels.jpg...
optimizer: 'optimizer=auto' found, ignoring 'lr0=0.01' and 'momentum=0.937' and determining best 'optimizer', 'lr0' and 'momentum' automatically...
optimizer: AdamW(lr=0.002, momentum=0.9) with parameter groups 104 weight(decay=0.0), 111 weight(decay=0.0005), 110 bias(decay=0.0)
Image sizes 640 train, 640 val
Using 16 dataloader workers
Logging results to .yolo-out-mp/yolo11-mp-abl-a-1
Starting training for 100 epochs...

      Epoch    GPU_mem   box_loss   cls_loss   dfl_loss  Instances       Size
      1/100      13.7G      2.683      4.416      4.287        295        640: 100%|██████████| 6/6 [00:0
                 Class     Images  Instances      Box(P          R      mAP50  mAP50-95): 100%|██████████
                   all         23        399          0          0          0          0

      Epoch    GPU_mem   box_loss   cls_loss   dfl_loss  Instances       Size
      2/100      11.8G      2.586      4.282       4.22        275        640: 100%|██████████| 6/6 [00:0
                 Class     Images  Instances      Box(P          R      mAP50  mAP50-95): 100%|██████████
                   all         23        399          0          0          0          0

      Epoch    GPU_mem   box_loss   cls_loss   dfl_loss  Instances       Size
      3/100        14G       2.43      3.505      4.073        173        640: 100%|██████████| 6/6 [00:0
                 Class     Images  Instances      Box(P          R      mAP50  mAP50-95): 100%|██████████
                   all         23        399          0          0          0          0

      Epoch    GPU_mem   box_loss   cls_loss   dfl_loss  Instances       Size
      4/100      11.5G      2.357      2.525      3.908        198        640: 100%|██████████| 6/6 [00:0
                 Class     Images  Instances      Box(P          R      mAP50  mAP50-95): 100%|██████████
                   all         23        399          0          0          0          0

      Epoch    GPU_mem   box_loss   cls_loss   dfl_loss  Instances       Size
      5/100      12.3G      2.373      2.158      3.758        213        640: 100%|██████████| 6/6 [00:0
                 Class     Images  Instances      Box(P          R      mAP50  mAP50-95): 100%|██████████
                   all         23        399          0          0          0          0

      Epoch    GPU_mem   box_loss   cls_loss   dfl_loss  Instances       Size
      6/100      12.2G      2.251      1.954      3.618        216        640: 100%|██████████| 6/6 [00:0
                 Class     Images  Instances      Box(P          R      mAP50  mAP50-95): 100%|██████████
                   all         23        399          0          0          0          0

      Epoch    GPU_mem   box_loss   cls_loss   dfl_loss  Instances       Size
      7/100      12.7G      2.264      1.993      3.471        259        640: 100%|██████████| 6/6 [00:0
                 Class     Images  Instances      Box(P          R      mAP50  mAP50-95): 100%|██████████
                   all         23        399          0          0          0          0

      Epoch    GPU_mem   box_loss   cls_loss   dfl_loss  Instances       Size
      8/100        11G      2.123      1.714      3.323        172        640: 100%|██████████| 6/6 [00:0
                 Class     Images  Instances      Box(P          R      mAP50  mAP50-95): 100%|██████████
                   all         23        399          0          0          0          0

      Epoch    GPU_mem   box_loss   cls_loss   dfl_loss  Instances       Size
      9/100      11.7G      2.087      1.666      3.215        220        640: 100%|██████████| 6/6 [00:0
                 Class     Images  Instances      Box(P          R      mAP50  mAP50-95): 100%|██████████
                   all         23        399          0          0          0          0

      Epoch    GPU_mem   box_loss   cls_loss   dfl_loss  Instances       Size
     10/100      12.5G      1.965      1.526      2.997        232        640: 100%|██████████| 6/6 [00:0
                 Class     Images  Instances      Box(P          R      mAP50  mAP50-95): 100%|██████████
                   all         23        399          0          0          0          0

      Epoch    GPU_mem   box_loss   cls_loss   dfl_loss  Instances       Size
     11/100      12.5G       1.91      1.427      2.946        179        640: 100%|██████████| 6/6 [00:0
                 Class     Images  Instances      Box(P          R      mAP50  mAP50-95): 100%|██████████
                   all         23        399          0          0          0          0

      Epoch    GPU_mem   box_loss   cls_loss   dfl_loss  Instances       Size
     12/100        12G      1.934      1.459      2.903        195        640: 100%|██████████| 6/6 [00:0
                 Class     Images  Instances      Box(P          R      mAP50  mAP50-95): 100%|██████████
                   all         23        399          0          0          0          0

      Epoch    GPU_mem   box_loss   cls_loss   dfl_loss  Instances       Size
     13/100        12G      2.026        1.4      2.938        178        640: 100%|██████████| 6/6 [00:0
                 Class     Images  Instances      Box(P          R      mAP50  mAP50-95): 100%|██████████
                   all         23        399          0          0          0          0

      Epoch    GPU_mem   box_loss   cls_loss   dfl_loss  Instances       Size
     14/100        12G      1.892      1.313      2.769        241        640: 100%|██████████| 6/6 [00:0
                 Class     Images  Instances      Box(P          R      mAP50  mAP50-95): 100%|██████████
                   all         23        399          0          0          0          0

      Epoch    GPU_mem   box_loss   cls_loss   dfl_loss  Instances       Size
     15/100      12.8G      1.951      1.349      2.778        194        640: 100%|██████████| 6/6 [00:0
                 Class     Images  Instances      Box(P          R      mAP50  mAP50-95): 100%|██████████
                   all         23        399          0          0          0          0

      Epoch    GPU_mem   box_loss   cls_loss   dfl_loss  Instances       Size
     16/100      13.3G      1.861      1.346      2.682        230        640: 100%|██████████| 6/6 [00:0
                 Class     Images  Instances      Box(P          R      mAP50  mAP50-95): 100%|██████████
                   all         23        399       0.51      0.366      0.481      0.167

      Epoch    GPU_mem   box_loss   cls_loss   dfl_loss  Instances       Size
     17/100      11.3G      1.794      1.257      2.641        291        640: 100%|██████████| 6/6 [00:0
                 Class     Images  Instances      Box(P          R      mAP50  mAP50-95): 100%|██████████
                   all         23        399      0.367      0.717      0.554      0.281

      Epoch    GPU_mem   box_loss   cls_loss   dfl_loss  Instances       Size
     18/100      11.8G      1.821      1.295       2.66        188        640: 100%|██████████| 6/6 [00:0
                 Class     Images  Instances      Box(P          R      mAP50  mAP50-95): 100%|██████████
                   all         23        399      0.243      0.902       0.83       0.39

      Epoch    GPU_mem   box_loss   cls_loss   dfl_loss  Instances       Size
     19/100      11.9G      1.767      1.243      2.606        230        640: 100%|██████████| 6/6 [00:0
                 Class     Images  Instances      Box(P          R      mAP50  mAP50-95): 100%|██████████
                   all         23        399      0.191      0.942       0.89      0.433

      Epoch    GPU_mem   box_loss   cls_loss   dfl_loss  Instances       Size
     20/100      12.4G      1.746      1.217      2.539        201        640: 100%|██████████| 6/6 [00:0
                 Class     Images  Instances      Box(P          R      mAP50  mAP50-95): 100%|██████████
                   all         23        399      0.977      0.744      0.907      0.436

      Epoch    GPU_mem   box_loss   cls_loss   dfl_loss  Instances       Size
     21/100      11.7G      1.714      1.199       2.53        258        640: 100%|██████████| 6/6 [00:0
                 Class     Images  Instances      Box(P          R      mAP50  mAP50-95): 100%|██████████
                   all         23        399       0.96      0.784      0.924      0.497

      Epoch    GPU_mem   box_loss   cls_loss   dfl_loss  Instances       Size
     22/100      13.6G      1.814      1.152      2.576        197        640: 100%|██████████| 6/6 [00:0
                 Class     Images  Instances      Box(P          R      mAP50  mAP50-95): 100%|██████████
                   all         23        399      0.927      0.766      0.882      0.323

      Epoch    GPU_mem   box_loss   cls_loss   dfl_loss  Instances       Size
     23/100      11.6G      1.652      1.127      2.421        206        640: 100%|██████████| 6/6 [00:0
                 Class     Images  Instances      Box(P          R      mAP50  mAP50-95): 100%|██████████
                   all         23        399      0.948      0.852      0.945      0.453

      Epoch    GPU_mem   box_loss   cls_loss   dfl_loss  Instances       Size
     24/100      12.9G      1.637      1.108      2.408        156        640: 100%|██████████| 6/6 [00:0
                 Class     Images  Instances      Box(P          R      mAP50  mAP50-95): 100%|██████████
                   all         23        399      0.956       0.88      0.955      0.539

      Epoch    GPU_mem   box_loss   cls_loss   dfl_loss  Instances       Size
     25/100      12.8G       1.62      1.128      2.389        201        640: 100%|██████████| 6/6 [00:0
                 Class     Images  Instances      Box(P          R      mAP50  mAP50-95): 100%|██████████
                   all         23        399      0.936      0.852       0.93      0.555

      Epoch    GPU_mem   box_loss   cls_loss   dfl_loss  Instances       Size
     26/100        12G      1.576      1.063       2.35        195        640: 100%|██████████| 6/6 [00:0
                 Class     Images  Instances      Box(P          R      mAP50  mAP50-95): 100%|██████████
                   all         23        399       0.95      0.832      0.934      0.461

      Epoch    GPU_mem   box_loss   cls_loss   dfl_loss  Instances       Size
     27/100      12.4G      1.586      1.038      2.318        206        640: 100%|██████████| 6/6 [00:0
                 Class     Images  Instances      Box(P          R      mAP50  mAP50-95): 100%|██████████
                   all         23        399      0.919      0.852       0.94      0.518

      Epoch    GPU_mem   box_loss   cls_loss   dfl_loss  Instances       Size
     28/100      12.1G      1.513      1.023      2.235        149        640: 100%|██████████| 6/6 [00:0
                 Class     Images  Instances      Box(P          R      mAP50  mAP50-95): 100%|██████████
                   all         23        399       0.96      0.908      0.969      0.605

      Epoch    GPU_mem   box_loss   cls_loss   dfl_loss  Instances       Size
     29/100      11.8G       1.51     0.9769      2.246        147        640: 100%|██████████| 6/6 [00:0
                 Class     Images  Instances      Box(P          R      mAP50  mAP50-95): 100%|██████████
                   all         23        399       0.96      0.912      0.968      0.601

      Epoch    GPU_mem   box_loss   cls_loss   dfl_loss  Instances       Size
     30/100      12.3G      1.492      1.026      2.219        258        640: 100%|██████████| 6/6 [00:0
                 Class     Images  Instances      Box(P          R      mAP50  mAP50-95): 100%|██████████
                   all         23        399       0.97       0.89      0.967        0.6

      Epoch    GPU_mem   box_loss   cls_loss   dfl_loss  Instances       Size
     31/100      11.5G      1.484     0.9653      2.196        234        640: 100%|██████████| 6/6 [00:0
                 Class     Images  Instances      Box(P          R      mAP50  mAP50-95): 100%|██████████
                   all         23        399      0.956      0.927      0.965      0.527

      Epoch    GPU_mem   box_loss   cls_loss   dfl_loss  Instances       Size
     32/100      12.5G      1.434     0.9435      2.195        158        640: 100%|██████████| 6/6 [00:0
                 Class     Images  Instances      Box(P          R      mAP50  mAP50-95): 100%|██████████
                   all         23        399      0.951      0.947      0.977      0.605

      Epoch    GPU_mem   box_loss   cls_loss   dfl_loss  Instances       Size
     33/100      11.5G      1.471     0.9419      2.212        266        640: 100%|██████████| 6/6 [00:0
                 Class     Images  Instances      Box(P          R      mAP50  mAP50-95): 100%|██████████
                   all         23        399      0.981      0.917      0.978       0.62

      Epoch    GPU_mem   box_loss   cls_loss   dfl_loss  Instances       Size
     34/100      11.5G      1.448     0.9435       2.17        134        640: 100%|██████████| 6/6 [00:0
                 Class     Images  Instances      Box(P          R      mAP50  mAP50-95): 100%|██████████
                   all         23        399      0.935      0.935      0.967      0.562

      Epoch    GPU_mem   box_loss   cls_loss   dfl_loss  Instances       Size
     35/100      11.5G      1.498     0.9101      2.167        180        640: 100%|██████████| 6/6 [00:0
                 Class     Images  Instances      Box(P          R      mAP50  mAP50-95): 100%|██████████
                   all         23        399      0.944      0.934      0.976      0.613

      Epoch    GPU_mem   box_loss   cls_loss   dfl_loss  Instances       Size
     36/100      11.7G      1.475     0.9117      2.209        189        640: 100%|██████████| 6/6 [00:0
                 Class     Images  Instances      Box(P          R      mAP50  mAP50-95): 100%|██████████
                   all         23        399      0.962       0.92      0.978      0.587

      Epoch    GPU_mem   box_loss   cls_loss   dfl_loss  Instances       Size
     37/100      13.3G      1.448     0.9338      2.175        233        640: 100%|██████████| 6/6 [00:0
                 Class     Images  Instances      Box(P          R      mAP50  mAP50-95): 100%|██████████
                   all         23        399      0.964      0.939       0.98      0.652

      Epoch    GPU_mem   box_loss   cls_loss   dfl_loss  Instances       Size
     38/100      12.8G      1.402     0.8862      2.085        147        640: 100%|██████████| 6/6 [00:0
                 Class     Images  Instances      Box(P          R      mAP50  mAP50-95): 100%|██████████
                   all         23        399      0.957       0.94      0.978      0.626

      Epoch    GPU_mem   box_loss   cls_loss   dfl_loss  Instances       Size
     39/100      12.1G      1.344     0.9152      2.057        193        640: 100%|██████████| 6/6 [00:0
                 Class     Images  Instances      Box(P          R      mAP50  mAP50-95): 100%|██████████
                   all         23        399      0.959      0.935      0.976      0.627

      Epoch    GPU_mem   box_loss   cls_loss   dfl_loss  Instances       Size
     40/100      12.2G      1.342     0.8981      2.038        212        640: 100%|██████████| 6/6 [00:0
                 Class     Images  Instances      Box(P          R      mAP50  mAP50-95): 100%|██████████
                   all         23        399      0.959       0.96      0.987      0.693

      Epoch    GPU_mem   box_loss   cls_loss   dfl_loss  Instances       Size
     41/100      13.1G       1.35     0.8698      2.028        229        640: 100%|██████████| 6/6 [00:0
                 Class     Images  Instances      Box(P          R      mAP50  mAP50-95): 100%|██████████
                   all         23        399      0.952      0.965      0.987      0.695

      Epoch    GPU_mem   box_loss   cls_loss   dfl_loss  Instances       Size
     42/100      12.1G      1.356     0.8695      2.002        161        640: 100%|██████████| 6/6 [00:0
                 Class     Images  Instances      Box(P          R      mAP50  mAP50-95): 100%|██████████
                   all         23        399      0.966      0.945      0.983      0.665

      Epoch    GPU_mem   box_loss   cls_loss   dfl_loss  Instances       Size
     43/100        12G       1.27      0.823      1.954        198        640: 100%|██████████| 6/6 [00:0
                 Class     Images  Instances      Box(P          R      mAP50  mAP50-95): 100%|██████████
                   all         23        399      0.967      0.952      0.978      0.649

      Epoch    GPU_mem   box_loss   cls_loss   dfl_loss  Instances       Size
     44/100      12.6G      1.268     0.8044      1.929        179        640: 100%|██████████| 6/6 [00:0
                 Class     Images  Instances      Box(P          R      mAP50  mAP50-95): 100%|██████████
                   all         23        399      0.979      0.952      0.987      0.644

      Epoch    GPU_mem   box_loss   cls_loss   dfl_loss  Instances       Size
     45/100      12.8G      1.295     0.7971      2.033        222        640: 100%|██████████| 6/6 [00:0
                 Class     Images  Instances      Box(P          R      mAP50  mAP50-95): 100%|██████████
                   all         23        399      0.977      0.952      0.986      0.708

      Epoch    GPU_mem   box_loss   cls_loss   dfl_loss  Instances       Size
     46/100      12.4G      1.318     0.8085      2.014        163        640: 100%|██████████| 6/6 [00:0
                 Class     Images  Instances      Box(P          R      mAP50  mAP50-95): 100%|██████████
                   all         23        399      0.962       0.96      0.985       0.67

      Epoch    GPU_mem   box_loss   cls_loss   dfl_loss  Instances       Size
     47/100      11.8G      1.308     0.7817      2.011        174        640: 100%|██████████| 6/6 [00:0
                 Class     Images  Instances      Box(P          R      mAP50  mAP50-95): 100%|██████████
                   all         23        399      0.972      0.959      0.985      0.729

      Epoch    GPU_mem   box_loss   cls_loss   dfl_loss  Instances       Size
     48/100      11.3G      1.238     0.7904      1.932        125        640: 100%|██████████| 6/6 [00:0
                 Class     Images  Instances      Box(P          R      mAP50  mAP50-95): 100%|██████████
                   all         23        399      0.983      0.955      0.986      0.718

      Epoch    GPU_mem   box_loss   cls_loss   dfl_loss  Instances       Size
     49/100      11.4G      1.202     0.7715      1.892        207        640: 100%|██████████| 6/6 [00:0
                 Class     Images  Instances      Box(P          R      mAP50  mAP50-95): 100%|██████████
                   all         23        399      0.981      0.952      0.989      0.729

      Epoch    GPU_mem   box_loss   cls_loss   dfl_loss  Instances       Size
     50/100      12.8G      1.194     0.7427      1.887        188        640: 100%|██████████| 6/6 [00:0
                 Class     Images  Instances      Box(P          R      mAP50  mAP50-95): 100%|██████████
                   all         23        399      0.984      0.947      0.986      0.713

      Epoch    GPU_mem   box_loss   cls_loss   dfl_loss  Instances       Size
     51/100      12.3G      1.175     0.7504      1.836        188        640: 100%|██████████| 6/6 [00:0
                 Class     Images  Instances      Box(P          R      mAP50  mAP50-95): 100%|██████████
                   all         23        399      0.976      0.967      0.985      0.737

      Epoch    GPU_mem   box_loss   cls_loss   dfl_loss  Instances       Size
     52/100      11.9G      1.211     0.7553      1.878        204        640: 100%|██████████| 6/6 [00:0
                 Class     Images  Instances      Box(P          R      mAP50  mAP50-95): 100%|██████████
                   all         23        399      0.973      0.967       0.99      0.708

      Epoch    GPU_mem   box_loss   cls_loss   dfl_loss  Instances       Size
     53/100      12.3G      1.206     0.7805      1.834        280        640: 100%|██████████| 6/6 [00:0
                 Class     Images  Instances      Box(P          R      mAP50  mAP50-95): 100%|██████████
                   all         23        399      0.985      0.957      0.988      0.701

      Epoch    GPU_mem   box_loss   cls_loss   dfl_loss  Instances       Size
     54/100      12.5G      1.144     0.7269      1.816        149        640: 100%|██████████| 6/6 [00:0
                 Class     Images  Instances      Box(P          R      mAP50  mAP50-95): 100%|██████████
                   all         23        399      0.977       0.97       0.99       0.74

      Epoch    GPU_mem   box_loss   cls_loss   dfl_loss  Instances       Size
     55/100      12.6G      1.143     0.7007      1.834        231        640: 100%|██████████| 6/6 [00:0
                 Class     Images  Instances      Box(P          R      mAP50  mAP50-95): 100%|██████████
                   all         23        399      0.986       0.96       0.99      0.742

      Epoch    GPU_mem   box_loss   cls_loss   dfl_loss  Instances       Size
     56/100      12.4G      1.173     0.7182      1.826        280        640: 100%|██████████| 6/6 [00:0
                 Class     Images  Instances      Box(P          R      mAP50  mAP50-95): 100%|██████████
                   all         23        399      0.982      0.973      0.991       0.74

      Epoch    GPU_mem   box_loss   cls_loss   dfl_loss  Instances       Size
     57/100      12.2G      1.171     0.6936      1.839        243        640: 100%|██████████| 6/6 [00:0
                 Class     Images  Instances      Box(P          R      mAP50  mAP50-95): 100%|██████████
                   all         23        399      0.974      0.975      0.992      0.715

      Epoch    GPU_mem   box_loss   cls_loss   dfl_loss  Instances       Size
     58/100      12.8G      1.171     0.7115       1.87        266        640:  83%|████████▎ | 5/6 [00:0
                 Class     Images  Instances      Box(P          R      mAP50  mAP50-95): 100%|██████████
                   all         23        399      0.989       0.96       0.99      0.706

      Epoch    GPU_mem   box_loss   cls_loss   dfl_loss  Instances       Size
     59/100      11.9G      1.102     0.6783      1.768        151        640: 100%|██████████| 6/6 [00:0
                 Class     Images  Instances      Box(P          R      mAP50  mAP50-95): 100%|██████████
                   all         23        399      0.987      0.967       0.99      0.713

      Epoch    GPU_mem   box_loss   cls_loss   dfl_loss  Instances       Size
     60/100      13.3G      1.086     0.6707      1.762        237        640: 100%|██████████| 6/6 [00:0
                 Class     Images  Instances      Box(P          R      mAP50  mAP50-95): 100%|██████████
                   all         23        399      0.982      0.957       0.99      0.729

      Epoch    GPU_mem   box_loss   cls_loss   dfl_loss  Instances       Size
     61/100      11.2G      1.179     0.7199      1.836        263        640: 100%|██████████| 6/6 [00:0
                 Class     Images  Instances      Box(P          R      mAP50  mAP50-95): 100%|██████████
                   all         23        399      0.984       0.96       0.99      0.726

      Epoch    GPU_mem   box_loss   cls_loss   dfl_loss  Instances       Size
     62/100      12.1G      1.114     0.6871      1.776        221        640: 100%|██████████| 6/6 [00:0
                 Class     Images  Instances      Box(P          R      mAP50  mAP50-95): 100%|██████████
                   all         23        399       0.98      0.962       0.99      0.713

      Epoch    GPU_mem   box_loss   cls_loss   dfl_loss  Instances       Size
     63/100      12.6G      1.106     0.6749      1.729        134        640: 100%|██████████| 6/6 [00:0
                 Class     Images  Instances      Box(P          R      mAP50  mAP50-95): 100%|██████████
                   all         23        399      0.965      0.974       0.99      0.747

      Epoch    GPU_mem   box_loss   cls_loss   dfl_loss  Instances       Size
     64/100      13.3G      1.126     0.6903      1.744        195        640: 100%|██████████| 6/6 [00:0
                 Class     Images  Instances      Box(P          R      mAP50  mAP50-95): 100%|██████████
                   all         23        399       0.97      0.975      0.991      0.725

      Epoch    GPU_mem   box_loss   cls_loss   dfl_loss  Instances       Size
     65/100        12G      1.104     0.6824      1.733        197        640: 100%|██████████| 6/6 [00:0
                 Class     Images  Instances      Box(P          R      mAP50  mAP50-95): 100%|██████████
                   all         23        399       0.98      0.971      0.991      0.742

      Epoch    GPU_mem   box_loss   cls_loss   dfl_loss  Instances       Size
     66/100      13.2G      1.059     0.6725      1.684        148        640: 100%|██████████| 6/6 [00:0
                 Class     Images  Instances      Box(P          R      mAP50  mAP50-95): 100%|██████████
                   all         23        399      0.982      0.966       0.99      0.759

      Epoch    GPU_mem   box_loss   cls_loss   dfl_loss  Instances       Size
     67/100      11.6G      1.054     0.6647        1.7        250        640: 100%|██████████| 6/6 [00:0
                 Class     Images  Instances      Box(P          R      mAP50  mAP50-95): 100%|██████████
                   all         23        399       0.98      0.971      0.991      0.738

      Epoch    GPU_mem   box_loss   cls_loss   dfl_loss  Instances       Size
     68/100        12G      1.071     0.6643      1.731        126        640: 100%|██████████| 6/6 [00:0
                 Class     Images  Instances      Box(P          R      mAP50  mAP50-95): 100%|██████████
                   all         23        399      0.978      0.977      0.991      0.755

      Epoch    GPU_mem   box_loss   cls_loss   dfl_loss  Instances       Size
     69/100      11.8G       1.06     0.6505      1.733        225        640: 100%|██████████| 6/6 [00:0
                 Class     Images  Instances      Box(P          R      mAP50  mAP50-95): 100%|██████████
                   all         23        399      0.974      0.975      0.991      0.742

      Epoch    GPU_mem   box_loss   cls_loss   dfl_loss  Instances       Size
     70/100      12.4G      1.056     0.6493      1.689        133        640: 100%|██████████| 6/6 [00:0
                 Class     Images  Instances      Box(P          R      mAP50  mAP50-95): 100%|██████████
                   all         23        399      0.979       0.97      0.991      0.765

      Epoch    GPU_mem   box_loss   cls_loss   dfl_loss  Instances       Size
     71/100      11.7G      1.043     0.6422      1.714        239        640: 100%|██████████| 6/6 [00:0
                 Class     Images  Instances      Box(P          R      mAP50  mAP50-95): 100%|██████████
                   all         23        399      0.988       0.97      0.991      0.767

      Epoch    GPU_mem   box_loss   cls_loss   dfl_loss  Instances       Size
     72/100      12.9G      1.053     0.6452      1.726        175        640: 100%|██████████| 6/6 [00:0
                 Class     Images  Instances      Box(P          R      mAP50  mAP50-95): 100%|██████████
                   all         23        399       0.98      0.976      0.991      0.748

      Epoch    GPU_mem   box_loss   cls_loss   dfl_loss  Instances       Size
     73/100      11.7G      1.004     0.6096      1.663        205        640: 100%|██████████| 6/6 [00:0
                 Class     Images  Instances      Box(P          R      mAP50  mAP50-95): 100%|██████████
                   all         23        399      0.985       0.97      0.991      0.757

      Epoch    GPU_mem   box_loss   cls_loss   dfl_loss  Instances       Size
     74/100      12.1G      1.005     0.6137      1.668        232        640: 100%|██████████| 6/6 [00:0
                 Class     Images  Instances      Box(P          R      mAP50  mAP50-95): 100%|██████████
                   all         23        399      0.982      0.971      0.991      0.753

      Epoch    GPU_mem   box_loss   cls_loss   dfl_loss  Instances       Size
     75/100      11.5G      1.009     0.6086      1.637        193        640: 100%|██████████| 6/6 [00:0
                 Class     Images  Instances      Box(P          R      mAP50  mAP50-95): 100%|██████████
                   all         23        399       0.98      0.972      0.991      0.748

      Epoch    GPU_mem   box_loss   cls_loss   dfl_loss  Instances       Size
     76/100      11.9G     0.9989      0.611      1.644        162        640: 100%|██████████| 6/6 [00:0
                 Class     Images  Instances      Box(P          R      mAP50  mAP50-95): 100%|██████████
                   all         23        399      0.978      0.977       0.99      0.764

      Epoch    GPU_mem   box_loss   cls_loss   dfl_loss  Instances       Size
     77/100      12.2G     0.9785     0.5902       1.62        246        640: 100%|██████████| 6/6 [00:0
                 Class     Images  Instances      Box(P          R      mAP50  mAP50-95): 100%|██████████
                   all         23        399      0.976       0.98      0.991      0.766

      Epoch    GPU_mem   box_loss   cls_loss   dfl_loss  Instances       Size
     78/100      12.8G     0.9783     0.6033      1.629        154        640: 100%|██████████| 6/6 [00:0
                 Class     Images  Instances      Box(P          R      mAP50  mAP50-95): 100%|██████████
                   all         23        399      0.982      0.979      0.992      0.766

      Epoch    GPU_mem   box_loss   cls_loss   dfl_loss  Instances       Size
     79/100      12.5G      1.006     0.6181      1.655        174        640: 100%|██████████| 6/6 [00:0
                 Class     Images  Instances      Box(P          R      mAP50  mAP50-95): 100%|██████████
                   all         23        399      0.982      0.981      0.991      0.769

      Epoch    GPU_mem   box_loss   cls_loss   dfl_loss  Instances       Size
     80/100      11.6G     0.9865     0.6057      1.638        203        640: 100%|██████████| 6/6 [00:0
                 Class     Images  Instances      Box(P          R      mAP50  mAP50-95): 100%|██████████
                   all         23        399      0.982      0.977      0.991      0.754

      Epoch    GPU_mem   box_loss   cls_loss   dfl_loss  Instances       Size
     81/100      12.7G     0.9639     0.5961      1.588        187        640: 100%|██████████| 6/6 [00:0
                 Class     Images  Instances      Box(P          R      mAP50  mAP50-95): 100%|██████████
                   all         23        399      0.987      0.978      0.991      0.772

      Epoch    GPU_mem   box_loss   cls_loss   dfl_loss  Instances       Size
     82/100      12.3G     0.9686     0.5881      1.607        189        640: 100%|██████████| 6/6 [00:0
                 Class     Images  Instances      Box(P          R      mAP50  mAP50-95): 100%|██████████
                   all         23        399      0.985      0.978      0.991      0.767

      Epoch    GPU_mem   box_loss   cls_loss   dfl_loss  Instances       Size
     83/100      12.8G     0.9602     0.5855      1.593        189        640: 100%|██████████| 6/6 [00:0
                 Class     Images  Instances      Box(P          R      mAP50  mAP50-95): 100%|██████████
                   all         23        399       0.98      0.984      0.991       0.77

      Epoch    GPU_mem   box_loss   cls_loss   dfl_loss  Instances       Size
     84/100      12.6G      1.002     0.5917      1.631        141        640: 100%|██████████| 6/6 [00:0
                 Class     Images  Instances      Box(P          R      mAP50  mAP50-95): 100%|██████████
                   all         23        399      0.978      0.982      0.991      0.763

      Epoch    GPU_mem   box_loss   cls_loss   dfl_loss  Instances       Size
     85/100        12G     0.9652     0.5904      1.601        136        640: 100%|██████████| 6/6 [00:0
                 Class     Images  Instances      Box(P          R      mAP50  mAP50-95): 100%|██████████
                   all         23        399      0.977      0.985      0.991      0.759

      Epoch    GPU_mem   box_loss   cls_loss   dfl_loss  Instances       Size
     86/100      12.8G     0.9874     0.6055      1.611        178        640: 100%|██████████| 6/6 [00:0
                 Class     Images  Instances      Box(P          R      mAP50  mAP50-95): 100%|██████████
                   all         23        399      0.978      0.985      0.991      0.752

      Epoch    GPU_mem   box_loss   cls_loss   dfl_loss  Instances       Size
     87/100      12.3G     0.9729     0.6014      1.592        245        640: 100%|██████████| 6/6 [00:0
                 Class     Images  Instances      Box(P          R      mAP50  mAP50-95): 100%|██████████
                   all         23        399      0.979      0.985      0.991      0.763

      Epoch    GPU_mem   box_loss   cls_loss   dfl_loss  Instances       Size
     88/100      12.4G     0.9659     0.5782      1.586        221        640: 100%|██████████| 6/6 [00:0
                 Class     Images  Instances      Box(P          R      mAP50  mAP50-95): 100%|██████████
                   all         23        399      0.978      0.985      0.992      0.774

      Epoch    GPU_mem   box_loss   cls_loss   dfl_loss  Instances       Size
     89/100      12.4G     0.9503     0.5783      1.578        179        640: 100%|██████████| 6/6 [00:0
                 Class     Images  Instances      Box(P          R      mAP50  mAP50-95): 100%|██████████
                   all         23        399       0.98      0.982      0.992      0.769

      Epoch    GPU_mem   box_loss   cls_loss   dfl_loss  Instances       Size
     90/100      12.8G     0.9574     0.5744      1.598        167        640: 100%|██████████| 6/6 [00:0
                 Class     Images  Instances      Box(P          R      mAP50  mAP50-95): 100%|██████████
                   all         23        399      0.979      0.987      0.992      0.777
Closing dataloader mosaic

      Epoch    GPU_mem   box_loss   cls_loss   dfl_loss  Instances       Size
     91/100       9.9G     0.9262     0.6198      1.536        105        640: 100%|██████████| 6/6 [00:0
                 Class     Images  Instances      Box(P          R      mAP50  mAP50-95): 100%|██████████
                   all         23        399       0.98      0.988      0.992      0.774

      Epoch    GPU_mem   box_loss   cls_loss   dfl_loss  Instances       Size
     92/100      9.87G      0.915     0.5832      1.511        101        640: 100%|██████████| 6/6 [00:0
                 Class     Images  Instances      Box(P          R      mAP50  mAP50-95): 100%|██████████
                   all         23        399      0.979      0.987      0.992       0.77

      Epoch    GPU_mem   box_loss   cls_loss   dfl_loss  Instances       Size
     93/100       9.9G      0.929     0.5631       1.51        102        640: 100%|██████████| 6/6 [00:0
                 Class     Images  Instances      Box(P          R      mAP50  mAP50-95): 100%|██████████
                   all         23        399      0.984      0.987      0.992      0.775

      Epoch    GPU_mem   box_loss   cls_loss   dfl_loss  Instances       Size
     94/100      9.93G     0.8991      0.562      1.489        101        640: 100%|██████████| 6/6 [00:0
                 Class     Images  Instances      Box(P          R      mAP50  mAP50-95): 100%|██████████
                   all         23        399      0.987      0.985      0.992      0.777

      Epoch    GPU_mem   box_loss   cls_loss   dfl_loss  Instances       Size
     95/100      9.93G     0.8826     0.5609      1.478        104        640: 100%|██████████| 6/6 [00:0
                 Class     Images  Instances      Box(P          R      mAP50  mAP50-95): 100%|██████████
                   all         23        399      0.985      0.984      0.992      0.778

      Epoch    GPU_mem   box_loss   cls_loss   dfl_loss  Instances       Size
     96/100      9.92G     0.8724     0.5456      1.453        103        640: 100%|██████████| 6/6 [00:0
                 Class     Images  Instances      Box(P          R      mAP50  mAP50-95): 100%|██████████
                   all         23        399      0.982      0.978      0.992      0.782

      Epoch    GPU_mem   box_loss   cls_loss   dfl_loss  Instances       Size
     97/100       9.9G     0.8464     0.5277      1.443        100        640: 100%|██████████| 6/6 [00:0
                 Class     Images  Instances      Box(P          R      mAP50  mAP50-95): 100%|██████████
                   all         23        399      0.982      0.979      0.992      0.781

      Epoch    GPU_mem   box_loss   cls_loss   dfl_loss  Instances       Size
     98/100      9.95G     0.8553     0.5478      1.468         99        640: 100%|██████████| 6/6 [00:0
                 Class     Images  Instances      Box(P          R      mAP50  mAP50-95): 100%|██████████
                   all         23        399      0.985      0.975      0.992      0.779

      Epoch    GPU_mem   box_loss   cls_loss   dfl_loss  Instances       Size
     99/100      9.93G     0.8429      0.526       1.46        107        640: 100%|██████████| 6/6 [00:0
                 Class     Images  Instances      Box(P          R      mAP50  mAP50-95): 100%|██████████
                   all         23        399      0.986      0.975      0.992      0.778

      Epoch    GPU_mem   box_loss   cls_loss   dfl_loss  Instances       Size
    100/100      9.93G     0.9059     0.5478      1.465         99        640: 100%|██████████| 6/6 [00:0
                 Class     Images  Instances      Box(P          R      mAP50  mAP50-95): 100%|██████████
                   all         23        399      0.987      0.977      0.992      0.781

100 epochs completed in 0.167 hours.
Optimizer stripped from .yolo-out-mp/yolo11-mp-abl-a-1/weights/last.pt, 27.1MB
Optimizer stripped from .yolo-out-mp/yolo11-mp-abl-a-1/weights/best.pt, 27.1MB

Validating .yolo-out-mp/yolo11-mp-abl-a-1/weights/best.pt...
Ultralytics 8.3.150 🚀 Python-3.13.2 torch-2.6.0+cu118 CUDA:0 (Tesla T4, 14913MiB)
                                                       CUDA:1 (Tesla T4, 14913MiB)
model summary (fused): 125 layers, 13,118,355 parameters, 0 gradients, 91.7 GFLOPs
                 Class     Images  Instances      Box(P          R      mAP50  mAP50-95): 100%|██████████
                   all         23        399      0.982      0.978      0.992      0.782
Speed: 0.1ms preprocess, 12.2ms inference, 0.0ms loss, 0.9ms postprocess per image
Results saved to .yolo-out-mp/yolo11-mp-abl-a-1
