Overriding model.yaml nc=80 with nc=1
WARNING ⚠️ no model scale passed. Assuming scale='m'.
Freezing layer 'model.23.dfl.conv.weight'
AMP: running Automatic Mixed Precision (AMP) checks...
AMP: checks passed ✅
train: Fast image access ✅ (ping: 0.0±0.0 ms, read: 169.3±72.5 MB/s, size: 47.9 KB)
train: Scanning /data2/jd1/datasets/landing-pad-detection-2-v4/train/labels.cache... 884 images, 0 backgrounds, 0 corrupt: 100%|██████████| 884/884
val: Fast image access ✅ (ping: 0.0±0.0 ms, read: 405.0±155.6 MB/s, size: 44.6 KB)
val: Scanning /data2/jd1/datasets/landing-pad-detection-2-v4/valid/labels.cache... 230 images, 0 backgrounds, 0 corrupt: 100%|██████████| 230/230 [
Plotting labels to .yolo-out-lpd2/yolo11a-lpd2-1/labels.jpg...
optimizer: 'optimizer=auto' found, ignoring 'lr0=0.01' and 'momentum=0.937' and determining best 'optimizer', 'lr0' and 'momentum' automatically...
optimizer: AdamW(lr=0.002, momentum=0.9) with parameter groups 104 weight(decay=0.0), 111 weight(decay=0.0005), 110 bias(decay=0.0)
Image sizes 640 train, 640 val
Using 16 dataloader workers
Logging results to .yolo-out-lpd2/yolo11a-lpd2-1
Starting training for 100 epochs...

      Epoch    GPU_mem   box_loss   cls_loss   dfl_loss  Instances       Size
      1/100      9.46G       3.43      6.117      4.182          5        640: 100%|██████████| 56/56 [00:36<00:00,  1.54it/s]
                 Class     Images  Instances      Box(P          R      mAP50  mAP50-95): 100%|██████████| 15/15 [00:05<00:00,  2.56it/s]
                   all        230        243          0          0          0          0

      Epoch    GPU_mem   box_loss   cls_loss   dfl_loss  Instances       Size
      2/100      9.47G      2.684      4.468      3.313          1        640: 100%|██████████| 56/56 [00:35<00:00,  1.56it/s]
                 Class     Images  Instances      Box(P          R      mAP50  mAP50-95): 100%|██████████| 15/15 [00:06<00:00,  2.43it/s]
                   all        230        243   0.000629     0.0206   0.000321   0.000102

      Epoch    GPU_mem   box_loss   cls_loss   dfl_loss  Instances       Size
      3/100      9.52G      2.284      3.589       2.82          1        640: 100%|██████████| 56/56 [00:36<00:00,  1.55it/s]
                 Class     Images  Instances      Box(P          R      mAP50  mAP50-95): 100%|██████████| 15/15 [00:07<00:00,  2.03it/s]
                   all        230        243      0.422      0.383      0.275      0.115

      Epoch    GPU_mem   box_loss   cls_loss   dfl_loss  Instances       Size
      4/100      9.52G      2.084       2.77      2.541          3        640: 100%|██████████| 56/56 [00:35<00:00,  1.56it/s]
                 Class     Images  Instances      Box(P          R      mAP50  mAP50-95): 100%|██████████| 15/15 [00:06<00:00,  2.35it/s]
                   all        230        243       0.68      0.416      0.446      0.271

      Epoch    GPU_mem   box_loss   cls_loss   dfl_loss  Instances       Size
      5/100      9.52G      1.917      2.186       2.35          5        640: 100%|██████████| 56/56 [00:36<00:00,  1.55it/s]
                 Class     Images  Instances      Box(P          R      mAP50  mAP50-95): 100%|██████████| 15/15 [00:06<00:00,  2.34it/s]
                   all        230        243      0.766      0.512       0.61      0.384

      Epoch    GPU_mem   box_loss   cls_loss   dfl_loss  Instances       Size
      6/100      9.59G      1.871      1.959       2.26          5        640: 100%|██████████| 56/56 [00:36<00:00,  1.55it/s]
                 Class     Images  Instances      Box(P          R      mAP50  mAP50-95): 100%|██████████| 15/15 [00:06<00:00,  2.34it/s]
                   all        230        243      0.896      0.641      0.788      0.539

      Epoch    GPU_mem   box_loss   cls_loss   dfl_loss  Instances       Size
      7/100      9.52G      1.704      1.694      2.123          4        640: 100%|██████████| 56/56 [00:35<00:00,  1.56it/s]
                 Class     Images  Instances      Box(P          R      mAP50  mAP50-95): 100%|██████████| 15/15 [00:06<00:00,  2.36it/s]
                   all        230        243      0.924      0.654      0.798      0.568

      Epoch    GPU_mem   box_loss   cls_loss   dfl_loss  Instances       Size
      8/100      9.52G       1.65       1.55      1.975          3        640: 100%|██████████| 56/56 [00:35<00:00,  1.56it/s]
                 Class     Images  Instances      Box(P          R      mAP50  mAP50-95): 100%|██████████| 15/15 [00:06<00:00,  2.36it/s]
                   all        230        243      0.887      0.776      0.852      0.556

      Epoch    GPU_mem   box_loss   cls_loss   dfl_loss  Instances       Size
      9/100      9.52G      1.668      1.408      2.025          4        640: 100%|██████████| 56/56 [00:35<00:00,  1.57it/s]
                 Class     Images  Instances      Box(P          R      mAP50  mAP50-95): 100%|██████████| 15/15 [00:06<00:00,  2.37it/s]
                   all        230        243       0.85      0.771      0.823       0.55

      Epoch    GPU_mem   box_loss   cls_loss   dfl_loss  Instances       Size
     10/100       9.6G      1.514      1.346      1.961          3        640: 100%|██████████| 56/56 [00:35<00:00,  1.57it/s]
                 Class     Images  Instances      Box(P          R      mAP50  mAP50-95): 100%|██████████| 15/15 [00:06<00:00,  2.37it/s]
                   all        230        243      0.823      0.778      0.837      0.566

      Epoch    GPU_mem   box_loss   cls_loss   dfl_loss  Instances       Size
     11/100      9.59G      1.519      1.341      1.916          6        640: 100%|██████████| 56/56 [00:35<00:00,  1.57it/s]
                 Class     Images  Instances      Box(P          R      mAP50  mAP50-95): 100%|██████████| 15/15 [00:06<00:00,  2.38it/s]
                   all        230        243      0.929      0.626      0.697      0.506

      Epoch    GPU_mem   box_loss   cls_loss   dfl_loss  Instances       Size
     12/100      9.52G      1.409      1.218       1.76          2        640: 100%|██████████| 56/56 [00:35<00:00,  1.57it/s]
                 Class     Images  Instances      Box(P          R      mAP50  mAP50-95): 100%|██████████| 15/15 [00:06<00:00,  2.38it/s]
                   all        230        243      0.865      0.802      0.859      0.588

      Epoch    GPU_mem   box_loss   cls_loss   dfl_loss  Instances       Size
     13/100      9.52G       1.48        1.2      1.821          4        640: 100%|██████████| 56/56 [00:35<00:00,  1.57it/s]
                 Class     Images  Instances      Box(P          R      mAP50  mAP50-95): 100%|██████████| 15/15 [00:06<00:00,  2.38it/s]
                   all        230        243      0.914      0.786      0.876      0.644

      Epoch    GPU_mem   box_loss   cls_loss   dfl_loss  Instances       Size
     14/100      9.52G      1.384      1.185      1.781          4        640: 100%|██████████| 56/56 [00:35<00:00,  1.57it/s]
                 Class     Images  Instances      Box(P          R      mAP50  mAP50-95): 100%|██████████| 15/15 [00:06<00:00,  2.38it/s]
                   all        230        243      0.921      0.814      0.888      0.588

      Epoch    GPU_mem   box_loss   cls_loss   dfl_loss  Instances       Size
     15/100      9.58G      1.382      1.087      1.728          3        640: 100%|██████████| 56/56 [00:35<00:00,  1.57it/s]
                 Class     Images  Instances      Box(P          R      mAP50  mAP50-95): 100%|██████████| 15/15 [00:06<00:00,  2.38it/s]
                   all        230        243      0.894      0.761      0.875      0.642

      Epoch    GPU_mem   box_loss   cls_loss   dfl_loss  Instances       Size
     16/100      9.52G      1.352      1.094      1.744          3        640: 100%|██████████| 56/56 [00:35<00:00,  1.57it/s]
                 Class     Images  Instances      Box(P          R      mAP50  mAP50-95): 100%|██████████| 15/15 [00:06<00:00,  2.38it/s]
                   all        230        243      0.931      0.836      0.907      0.693

      Epoch    GPU_mem   box_loss   cls_loss   dfl_loss  Instances       Size
     17/100      9.52G      1.291      1.019      1.658          2        640: 100%|██████████| 56/56 [00:35<00:00,  1.56it/s]
                 Class     Images  Instances      Box(P          R      mAP50  mAP50-95): 100%|██████████| 15/15 [00:06<00:00,  2.31it/s]
                   all        230        243      0.959      0.857      0.928      0.712

      Epoch    GPU_mem   box_loss   cls_loss   dfl_loss  Instances       Size
     18/100      9.59G      1.228     0.9584       1.64          3        640: 100%|██████████| 56/56 [00:36<00:00,  1.55it/s]
                 Class     Images  Instances      Box(P          R      mAP50  mAP50-95): 100%|██████████| 15/15 [00:06<00:00,  2.34it/s]
                   all        230        243      0.971      0.877      0.932       0.71

      Epoch    GPU_mem   box_loss   cls_loss   dfl_loss  Instances       Size
     19/100      9.52G      1.258     0.9566      1.659          2        640: 100%|██████████| 56/56 [00:36<00:00,  1.54it/s]
                 Class     Images  Instances      Box(P          R      mAP50  mAP50-95): 100%|██████████| 15/15 [00:06<00:00,  2.34it/s]
                   all        230        243      0.928      0.847      0.909      0.667

      Epoch    GPU_mem   box_loss   cls_loss   dfl_loss  Instances       Size
     20/100      9.52G      1.215      0.907      1.639          2        640: 100%|██████████| 56/56 [00:36<00:00,  1.55it/s]
                 Class     Images  Instances      Box(P          R      mAP50  mAP50-95): 100%|██████████| 15/15 [00:06<00:00,  2.36it/s]
                   all        230        243       0.86      0.868      0.912      0.679

      Epoch    GPU_mem   box_loss   cls_loss   dfl_loss  Instances       Size
     21/100      9.59G      1.199     0.8777      1.577          2        640: 100%|██████████| 56/56 [00:35<00:00,  1.56it/s]
                 Class     Images  Instances      Box(P          R      mAP50  mAP50-95): 100%|██████████| 15/15 [00:06<00:00,  2.36it/s]
                   all        230        243      0.933      0.893      0.936      0.725

      Epoch    GPU_mem   box_loss   cls_loss   dfl_loss  Instances       Size
     22/100      9.52G      1.133     0.8446      1.528          2        640: 100%|██████████| 56/56 [00:36<00:00,  1.55it/s]
                 Class     Images  Instances      Box(P          R      mAP50  mAP50-95): 100%|██████████| 15/15 [00:06<00:00,  2.35it/s]
                   all        230        243      0.982      0.883      0.937      0.726

      Epoch    GPU_mem   box_loss   cls_loss   dfl_loss  Instances       Size
     23/100      9.52G      1.177     0.8783      1.547          3        640: 100%|██████████| 56/56 [00:35<00:00,  1.56it/s]
                 Class     Images  Instances      Box(P          R      mAP50  mAP50-95): 100%|██████████| 15/15 [00:06<00:00,  2.33it/s]
                   all        230        243      0.952      0.899      0.945      0.715

      Epoch    GPU_mem   box_loss   cls_loss   dfl_loss  Instances       Size
     24/100      9.59G      1.151     0.8296      1.525          5        640: 100%|██████████| 56/56 [00:35<00:00,  1.56it/s]
                 Class     Images  Instances      Box(P          R      mAP50  mAP50-95): 100%|██████████| 15/15 [00:06<00:00,  2.38it/s]
                   all        230        243      0.967      0.877      0.932      0.711

      Epoch    GPU_mem   box_loss   cls_loss   dfl_loss  Instances       Size
     25/100      9.52G      1.169     0.8539      1.535          5        640: 100%|██████████| 56/56 [00:35<00:00,  1.56it/s]
                 Class     Images  Instances      Box(P          R      mAP50  mAP50-95): 100%|██████████| 15/15 [00:06<00:00,  2.38it/s]
                   all        230        243      0.947      0.888      0.935      0.715

      Epoch    GPU_mem   box_loss   cls_loss   dfl_loss  Instances       Size
     26/100      9.52G      1.157     0.8265      1.551          4        640: 100%|██████████| 56/56 [00:36<00:00,  1.55it/s]
                 Class     Images  Instances      Box(P          R      mAP50  mAP50-95): 100%|██████████| 15/15 [00:06<00:00,  2.36it/s]
                   all        230        243      0.924      0.881      0.921      0.708

      Epoch    GPU_mem   box_loss   cls_loss   dfl_loss  Instances       Size
     27/100      9.59G       1.09      0.796      1.535          3        640: 100%|██████████| 56/56 [00:36<00:00,  1.55it/s]
                 Class     Images  Instances      Box(P          R      mAP50  mAP50-95): 100%|██████████| 15/15 [00:06<00:00,  2.37it/s]
                   all        230        243      0.964      0.901      0.945      0.761

      Epoch    GPU_mem   box_loss   cls_loss   dfl_loss  Instances       Size
     28/100      9.52G      1.125     0.7964      1.515          4        640: 100%|██████████| 56/56 [00:36<00:00,  1.55it/s]
                 Class     Images  Instances      Box(P          R      mAP50  mAP50-95): 100%|██████████| 15/15 [00:06<00:00,  2.34it/s]
                   all        230        243      0.969        0.9      0.945      0.735

      Epoch    GPU_mem   box_loss   cls_loss   dfl_loss  Instances       Size
     29/100      9.52G       1.12     0.7984      1.504          2        640: 100%|██████████| 56/56 [00:35<00:00,  1.57it/s]
                 Class     Images  Instances      Box(P          R      mAP50  mAP50-95): 100%|██████████| 15/15 [00:06<00:00,  2.37it/s]
                   all        230        243      0.922      0.923      0.943      0.722

      Epoch    GPU_mem   box_loss   cls_loss   dfl_loss  Instances       Size
     30/100      9.59G      1.083      0.758      1.486          1        640: 100%|██████████| 56/56 [00:36<00:00,  1.55it/s]
                 Class     Images  Instances      Box(P          R      mAP50  mAP50-95): 100%|██████████| 15/15 [00:06<00:00,  2.37it/s]
                   all        230        243      0.966      0.926      0.952      0.757

      Epoch    GPU_mem   box_loss   cls_loss   dfl_loss  Instances       Size
     31/100      9.52G      1.046     0.7428       1.48          4        640: 100%|██████████| 56/56 [00:35<00:00,  1.56it/s]
                 Class     Images  Instances      Box(P          R      mAP50  mAP50-95): 100%|██████████| 15/15 [00:06<00:00,  2.34it/s]
                   all        230        243      0.965      0.906       0.94       0.75

      Epoch    GPU_mem   box_loss   cls_loss   dfl_loss  Instances       Size
     32/100      9.59G      1.075     0.7114      1.485          2        640: 100%|██████████| 56/56 [00:35<00:00,  1.56it/s]
                 Class     Images  Instances      Box(P          R      mAP50  mAP50-95): 100%|██████████| 15/15 [00:06<00:00,  2.38it/s]
                   all        230        243      0.947      0.872      0.936      0.733

      Epoch    GPU_mem   box_loss   cls_loss   dfl_loss  Instances       Size
     33/100      9.52G      1.003     0.6903      1.406          1        640: 100%|██████████| 56/56 [00:36<00:00,  1.55it/s]
                 Class     Images  Instances      Box(P          R      mAP50  mAP50-95): 100%|██████████| 15/15 [00:06<00:00,  2.38it/s]
                   all        230        243       0.95      0.909      0.943      0.714

      Epoch    GPU_mem   box_loss   cls_loss   dfl_loss  Instances       Size
     34/100      9.59G      1.036     0.7089      1.432          3        640: 100%|██████████| 56/56 [00:36<00:00,  1.55it/s]
                 Class     Images  Instances      Box(P          R      mAP50  mAP50-95): 100%|██████████| 15/15 [00:06<00:00,  2.31it/s]
                   all        230        243      0.974      0.914      0.946      0.748

      Epoch    GPU_mem   box_loss   cls_loss   dfl_loss  Instances       Size
     35/100      9.59G      1.008     0.6594      1.383          7        640: 100%|██████████| 56/56 [00:36<00:00,  1.55it/s]
                 Class     Images  Instances      Box(P          R      mAP50  mAP50-95): 100%|██████████| 15/15 [00:06<00:00,  2.34it/s]
                   all        230        243      0.965      0.918      0.949      0.745

      Epoch    GPU_mem   box_loss   cls_loss   dfl_loss  Instances       Size
     36/100      9.61G     0.9905     0.6802      1.374          1        640: 100%|██████████| 56/56 [00:35<00:00,  1.56it/s]
                 Class     Images  Instances      Box(P          R      mAP50  mAP50-95): 100%|██████████| 15/15 [00:06<00:00,  2.38it/s]
                   all        230        243      0.972      0.918      0.948      0.753

      Epoch    GPU_mem   box_loss   cls_loss   dfl_loss  Instances       Size
     37/100      9.52G      1.045      0.695      1.446          2        640: 100%|██████████| 56/56 [00:35<00:00,  1.56it/s]
                 Class     Images  Instances      Box(P          R      mAP50  mAP50-95): 100%|██████████| 15/15 [00:06<00:00,  2.38it/s]
                   all        230        243      0.978      0.926      0.953      0.755

      Epoch    GPU_mem   box_loss   cls_loss   dfl_loss  Instances       Size
     38/100      9.59G     0.9847     0.6331      1.399          3        640: 100%|██████████| 56/56 [00:36<00:00,  1.55it/s]
                 Class     Images  Instances      Box(P          R      mAP50  mAP50-95): 100%|██████████| 15/15 [00:06<00:00,  2.38it/s]
                   all        230        243      0.964      0.882      0.954      0.753

      Epoch    GPU_mem   box_loss   cls_loss   dfl_loss  Instances       Size
     39/100      9.59G       1.04     0.6777      1.381          1        640: 100%|██████████| 56/56 [00:36<00:00,  1.55it/s]
                 Class     Images  Instances      Box(P          R      mAP50  mAP50-95): 100%|██████████| 15/15 [00:06<00:00,  2.37it/s]
                   all        230        243      0.986      0.914      0.947      0.765

      Epoch    GPU_mem   box_loss   cls_loss   dfl_loss  Instances       Size
     40/100      9.59G     0.9852     0.6407      1.381          2        640: 100%|██████████| 56/56 [00:36<00:00,  1.55it/s]
                 Class     Images  Instances      Box(P          R      mAP50  mAP50-95): 100%|██████████| 15/15 [00:06<00:00,  2.37it/s]
                   all        230        243      0.978      0.922      0.955      0.759

      Epoch    GPU_mem   box_loss   cls_loss   dfl_loss  Instances       Size
     41/100      9.52G     0.9645     0.6045      1.337          2        640: 100%|██████████| 56/56 [00:36<00:00,  1.55it/s]
                 Class     Images  Instances      Box(P          R      mAP50  mAP50-95): 100%|██████████| 15/15 [00:06<00:00,  2.37it/s]
                   all        230        243      0.974      0.923      0.954      0.764

      Epoch    GPU_mem   box_loss   cls_loss   dfl_loss  Instances       Size
     42/100      9.59G     0.9825     0.6195      1.328          2        640: 100%|██████████| 56/56 [00:36<00:00,  1.55it/s]
                 Class     Images  Instances      Box(P          R      mAP50  mAP50-95): 100%|██████████| 15/15 [00:06<00:00,  2.37it/s]
                   all        230        243      0.972      0.914       0.95      0.763

      Epoch    GPU_mem   box_loss   cls_loss   dfl_loss  Instances       Size
     43/100      9.59G       0.99     0.6063      1.376          1        640: 100%|██████████| 56/56 [00:35<00:00,  1.56it/s]
                 Class     Images  Instances      Box(P          R      mAP50  mAP50-95): 100%|██████████| 15/15 [00:06<00:00,  2.38it/s]
                   all        230        243       0.99       0.93      0.959      0.785

      Epoch    GPU_mem   box_loss   cls_loss   dfl_loss  Instances       Size
     44/100      9.52G     0.9424     0.6179      1.334          1        640: 100%|██████████| 56/56 [00:35<00:00,  1.56it/s]
                 Class     Images  Instances      Box(P          R      mAP50  mAP50-95): 100%|██████████| 15/15 [00:06<00:00,  2.37it/s]
                   all        230        243      0.982      0.916      0.952      0.768

      Epoch    GPU_mem   box_loss   cls_loss   dfl_loss  Instances       Size
     45/100      9.58G     0.9696     0.5889      1.319          5        640: 100%|██████████| 56/56 [00:35<00:00,  1.56it/s]
                 Class     Images  Instances      Box(P          R      mAP50  mAP50-95): 100%|██████████| 15/15 [00:06<00:00,  2.38it/s]
                   all        230        243      0.977      0.926      0.953      0.771

      Epoch    GPU_mem   box_loss   cls_loss   dfl_loss  Instances       Size
     46/100      9.52G     0.9372     0.5953      1.326          6        640: 100%|██████████| 56/56 [00:35<00:00,  1.56it/s]
                 Class     Images  Instances      Box(P          R      mAP50  mAP50-95): 100%|██████████| 15/15 [00:06<00:00,  2.39it/s]
                   all        230        243      0.966      0.931      0.958      0.778

      Epoch    GPU_mem   box_loss   cls_loss   dfl_loss  Instances       Size
     47/100      9.59G       0.94     0.5947      1.318          4        640: 100%|██████████| 56/56 [00:35<00:00,  1.56it/s]
                 Class     Images  Instances      Box(P          R      mAP50  mAP50-95): 100%|██████████| 15/15 [00:06<00:00,  2.38it/s]
                   all        230        243      0.978       0.93      0.949      0.764

      Epoch    GPU_mem   box_loss   cls_loss   dfl_loss  Instances       Size
     48/100      9.59G     0.9837     0.6214      1.338          4        640: 100%|██████████| 56/56 [00:36<00:00,  1.55it/s]
                 Class     Images  Instances      Box(P          R      mAP50  mAP50-95): 100%|██████████| 15/15 [00:06<00:00,  2.38it/s]
                   all        230        243      0.946      0.939      0.952      0.766

      Epoch    GPU_mem   box_loss   cls_loss   dfl_loss  Instances       Size
     49/100      9.52G     0.9696      0.605      1.333          3        640: 100%|██████████| 56/56 [00:36<00:00,  1.56it/s]
                 Class     Images  Instances      Box(P          R      mAP50  mAP50-95): 100%|██████████| 15/15 [00:06<00:00,  2.38it/s]
                   all        230        243      0.977      0.926      0.949       0.78

      Epoch    GPU_mem   box_loss   cls_loss   dfl_loss  Instances       Size
     50/100      9.52G     0.9687     0.5925        1.3          4        640: 100%|██████████| 56/56 [00:36<00:00,  1.55it/s]
                 Class     Images  Instances      Box(P          R      mAP50  mAP50-95): 100%|██████████| 15/15 [00:06<00:00,  2.38it/s]
                   all        230        243      0.958      0.947      0.957      0.779

      Epoch    GPU_mem   box_loss   cls_loss   dfl_loss  Instances       Size
     51/100      9.52G     0.9038     0.5545      1.284          2        640: 100%|██████████| 56/56 [00:35<00:00,  1.56it/s]
                 Class     Images  Instances      Box(P          R      mAP50  mAP50-95): 100%|██████████| 15/15 [00:06<00:00,  2.38it/s]
                   all        230        243      0.977      0.918      0.955      0.768

      Epoch    GPU_mem   box_loss   cls_loss   dfl_loss  Instances       Size
     52/100      9.52G     0.9171      0.552        1.3          2        640: 100%|██████████| 56/56 [00:36<00:00,  1.55it/s]
                 Class     Images  Instances      Box(P          R      mAP50  mAP50-95): 100%|██████████| 15/15 [00:06<00:00,  2.38it/s]
                   all        230        243      0.982      0.921      0.952      0.764

      Epoch    GPU_mem   box_loss   cls_loss   dfl_loss  Instances       Size
     53/100      9.59G     0.9235     0.5725      1.269          3        640: 100%|██████████| 56/56 [00:35<00:00,  1.56it/s]
                 Class     Images  Instances      Box(P          R      mAP50  mAP50-95): 100%|██████████| 15/15 [00:06<00:00,  2.38it/s]
                   all        230        243      0.965      0.938      0.957      0.788

      Epoch    GPU_mem   box_loss   cls_loss   dfl_loss  Instances       Size
     54/100      9.52G     0.9038     0.5486      1.265          5        640: 100%|██████████| 56/56 [00:35<00:00,  1.56it/s]
                 Class     Images  Instances      Box(P          R      mAP50  mAP50-95): 100%|██████████| 15/15 [00:06<00:00,  2.38it/s]
                   all        230        243      0.974      0.935      0.954       0.77

      Epoch    GPU_mem   box_loss   cls_loss   dfl_loss  Instances       Size
     55/100      9.36G     0.8748     0.5101      1.269          4        640: 100%|██████████| 56/56 [00:35<00:00,  1.56it/s]
                 Class     Images  Instances      Box(P          R      mAP50  mAP50-95): 100%|██████████| 15/15 [00:06<00:00,  2.38it/s]
                   all        230        243      0.987       0.94      0.963      0.786

      Epoch    GPU_mem   box_loss   cls_loss   dfl_loss  Instances       Size
     56/100      9.52G     0.8784     0.5349      1.262          0        640: 100%|██████████| 56/56 [00:35<00:00,  1.56it/s]
                 Class     Images  Instances      Box(P          R      mAP50  mAP50-95): 100%|██████████| 15/15 [00:06<00:00,  2.38it/s]
                   all        230        243      0.974      0.947      0.961      0.786

      Epoch    GPU_mem   box_loss   cls_loss   dfl_loss  Instances       Size
     57/100      9.52G     0.9045     0.5365      1.246          2        640: 100%|██████████| 56/56 [00:35<00:00,  1.56it/s]
                 Class     Images  Instances      Box(P          R      mAP50  mAP50-95): 100%|██████████| 15/15 [00:06<00:00,  2.38it/s]
                   all        230        243      0.968      0.934      0.957       0.78

      Epoch    GPU_mem   box_loss   cls_loss   dfl_loss  Instances       Size
     58/100      9.59G      0.891     0.5229      1.269          3        640: 100%|██████████| 56/56 [00:35<00:00,  1.56it/s]
                 Class     Images  Instances      Box(P          R      mAP50  mAP50-95): 100%|██████████| 15/15 [00:06<00:00,  2.38it/s]
                   all        230        243      0.976      0.926      0.958      0.794

      Epoch    GPU_mem   box_loss   cls_loss   dfl_loss  Instances       Size
     59/100      9.52G     0.8543     0.5047      1.234          6        640: 100%|██████████| 56/56 [00:35<00:00,  1.56it/s]
                 Class     Images  Instances      Box(P          R      mAP50  mAP50-95): 100%|██████████| 15/15 [00:06<00:00,  2.38it/s]
                   all        230        243      0.983      0.942      0.959      0.799

      Epoch    GPU_mem   box_loss   cls_loss   dfl_loss  Instances       Size
     60/100      9.52G     0.8848     0.5364      1.255          0        640: 100%|██████████| 56/56 [00:35<00:00,  1.56it/s]
                 Class     Images  Instances      Box(P          R      mAP50  mAP50-95): 100%|██████████| 15/15 [00:06<00:00,  2.38it/s]
                   all        230        243      0.969      0.926      0.955      0.782

      Epoch    GPU_mem   box_loss   cls_loss   dfl_loss  Instances       Size
     61/100      9.59G      0.903     0.5429      1.248          3        640: 100%|██████████| 56/56 [00:35<00:00,  1.56it/s]
                 Class     Images  Instances      Box(P          R      mAP50  mAP50-95): 100%|██████████| 15/15 [00:06<00:00,  2.38it/s]
                   all        230        243      0.972      0.942      0.959       0.79

      Epoch    GPU_mem   box_loss   cls_loss   dfl_loss  Instances       Size
     62/100      9.59G     0.9114     0.5353      1.253          5        640: 100%|██████████| 56/56 [00:35<00:00,  1.56it/s]
                 Class     Images  Instances      Box(P          R      mAP50  mAP50-95): 100%|██████████| 15/15 [00:06<00:00,  2.38it/s]
                   all        230        243      0.982      0.934      0.961      0.789

      Epoch    GPU_mem   box_loss   cls_loss   dfl_loss  Instances       Size
     63/100      9.61G     0.8778      0.507      1.218          1        640: 100%|██████████| 56/56 [00:35<00:00,  1.56it/s]
                 Class     Images  Instances      Box(P          R      mAP50  mAP50-95): 100%|██████████| 15/15 [00:06<00:00,  2.38it/s]
                   all        230        243      0.989      0.922      0.962      0.806

      Epoch    GPU_mem   box_loss   cls_loss   dfl_loss  Instances       Size
     64/100      9.52G     0.8383     0.4813      1.224          3        640: 100%|██████████| 56/56 [00:36<00:00,  1.55it/s]
                 Class     Images  Instances      Box(P          R      mAP50  mAP50-95): 100%|██████████| 15/15 [00:06<00:00,  2.38it/s]
                   all        230        243      0.958       0.94       0.96      0.795

      Epoch    GPU_mem   box_loss   cls_loss   dfl_loss  Instances       Size
     65/100      9.59G     0.9173     0.5049      1.225          1        640: 100%|██████████| 56/56 [00:36<00:00,  1.55it/s]
                 Class     Images  Instances      Box(P          R      mAP50  mAP50-95): 100%|██████████| 15/15 [00:06<00:00,  2.38it/s]
                   all        230        243      0.974      0.933      0.959        0.8

      Epoch    GPU_mem   box_loss   cls_loss   dfl_loss  Instances       Size
     66/100      9.52G     0.8672     0.4866      1.218          1        640: 100%|██████████| 56/56 [00:36<00:00,  1.55it/s]
                 Class     Images  Instances      Box(P          R      mAP50  mAP50-95): 100%|██████████| 15/15 [00:06<00:00,  2.38it/s]
                   all        230        243      0.962      0.926      0.958      0.802

      Epoch    GPU_mem   box_loss   cls_loss   dfl_loss  Instances       Size
     67/100      9.52G     0.9068     0.5179      1.201          3        640: 100%|██████████| 56/56 [00:36<00:00,  1.55it/s]
                 Class     Images  Instances      Box(P          R      mAP50  mAP50-95): 100%|██████████| 15/15 [00:06<00:00,  2.38it/s]
                   all        230        243      0.978      0.928      0.952       0.79

      Epoch    GPU_mem   box_loss   cls_loss   dfl_loss  Instances       Size
     68/100      9.59G     0.8663     0.4822      1.206          4        640: 100%|██████████| 56/56 [00:35<00:00,  1.56it/s]
                 Class     Images  Instances      Box(P          R      mAP50  mAP50-95): 100%|██████████| 15/15 [00:06<00:00,  2.38it/s]
                   all        230        243      0.987      0.927      0.963      0.801

      Epoch    GPU_mem   box_loss   cls_loss   dfl_loss  Instances       Size
     69/100      9.52G     0.9406     0.5124       1.21          2        640: 100%|██████████| 56/56 [00:35<00:00,  1.56it/s]
                 Class     Images  Instances      Box(P          R      mAP50  mAP50-95): 100%|██████████| 15/15 [00:06<00:00,  2.38it/s]
                   all        230        243      0.983      0.929      0.962      0.797

      Epoch    GPU_mem   box_loss   cls_loss   dfl_loss  Instances       Size
     70/100      9.58G     0.8453      0.501      1.206          5        640: 100%|██████████| 56/56 [00:35<00:00,  1.56it/s]
                 Class     Images  Instances      Box(P          R      mAP50  mAP50-95): 100%|██████████| 15/15 [00:06<00:00,  2.38it/s]
                   all        230        243      0.954      0.939       0.96        0.8

      Epoch    GPU_mem   box_loss   cls_loss   dfl_loss  Instances       Size
     71/100      9.61G     0.8643     0.5015      1.214          3        640: 100%|██████████| 56/56 [00:35<00:00,  1.56it/s]
                 Class     Images  Instances      Box(P          R      mAP50  mAP50-95): 100%|██████████| 15/15 [00:06<00:00,  2.39it/s]
                   all        230        243      0.978      0.942      0.963      0.803

      Epoch    GPU_mem   box_loss   cls_loss   dfl_loss  Instances       Size
     72/100      9.52G     0.8414     0.4803      1.203          2        640: 100%|██████████| 56/56 [00:36<00:00,  1.55it/s]
                 Class     Images  Instances      Box(P          R      mAP50  mAP50-95): 100%|██████████| 15/15 [00:06<00:00,  2.38it/s]
                   all        230        243      0.961      0.942      0.959      0.805

      Epoch    GPU_mem   box_loss   cls_loss   dfl_loss  Instances       Size
     73/100      9.52G     0.8568     0.4839      1.188          2        640: 100%|██████████| 56/56 [00:35<00:00,  1.56it/s]
                 Class     Images  Instances      Box(P          R      mAP50  mAP50-95): 100%|██████████| 15/15 [00:06<00:00,  2.38it/s]
                   all        230        243      0.974      0.934      0.959      0.808

      Epoch    GPU_mem   box_loss   cls_loss   dfl_loss  Instances       Size
     74/100      9.52G      0.853     0.4747      1.164          3        640: 100%|██████████| 56/56 [00:36<00:00,  1.56it/s]
                 Class     Images  Instances      Box(P          R      mAP50  mAP50-95): 100%|██████████| 15/15 [00:06<00:00,  2.38it/s]
                   all        230        243      0.981      0.922      0.965      0.815

      Epoch    GPU_mem   box_loss   cls_loss   dfl_loss  Instances       Size
     75/100      9.52G     0.8432       0.48      1.191          3        640: 100%|██████████| 56/56 [00:36<00:00,  1.56it/s]
                 Class     Images  Instances      Box(P          R      mAP50  mAP50-95): 100%|██████████| 15/15 [00:06<00:00,  2.39it/s]
                   all        230        243      0.974      0.932      0.962       0.81

      Epoch    GPU_mem   box_loss   cls_loss   dfl_loss  Instances       Size
     76/100      9.52G     0.8217     0.4524      1.176          4        640: 100%|██████████| 56/56 [00:36<00:00,  1.55it/s]
                 Class     Images  Instances      Box(P          R      mAP50  mAP50-95): 100%|██████████| 15/15 [00:06<00:00,  2.38it/s]
                   all        230        243      0.979      0.944      0.959      0.806

      Epoch    GPU_mem   box_loss   cls_loss   dfl_loss  Instances       Size
     77/100      9.52G     0.8446     0.4631      1.173          2        640: 100%|██████████| 56/56 [00:36<00:00,  1.56it/s]
                 Class     Images  Instances      Box(P          R      mAP50  mAP50-95): 100%|██████████| 15/15 [00:06<00:00,  2.38it/s]
                   all        230        243      0.962      0.934      0.959      0.803

      Epoch    GPU_mem   box_loss   cls_loss   dfl_loss  Instances       Size
     78/100      9.52G     0.8285     0.4611      1.173          4        640: 100%|██████████| 56/56 [00:35<00:00,  1.56it/s]
                 Class     Images  Instances      Box(P          R      mAP50  mAP50-95): 100%|██████████| 15/15 [00:06<00:00,  2.38it/s]
                   all        230        243      0.978      0.934      0.962      0.798

      Epoch    GPU_mem   box_loss   cls_loss   dfl_loss  Instances       Size
     79/100      9.52G     0.8129      0.441       1.15          2        640: 100%|██████████| 56/56 [00:36<00:00,  1.56it/s]
                 Class     Images  Instances      Box(P          R      mAP50  mAP50-95): 100%|██████████| 15/15 [00:06<00:00,  2.38it/s]
                   all        230        243      0.985      0.938      0.964      0.814

      Epoch    GPU_mem   box_loss   cls_loss   dfl_loss  Instances       Size
     80/100      9.52G     0.7925     0.4578      1.147          6        640: 100%|██████████| 56/56 [00:35<00:00,  1.56it/s]
                 Class     Images  Instances      Box(P          R      mAP50  mAP50-95): 100%|██████████| 15/15 [00:06<00:00,  2.38it/s]
                   all        230        243      0.983      0.934      0.961      0.808

      Epoch    GPU_mem   box_loss   cls_loss   dfl_loss  Instances       Size
     81/100       9.6G      0.772     0.4399      1.166          4        640: 100%|██████████| 56/56 [00:35<00:00,  1.56it/s]
                 Class     Images  Instances      Box(P          R      mAP50  mAP50-95): 100%|██████████| 15/15 [00:06<00:00,  2.38it/s]
                   all        230        243      0.967      0.934       0.96      0.809

      Epoch    GPU_mem   box_loss   cls_loss   dfl_loss  Instances       Size
     82/100      9.58G     0.8168     0.4495      1.139          7        640: 100%|██████████| 56/56 [00:35<00:00,  1.56it/s]
                 Class     Images  Instances      Box(P          R      mAP50  mAP50-95): 100%|██████████| 15/15 [00:06<00:00,  2.38it/s]
                   all        230        243      0.962      0.947      0.957      0.799

      Epoch    GPU_mem   box_loss   cls_loss   dfl_loss  Instances       Size
     83/100      9.36G     0.8034     0.4368      1.148          5        640: 100%|██████████| 56/56 [00:35<00:00,  1.56it/s]
                 Class     Images  Instances      Box(P          R      mAP50  mAP50-95): 100%|██████████| 15/15 [00:06<00:00,  2.38it/s]
                   all        230        243      0.968      0.942       0.96      0.815

      Epoch    GPU_mem   box_loss   cls_loss   dfl_loss  Instances       Size
     84/100      9.59G     0.7881     0.4244      1.139          1        640: 100%|██████████| 56/56 [00:35<00:00,  1.56it/s]
                 Class     Images  Instances      Box(P          R      mAP50  mAP50-95): 100%|██████████| 15/15 [00:06<00:00,  2.38it/s]
                   all        230        243      0.979      0.941      0.964      0.816

      Epoch    GPU_mem   box_loss   cls_loss   dfl_loss  Instances       Size
     85/100      9.52G     0.7739     0.4314       1.13          7        640: 100%|██████████| 56/56 [00:35<00:00,  1.56it/s]
                 Class     Images  Instances      Box(P          R      mAP50  mAP50-95): 100%|██████████| 15/15 [00:06<00:00,  2.39it/s]
                   all        230        243      0.979      0.937       0.96       0.81

      Epoch    GPU_mem   box_loss   cls_loss   dfl_loss  Instances       Size
     86/100      9.59G      0.771     0.4303      1.138          5        640: 100%|██████████| 56/56 [00:35<00:00,  1.56it/s]
                 Class     Images  Instances      Box(P          R      mAP50  mAP50-95): 100%|██████████| 15/15 [00:06<00:00,  2.38it/s]
                   all        230        243      0.976      0.942      0.966       0.81

      Epoch    GPU_mem   box_loss   cls_loss   dfl_loss  Instances       Size
     87/100      9.59G     0.7725      0.434      1.168          1        640: 100%|██████████| 56/56 [00:35<00:00,  1.56it/s]
                 Class     Images  Instances      Box(P          R      mAP50  mAP50-95): 100%|██████████| 15/15 [00:06<00:00,  2.39it/s]
                   all        230        243      0.981      0.938      0.963      0.815

      Epoch    GPU_mem   box_loss   cls_loss   dfl_loss  Instances       Size
     88/100      9.59G     0.7953     0.4483      1.143          3        640: 100%|██████████| 56/56 [00:35<00:00,  1.56it/s]
                 Class     Images  Instances      Box(P          R      mAP50  mAP50-95): 100%|██████████| 15/15 [00:06<00:00,  2.38it/s]
                   all        230        243      0.979      0.942      0.963       0.81

      Epoch    GPU_mem   box_loss   cls_loss   dfl_loss  Instances       Size
     89/100      9.52G      0.828      0.443      1.142          3        640: 100%|██████████| 56/56 [00:35<00:00,  1.56it/s]
                 Class     Images  Instances      Box(P          R      mAP50  mAP50-95): 100%|██████████| 15/15 [00:06<00:00,  2.38it/s]
                   all        230        243      0.969      0.938      0.965      0.825

      Epoch    GPU_mem   box_loss   cls_loss   dfl_loss  Instances       Size
     90/100      9.59G     0.8136     0.4404      1.119          2        640: 100%|██████████| 56/56 [00:35<00:00,  1.56it/s]
                 Class     Images  Instances      Box(P          R      mAP50  mAP50-95): 100%|██████████| 15/15 [00:06<00:00,  2.38it/s]
                   all        230        243      0.983      0.934      0.964       0.82
Closing dataloader mosaic

      Epoch    GPU_mem   box_loss   cls_loss   dfl_loss  Instances       Size
     91/100      9.53G     0.7853     0.4071      1.105          2        640: 100%|██████████| 56/56 [00:35<00:00,  1.57it/s]
                 Class     Images  Instances      Box(P          R      mAP50  mAP50-95): 100%|██████████| 15/15 [00:06<00:00,  2.38it/s]
                   all        230        243       0.97      0.943      0.964      0.824

      Epoch    GPU_mem   box_loss   cls_loss   dfl_loss  Instances       Size
     92/100      9.52G     0.7637      0.386      1.102          2        640: 100%|██████████| 56/56 [00:35<00:00,  1.57it/s]
                 Class     Images  Instances      Box(P          R      mAP50  mAP50-95): 100%|██████████| 15/15 [00:06<00:00,  2.38it/s]
                   all        230        243      0.978      0.934      0.965      0.819

      Epoch    GPU_mem   box_loss   cls_loss   dfl_loss  Instances       Size
     93/100      9.52G     0.7366     0.3614      1.078          2        640: 100%|██████████| 56/56 [00:35<00:00,  1.57it/s]
                 Class     Images  Instances      Box(P          R      mAP50  mAP50-95): 100%|██████████| 15/15 [00:06<00:00,  2.38it/s]
                   all        230        243      0.982      0.942      0.965      0.827

      Epoch    GPU_mem   box_loss   cls_loss   dfl_loss  Instances       Size
     94/100      9.52G     0.7239     0.3755      1.077          2        640: 100%|██████████| 56/56 [00:35<00:00,  1.57it/s]
                 Class     Images  Instances      Box(P          R      mAP50  mAP50-95): 100%|██████████| 15/15 [00:06<00:00,  2.38it/s]
                   all        230        243      0.979      0.945      0.965      0.818

      Epoch    GPU_mem   box_loss   cls_loss   dfl_loss  Instances       Size
     95/100      9.52G     0.7553     0.3707       1.09          2        640: 100%|██████████| 56/56 [00:35<00:00,  1.58it/s]
                 Class     Images  Instances      Box(P          R      mAP50  mAP50-95): 100%|██████████| 15/15 [00:06<00:00,  2.38it/s]
                   all        230        243      0.976      0.951      0.964      0.822

      Epoch    GPU_mem   box_loss   cls_loss   dfl_loss  Instances       Size
     96/100      9.53G     0.7808     0.3712      1.064          2        640: 100%|██████████| 56/56 [00:35<00:00,  1.57it/s]
                 Class     Images  Instances      Box(P          R      mAP50  mAP50-95): 100%|██████████| 15/15 [00:06<00:00,  2.38it/s]
                   all        230        243      0.983      0.944      0.967      0.829

      Epoch    GPU_mem   box_loss   cls_loss   dfl_loss  Instances       Size
     97/100      9.52G      0.708     0.3552      1.061          2        640: 100%|██████████| 56/56 [00:35<00:00,  1.57it/s]
                 Class     Images  Instances      Box(P          R      mAP50  mAP50-95): 100%|██████████| 15/15 [00:06<00:00,  2.38it/s]
                   all        230        243      0.983      0.951      0.968      0.827

      Epoch    GPU_mem   box_loss   cls_loss   dfl_loss  Instances       Size
     98/100      9.52G     0.7151     0.3654      1.058          1        640: 100%|██████████| 56/56 [00:35<00:00,  1.57it/s]
                 Class     Images  Instances      Box(P          R      mAP50  mAP50-95): 100%|██████████| 15/15 [00:06<00:00,  2.38it/s]
                   all        230        243      0.974      0.951      0.968      0.831

      Epoch    GPU_mem   box_loss   cls_loss   dfl_loss  Instances       Size
     99/100      9.52G     0.7668     0.3561      1.087          2        640: 100%|██████████| 56/56 [00:35<00:00,  1.57it/s]
                 Class     Images  Instances      Box(P          R      mAP50  mAP50-95): 100%|██████████| 15/15 [00:06<00:00,  2.38it/s]
                   all        230        243      0.974      0.951      0.967      0.829

      Epoch    GPU_mem   box_loss   cls_loss   dfl_loss  Instances       Size
    100/100      9.52G     0.7331     0.3597       1.07          2        640: 100%|██████████| 56/56 [00:35<00:00,  1.57it/s]
                 Class     Images  Instances      Box(P          R      mAP50  mAP50-95): 100%|██████████| 15/15 [00:06<00:00,  2.38it/s]
                   all        230        243      0.973      0.951      0.967      0.828

100 epochs completed in 1.200 hours.
Optimizer stripped from .yolo-out-lpd2/yolo11a-lpd2-1/weights/last.pt, 27.5MB
Optimizer stripped from .yolo-out-lpd2/yolo11a-lpd2-1/weights/best.pt, 27.5MB

Validating .yolo-out-lpd2/yolo11a-lpd2-1/weights/best.pt...
Ultralytics 8.3.150 🚀 Python-3.13.2 torch-2.6.0+cu118 CUDA:0 (Tesla T4, 14913MiB)
                                                       CUDA:1 (Tesla T4, 14913MiB)
model summary (fused): 125 layers, 13,118,355 parameters, 0 gradients, 91.7 GFLOPs
                 Class     Images  Instances      Box(P          R      mAP50  mAP50-95): 100%|██████████| 15/15 [00:05<00:00,  2.59it/s]
                   all        230        243      0.974      0.951      0.968       0.83
Speed: 0.2ms preprocess, 22.2ms inference, 0.0ms loss, 0.8ms postprocess per image
Results saved to .yolo-out-lpd2/yolo11a-lpd2-1
