Overriding model.yaml nc=80 with nc=1
Freezing layer 'model.23.dfl.conv.weight'
AMP: running Automatic Mixed Precision (AMP) checks...
AMP: checks passed ✅
train: Fast image access ✅ (ping: 0.0±0.0 ms, read: 1476.7±491.5 MB/s, size: 67.0 KB)
train: Scanning /data2/jd1/datasets/medical-pills/labels/train.cache... 92 images, 0 backgrounds, 0 corrupt
val: Fast image access ✅ (ping: 0.0±0.0 ms, read: 1124.5±679.9 MB/s, size: 75.9 KB)
val: Scanning /data2/jd1/datasets/medical-pills/labels/val.cache... 23 images, 0 backgrounds, 0 corrupt: 10
Plotting labels to .yolo-out-mp/yolo11-mp-2/labels.jpg...
optimizer: 'optimizer=auto' found, ignoring 'lr0=0.01' and 'momentum=0.937' and determining best 'optimizer', 'lr0' and 'momentum' automatically...
optimizer: AdamW(lr=0.002, momentum=0.9) with parameter groups 106 weight(decay=0.0), 113 weight(decay=0.0005), 112 bias(decay=0.0)
Image sizes 640 train, 640 val
Using 16 dataloader workers
Logging results to .yolo-out-mp/yolo11-mp-2
Starting training for 100 epochs...

      Epoch    GPU_mem   box_loss   cls_loss   dfl_loss  Instances       Size
      1/100      4.22G      5.914      3.713      4.261        295        640: 100%|██████████| 6/6 [00:02<
                 Class     Images  Instances      Box(P          R      mAP50  mAP50-95): 100%|██████████|
                   all         23        399          0          0          0          0

      Epoch    GPU_mem   box_loss   cls_loss   dfl_loss  Instances       Size
      2/100      4.38G      5.197      3.383      4.167        275        640: 100%|██████████| 6/6 [00:02<
                 Class     Images  Instances      Box(P          R      mAP50  mAP50-95): 100%|██████████|
                   all         23        399          0          0          0          0

      Epoch    GPU_mem   box_loss   cls_loss   dfl_loss  Instances       Size
      3/100      4.42G      3.403      2.075      3.678        173        640: 100%|██████████| 6/6 [00:01<
                 Class     Images  Instances      Box(P          R      mAP50  mAP50-95): 100%|██████████|
                   all         23        399          0          0          0          0

      Epoch    GPU_mem   box_loss   cls_loss   dfl_loss  Instances       Size
      4/100      4.45G      2.415      1.403      3.197        198        640: 100%|██████████| 6/6 [00:01<
                 Class     Images  Instances      Box(P          R      mAP50  mAP50-95): 100%|██████████|
                   all         23        399          0          0          0          0

      Epoch    GPU_mem   box_loss   cls_loss   dfl_loss  Instances       Size
      5/100      4.57G      2.093       1.17      2.935        213        640: 100%|██████████| 6/6 [00:01<
                 Class     Images  Instances      Box(P          R      mAP50  mAP50-95): 100%|██████████|
                   all         23        399          0          0          0          0

      Epoch    GPU_mem   box_loss   cls_loss   dfl_loss  Instances       Size
      6/100      4.71G      2.114      1.141      2.743        216        640: 100%|██████████| 6/6 [00:01<
                 Class     Images  Instances      Box(P          R      mAP50  mAP50-95): 100%|██████████|
                   all         23        399          0          0          0          0

      Epoch    GPU_mem   box_loss   cls_loss   dfl_loss  Instances       Size
      7/100      4.78G      2.047       1.13      2.539        259        640: 100%|██████████| 6/6 [00:01<
                 Class     Images  Instances      Box(P          R      mAP50  mAP50-95): 100%|██████████|
                   all         23        399          0          0          0          0

      Epoch    GPU_mem   box_loss   cls_loss   dfl_loss  Instances       Size
      8/100      4.91G      1.912      1.085       2.42        172        640: 100%|██████████| 6/6 [00:01<
                 Class     Images  Instances      Box(P          R      mAP50  mAP50-95): 100%|██████████|
                   all         23        399          0          0          0          0

      Epoch    GPU_mem   box_loss   cls_loss   dfl_loss  Instances       Size
      9/100      5.04G      1.784     0.9423      2.131        220        640: 100%|██████████| 6/6 [00:02<
                 Class     Images  Instances      Box(P          R      mAP50  mAP50-95): 100%|██████████|
                   all         23        399          0          0          0          0

      Epoch    GPU_mem   box_loss   cls_loss   dfl_loss  Instances       Size
     10/100      5.04G      1.711     0.9425       2.04        232        640: 100%|██████████| 6/6 [00:01<
                 Class     Images  Instances      Box(P          R      mAP50  mAP50-95): 100%|██████████|
                   all         23        399          0          0          0          0

      Epoch    GPU_mem   box_loss   cls_loss   dfl_loss  Instances       Size
     11/100      5.04G      1.727     0.8947      1.922        179        640: 100%|██████████| 6/6 [00:01<
                 Class     Images  Instances      Box(P          R      mAP50  mAP50-95): 100%|██████████|
                   all         23        399          0          0          0          0

      Epoch    GPU_mem   box_loss   cls_loss   dfl_loss  Instances       Size
     12/100      5.04G      1.659     0.9251      1.942        195        640: 100%|██████████| 6/6 [00:01<
                 Class     Images  Instances      Box(P          R      mAP50  mAP50-95): 100%|██████████|
                   all         23        399          0          0          0          0

      Epoch    GPU_mem   box_loss   cls_loss   dfl_loss  Instances       Size
     13/100      5.04G      1.937     0.9235      1.907        178        640: 100%|██████████| 6/6 [00:01<
                 Class     Images  Instances      Box(P          R      mAP50  mAP50-95): 100%|██████████|
                   all         23        399          0          0          0          0

      Epoch    GPU_mem   box_loss   cls_loss   dfl_loss  Instances       Size
     14/100      5.04G      1.926      1.042      2.016        241        640: 100%|██████████| 6/6 [00:01<
                 Class     Images  Instances      Box(P          R      mAP50  mAP50-95): 100%|██████████|
                   all         23        399          0          0          0          0

      Epoch    GPU_mem   box_loss   cls_loss   dfl_loss  Instances       Size
     15/100      5.04G      1.771     0.9822      1.835        194        640: 100%|██████████| 6/6 [00:01<
                 Class     Images  Instances      Box(P          R      mAP50  mAP50-95): 100%|██████████|
                   all         23        399      0.106      0.496     0.0978     0.0211

      Epoch    GPU_mem   box_loss   cls_loss   dfl_loss  Instances       Size
     16/100      5.04G      1.859     0.9497      1.846        230        640: 100%|██████████| 6/6 [00:01<
                 Class     Images  Instances      Box(P          R      mAP50  mAP50-95): 100%|██████████|
                   all         23        399      0.163      0.817      0.182      0.081

      Epoch    GPU_mem   box_loss   cls_loss   dfl_loss  Instances       Size
     17/100      5.04G      1.686     0.8685      1.688        291        640: 100%|██████████| 6/6 [00:01<
                 Class     Images  Instances      Box(P          R      mAP50  mAP50-95): 100%|██████████|
                   all         23        399      0.112       0.91      0.357      0.109

      Epoch    GPU_mem   box_loss   cls_loss   dfl_loss  Instances       Size
     18/100      5.04G      1.648     0.8458      1.695        188        640: 100%|██████████| 6/6 [00:01<
                 Class     Images  Instances      Box(P          R      mAP50  mAP50-95): 100%|██████████|
                   all         23        399      0.944      0.895       0.94      0.407

      Epoch    GPU_mem   box_loss   cls_loss   dfl_loss  Instances       Size
     19/100      5.04G      1.664     0.8909      1.689        230        640: 100%|██████████| 6/6 [00:01<
                 Class     Images  Instances      Box(P          R      mAP50  mAP50-95): 100%|██████████|
                   all         23        399      0.986      0.722      0.921      0.341

      Epoch    GPU_mem   box_loss   cls_loss   dfl_loss  Instances       Size
     20/100      5.04G      1.547     0.8304      1.598        201        640: 100%|██████████| 6/6 [00:01<
                 Class     Images  Instances      Box(P          R      mAP50  mAP50-95): 100%|██████████|
                   all         23        399      0.971      0.844      0.948      0.495

      Epoch    GPU_mem   box_loss   cls_loss   dfl_loss  Instances       Size
     21/100      5.04G      1.612     0.8149      1.694        258        640: 100%|██████████| 6/6 [00:01<
                 Class     Images  Instances      Box(P          R      mAP50  mAP50-95): 100%|██████████|
                   all         23        399      0.942      0.816      0.901      0.442

      Epoch    GPU_mem   box_loss   cls_loss   dfl_loss  Instances       Size
     22/100      5.04G      1.618     0.8172      1.673        197        640: 100%|██████████| 6/6 [00:01<
                 Class     Images  Instances      Box(P          R      mAP50  mAP50-95): 100%|██████████|
                   all         23        399      0.907      0.694      0.845      0.272

      Epoch    GPU_mem   box_loss   cls_loss   dfl_loss  Instances       Size
     23/100      5.04G      1.552     0.8159      1.654        206        640: 100%|██████████| 6/6 [00:01<
                 Class     Images  Instances      Box(P          R      mAP50  mAP50-95): 100%|██████████|
                   all         23        399      0.929      0.872      0.941      0.495

      Epoch    GPU_mem   box_loss   cls_loss   dfl_loss  Instances       Size
     24/100      5.04G      1.505     0.7614      1.579        156        640: 100%|██████████| 6/6 [00:01<
                 Class     Images  Instances      Box(P          R      mAP50  mAP50-95): 100%|██████████|
                   all         23        399      0.933      0.902      0.943      0.423

      Epoch    GPU_mem   box_loss   cls_loss   dfl_loss  Instances       Size
     25/100      5.04G      1.658     0.7907      1.605        201        640: 100%|██████████| 6/6 [00:01<
                 Class     Images  Instances      Box(P          R      mAP50  mAP50-95): 100%|██████████|
                   all         23        399      0.943      0.902       0.95      0.475

      Epoch    GPU_mem   box_loss   cls_loss   dfl_loss  Instances       Size
     26/100      5.04G       1.43     0.7142       1.52        195        640: 100%|██████████| 6/6 [00:01<
                 Class     Images  Instances      Box(P          R      mAP50  mAP50-95): 100%|██████████|
                   all         23        399      0.969      0.941      0.974      0.609

      Epoch    GPU_mem   box_loss   cls_loss   dfl_loss  Instances       Size
     27/100      5.04G      1.375     0.7066      1.487        206        640: 100%|██████████| 6/6 [00:01<
                 Class     Images  Instances      Box(P          R      mAP50  mAP50-95): 100%|██████████|
                   all         23        399      0.973       0.94      0.975      0.603

      Epoch    GPU_mem   box_loss   cls_loss   dfl_loss  Instances       Size
     28/100      5.04G      1.349     0.6921      1.474        149        640: 100%|██████████| 6/6 [00:01<
                 Class     Images  Instances      Box(P          R      mAP50  mAP50-95): 100%|██████████|
                   all         23        399      0.968       0.96      0.982      0.646

      Epoch    GPU_mem   box_loss   cls_loss   dfl_loss  Instances       Size
     29/100      5.04G      1.379     0.7109      1.513        147        640: 100%|██████████| 6/6 [00:01<
                 Class     Images  Instances      Box(P          R      mAP50  mAP50-95): 100%|██████████|
                   all         23        399      0.984      0.934      0.973      0.633

      Epoch    GPU_mem   box_loss   cls_loss   dfl_loss  Instances       Size
     30/100      5.04G      1.373      0.697       1.49        258        640: 100%|██████████| 6/6 [00:01<
                 Class     Images  Instances      Box(P          R      mAP50  mAP50-95): 100%|██████████|
                   all         23        399      0.975      0.935      0.977      0.629

      Epoch    GPU_mem   box_loss   cls_loss   dfl_loss  Instances       Size
     31/100      5.04G      1.279     0.6415      1.419        234        640: 100%|██████████| 6/6 [00:01<
                 Class     Images  Instances      Box(P          R      mAP50  mAP50-95): 100%|██████████|
                   all         23        399      0.977      0.949      0.982      0.689

      Epoch    GPU_mem   box_loss   cls_loss   dfl_loss  Instances       Size
     32/100      5.04G      1.251     0.6118      1.359        158        640: 100%|██████████| 6/6 [00:01<
                 Class     Images  Instances      Box(P          R      mAP50  mAP50-95): 100%|██████████|
                   all         23        399      0.984      0.945      0.989      0.657

      Epoch    GPU_mem   box_loss   cls_loss   dfl_loss  Instances       Size
     33/100      5.04G      1.281     0.6398      1.373        266        640: 100%|██████████| 6/6 [00:01<
                 Class     Images  Instances      Box(P          R      mAP50  mAP50-95): 100%|██████████|
                   all         23        399      0.972      0.943      0.981      0.581

      Epoch    GPU_mem   box_loss   cls_loss   dfl_loss  Instances       Size
     34/100      5.04G      1.342     0.6505      1.457        134        640: 100%|██████████| 6/6 [00:01<
                 Class     Images  Instances      Box(P          R      mAP50  mAP50-95): 100%|██████████|
                   all         23        399      0.958      0.972       0.99      0.686

      Epoch    GPU_mem   box_loss   cls_loss   dfl_loss  Instances       Size
     35/100      5.04G      1.205     0.6078      1.355        180        640: 100%|██████████| 6/6 [00:01<
                 Class     Images  Instances      Box(P          R      mAP50  mAP50-95): 100%|██████████|
                   all         23        399      0.963       0.97      0.991      0.717

      Epoch    GPU_mem   box_loss   cls_loss   dfl_loss  Instances       Size
     36/100      5.04G      1.197     0.5867      1.309        189        640: 100%|██████████| 6/6 [00:01<
                 Class     Images  Instances      Box(P          R      mAP50  mAP50-95): 100%|██████████|
                   all         23        399      0.969      0.975      0.991      0.724

      Epoch    GPU_mem   box_loss   cls_loss   dfl_loss  Instances       Size
     37/100      5.04G      1.235     0.5984      1.323        233        640: 100%|██████████| 6/6 [00:01<
                 Class     Images  Instances      Box(P          R      mAP50  mAP50-95): 100%|██████████|
                   all         23        399       0.97      0.975      0.991      0.669

      Epoch    GPU_mem   box_loss   cls_loss   dfl_loss  Instances       Size
     38/100      5.04G      1.206     0.6006      1.333        147        640: 100%|██████████| 6/6 [00:02<
                 Class     Images  Instances      Box(P          R      mAP50  mAP50-95): 100%|██████████|
                   all         23        399      0.981      0.965      0.991      0.706

      Epoch    GPU_mem   box_loss   cls_loss   dfl_loss  Instances       Size
     39/100      5.04G      1.237     0.6081      1.354        193        640: 100%|██████████| 6/6 [00:01<
                 Class     Images  Instances      Box(P          R      mAP50  mAP50-95): 100%|██████████|
                   all         23        399      0.982      0.972      0.991      0.705

      Epoch    GPU_mem   box_loss   cls_loss   dfl_loss  Instances       Size
     40/100      5.04G      1.266     0.6053      1.366        212        640: 100%|██████████| 6/6 [00:01<
                 Class     Images  Instances      Box(P          R      mAP50  mAP50-95): 100%|██████████|
                   all         23        399      0.963      0.984      0.991      0.712

      Epoch    GPU_mem   box_loss   cls_loss   dfl_loss  Instances       Size
     41/100      5.04G      1.286     0.6065      1.332        229        640: 100%|██████████| 6/6 [00:01<
                 Class     Images  Instances      Box(P          R      mAP50  mAP50-95): 100%|██████████|
                   all         23        399      0.977      0.969      0.991      0.693

      Epoch    GPU_mem   box_loss   cls_loss   dfl_loss  Instances       Size
     42/100      5.04G      1.305     0.6297      1.443        161        640: 100%|██████████| 6/6 [00:01<
                 Class     Images  Instances      Box(P          R      mAP50  mAP50-95): 100%|██████████|
                   all         23        399      0.976       0.95       0.99      0.687

      Epoch    GPU_mem   box_loss   cls_loss   dfl_loss  Instances       Size
     43/100      5.04G      1.183     0.5708      1.282        198        640: 100%|██████████| 6/6 [00:01<
                 Class     Images  Instances      Box(P          R      mAP50  mAP50-95): 100%|██████████|
                   all         23        399       0.97       0.97      0.992      0.625

      Epoch    GPU_mem   box_loss   cls_loss   dfl_loss  Instances       Size
     44/100      5.04G      1.232     0.5906        1.3        179        640: 100%|██████████| 6/6 [00:01<
                 Class     Images  Instances      Box(P          R      mAP50  mAP50-95): 100%|██████████|
                   all         23        399      0.962       0.98      0.991      0.681

      Epoch    GPU_mem   box_loss   cls_loss   dfl_loss  Instances       Size
     45/100      5.04G      1.194     0.5702      1.272        222        640: 100%|██████████| 6/6 [00:01<
                 Class     Images  Instances      Box(P          R      mAP50  mAP50-95): 100%|██████████|
                   all         23        399      0.959      0.987      0.991      0.689

      Epoch    GPU_mem   box_loss   cls_loss   dfl_loss  Instances       Size
     46/100      5.04G      1.154     0.5586      1.253        163        640: 100%|██████████| 6/6 [00:01<
                 Class     Images  Instances      Box(P          R      mAP50  mAP50-95): 100%|██████████|
                   all         23        399      0.966      0.985      0.991      0.722

      Epoch    GPU_mem   box_loss   cls_loss   dfl_loss  Instances       Size
     47/100      5.04G      1.194     0.5639      1.303        174        640: 100%|██████████| 6/6 [00:01<
                 Class     Images  Instances      Box(P          R      mAP50  mAP50-95): 100%|██████████|
                   all         23        399       0.97      0.985      0.991      0.732

      Epoch    GPU_mem   box_loss   cls_loss   dfl_loss  Instances       Size
     48/100      5.04G      1.146     0.5634      1.267        125        640: 100%|██████████| 6/6 [00:01<
                 Class     Images  Instances      Box(P          R      mAP50  mAP50-95): 100%|██████████|
                   all         23        399      0.977      0.969      0.991      0.712

      Epoch    GPU_mem   box_loss   cls_loss   dfl_loss  Instances       Size
     49/100      5.04G      1.116     0.5464      1.255        207        640: 100%|██████████| 6/6 [00:01<
                 Class     Images  Instances      Box(P          R      mAP50  mAP50-95): 100%|██████████|
                   all         23        399      0.978       0.97      0.991      0.726

      Epoch    GPU_mem   box_loss   cls_loss   dfl_loss  Instances       Size
     50/100      5.04G      1.133     0.5317      1.211        188        640: 100%|██████████| 6/6 [00:01<
                 Class     Images  Instances      Box(P          R      mAP50  mAP50-95): 100%|██████████|
                   all         23        399       0.96      0.985      0.991      0.722

      Epoch    GPU_mem   box_loss   cls_loss   dfl_loss  Instances       Size
     51/100      5.04G      1.081     0.5282      1.195        188        640: 100%|██████████| 6/6 [00:01<
                 Class     Images  Instances      Box(P          R      mAP50  mAP50-95): 100%|██████████|
                   all         23        399      0.977      0.978      0.992      0.742

      Epoch    GPU_mem   box_loss   cls_loss   dfl_loss  Instances       Size
     52/100      5.04G      1.049     0.5425      1.226        204        640: 100%|██████████| 6/6 [00:01<
                 Class     Images  Instances      Box(P          R      mAP50  mAP50-95): 100%|██████████|
                   all         23        399       0.98      0.972      0.992      0.741

      Epoch    GPU_mem   box_loss   cls_loss   dfl_loss  Instances       Size
     53/100      5.04G      1.056     0.5295      1.221        280        640: 100%|██████████| 6/6 [00:01<
                 Class     Images  Instances      Box(P          R      mAP50  mAP50-95): 100%|██████████|
                   all         23        399      0.974      0.987      0.992      0.748

      Epoch    GPU_mem   box_loss   cls_loss   dfl_loss  Instances       Size
     54/100      5.04G      1.032     0.5102      1.189        149        640: 100%|██████████| 6/6 [00:02<
                 Class     Images  Instances      Box(P          R      mAP50  mAP50-95): 100%|██████████|
                   all         23        399      0.971      0.992      0.993      0.744

      Epoch    GPU_mem   box_loss   cls_loss   dfl_loss  Instances       Size
     55/100      5.04G      1.031     0.4974      1.169        231        640: 100%|██████████| 6/6 [00:01<
                 Class     Images  Instances      Box(P          R      mAP50  mAP50-95): 100%|██████████|
                   all         23        399      0.967       0.99      0.992      0.749

      Epoch    GPU_mem   box_loss   cls_loss   dfl_loss  Instances       Size
     56/100      5.04G      1.044     0.5177      1.218        280        640: 100%|██████████| 6/6 [00:01<
                 Class     Images  Instances      Box(P          R      mAP50  mAP50-95): 100%|██████████|
                   all         23        399      0.961      0.989      0.992      0.755

      Epoch    GPU_mem   box_loss   cls_loss   dfl_loss  Instances       Size
     57/100      5.04G      1.029     0.5028      1.194        243        640: 100%|██████████| 6/6 [00:01<
                 Class     Images  Instances      Box(P          R      mAP50  mAP50-95): 100%|██████████|
                   all         23        399      0.982      0.976      0.992      0.761

      Epoch    GPU_mem   box_loss   cls_loss   dfl_loss  Instances       Size
     58/100      5.04G      1.031     0.5178      1.191        163        640: 100%|██████████| 6/6 [00:01<
                 Class     Images  Instances      Box(P          R      mAP50  mAP50-95): 100%|██████████|
                   all         23        399      0.968      0.982      0.991       0.76

      Epoch    GPU_mem   box_loss   cls_loss   dfl_loss  Instances       Size
     59/100      5.04G     0.9941     0.4912      1.163        151        640: 100%|██████████| 6/6 [00:01<
                 Class     Images  Instances      Box(P          R      mAP50  mAP50-95): 100%|██████████|
                   all         23        399      0.973      0.984      0.992      0.748

      Epoch    GPU_mem   box_loss   cls_loss   dfl_loss  Instances       Size
     60/100      5.04G      1.034     0.4879      1.158        237        640: 100%|██████████| 6/6 [00:01<
                 Class     Images  Instances      Box(P          R      mAP50  mAP50-95): 100%|██████████|
                   all         23        399      0.983      0.972      0.992      0.766

      Epoch    GPU_mem   box_loss   cls_loss   dfl_loss  Instances       Size
     61/100      5.04G      1.023     0.5071      1.182        263        640: 100%|██████████| 6/6 [00:01<
                 Class     Images  Instances      Box(P          R      mAP50  mAP50-95): 100%|██████████|
                   all         23        399       0.98      0.978      0.992      0.763

      Epoch    GPU_mem   box_loss   cls_loss   dfl_loss  Instances       Size
     62/100      5.04G     0.9923     0.4878      1.171        221        640: 100%|██████████| 6/6 [00:01<
                 Class     Images  Instances      Box(P          R      mAP50  mAP50-95): 100%|██████████|
                   all         23        399      0.983      0.985      0.992      0.764

      Epoch    GPU_mem   box_loss   cls_loss   dfl_loss  Instances       Size
     63/100      5.04G     0.9928     0.4908      1.174        134        640: 100%|██████████| 6/6 [00:01<
                 Class     Images  Instances      Box(P          R      mAP50  mAP50-95): 100%|██████████|
                   all         23        399      0.987      0.985      0.992      0.765

      Epoch    GPU_mem   box_loss   cls_loss   dfl_loss  Instances       Size
     64/100      5.04G       1.02     0.4957      1.188        195        640: 100%|██████████| 6/6 [00:01<
                 Class     Images  Instances      Box(P          R      mAP50  mAP50-95): 100%|██████████|
                   all         23        399      0.981       0.98      0.992      0.747

      Epoch    GPU_mem   box_loss   cls_loss   dfl_loss  Instances       Size
     65/100      5.04G     0.9992     0.4848      1.147        197        640: 100%|██████████| 6/6 [00:01<
                 Class     Images  Instances      Box(P          R      mAP50  mAP50-95): 100%|██████████|
                   all         23        399      0.982      0.976      0.993      0.757

      Epoch    GPU_mem   box_loss   cls_loss   dfl_loss  Instances       Size
     66/100      5.04G     0.9554     0.4874      1.182        148        640: 100%|██████████| 6/6 [00:01<
                 Class     Images  Instances      Box(P          R      mAP50  mAP50-95): 100%|██████████|
                   all         23        399      0.982      0.982      0.992      0.771

      Epoch    GPU_mem   box_loss   cls_loss   dfl_loss  Instances       Size
     67/100      5.04G     0.9726     0.4719      1.151        250        640: 100%|██████████| 6/6 [00:01<
                 Class     Images  Instances      Box(P          R      mAP50  mAP50-95): 100%|██████████|
                   all         23        399      0.981      0.985      0.993      0.772

      Epoch    GPU_mem   box_loss   cls_loss   dfl_loss  Instances       Size
     68/100      5.04G     0.9634      0.474      1.133        126        640: 100%|██████████| 6/6 [00:01<
                 Class     Images  Instances      Box(P          R      mAP50  mAP50-95): 100%|██████████|
                   all         23        399      0.971      0.992      0.993      0.766

      Epoch    GPU_mem   box_loss   cls_loss   dfl_loss  Instances       Size
     69/100      5.04G     0.9659     0.4656       1.13        225        640: 100%|██████████| 6/6 [00:01<
                 Class     Images  Instances      Box(P          R      mAP50  mAP50-95): 100%|██████████|
                   all         23        399      0.972       0.99      0.993      0.755

      Epoch    GPU_mem   box_loss   cls_loss   dfl_loss  Instances       Size
     70/100      5.04G     0.9812     0.4801      1.164        133        640: 100%|██████████| 6/6 [00:01<
                 Class     Images  Instances      Box(P          R      mAP50  mAP50-95): 100%|██████████|
                   all         23        399      0.978       0.99      0.993      0.769

      Epoch    GPU_mem   box_loss   cls_loss   dfl_loss  Instances       Size
     71/100      5.04G     0.9838     0.4788      1.137        239        640: 100%|██████████| 6/6 [00:01<
                 Class     Images  Instances      Box(P          R      mAP50  mAP50-95): 100%|██████████|
                   all         23        399       0.98      0.992      0.994       0.77

      Epoch    GPU_mem   box_loss   cls_loss   dfl_loss  Instances       Size
     72/100      5.04G      0.977     0.4761      1.145        175        640: 100%|██████████| 6/6 [00:01<
                 Class     Images  Instances      Box(P          R      mAP50  mAP50-95): 100%|██████████|
                   all         23        399      0.983      0.988      0.993      0.758

      Epoch    GPU_mem   box_loss   cls_loss   dfl_loss  Instances       Size
     73/100      5.04G     0.9517     0.4669      1.133        205        640: 100%|██████████| 6/6 [00:01<
                 Class     Images  Instances      Box(P          R      mAP50  mAP50-95): 100%|██████████|
                   all         23        399       0.98       0.99      0.993       0.76

      Epoch    GPU_mem   box_loss   cls_loss   dfl_loss  Instances       Size
     74/100      5.04G     0.9268     0.4557      1.127        232        640: 100%|██████████| 6/6 [00:01<
                 Class     Images  Instances      Box(P          R      mAP50  mAP50-95): 100%|██████████|
                   all         23        399      0.971      0.994      0.992      0.768

      Epoch    GPU_mem   box_loss   cls_loss   dfl_loss  Instances       Size
     75/100      5.04G     0.9328      0.446      1.122        193        640: 100%|██████████| 6/6 [00:01<
                 Class     Images  Instances      Box(P          R      mAP50  mAP50-95): 100%|██████████|
                   all         23        399      0.973      0.996      0.992      0.774

      Epoch    GPU_mem   box_loss   cls_loss   dfl_loss  Instances       Size
     76/100      5.04G     0.9342     0.4573      1.142        162        640: 100%|██████████| 6/6 [00:01<
                 Class     Images  Instances      Box(P          R      mAP50  mAP50-95): 100%|██████████|
                   all         23        399      0.987      0.979      0.993      0.789

      Epoch    GPU_mem   box_loss   cls_loss   dfl_loss  Instances       Size
     77/100      5.04G     0.9074     0.4399      1.119        246        640: 100%|██████████| 6/6 [00:01<
                 Class     Images  Instances      Box(P          R      mAP50  mAP50-95): 100%|██████████|
                   all         23        399      0.987      0.978      0.993      0.786

      Epoch    GPU_mem   box_loss   cls_loss   dfl_loss  Instances       Size
     78/100      5.04G      0.911     0.4465      1.117        154        640: 100%|██████████| 6/6 [00:01<
                 Class     Images  Instances      Box(P          R      mAP50  mAP50-95): 100%|██████████|
                   all         23        399      0.986      0.982      0.992      0.773

      Epoch    GPU_mem   box_loss   cls_loss   dfl_loss  Instances       Size
     79/100      5.04G     0.9451     0.4623      1.146        174        640: 100%|██████████| 6/6 [00:01<
                 Class     Images  Instances      Box(P          R      mAP50  mAP50-95): 100%|██████████|
                   all         23        399      0.986      0.985      0.993      0.779

      Epoch    GPU_mem   box_loss   cls_loss   dfl_loss  Instances       Size
     80/100      5.04G     0.9137     0.4364      1.105        203        640: 100%|██████████| 6/6 [00:02<
                 Class     Images  Instances      Box(P          R      mAP50  mAP50-95): 100%|██████████|
                   all         23        399      0.985      0.987      0.993      0.775

      Epoch    GPU_mem   box_loss   cls_loss   dfl_loss  Instances       Size
     81/100      5.04G      0.897     0.4398      1.136        187        640: 100%|██████████| 6/6 [00:01<
                 Class     Images  Instances      Box(P          R      mAP50  mAP50-95): 100%|██████████|
                   all         23        399       0.98      0.989      0.993      0.777

      Epoch    GPU_mem   box_loss   cls_loss   dfl_loss  Instances       Size
     82/100      5.04G     0.8877     0.4321      1.112        189        640: 100%|██████████| 6/6 [00:01<
                 Class     Images  Instances      Box(P          R      mAP50  mAP50-95): 100%|██████████|
                   all         23        399      0.989      0.977      0.992      0.781

      Epoch    GPU_mem   box_loss   cls_loss   dfl_loss  Instances       Size
     83/100      5.04G     0.8941     0.4289      1.099        189        640: 100%|██████████| 6/6 [00:01<
                 Class     Images  Instances      Box(P          R      mAP50  mAP50-95): 100%|██████████|
                   all         23        399       0.99      0.977      0.992      0.775

      Epoch    GPU_mem   box_loss   cls_loss   dfl_loss  Instances       Size
     84/100      5.04G     0.9336     0.4387      1.122        141        640: 100%|██████████| 6/6 [00:01<
                 Class     Images  Instances      Box(P          R      mAP50  mAP50-95): 100%|██████████|
                   all         23        399      0.992      0.975      0.992      0.788

      Epoch    GPU_mem   box_loss   cls_loss   dfl_loss  Instances       Size
     85/100      5.04G     0.9003     0.4363      1.106        136        640: 100%|██████████| 6/6 [00:01<
                 Class     Images  Instances      Box(P          R      mAP50  mAP50-95): 100%|██████████|
                   all         23        399      0.987      0.978      0.993      0.779

      Epoch    GPU_mem   box_loss   cls_loss   dfl_loss  Instances       Size
     86/100      5.04G     0.9323     0.4657      1.158        178        640: 100%|██████████| 6/6 [00:01<
                 Class     Images  Instances      Box(P          R      mAP50  mAP50-95): 100%|██████████|
                   all         23        399      0.986      0.982      0.993      0.785

      Epoch    GPU_mem   box_loss   cls_loss   dfl_loss  Instances       Size
     87/100      5.04G     0.9057     0.4527       1.14        245        640: 100%|██████████| 6/6 [00:01<
                 Class     Images  Instances      Box(P          R      mAP50  mAP50-95): 100%|██████████|
                   all         23        399       0.99      0.984      0.993      0.786

      Epoch    GPU_mem   box_loss   cls_loss   dfl_loss  Instances       Size
     88/100      5.04G     0.8865     0.4322      1.109        221        640: 100%|██████████| 6/6 [00:01<
                 Class     Images  Instances      Box(P          R      mAP50  mAP50-95): 100%|██████████|
                   all         23        399       0.98      0.994      0.993      0.793

      Epoch    GPU_mem   box_loss   cls_loss   dfl_loss  Instances       Size
     89/100      5.04G     0.9005     0.4413      1.119        179        640: 100%|██████████| 6/6 [00:01<
                 Class     Images  Instances      Box(P          R      mAP50  mAP50-95): 100%|██████████|
                   all         23        399       0.99      0.984      0.993       0.79

      Epoch    GPU_mem   box_loss   cls_loss   dfl_loss  Instances       Size
     90/100      5.04G     0.8847     0.4351      1.098        167        640: 100%|██████████| 6/6 [00:01<
                 Class     Images  Instances      Box(P          R      mAP50  mAP50-95): 100%|██████████|
                   all         23        399       0.99      0.985      0.993      0.793
Closing dataloader mosaic

      Epoch    GPU_mem   box_loss   cls_loss   dfl_loss  Instances       Size
     91/100      5.04G     0.9043     0.4919      1.114        105        640: 100%|██████████| 6/6 [00:02<
                 Class     Images  Instances      Box(P          R      mAP50  mAP50-95): 100%|██████████|
                   all         23        399       0.99      0.985      0.993      0.787

      Epoch    GPU_mem   box_loss   cls_loss   dfl_loss  Instances       Size
     92/100      5.04G     0.8849     0.4793      1.148        101        640: 100%|██████████| 6/6 [00:01<
                 Class     Images  Instances      Box(P          R      mAP50  mAP50-95): 100%|██████████|
                   all         23        399       0.99       0.98      0.993      0.764

      Epoch    GPU_mem   box_loss   cls_loss   dfl_loss  Instances       Size
     93/100      5.04G     0.9032     0.4631      1.164        102        640: 100%|██████████| 6/6 [00:01<
                 Class     Images  Instances      Box(P          R      mAP50  mAP50-95): 100%|██████████|
                   all         23        399      0.983      0.989      0.993      0.774

      Epoch    GPU_mem   box_loss   cls_loss   dfl_loss  Instances       Size
     94/100      5.04G     0.8768     0.4464      1.099        101        640: 100%|██████████| 6/6 [00:01<
                 Class     Images  Instances      Box(P          R      mAP50  mAP50-95): 100%|██████████|
                   all         23        399       0.99      0.985      0.993      0.787

      Epoch    GPU_mem   box_loss   cls_loss   dfl_loss  Instances       Size
     95/100      5.04G     0.8644     0.4439        1.1        104        640: 100%|██████████| 6/6 [00:01<
                 Class     Images  Instances      Box(P          R      mAP50  mAP50-95): 100%|██████████|
                   all         23        399       0.99      0.985      0.993      0.786

      Epoch    GPU_mem   box_loss   cls_loss   dfl_loss  Instances       Size
     96/100      5.04G     0.8463     0.4416      1.104        103        640: 100%|██████████| 6/6 [00:01<
                 Class     Images  Instances      Box(P          R      mAP50  mAP50-95): 100%|██████████|
                   all         23        399       0.99      0.985      0.992      0.785

      Epoch    GPU_mem   box_loss   cls_loss   dfl_loss  Instances       Size
     97/100      5.04G     0.8327     0.4244      1.068        100        640: 100%|██████████| 6/6 [00:01<
                 Class     Images  Instances      Box(P          R      mAP50  mAP50-95): 100%|██████████|
                   all         23        399       0.99      0.985      0.992      0.785

      Epoch    GPU_mem   box_loss   cls_loss   dfl_loss  Instances       Size
     98/100      5.04G     0.8426     0.4409      1.064         99        640: 100%|██████████| 6/6 [00:01<
                 Class     Images  Instances      Box(P          R      mAP50  mAP50-95): 100%|██████████|
                   all         23        399      0.987      0.985      0.992      0.787

      Epoch    GPU_mem   box_loss   cls_loss   dfl_loss  Instances       Size
     99/100      5.04G     0.8219     0.4143      1.036        107        640: 100%|██████████| 6/6 [00:01<
                 Class     Images  Instances      Box(P          R      mAP50  mAP50-95): 100%|██████████|
                   all         23        399      0.987      0.985      0.992      0.787

      Epoch    GPU_mem   box_loss   cls_loss   dfl_loss  Instances       Size
    100/100      5.04G     0.8713     0.4467       1.13         99        640: 100%|██████████| 6/6 [00:01<
                 Class     Images  Instances      Box(P          R      mAP50  mAP50-95): 100%|██████████|
                   all         23        399      0.988      0.982      0.992      0.788

100 epochs completed in 0.082 hours.
Optimizer stripped from .yolo-out-mp/yolo11-mp-2/weights/last.pt, 40.5MB
Optimizer stripped from .yolo-out-mp/yolo11-mp-2/weights/best.pt, 40.5MB

Validating .yolo-out-mp/yolo11-mp-2/weights/best.pt...
Ultralytics 8.3.150 🚀 Python-3.13.2 torch-2.6.0+cu118 CUDA:0 (Tesla T4, 14913MiB)
                                                       CUDA:1 (Tesla T4, 14913MiB)
YOLO11m summary (fused): 125 layers, 20,030,803 parameters, 0 gradients, 67.6 GFLOPs
                 Class     Images  Instances      Box(P          R      mAP50  mAP50-95): 100%|██████████|
                   all         23        399       0.99      0.985      0.993      0.793
Speed: 0.1ms preprocess, 7.7ms inference, 0.0ms loss, 0.9ms postprocess per image
Results saved to .yolo-out-mp/yolo11-mp-2
