Overriding model.yaml nc=80 with nc=5
WARNING ⚠️ no model scale passed. Assuming scale='m'.
Freezing layer 'model.20.dfl.conv.weight'
AMP: running Automatic Mixed Precision (AMP) checks...
AMP: checks passed ✅
train: Fast image access ✅ (ping: 0.0±0.0 ms, read: 1332.8±765.5 MB/s, size: 735.7 KB)
train: Scanning /data2/jd1/datasets/sds-ds/sds/labels/train.cache... 8930 images
val: Fast image access ✅ (ping: 0.1±0.0 ms, read: 765.2±217.8 MB/s, size: 350.2 KB)
val: Scanning /data2/jd1/datasets/sds-ds/sds/labels/val.cache... 1547 images, 0 
Plotting labels to .yolo-out-sds3/yolo11-b-sds-1/labels.jpg...
optimizer: 'optimizer=auto' found, ignoring 'lr0=0.01' and 'momentum=0.937' and determining best 'optimizer', 'lr0' and 'momentum' automatically...
optimizer: SGD(lr=0.01, momentum=0.9) with parameter groups 95 weight(decay=0.0), 102 weight(decay=0.0005), 101 bias(decay=0.0)
Image sizes 640 train, 640 val
Using 16 dataloader workers
Logging results to .yolo-out-sds3/yolo11-b-sds-1
Starting training for 100 epochs...

      Epoch    GPU_mem   box_loss   cls_loss   dfl_loss  Instances       Size
      1/100      1.76G      3.747      7.073      3.619          2        640: 1
                 Class     Images  Instances      Box(P          R      mAP50  m
                   all       1547       9630      0.417      0.181      0.145     0.0546

      Epoch    GPU_mem   box_loss   cls_loss   dfl_loss  Instances       Size
      2/100      1.82G      2.483      2.406      1.648         17        640: 1
                 Class     Images  Instances      Box(P          R      mAP50  m
                   all       1547       9630      0.607      0.363      0.304      0.138

      Epoch    GPU_mem   box_loss   cls_loss   dfl_loss  Instances       Size
      3/100      1.82G      2.196      1.746      1.456         19        640: 1
                 Class     Images  Instances      Box(P          R      mAP50  m
                   all       1547       9630      0.707      0.392      0.368      0.174

      Epoch    GPU_mem   box_loss   cls_loss   dfl_loss  Instances       Size
      4/100      1.82G      2.023      1.362      1.353          6        640: 1
                 Class     Images  Instances      Box(P          R      mAP50  m
                   all       1547       9630      0.766      0.465      0.469      0.238

      Epoch    GPU_mem   box_loss   cls_loss   dfl_loss  Instances       Size
      5/100      1.82G      1.891      1.176      1.291          2        640: 1
                 Class     Images  Instances      Box(P          R      mAP50  m
                   all       1547       9630      0.737      0.477      0.487      0.254

      Epoch    GPU_mem   box_loss   cls_loss   dfl_loss  Instances       Size
      6/100      1.82G      1.804       1.08      1.252         22        640: 1
                 Class     Images  Instances      Box(P          R      mAP50  m
                   all       1547       9630      0.793      0.503      0.552       0.29

      Epoch    GPU_mem   box_loss   cls_loss   dfl_loss  Instances       Size
      7/100      1.82G       1.74      1.004       1.21          5        640: 1
                 Class     Images  Instances      Box(P          R      mAP50  m
                   all       1547       9630      0.793      0.514       0.57      0.297

      Epoch    GPU_mem   box_loss   cls_loss   dfl_loss  Instances       Size
      8/100      1.82G       1.71     0.9859      1.197          4        640: 1
                 Class     Images  Instances      Box(P          R      mAP50  m
                   all       1547       9630      0.774      0.531      0.571      0.302

      Epoch    GPU_mem   box_loss   cls_loss   dfl_loss  Instances       Size
      9/100      1.82G      1.679     0.9461      1.199          9        640: 1
                 Class     Images  Instances      Box(P          R      mAP50  m
                   all       1547       9630       0.81      0.592      0.642      0.335

      Epoch    GPU_mem   box_loss   cls_loss   dfl_loss  Instances       Size
     10/100      1.82G      1.662      0.927      1.189          4        640: 1
                 Class     Images  Instances      Box(P          R      mAP50  m
                   all       1547       9630      0.813      0.591      0.655      0.351

      Epoch    GPU_mem   box_loss   cls_loss   dfl_loss  Instances       Size
     11/100      1.82G      1.642     0.9062      1.174          8        640: 1
                 Class     Images  Instances      Box(P          R      mAP50  m
                   all       1547       9630      0.779      0.577      0.636      0.341

      Epoch    GPU_mem   box_loss   cls_loss   dfl_loss  Instances       Size
     12/100      1.82G      1.611     0.8791       1.16         25        640: 1
                 Class     Images  Instances      Box(P          R      mAP50  m
                   all       1547       9630      0.766      0.608      0.654      0.356

      Epoch    GPU_mem   box_loss   cls_loss   dfl_loss  Instances       Size
     13/100      1.82G      1.598     0.8772      1.162          1        640: 1
                 Class     Images  Instances      Box(P          R      mAP50  m
                   all       1547       9630      0.815      0.549      0.623      0.334

      Epoch    GPU_mem   box_loss   cls_loss   dfl_loss  Instances       Size
     14/100      1.82G      1.607     0.8744      1.174         29        640: 1
                 Class     Images  Instances      Box(P          R      mAP50  m
                   all       1547       9630      0.848      0.607      0.679      0.365

      Epoch    GPU_mem   box_loss   cls_loss   dfl_loss  Instances       Size
     15/100      1.82G      1.565     0.8405      1.149          6        640: 1
                 Class     Images  Instances      Box(P          R      mAP50  m
                   all       1547       9630      0.802       0.61      0.657      0.362

      Epoch    GPU_mem   box_loss   cls_loss   dfl_loss  Instances       Size
     16/100      1.82G      1.556     0.8311      1.138          6        640: 1
                 Class     Images  Instances      Box(P          R      mAP50  m
                   all       1547       9630      0.811      0.631      0.681      0.369

      Epoch    GPU_mem   box_loss   cls_loss   dfl_loss  Instances       Size
     17/100      1.82G       1.54     0.8089      1.143          3        640: 1
                 Class     Images  Instances      Box(P          R      mAP50  m
                   all       1547       9630      0.826      0.621      0.682       0.38

      Epoch    GPU_mem   box_loss   cls_loss   dfl_loss  Instances       Size
     18/100      1.82G      1.526     0.8148      1.136          6        640: 1
                 Class     Images  Instances      Box(P          R      mAP50  m
                   all       1547       9630      0.824      0.633      0.688      0.382

      Epoch    GPU_mem   box_loss   cls_loss   dfl_loss  Instances       Size
     19/100      1.82G      1.524     0.7971      1.129          7        640: 1
                 Class     Images  Instances      Box(P          R      mAP50  m
                   all       1547       9630      0.835      0.641      0.699      0.378

      Epoch    GPU_mem   box_loss   cls_loss   dfl_loss  Instances       Size
     20/100      1.82G       1.51     0.7868      1.117          7        640: 1
                 Class     Images  Instances      Box(P          R      mAP50  m
                   all       1547       9630      0.842       0.64      0.704      0.384

      Epoch    GPU_mem   box_loss   cls_loss   dfl_loss  Instances       Size
     21/100      1.82G      1.508      0.794      1.124          5        640: 1
                 Class     Images  Instances      Box(P          R      mAP50  m
                   all       1547       9630      0.854      0.619      0.705      0.393

      Epoch    GPU_mem   box_loss   cls_loss   dfl_loss  Instances       Size
     22/100      1.82G      1.484      0.773      1.108          5        640: 1
                 Class     Images  Instances      Box(P          R      mAP50  m
                   all       1547       9630      0.801      0.671      0.716      0.397

      Epoch    GPU_mem   box_loss   cls_loss   dfl_loss  Instances       Size
     23/100      1.82G      1.495     0.7845      1.116         12        640: 1
                 Class     Images  Instances      Box(P          R      mAP50  m
                   all       1547       9630      0.786      0.679      0.716      0.392

      Epoch    GPU_mem   box_loss   cls_loss   dfl_loss  Instances       Size
     24/100      1.82G       1.48      0.767       1.11          6        640: 1
                 Class     Images  Instances      Box(P          R      mAP50  m
                   all       1547       9630      0.858      0.656      0.711      0.396

      Epoch    GPU_mem   box_loss   cls_loss   dfl_loss  Instances       Size
     25/100      1.82G      1.483     0.7625      1.115         18        640: 1
                 Class     Images  Instances      Box(P          R      mAP50  m
                   all       1547       9630      0.881      0.627      0.725      0.402

      Epoch    GPU_mem   box_loss   cls_loss   dfl_loss  Instances       Size
     26/100      1.82G      1.463     0.7587      1.113          7        640: 1
                 Class     Images  Instances      Box(P          R      mAP50  m
                   all       1547       9630      0.837      0.645       0.71      0.397

      Epoch    GPU_mem   box_loss   cls_loss   dfl_loss  Instances       Size
     27/100      1.82G      1.448      0.756      1.109          9        640: 1
                 Class     Images  Instances      Box(P          R      mAP50  m
                   all       1547       9630       0.84      0.657      0.727      0.408

      Epoch    GPU_mem   box_loss   cls_loss   dfl_loss  Instances       Size
     28/100      1.82G      1.431      0.739      1.093         11        640: 1
                 Class     Images  Instances      Box(P          R      mAP50  m
                   all       1547       9630      0.853      0.645      0.714      0.399

      Epoch    GPU_mem   box_loss   cls_loss   dfl_loss  Instances       Size
     29/100      1.82G      1.435     0.7379      1.095          7        640: 1
                 Class     Images  Instances      Box(P          R      mAP50  m
                   all       1547       9630      0.825       0.65      0.717      0.402

      Epoch    GPU_mem   box_loss   cls_loss   dfl_loss  Instances       Size
     30/100      1.82G      1.437     0.7349      1.093         11        640: 1
                 Class     Images  Instances      Box(P          R      mAP50  m
                   all       1547       9630       0.86       0.66      0.721      0.398

      Epoch    GPU_mem   box_loss   cls_loss   dfl_loss  Instances       Size
     31/100      1.82G      1.411     0.7092      1.088          1        640: 1
                 Class     Images  Instances      Box(P          R      mAP50  m
                   all       1547       9630      0.837      0.665      0.733      0.405

      Epoch    GPU_mem   box_loss   cls_loss   dfl_loss  Instances       Size
     32/100      1.82G      1.423     0.7283      1.087         15        640: 1
                 Class     Images  Instances      Box(P          R      mAP50  m
                   all       1547       9630      0.852      0.657      0.729       0.41

      Epoch    GPU_mem   box_loss   cls_loss   dfl_loss  Instances       Size
     33/100      1.82G      1.418     0.7287      1.094         12        640: 1
                 Class     Images  Instances      Box(P          R      mAP50  m
                   all       1547       9630      0.816       0.69       0.73      0.407

      Epoch    GPU_mem   box_loss   cls_loss   dfl_loss  Instances       Size
     34/100      1.82G      1.406     0.7154      1.085          4        640: 1
                 Class     Images  Instances      Box(P          R      mAP50  m
                   all       1547       9630       0.84      0.673      0.733      0.412

      Epoch    GPU_mem   box_loss   cls_loss   dfl_loss  Instances       Size
     35/100      1.82G      1.422     0.7193      1.088         37        640: 1
                 Class     Images  Instances      Box(P          R      mAP50  m
                   all       1547       9630      0.836      0.683       0.74      0.416

      Epoch    GPU_mem   box_loss   cls_loss   dfl_loss  Instances       Size
     36/100      1.82G      1.397     0.7028      1.082         21        640: 1
                 Class     Images  Instances      Box(P          R      mAP50  m
                   all       1547       9630      0.836      0.675      0.739      0.417

      Epoch    GPU_mem   box_loss   cls_loss   dfl_loss  Instances       Size
     37/100      1.82G      1.393      0.711       1.08          6        640: 1
                 Class     Images  Instances      Box(P          R      mAP50  m
                   all       1547       9630      0.837      0.676       0.74      0.411

      Epoch    GPU_mem   box_loss   cls_loss   dfl_loss  Instances       Size
     38/100      1.82G       1.39     0.7051      1.069         20        640: 1
                 Class     Images  Instances      Box(P          R      mAP50  m
                   all       1547       9630      0.847      0.685      0.746      0.424

      Epoch    GPU_mem   box_loss   cls_loss   dfl_loss  Instances       Size
     39/100      1.82G      1.381     0.7018      1.068          4        640: 1
                 Class     Images  Instances      Box(P          R      mAP50  m
                   all       1547       9630      0.848      0.675      0.745      0.422

      Epoch    GPU_mem   box_loss   cls_loss   dfl_loss  Instances       Size
     40/100      1.82G      1.375     0.6918       1.08          4        640: 1
                 Class     Images  Instances      Box(P          R      mAP50  m
                   all       1547       9630      0.839        0.7      0.752      0.425

      Epoch    GPU_mem   box_loss   cls_loss   dfl_loss  Instances       Size
     41/100      1.82G      1.381     0.6984      1.079          2        640: 1
                 Class     Images  Instances      Box(P          R      mAP50  m
                   all       1547       9630      0.846      0.688      0.747      0.428

      Epoch    GPU_mem   box_loss   cls_loss   dfl_loss  Instances       Size
     42/100      1.82G      1.368      0.689      1.077          7        640: 1
                 Class     Images  Instances      Box(P          R      mAP50  m
                   all       1547       9630      0.831      0.682      0.741      0.421

      Epoch    GPU_mem   box_loss   cls_loss   dfl_loss  Instances       Size
     43/100      1.82G      1.365     0.6872       1.06          0        640: 1
                 Class     Images  Instances      Box(P          R      mAP50  m
                   all       1547       9630      0.847      0.694      0.748      0.426

      Epoch    GPU_mem   box_loss   cls_loss   dfl_loss  Instances       Size
     44/100      1.82G      1.362     0.6847      1.066          2        640: 1
                 Class     Images  Instances      Box(P          R      mAP50  m
                   all       1547       9630      0.834       0.69      0.742      0.427

      Epoch    GPU_mem   box_loss   cls_loss   dfl_loss  Instances       Size
     45/100      1.82G      1.365     0.6789      1.067          7        640: 1
                 Class     Images  Instances      Box(P          R      mAP50  m
                   all       1547       9630      0.869      0.684      0.747      0.425

      Epoch    GPU_mem   box_loss   cls_loss   dfl_loss  Instances       Size
     46/100      1.82G       1.34     0.6628       1.05          6        640: 1
                 Class     Images  Instances      Box(P          R      mAP50  m
                   all       1547       9630      0.857      0.678      0.742      0.429

      Epoch    GPU_mem   box_loss   cls_loss   dfl_loss  Instances       Size
     47/100      1.82G      1.335     0.6646      1.063          7        640: 1
                 Class     Images  Instances      Box(P          R      mAP50  m
                   all       1547       9630      0.864      0.685      0.744      0.431

      Epoch    GPU_mem   box_loss   cls_loss   dfl_loss  Instances       Size
     48/100      1.82G      1.342     0.6653      1.051          8        640: 1
                 Class     Images  Instances      Box(P          R      mAP50  m
                   all       1547       9630      0.838      0.696      0.749      0.433

      Epoch    GPU_mem   box_loss   cls_loss   dfl_loss  Instances       Size
     49/100      1.82G      1.339     0.6557       1.06         19        640: 1
                 Class     Images  Instances      Box(P          R      mAP50  m
                   all       1547       9630      0.805      0.709      0.753      0.432

      Epoch    GPU_mem   box_loss   cls_loss   dfl_loss  Instances       Size
     50/100      1.82G      1.339     0.6653      1.055          8        640: 1
                 Class     Images  Instances      Box(P          R      mAP50  m
                   all       1547       9630      0.845       0.69      0.752      0.435

      Epoch    GPU_mem   box_loss   cls_loss   dfl_loss  Instances       Size
     51/100      1.82G      1.325     0.6607      1.052         13        640: 1
                 Class     Images  Instances      Box(P          R      mAP50  m
                   all       1547       9630      0.859      0.687      0.751      0.434

      Epoch    GPU_mem   box_loss   cls_loss   dfl_loss  Instances       Size
     52/100      1.82G      1.309     0.6543      1.041         16        640: 1
                 Class     Images  Instances      Box(P          R      mAP50  m
                   all       1547       9630      0.852      0.694      0.757      0.436

      Epoch    GPU_mem   box_loss   cls_loss   dfl_loss  Instances       Size
     53/100      1.82G       1.31     0.6487      1.049         12        640: 1
                 Class     Images  Instances      Box(P          R      mAP50  m
                   all       1547       9630      0.863      0.682      0.752      0.434

      Epoch    GPU_mem   box_loss   cls_loss   dfl_loss  Instances       Size
     54/100      1.82G      1.328     0.6587      1.056          2        640: 1
                 Class     Images  Instances      Box(P          R      mAP50  m
                   all       1547       9630      0.874      0.687      0.764      0.439

      Epoch    GPU_mem   box_loss   cls_loss   dfl_loss  Instances       Size
     55/100      1.82G      1.298     0.6439      1.041         17        640: 1
                 Class     Images  Instances      Box(P          R      mAP50  m
                   all       1547       9630      0.851      0.699      0.758      0.435

      Epoch    GPU_mem   box_loss   cls_loss   dfl_loss  Instances       Size
     56/100      1.82G        1.3     0.6468      1.043         10        640: 1
                 Class     Images  Instances      Box(P          R      mAP50  m
                   all       1547       9630      0.863      0.689      0.754      0.438

      Epoch    GPU_mem   box_loss   cls_loss   dfl_loss  Instances       Size
     57/100      1.82G      1.289      0.644      1.037          1        640: 1
                 Class     Images  Instances      Box(P          R      mAP50  m
                   all       1547       9630       0.85      0.693      0.752      0.437

      Epoch    GPU_mem   box_loss   cls_loss   dfl_loss  Instances       Size
     58/100      1.82G      1.302     0.6409      1.045          6        640: 1
                 Class     Images  Instances      Box(P          R      mAP50  m
                   all       1547       9630      0.848      0.712      0.759      0.441

      Epoch    GPU_mem   box_loss   cls_loss   dfl_loss  Instances       Size
     59/100      1.82G      1.274     0.6236      1.032         15        640: 1
                 Class     Images  Instances      Box(P          R      mAP50  m
                   all       1547       9630      0.862      0.695      0.755      0.436

      Epoch    GPU_mem   box_loss   cls_loss   dfl_loss  Instances       Size
     60/100      1.82G      1.278      0.632      1.038          5        640: 1
                 Class     Images  Instances      Box(P          R      mAP50  m
                   all       1547       9630      0.857      0.697      0.755      0.441

      Epoch    GPU_mem   box_loss   cls_loss   dfl_loss  Instances       Size
     61/100      1.82G      1.275     0.6218      1.037          5        640: 1
                 Class     Images  Instances      Box(P          R      mAP50  m
                   all       1547       9630       0.84      0.702      0.754      0.441

      Epoch    GPU_mem   box_loss   cls_loss   dfl_loss  Instances       Size
     62/100      1.82G      1.288     0.6399      1.036         11        640: 1
                 Class     Images  Instances      Box(P          R      mAP50  m
                   all       1547       9630       0.88      0.698       0.76      0.446

      Epoch    GPU_mem   box_loss   cls_loss   dfl_loss  Instances       Size
     63/100      1.82G      1.276     0.6302      1.032         11        640: 1
                 Class     Images  Instances      Box(P          R      mAP50  m
                   all       1547       9630       0.84      0.706      0.758      0.445

      Epoch    GPU_mem   box_loss   cls_loss   dfl_loss  Instances       Size
     64/100      1.82G      1.264     0.6268       1.03         10        640: 1
                 Class     Images  Instances      Box(P          R      mAP50  m
                   all       1547       9630      0.864      0.709      0.766       0.45

      Epoch    GPU_mem   box_loss   cls_loss   dfl_loss  Instances       Size
     65/100      1.82G      1.267     0.6232       1.03         34        640: 1
                 Class     Images  Instances      Box(P          R      mAP50  m
                   all       1547       9630      0.839      0.717       0.77      0.452

      Epoch    GPU_mem   box_loss   cls_loss   dfl_loss  Instances       Size
     66/100      1.82G      1.261     0.6192      1.026         16        640: 1
                 Class     Images  Instances      Box(P          R      mAP50  m
                   all       1547       9630       0.86       0.72      0.771      0.453

      Epoch    GPU_mem   box_loss   cls_loss   dfl_loss  Instances       Size
     67/100      1.82G      1.247     0.6182      1.032         10        640: 1
                 Class     Images  Instances      Box(P          R      mAP50  m
                   all       1547       9630      0.858      0.714      0.763       0.45

      Epoch    GPU_mem   box_loss   cls_loss   dfl_loss  Instances       Size
     68/100      1.82G       1.24     0.6067      1.023          2        640: 1
                 Class     Images  Instances      Box(P          R      mAP50  m
                   all       1547       9630      0.864       0.71      0.763      0.448

      Epoch    GPU_mem   box_loss   cls_loss   dfl_loss  Instances       Size
     69/100      1.82G      1.238     0.6092      1.026          6        640: 1
                 Class     Images  Instances      Box(P          R      mAP50  m
                   all       1547       9630      0.865      0.705      0.762      0.449

      Epoch    GPU_mem   box_loss   cls_loss   dfl_loss  Instances       Size
     70/100      1.82G      1.228      0.605      1.018          3        640: 1
                 Class     Images  Instances      Box(P          R      mAP50  m
                   all       1547       9630      0.876      0.697      0.762      0.447

      Epoch    GPU_mem   box_loss   cls_loss   dfl_loss  Instances       Size
     71/100      1.82G      1.232     0.5932      1.026         13        640: 1
                 Class     Images  Instances      Box(P          R      mAP50  m
                   all       1547       9630      0.863      0.711      0.763       0.45

      Epoch    GPU_mem   box_loss   cls_loss   dfl_loss  Instances       Size
     72/100      1.82G      1.239     0.6135      1.031          2        640: 1
                 Class     Images  Instances      Box(P          R      mAP50  m
                   all       1547       9630      0.856      0.716      0.768      0.453

      Epoch    GPU_mem   box_loss   cls_loss   dfl_loss  Instances       Size
     73/100      1.82G      1.224     0.5942      1.015          7        640: 1
                 Class     Images  Instances      Box(P          R      mAP50  m
                   all       1547       9630      0.853      0.719      0.767      0.451

      Epoch    GPU_mem   box_loss   cls_loss   dfl_loss  Instances       Size
     74/100      1.82G      1.208     0.5873      1.012         10        640: 1
                 Class     Images  Instances      Box(P          R      mAP50  m
                   all       1547       9630      0.865      0.711      0.766      0.451

      Epoch    GPU_mem   box_loss   cls_loss   dfl_loss  Instances       Size
     75/100      1.82G      1.217     0.5891      1.014         24        640: 1
                 Class     Images  Instances      Box(P          R      mAP50  m
                   all       1547       9630      0.858      0.716      0.766      0.451

      Epoch    GPU_mem   box_loss   cls_loss   dfl_loss  Instances       Size
     76/100      1.82G      1.214     0.5884      1.016          7        640: 1
                 Class     Images  Instances      Box(P          R      mAP50  m
                   all       1547       9630       0.85      0.719      0.765      0.451

      Epoch    GPU_mem   box_loss   cls_loss   dfl_loss  Instances       Size
     77/100      1.82G        1.2     0.5772      1.005          6        640: 1
                 Class     Images  Instances      Box(P          R      mAP50  m
                   all       1547       9630      0.852      0.715      0.763      0.451

      Epoch    GPU_mem   box_loss   cls_loss   dfl_loss  Instances       Size
     78/100      1.82G      1.208     0.5845      1.008         19        640: 1
                 Class     Images  Instances      Box(P          R      mAP50  m
                   all       1547       9630      0.848      0.718      0.763      0.452

      Epoch    GPU_mem   box_loss   cls_loss   dfl_loss  Instances       Size
     79/100      1.82G      1.198     0.5785     0.9982          9        640: 1
                 Class     Images  Instances      Box(P          R      mAP50  m
                   all       1547       9630      0.854      0.719      0.763      0.453

      Epoch    GPU_mem   box_loss   cls_loss   dfl_loss  Instances       Size
     80/100      1.82G      1.211     0.5922       1.01          7        640: 1
                 Class     Images  Instances      Box(P          R      mAP50  m
                   all       1547       9630      0.856      0.717      0.763      0.453

      Epoch    GPU_mem   box_loss   cls_loss   dfl_loss  Instances       Size
     81/100      1.82G      1.197     0.5762      1.006          3        640: 1
                 Class     Images  Instances      Box(P          R      mAP50  m
                   all       1547       9630      0.859      0.713      0.762      0.453

      Epoch    GPU_mem   box_loss   cls_loss   dfl_loss  Instances       Size
     82/100      1.82G      1.199     0.5801      1.004         44        640:  
                 Class     Images  Instances      Box(P          R      mAP50  m
                   all       1547       9630      0.852      0.716      0.763      0.453

      Epoch    GPU_mem   box_loss   cls_loss   dfl_loss  Instances       Size
     83/100      1.82G      1.197     0.5827      1.013         24        640: 1
                 Class     Images  Instances      Box(P          R      mAP50  m
                   all       1547       9630      0.854      0.715      0.763      0.455

      Epoch    GPU_mem   box_loss   cls_loss   dfl_loss  Instances       Size
     84/100      1.82G      1.179     0.5728     0.9984         11        640: 1
                 Class     Images  Instances      Box(P          R      mAP50  m
                   all       1547       9630      0.856      0.715      0.763      0.455

      Epoch    GPU_mem   box_loss   cls_loss   dfl_loss  Instances       Size
     85/100      1.82G      1.181     0.5689      1.002          4        640: 1
                 Class     Images  Instances      Box(P          R      mAP50  m
                   all       1547       9630      0.854      0.719      0.762      0.454

      Epoch    GPU_mem   box_loss   cls_loss   dfl_loss  Instances       Size
     86/100      1.82G      1.162     0.5637     0.9927          4        640: 1
                 Class     Images  Instances      Box(P          R      mAP50  m
                   all       1547       9630      0.857      0.718      0.763      0.455

      Epoch    GPU_mem   box_loss   cls_loss   dfl_loss  Instances       Size
     87/100      1.82G      1.169     0.5798      1.004          6        640: 1
                 Class     Images  Instances      Box(P          R      mAP50  m
                   all       1547       9630      0.855      0.718      0.763      0.455

      Epoch    GPU_mem   box_loss   cls_loss   dfl_loss  Instances       Size
     88/100      1.82G      1.156     0.5583     0.9909         28        640: 1
                 Class     Images  Instances      Box(P          R      mAP50  m
                   all       1547       9630      0.854      0.716      0.763      0.456

      Epoch    GPU_mem   box_loss   cls_loss   dfl_loss  Instances       Size
     89/100      1.82G      1.156     0.5657     0.9978         24        640: 1
                 Class     Images  Instances      Box(P          R      mAP50  m
                   all       1547       9630      0.852      0.716      0.762      0.454

      Epoch    GPU_mem   box_loss   cls_loss   dfl_loss  Instances       Size
     90/100      1.82G      1.152      0.559     0.9846          8        640: 1
                 Class     Images  Instances      Box(P          R      mAP50  m
                   all       1547       9630      0.857      0.716      0.763      0.454
Closing dataloader mosaic

      Epoch    GPU_mem   box_loss   cls_loss   dfl_loss  Instances       Size
     91/100      1.82G      1.143     0.5602     0.9914          2        640: 1
                 Class     Images  Instances      Box(P          R      mAP50  m
                   all       1547       9630      0.862      0.714      0.764      0.455

      Epoch    GPU_mem   box_loss   cls_loss   dfl_loss  Instances       Size
     92/100      1.82G      1.135     0.5572     0.9885          2        640: 1
                 Class     Images  Instances      Box(P          R      mAP50  m
                   all       1547       9630      0.861      0.715      0.762      0.454

      Epoch    GPU_mem   box_loss   cls_loss   dfl_loss  Instances       Size
     93/100      1.82G       1.13      0.548     0.9841         11        640: 1
                 Class     Images  Instances      Box(P          R      mAP50  m
                   all       1547       9630      0.856      0.718      0.761      0.454

      Epoch    GPU_mem   box_loss   cls_loss   dfl_loss  Instances       Size
     94/100      1.82G      1.125     0.5533     0.9856         13        640: 1
                 Class     Images  Instances      Box(P          R      mAP50  m
                   all       1547       9630      0.842      0.721      0.762      0.453

      Epoch    GPU_mem   box_loss   cls_loss   dfl_loss  Instances       Size
     95/100      1.82G      1.119      0.549     0.9799          2        640: 1
                 Class     Images  Instances      Box(P          R      mAP50  m
                   all       1547       9630      0.845      0.722      0.761      0.454

      Epoch    GPU_mem   box_loss   cls_loss   dfl_loss  Instances       Size
     96/100      1.82G      1.114     0.5437     0.9744          9        640: 1
                 Class     Images  Instances      Box(P          R      mAP50  m
                   all       1547       9630      0.849      0.723      0.762      0.453

      Epoch    GPU_mem   box_loss   cls_loss   dfl_loss  Instances       Size
     97/100      1.82G      1.116     0.5407     0.9831          7        640: 1
                 Class     Images  Instances      Box(P          R      mAP50  m
                   all       1547       9630      0.847      0.723      0.762      0.453

      Epoch    GPU_mem   box_loss   cls_loss   dfl_loss  Instances       Size
     98/100      1.82G      1.111     0.5505     0.9819          1        640: 1
                 Class     Images  Instances      Box(P          R      mAP50  m
                   all       1547       9630      0.849      0.722      0.761      0.453

      Epoch    GPU_mem   box_loss   cls_loss   dfl_loss  Instances       Size
     99/100      1.82G      1.093     0.5338     0.9749          6        640: 1
                 Class     Images  Instances      Box(P          R      mAP50  m
                   all       1547       9630      0.845      0.724      0.761      0.452

      Epoch    GPU_mem   box_loss   cls_loss   dfl_loss  Instances       Size
    100/100      1.82G      1.094     0.5398     0.9742          8        640: 1
                 Class     Images  Instances      Box(P          R      mAP50  m
                   all       1547       9630      0.845      0.723       0.76      0.452

100 epochs completed in 13.529 hours.
Optimizer stripped from .yolo-out-sds3/yolo11-b-sds-1/weights/last.pt, 27.4MB
Optimizer stripped from .yolo-out-sds3/yolo11-b-sds-1/weights/best.pt, 27.4MB

Validating .yolo-out-sds3/yolo11-b-sds-1/weights/best.pt...
Ultralytics 8.3.150 🚀 Python-3.13.2 torch-2.6.0+cu118 CUDA:0 (Tesla T4, 14913MiB)
                                                       CUDA:1 (Tesla T4, 14913MiB)
model summary (fused): 114 layers, 13,477,855 parameters, 0 gradients, 70.5 GFLOPs
                 Class     Images  Instances      Box(P          R      mAP50  m
                   all       1547       9630      0.854      0.716      0.763      0.455
               swimmer       1286       6206      0.814      0.822      0.794      0.348
                  boat        915       2214      0.938       0.95      0.952      0.702
                jetski        320        320      0.795      0.859      0.855      0.542
life_saving_appliances        191        330      0.837      0.345      0.439      0.221
                  buoy        352        560      0.885      0.602      0.775      0.463
Speed: 0.1ms preprocess, 7.1ms inference, 0.0ms loss, 0.8ms postprocess per image
Results saved to .yolo-out-sds3/yolo11-b-sds-1