Overriding model.yaml nc=80 with nc=10
Freezing layer 'model.23.dfl.conv.weight'
AMP: running Automatic Mixed Precision (AMP) checks...
AMP: checks passed ✅
train: Fast image access ✅ (ping: 0.1±0.0 ms, read: 682.4±295.5 MB/s, size: 265.7 KB)
train: Scanning /data2/jd1/datasets/VisDrone/labels/train.cache... 6471 images, 
train: /data2/jd1/datasets/VisDrone/images/train/0000137_02220_d_0000163.jpg: 1 duplicate labels removed
train: /data2/jd1/datasets/VisDrone/images/train/0000140_00118_d_0000002.jpg: 1 duplicate labels removed
train: /data2/jd1/datasets/VisDrone/images/train/9999945_00000_d_0000114.jpg: 1 duplicate labels removed
train: /data2/jd1/datasets/VisDrone/images/train/9999987_00000_d_0000049.jpg: 1 duplicate labels removed
val: Fast image access ✅ (ping: 0.0±0.0 ms, read: 945.6±489.6 MB/s, size: 103.3 KB)
val: Scanning /data2/jd1/datasets/VisDrone/labels/val.cache... 548 images, 0 bac
Plotting labels to .yolo-out/yolo11-vd-3/labels.jpg...
optimizer: 'optimizer=auto' found, ignoring 'lr0=0.01' and 'momentum=0.937' and determining best 'optimizer', 'lr0' and 'momentum' automatically...
optimizer: SGD(lr=0.01, momentum=0.9) with parameter groups 106 weight(decay=0.0), 113 weight(decay=0.0005), 112 bias(decay=0.0)
Image sizes 640 train, 640 val
Using 16 dataloader workers
Logging results to .yolo-out/yolo11-vd-3
Starting training for 100 epochs...

      Epoch    GPU_mem   box_loss   cls_loss   dfl_loss  Instances       Size
      1/100      1.98G      4.716      5.383      3.315        186        640: 1
                 Class     Images  Instances      Box(P          R      mAP50  m
                   all        548      38759      0.331     0.0303     0.0157    0.00531

      Epoch    GPU_mem   box_loss   cls_loss   dfl_loss  Instances       Size
      2/100      2.13G      2.872      2.669      1.676        154        640: 1
                 Class     Images  Instances      Box(P          R      mAP50  m
                   all        548      38759      0.295     0.0819     0.0598     0.0237

      Epoch    GPU_mem   box_loss   cls_loss   dfl_loss  Instances       Size
      3/100      2.15G      2.322      2.161      1.339         75        640: 1
                 Class     Images  Instances      Box(P          R      mAP50  m
                   all        548      38759      0.225      0.126     0.0898     0.0419

      Epoch    GPU_mem   box_loss   cls_loss   dfl_loss  Instances       Size
      4/100      2.15G      2.086      1.906      1.231         92        640: 1
                 Class     Images  Instances      Box(P          R      mAP50  m
                   all        548      38759      0.213      0.167       0.13     0.0674

      Epoch    GPU_mem   box_loss   cls_loss   dfl_loss  Instances       Size
      5/100       2.5G      1.932      1.745      1.175        148        640: 1
                 Class     Images  Instances      Box(P          R      mAP50  m
                   all        548      38759      0.237      0.188      0.156     0.0827

      Epoch    GPU_mem   box_loss   cls_loss   dfl_loss  Instances       Size
      6/100       2.5G      1.831      1.601      1.132        108        640: 1
                 Class     Images  Instances      Box(P          R      mAP50  m
                   all        548      38759      0.239      0.213      0.172     0.0928

      Epoch    GPU_mem   box_loss   cls_loss   dfl_loss  Instances       Size
      7/100       2.5G      1.745      1.507      1.109        167        640: 1
                 Class     Images  Instances      Box(P          R      mAP50  m
                   all        548      38759      0.274      0.221      0.193      0.106

      Epoch    GPU_mem   box_loss   cls_loss   dfl_loss  Instances       Size
      8/100       2.5G      1.702      1.453       1.09         81        640: 1
                 Class     Images  Instances      Box(P          R      mAP50  m
                   all        548      38759      0.298      0.242       0.21      0.117

      Epoch    GPU_mem   box_loss   cls_loss   dfl_loss  Instances       Size
      9/100       2.5G      1.663      1.396      1.074        280        640: 1
                 Class     Images  Instances      Box(P          R      mAP50  m
                   all        548      38759      0.313      0.248      0.225      0.127

      Epoch    GPU_mem   box_loss   cls_loss   dfl_loss  Instances       Size
     10/100       2.5G      1.638      1.359      1.068        223        640: 1
                 Class     Images  Instances      Box(P          R      mAP50  m
                   all        548      38759      0.332      0.255      0.237      0.133

      Epoch    GPU_mem   box_loss   cls_loss   dfl_loss  Instances       Size
     11/100       2.7G      1.607      1.324      1.062        187        640: 1
                 Class     Images  Instances      Box(P          R      mAP50  m
                   all        548      38759      0.322      0.259      0.236      0.134

      Epoch    GPU_mem   box_loss   cls_loss   dfl_loss  Instances       Size
     12/100       2.7G      1.581       1.29      1.048        142        640: 1
                 Class     Images  Instances      Box(P          R      mAP50  m
                   all        548      38759      0.346      0.273      0.254      0.144

      Epoch    GPU_mem   box_loss   cls_loss   dfl_loss  Instances       Size
     13/100       2.7G       1.55      1.259      1.041        142        640: 1
                 Class     Images  Instances      Box(P          R      mAP50  m
                   all        548      38759      0.368      0.276      0.267      0.152

      Epoch    GPU_mem   box_loss   cls_loss   dfl_loss  Instances       Size
     14/100       2.7G       1.54      1.242      1.039        171        640: 1
                 Class     Images  Instances      Box(P          R      mAP50  m
                   all        548      38759      0.372      0.275      0.267      0.152

      Epoch    GPU_mem   box_loss   cls_loss   dfl_loss  Instances       Size
     15/100       2.7G      1.515      1.211      1.028        255        640: 1
                 Class     Images  Instances      Box(P          R      mAP50  m
                   all        548      38759      0.361      0.287      0.273      0.154

      Epoch    GPU_mem   box_loss   cls_loss   dfl_loss  Instances       Size
     16/100       2.7G      1.515      1.212       1.03        268        640: 1
                 Class     Images  Instances      Box(P          R      mAP50  m
                   all        548      38759      0.384      0.292      0.281      0.161

      Epoch    GPU_mem   box_loss   cls_loss   dfl_loss  Instances       Size
     17/100       2.7G      1.488      1.184      1.023        157        640: 1
                 Class     Images  Instances      Box(P          R      mAP50  m
                   all        548      38759      0.381      0.297      0.286      0.164

      Epoch    GPU_mem   box_loss   cls_loss   dfl_loss  Instances       Size
     18/100       2.7G      1.466      1.157      1.015        136        640: 1
                 Class     Images  Instances      Box(P          R      mAP50  m
                   all        548      38759      0.391      0.303      0.292      0.168

      Epoch    GPU_mem   box_loss   cls_loss   dfl_loss  Instances       Size
     19/100       2.7G      1.461      1.148      1.013        300        640: 1
                 Class     Images  Instances      Box(P          R      mAP50  m
                   all        548      38759      0.414      0.309      0.306      0.177

      Epoch    GPU_mem   box_loss   cls_loss   dfl_loss  Instances       Size
     20/100       2.7G      1.449      1.137      1.012        245        640: 1
                 Class     Images  Instances      Box(P          R      mAP50  m
                   all        548      38759      0.397      0.307      0.299      0.172

      Epoch    GPU_mem   box_loss   cls_loss   dfl_loss  Instances       Size
     21/100       2.7G      1.421      1.117      1.005        196        640: 1
                 Class     Images  Instances      Box(P          R      mAP50  m
                   all        548      38759      0.426      0.311      0.309      0.178

      Epoch    GPU_mem   box_loss   cls_loss   dfl_loss  Instances       Size
     22/100      2.71G      1.431       1.11     0.9971        224        640: 1
                 Class     Images  Instances      Box(P          R      mAP50  m
                   all        548      38759      0.408      0.324      0.312      0.181

      Epoch    GPU_mem   box_loss   cls_loss   dfl_loss  Instances       Size
     23/100      2.71G       1.41      1.091     0.9979         38        640: 1
                 Class     Images  Instances      Box(P          R      mAP50  m
                   all        548      38759      0.432       0.32      0.321      0.187

      Epoch    GPU_mem   box_loss   cls_loss   dfl_loss  Instances       Size
     24/100      2.71G      1.411      1.093     0.9985         50        640: 1
                 Class     Images  Instances      Box(P          R      mAP50  m
                   all        548      38759      0.438      0.327      0.324      0.189

      Epoch    GPU_mem   box_loss   cls_loss   dfl_loss  Instances       Size
     25/100      2.71G      1.403      1.081     0.9962        171        640: 1
                 Class     Images  Instances      Box(P          R      mAP50  m
                   all        548      38759      0.424      0.327      0.323      0.189

      Epoch    GPU_mem   box_loss   cls_loss   dfl_loss  Instances       Size
     26/100      2.71G      1.403      1.069     0.9905         90        640: 1
                 Class     Images  Instances      Box(P          R      mAP50  m
                   all        548      38759      0.442      0.324      0.326      0.191

      Epoch    GPU_mem   box_loss   cls_loss   dfl_loss  Instances       Size
     27/100      2.71G      1.397      1.065     0.9896         64        640: 1
                 Class     Images  Instances      Box(P          R      mAP50  m
                   all        548      38759      0.434      0.332      0.331      0.195

      Epoch    GPU_mem   box_loss   cls_loss   dfl_loss  Instances       Size
     28/100      2.71G      1.382      1.057     0.9935         83        640: 1
                 Class     Images  Instances      Box(P          R      mAP50  m
                   all        548      38759      0.441      0.331      0.327      0.194

      Epoch    GPU_mem   box_loss   cls_loss   dfl_loss  Instances       Size
     29/100      2.71G      1.384      1.054     0.9819        387        640: 1
                 Class     Images  Instances      Box(P          R      mAP50  m
                   all        548      38759      0.443      0.332      0.337      0.199

      Epoch    GPU_mem   box_loss   cls_loss   dfl_loss  Instances       Size
     30/100      2.71G      1.378      1.048     0.9843        172        640: 1
                 Class     Images  Instances      Box(P          R      mAP50  m
                   all        548      38759      0.455      0.339      0.339        0.2

      Epoch    GPU_mem   box_loss   cls_loss   dfl_loss  Instances       Size
     31/100      2.71G      1.361      1.034     0.9825        274        640: 1
                 Class     Images  Instances      Box(P          R      mAP50  m
                   all        548      38759      0.462      0.332      0.341      0.202

      Epoch    GPU_mem   box_loss   cls_loss   dfl_loss  Instances       Size
     32/100      2.71G      1.347      1.007     0.9776        257        640: 1
                 Class     Images  Instances      Box(P          R      mAP50  m
                   all        548      38759      0.452      0.342      0.342      0.203

      Epoch    GPU_mem   box_loss   cls_loss   dfl_loss  Instances       Size
     33/100      2.71G      1.349      1.018     0.9788        154        640: 1
                 Class     Images  Instances      Box(P          R      mAP50  m
                   all        548      38759      0.449      0.338      0.339      0.202

      Epoch    GPU_mem   box_loss   cls_loss   dfl_loss  Instances       Size
     34/100      2.71G      1.357      1.013     0.9796        105        640: 1
                 Class     Images  Instances      Box(P          R      mAP50  m
                   all        548      38759       0.46      0.345      0.351      0.207

      Epoch    GPU_mem   box_loss   cls_loss   dfl_loss  Instances       Size
     35/100      2.71G       1.35      1.009     0.9755        434        640: 1
                 Class     Images  Instances      Box(P          R      mAP50  m
                   all        548      38759      0.456      0.347      0.349      0.207

      Epoch    GPU_mem   box_loss   cls_loss   dfl_loss  Instances       Size
     36/100      2.71G      1.339      1.001     0.9763        358        640: 1
                 Class     Images  Instances      Box(P          R      mAP50  m
                   all        548      38759       0.46      0.345       0.35      0.209

      Epoch    GPU_mem   box_loss   cls_loss   dfl_loss  Instances       Size
     37/100      2.71G      1.341      1.002     0.9715        274        640: 1
                 Class     Images  Instances      Box(P          R      mAP50  m
                   all        548      38759      0.475      0.348      0.358      0.212

      Epoch    GPU_mem   box_loss   cls_loss   dfl_loss  Instances       Size
     38/100      2.71G      1.327      0.988     0.9698        152        640: 1
                 Class     Images  Instances      Box(P          R      mAP50  m
                   all        548      38759      0.467      0.347      0.354      0.211

      Epoch    GPU_mem   box_loss   cls_loss   dfl_loss  Instances       Size
     39/100      2.71G      1.335     0.9876     0.9667        209        640: 1
                 Class     Images  Instances      Box(P          R      mAP50  m
                   all        548      38759       0.47      0.353      0.358      0.214

      Epoch    GPU_mem   box_loss   cls_loss   dfl_loss  Instances       Size
     40/100      2.71G      1.334      0.979     0.9696         64        640: 1
                 Class     Images  Instances      Box(P          R      mAP50  m
                   all        548      38759      0.479      0.353      0.359      0.214

      Epoch    GPU_mem   box_loss   cls_loss   dfl_loss  Instances       Size
     41/100      2.71G       1.32     0.9713     0.9635        199        640: 1
                 Class     Images  Instances      Box(P          R      mAP50  m
                   all        548      38759       0.47      0.357      0.359      0.214

      Epoch    GPU_mem   box_loss   cls_loss   dfl_loss  Instances       Size
     42/100      2.71G      1.308     0.9589     0.9619        233        640: 1
                 Class     Images  Instances      Box(P          R      mAP50  m
                   all        548      38759      0.474      0.362      0.364      0.216

      Epoch    GPU_mem   box_loss   cls_loss   dfl_loss  Instances       Size
     43/100      2.71G      1.314     0.9671     0.9658        175        640: 1
                 Class     Images  Instances      Box(P          R      mAP50  m
                   all        548      38759      0.482      0.353      0.361      0.216

      Epoch    GPU_mem   box_loss   cls_loss   dfl_loss  Instances       Size
     44/100      2.71G      1.313     0.9578     0.9641         89        640: 1
                 Class     Images  Instances      Box(P          R      mAP50  m
                   all        548      38759      0.495      0.353      0.367       0.22

      Epoch    GPU_mem   box_loss   cls_loss   dfl_loss  Instances       Size
     45/100      2.71G      1.294      0.951      0.961        156        640: 1
                 Class     Images  Instances      Box(P          R      mAP50  m
                   all        548      38759      0.479      0.357      0.369      0.222

      Epoch    GPU_mem   box_loss   cls_loss   dfl_loss  Instances       Size
     46/100      2.71G       1.29     0.9514     0.9653         61        640: 1
                 Class     Images  Instances      Box(P          R      mAP50  m
                   all        548      38759      0.499      0.355      0.372      0.221

      Epoch    GPU_mem   box_loss   cls_loss   dfl_loss  Instances       Size
     47/100      2.71G      1.293     0.9425     0.9583        212        640: 1
                 Class     Images  Instances      Box(P          R      mAP50  m
                   all        548      38759      0.492      0.361      0.375      0.224

      Epoch    GPU_mem   box_loss   cls_loss   dfl_loss  Instances       Size
     48/100      2.71G      1.288     0.9425      0.959        239        640: 1
                 Class     Images  Instances      Box(P          R      mAP50  m
                   all        548      38759      0.498      0.357      0.373      0.224

      Epoch    GPU_mem   box_loss   cls_loss   dfl_loss  Instances       Size
     49/100      2.75G      1.287     0.9354     0.9569        258        640: 1
                 Class     Images  Instances      Box(P          R      mAP50  m
                   all        548      38759      0.501      0.363      0.378      0.227

      Epoch    GPU_mem   box_loss   cls_loss   dfl_loss  Instances       Size
     50/100      2.75G      1.279     0.9296     0.9523        257        640: 1
                 Class     Images  Instances      Box(P          R      mAP50  m
                   all        548      38759      0.485      0.364      0.376      0.227

      Epoch    GPU_mem   box_loss   cls_loss   dfl_loss  Instances       Size
     51/100      2.75G      1.278      0.916     0.9581         94        640: 1
                 Class     Images  Instances      Box(P          R      mAP50  m
                   all        548      38759      0.494      0.362      0.377      0.227

      Epoch    GPU_mem   box_loss   cls_loss   dfl_loss  Instances       Size
     52/100      2.75G      1.277     0.9276     0.9556        292        640: 1
                 Class     Images  Instances      Box(P          R      mAP50  m
                   all        548      38759      0.493       0.37      0.382      0.229

      Epoch    GPU_mem   box_loss   cls_loss   dfl_loss  Instances       Size
     53/100      2.75G      1.277     0.9177     0.9494        141        640: 1
                 Class     Images  Instances      Box(P          R      mAP50  m
                   all        548      38759      0.491      0.367       0.38      0.228

      Epoch    GPU_mem   box_loss   cls_loss   dfl_loss  Instances       Size
     54/100      2.75G      1.267      0.924     0.9522        120        640: 1
                 Class     Images  Instances      Box(P          R      mAP50  m
                   all        548      38759      0.493      0.369      0.381      0.229

      Epoch    GPU_mem   box_loss   cls_loss   dfl_loss  Instances       Size
     55/100      2.75G      1.272     0.9148     0.9546        206        640: 1
                 Class     Images  Instances      Box(P          R      mAP50  m
                   all        548      38759      0.495      0.369      0.383       0.23

      Epoch    GPU_mem   box_loss   cls_loss   dfl_loss  Instances       Size
     56/100      2.75G      1.262     0.9116     0.9538        115        640: 1
                 Class     Images  Instances      Box(P          R      mAP50  m
                   all        548      38759      0.486      0.376      0.384      0.231

      Epoch    GPU_mem   box_loss   cls_loss   dfl_loss  Instances       Size
     57/100      2.75G       1.26      0.894     0.9497         61        640: 1
                 Class     Images  Instances      Box(P          R      mAP50  m
                   all        548      38759      0.491      0.371      0.385      0.233

      Epoch    GPU_mem   box_loss   cls_loss   dfl_loss  Instances       Size
     58/100      2.75G      1.272     0.9127     0.9485        303        640: 1
                 Class     Images  Instances      Box(P          R      mAP50  m
                   all        548      38759        0.5      0.375      0.385      0.233

      Epoch    GPU_mem   box_loss   cls_loss   dfl_loss  Instances       Size
     59/100      2.75G      1.245     0.8941     0.9475        107        640: 1
                 Class     Images  Instances      Box(P          R      mAP50  m
                   all        548      38759      0.501      0.376       0.39      0.235

      Epoch    GPU_mem   box_loss   cls_loss   dfl_loss  Instances       Size
     60/100      2.75G      1.254     0.8927     0.9457        121        640: 1
                 Class     Images  Instances      Box(P          R      mAP50  m
                   all        548      38759        0.5      0.383       0.39      0.236

      Epoch    GPU_mem   box_loss   cls_loss   dfl_loss  Instances       Size
     61/100      2.75G      1.252     0.8881     0.9479        203        640: 1
                 Class     Images  Instances      Box(P          R      mAP50  m
                   all        548      38759      0.507      0.379      0.394      0.238

      Epoch    GPU_mem   box_loss   cls_loss   dfl_loss  Instances       Size
     62/100      2.75G      1.258     0.8955     0.9456        166        640: 1
                 Class     Images  Instances      Box(P          R      mAP50  m
                   all        548      38759      0.505      0.379      0.393      0.238

      Epoch    GPU_mem   box_loss   cls_loss   dfl_loss  Instances       Size
     63/100      2.75G      1.249     0.8818     0.9456         99        640: 1
                 Class     Images  Instances      Box(P          R      mAP50  m
                   all        548      38759      0.509       0.38      0.393      0.237

      Epoch    GPU_mem   box_loss   cls_loss   dfl_loss  Instances       Size
     64/100      2.75G      1.243     0.8832     0.9492         92        640: 1
                 Class     Images  Instances      Box(P          R      mAP50  m
                   all        548      38759      0.504      0.384      0.395      0.239

      Epoch    GPU_mem   box_loss   cls_loss   dfl_loss  Instances       Size
     65/100      2.75G       1.24     0.8791     0.9466         86        640: 1
                 Class     Images  Instances      Box(P          R      mAP50  m
                   all        548      38759      0.516      0.378      0.395       0.24

      Epoch    GPU_mem   box_loss   cls_loss   dfl_loss  Instances       Size
     66/100      2.75G      1.237     0.8729     0.9461        191        640: 1
                 Class     Images  Instances      Box(P          R      mAP50  m
                   all        548      38759       0.51      0.384      0.395       0.24

      Epoch    GPU_mem   box_loss   cls_loss   dfl_loss  Instances       Size
     67/100      2.75G      1.241     0.8746     0.9435        160        640: 1
                 Class     Images  Instances      Box(P          R      mAP50  m
                   all        548      38759      0.503      0.386      0.394      0.241

      Epoch    GPU_mem   box_loss   cls_loss   dfl_loss  Instances       Size
     68/100      2.75G      1.229     0.8598     0.9411        226        640: 1
                 Class     Images  Instances      Box(P          R      mAP50  m
                   all        548      38759      0.506      0.386      0.396      0.241

      Epoch    GPU_mem   box_loss   cls_loss   dfl_loss  Instances       Size
     69/100      2.75G      1.235     0.8662     0.9394         73        640: 1
                 Class     Images  Instances      Box(P          R      mAP50  m
                   all        548      38759      0.506      0.388      0.399      0.242

      Epoch    GPU_mem   box_loss   cls_loss   dfl_loss  Instances       Size
     70/100      2.75G      1.233     0.8549     0.9385         88        640: 1
                 Class     Images  Instances      Box(P          R      mAP50  m
                   all        548      38759      0.504      0.389      0.399      0.242

      Epoch    GPU_mem   box_loss   cls_loss   dfl_loss  Instances       Size
     71/100      2.75G      1.233     0.8589     0.9377         91        640: 1
                 Class     Images  Instances      Box(P          R      mAP50  m
                   all        548      38759      0.521      0.383        0.4      0.243

      Epoch    GPU_mem   box_loss   cls_loss   dfl_loss  Instances       Size
     72/100      2.75G      1.234     0.8527     0.9422         92        640: 1
                 Class     Images  Instances      Box(P          R      mAP50  m
                   all        548      38759      0.515      0.386        0.4      0.243

      Epoch    GPU_mem   box_loss   cls_loss   dfl_loss  Instances       Size
     73/100      2.75G      1.231     0.8537     0.9371         45        640: 1
                 Class     Images  Instances      Box(P          R      mAP50  m
                   all        548      38759      0.513      0.388      0.402      0.244

      Epoch    GPU_mem   box_loss   cls_loss   dfl_loss  Instances       Size
     74/100      2.75G      1.222     0.8468     0.9353        145        640: 1
                 Class     Images  Instances      Box(P          R      mAP50  m
                   all        548      38759      0.512       0.39      0.402      0.244

      Epoch    GPU_mem   box_loss   cls_loss   dfl_loss  Instances       Size
     75/100      2.75G      1.212     0.8408     0.9358         57        640: 1
                 Class     Images  Instances      Box(P          R      mAP50  m
                   all        548      38759      0.509      0.392      0.401      0.245

      Epoch    GPU_mem   box_loss   cls_loss   dfl_loss  Instances       Size
     76/100      2.75G      1.213     0.8396     0.9393         57        640: 1
                 Class     Images  Instances      Box(P          R      mAP50  m
                   all        548      38759      0.516      0.385        0.4      0.244

      Epoch    GPU_mem   box_loss   cls_loss   dfl_loss  Instances       Size
     77/100      2.75G      1.211     0.8383     0.9333        222        640: 1
                 Class     Images  Instances      Box(P          R      mAP50  m
                   all        548      38759       0.51      0.387      0.401      0.245

      Epoch    GPU_mem   box_loss   cls_loss   dfl_loss  Instances       Size
     78/100      2.75G      1.211     0.8409     0.9354         58        640: 1
                 Class     Images  Instances      Box(P          R      mAP50  m
                   all        548      38759      0.512      0.392      0.404      0.246

      Epoch    GPU_mem   box_loss   cls_loss   dfl_loss  Instances       Size
     79/100      2.75G      1.204     0.8301     0.9349        135        640: 1
                 Class     Images  Instances      Box(P          R      mAP50  m
                   all        548      38759      0.504      0.396      0.403      0.245

      Epoch    GPU_mem   box_loss   cls_loss   dfl_loss  Instances       Size
     80/100      2.75G      1.203     0.8273     0.9291        113        640: 1
                 Class     Images  Instances      Box(P          R      mAP50  m
                   all        548      38759      0.505      0.397      0.404      0.246

      Epoch    GPU_mem   box_loss   cls_loss   dfl_loss  Instances       Size
     81/100      2.75G      1.213     0.8317     0.9367         98        640: 1
                 Class     Images  Instances      Box(P          R      mAP50  m
                   all        548      38759      0.512      0.393      0.404      0.245

      Epoch    GPU_mem   box_loss   cls_loss   dfl_loss  Instances       Size
     82/100      2.75G      1.213     0.8336     0.9341        109        640: 1
                 Class     Images  Instances      Box(P          R      mAP50  m
                   all        548      38759      0.513      0.393      0.405      0.245

      Epoch    GPU_mem   box_loss   cls_loss   dfl_loss  Instances       Size
     83/100      2.75G      1.191     0.8181     0.9277        235        640: 1
                 Class     Images  Instances      Box(P          R      mAP50  m
                   all        548      38759      0.512      0.394      0.404      0.246

      Epoch    GPU_mem   box_loss   cls_loss   dfl_loss  Instances       Size
     84/100      2.75G      1.195     0.8197     0.9299        115        640: 1
                 Class     Images  Instances      Box(P          R      mAP50  m
                   all        548      38759       0.52       0.39      0.406      0.247

      Epoch    GPU_mem   box_loss   cls_loss   dfl_loss  Instances       Size
     85/100      2.75G      1.202     0.8188     0.9308         81        640: 1
                 Class     Images  Instances      Box(P          R      mAP50  m
                   all        548      38759      0.523      0.391      0.407      0.248

      Epoch    GPU_mem   box_loss   cls_loss   dfl_loss  Instances       Size
     86/100      2.75G      1.192     0.8116     0.9293         71        640: 1
                 Class     Images  Instances      Box(P          R      mAP50  m
                   all        548      38759      0.523      0.391      0.407      0.249

      Epoch    GPU_mem   box_loss   cls_loss   dfl_loss  Instances       Size
     87/100      2.75G      1.188     0.8144     0.9324        112        640: 1
                 Class     Images  Instances      Box(P          R      mAP50  m
                   all        548      38759      0.518      0.396      0.408      0.249

      Epoch    GPU_mem   box_loss   cls_loss   dfl_loss  Instances       Size
     88/100      2.75G      1.188     0.8058     0.9274        119        640: 1
                 Class     Images  Instances      Box(P          R      mAP50  m
                   all        548      38759      0.516      0.394      0.408      0.248

      Epoch    GPU_mem   box_loss   cls_loss   dfl_loss  Instances       Size
     89/100      2.75G      1.193     0.8089      0.929        226        640: 1
                 Class     Images  Instances      Box(P          R      mAP50  m
                   all        548      38759      0.523      0.394      0.408      0.249

      Epoch    GPU_mem   box_loss   cls_loss   dfl_loss  Instances       Size
     90/100      2.75G      1.189     0.8051     0.9264        170        640: 1
                 Class     Images  Instances      Box(P          R      mAP50  m
                   all        548      38759      0.523      0.396      0.408      0.249
Closing dataloader mosaic

      Epoch    GPU_mem   box_loss   cls_loss   dfl_loss  Instances       Size
     91/100      2.75G       1.18      0.781     0.9196        141        640: 1
                 Class     Images  Instances      Box(P          R      mAP50  m
                   all        548      38759      0.522      0.395      0.407      0.248

      Epoch    GPU_mem   box_loss   cls_loss   dfl_loss  Instances       Size
     92/100      2.75G       1.17      0.774     0.9188        141        640: 1
                 Class     Images  Instances      Box(P          R      mAP50  m
                   all        548      38759      0.519      0.396      0.407      0.248

      Epoch    GPU_mem   box_loss   cls_loss   dfl_loss  Instances       Size
     93/100      2.96G      1.187     0.7813     0.9198         40        640: 1
                 Class     Images  Instances      Box(P          R      mAP50  m
                   all        548      38759      0.519      0.394      0.407      0.248

      Epoch    GPU_mem   box_loss   cls_loss   dfl_loss  Instances       Size
     94/100      2.96G      1.177     0.7738     0.9153         54        640: 1
                 Class     Images  Instances      Box(P          R      mAP50  m
                   all        548      38759      0.519      0.395      0.407      0.248

      Epoch    GPU_mem   box_loss   cls_loss   dfl_loss  Instances       Size
     95/100      2.96G       1.17     0.7749     0.9195         68        640: 1
                 Class     Images  Instances      Box(P          R      mAP50  m
                   all        548      38759      0.519      0.393      0.408      0.249

      Epoch    GPU_mem   box_loss   cls_loss   dfl_loss  Instances       Size
     96/100      2.96G      1.158     0.7612     0.9158         57        640: 1
                 Class     Images  Instances      Box(P          R      mAP50  m
                   all        548      38759      0.518      0.397      0.408      0.249

      Epoch    GPU_mem   box_loss   cls_loss   dfl_loss  Instances       Size
     97/100      2.96G      1.169     0.7673     0.9206         51        640: 1
                 Class     Images  Instances      Box(P          R      mAP50  m
                   all        548      38759      0.519      0.399      0.408      0.249

      Epoch    GPU_mem   box_loss   cls_loss   dfl_loss  Instances       Size
     98/100      2.96G      1.172     0.7651     0.9159         87        640: 1
                 Class     Images  Instances      Box(P          R      mAP50  m
                   all        548      38759      0.515      0.399      0.408      0.249

      Epoch    GPU_mem   box_loss   cls_loss   dfl_loss  Instances       Size
     99/100      2.96G      1.162     0.7613     0.9181         84        640: 1
                 Class     Images  Instances      Box(P          R      mAP50  m
                   all        548      38759      0.515        0.4      0.409      0.249

      Epoch    GPU_mem   box_loss   cls_loss   dfl_loss  Instances       Size
    100/100      3.17G      1.159     0.7557     0.9169         69        640: 1
                 Class     Images  Instances      Box(P          R      mAP50  m
                   all        548      38759      0.516      0.399      0.408       0.25

100 epochs completed in 5.578 hours.
Optimizer stripped from .yolo-out/yolo11-vd-3/weights/last.pt, 40.5MB
Optimizer stripped from .yolo-out/yolo11-vd-3/weights/best.pt, 40.5MB

Validating .yolo-out/yolo11-vd-3/weights/best.pt...
Ultralytics 8.3.150 🚀 Python-3.13.2 torch-2.6.0+cu118 CUDA:0 (Tesla T4, 14913MiB)
                                                       CUDA:1 (Tesla T4, 14913MiB)
YOLO11m summary (fused): 125 layers, 20,037,742 parameters, 0 gradients, 67.7 GFLOPs
                 Class     Images  Instances      Box(P          R      mAP50  m
                   all        548      38759      0.515      0.399      0.408      0.249
            pedestrian        520       8844      0.554      0.395       0.43        0.2
                people        482       5125      0.595      0.264      0.327      0.128
               bicycle        364       1287      0.249      0.186      0.133     0.0568
                   car        515      14064       0.74      0.774      0.804       0.58
                   van        421       1975      0.506      0.483      0.475      0.339
                 truck        266        750      0.534      0.397      0.404      0.272
              tricycle        337       1045      0.448        0.3       0.29      0.163
       awning-tricycle        220        532      0.323       0.19      0.174      0.113
                   bus        131        251      0.701      0.546      0.604       0.44
                 motor        485       4886      0.497      0.461      0.445      0.202
Speed: 0.2ms preprocess, 5.9ms inference, 0.0ms loss, 1.2ms postprocess per image
Results saved to .yolo-out/yolo11-vd-3