Overriding model.yaml nc=80 with nc=8
WARNING ⚠️ no model scale passed. Assuming scale='m'.
Freezing layer 'model.20.dfl.conv.weight'
AMP: running Automatic Mixed Precision (AMP) checks...
AMP: checks passed ✅
train: Fast image access ✅ (ping: 0.0±0.0 ms, read: 159.7±15.1 MB/s, size: 51.5 KB)
train: Scanning /data2/jd1/datasets/SeaDronesSee/datasets/kitti/labels/train... 5985 images, 0 backgrounds, 0 corrupt: 100%|██████████| 5985/5985
train: New cache created: /data2/jd1/datasets/SeaDronesSee/datasets/kitti/labels/train.cache
val: Fast image access ✅ (ping: 0.0±0.0 ms, read: 148.6±27.4 MB/s, size: 46.3 KB)
val: Scanning /data2/jd1/datasets/SeaDronesSee/datasets/kitti/labels/val... 1496 images, 0 backgrounds, 0 corrupt: 100%|██████████| 1496/1496 [00
val: New cache created: /data2/jd1/datasets/SeaDronesSee/datasets/kitti/labels/val.cache
Plotting labels to yolo-kitti/yolo11a-kitti-1/labels.jpg...
optimizer: 'optimizer=auto' found, ignoring 'lr0=0.01' and 'momentum=0.937' and determining best 'optimizer', 'lr0' and 'momentum' automatically...
optimizer: AdamW(lr=0.000833, momentum=0.9) with parameter groups 95 weight(decay=0.0), 102 weight(decay=0.0005), 101 bias(decay=0.0)
Image sizes 640 train, 640 val
Using 16 dataloader workers
Logging results to yolo-kitti/yolo11a-kitti-1
Starting training for 100 epochs...

      Epoch    GPU_mem   box_loss   cls_loss   dfl_loss  Instances       Size
      1/100      5.79G      3.032      3.587       3.27          6        640: 100%|██████████| 375/375 [02:31<00:00,  2.48it/s]
                 Class     Images  Instances      Box(P          R      mAP50  mAP50-95): 100%|██████████| 94/94 [00:11<00:00,  8.06it/s]
                   all       1496       8128      0.332      0.117     0.0565      0.024

      Epoch    GPU_mem   box_loss   cls_loss   dfl_loss  Instances       Size
      2/100      6.09G      2.026      2.061      2.104          8        640: 100%|██████████| 375/375 [02:28<00:00,  2.52it/s]
                 Class     Images  Instances      Box(P          R      mAP50  mAP50-95): 100%|██████████| 94/94 [00:11<00:00,  8.05it/s]
                   all       1496       8128      0.321      0.194      0.174     0.0895

      Epoch    GPU_mem   box_loss   cls_loss   dfl_loss  Instances       Size
      3/100      6.14G      1.736      1.657      1.827          4        640: 100%|██████████| 375/375 [02:27<00:00,  2.54it/s]
                 Class     Images  Instances      Box(P          R      mAP50  mAP50-95): 100%|██████████| 94/94 [00:11<00:00,  7.93it/s]
                   all       1496       8128      0.508      0.238      0.252      0.132

      Epoch    GPU_mem   box_loss   cls_loss   dfl_loss  Instances       Size
      4/100      6.19G      1.589      1.479      1.697         14        640: 100%|██████████| 375/375 [02:26<00:00,  2.56it/s]
                 Class     Images  Instances      Box(P          R      mAP50  mAP50-95): 100%|██████████| 94/94 [00:11<00:00,  8.11it/s]
                   all       1496       8128      0.433      0.347      0.317      0.178

      Epoch    GPU_mem   box_loss   cls_loss   dfl_loss  Instances       Size
      5/100      6.23G      1.474      1.322      1.601          6        640: 100%|██████████| 375/375 [02:26<00:00,  2.56it/s]
                 Class     Images  Instances      Box(P          R      mAP50  mAP50-95): 100%|██████████| 94/94 [00:11<00:00,  8.16it/s]
                   all       1496       8128      0.432      0.388      0.388      0.224

      Epoch    GPU_mem   box_loss   cls_loss   dfl_loss  Instances       Size
      6/100      6.26G      1.411      1.225       1.54          5        640: 100%|██████████| 375/375 [02:26<00:00,  2.55it/s]
                 Class     Images  Instances      Box(P          R      mAP50  mAP50-95): 100%|██████████| 94/94 [00:11<00:00,  8.14it/s]
                   all       1496       8128      0.623      0.424      0.452      0.269

      Epoch    GPU_mem   box_loss   cls_loss   dfl_loss  Instances       Size
      7/100      6.32G       1.35      1.153      1.492         10        640: 100%|██████████| 375/375 [02:26<00:00,  2.55it/s]
                 Class     Images  Instances      Box(P          R      mAP50  mAP50-95): 100%|██████████| 94/94 [00:11<00:00,  8.16it/s]
                   all       1496       8128      0.571      0.463       0.48      0.282

      Epoch    GPU_mem   box_loss   cls_loss   dfl_loss  Instances       Size
      8/100      6.36G      1.308        1.1      1.467         13        640: 100%|██████████| 375/375 [02:26<00:00,  2.56it/s]
                 Class     Images  Instances      Box(P          R      mAP50  mAP50-95): 100%|██████████| 94/94 [00:11<00:00,  8.07it/s]
                   all       1496       8128      0.586      0.496       0.52      0.309

      Epoch    GPU_mem   box_loss   cls_loss   dfl_loss  Instances       Size
      9/100      6.41G       1.26      1.038      1.427         18        640: 100%|██████████| 375/375 [02:29<00:00,  2.50it/s]
                 Class     Images  Instances      Box(P          R      mAP50  mAP50-95): 100%|██████████| 94/94 [00:12<00:00,  7.79it/s]
                   all       1496       8128      0.611      0.494      0.537       0.33

      Epoch    GPU_mem   box_loss   cls_loss   dfl_loss  Instances       Size
     10/100      6.44G      1.234     0.9991      1.404          9        640: 100%|██████████| 375/375 [02:28<00:00,  2.53it/s]
                 Class     Images  Instances      Box(P          R      mAP50  mAP50-95): 100%|██████████| 94/94 [00:12<00:00,  7.39it/s]
                   all       1496       8128      0.611      0.573        0.6      0.369

      Epoch    GPU_mem   box_loss   cls_loss   dfl_loss  Instances       Size
     11/100      6.68G      1.206     0.9617      1.378          5        640: 100%|██████████| 375/375 [02:29<00:00,  2.51it/s]
                 Class     Images  Instances      Box(P          R      mAP50  mAP50-95): 100%|██████████| 94/94 [00:12<00:00,  7.41it/s]
                   all       1496       8128      0.714      0.512      0.577      0.358

      Epoch    GPU_mem   box_loss   cls_loss   dfl_loss  Instances       Size
     12/100      6.72G      1.187     0.9423       1.37         16        640: 100%|██████████| 375/375 [02:26<00:00,  2.55it/s]
                 Class     Images  Instances      Box(P          R      mAP50  mAP50-95): 100%|██████████| 94/94 [00:11<00:00,  8.14it/s]
                   all       1496       8128      0.727      0.543      0.622      0.383

      Epoch    GPU_mem   box_loss   cls_loss   dfl_loss  Instances       Size
     13/100      6.77G      1.166     0.9106      1.354          4        640: 100%|██████████| 375/375 [02:27<00:00,  2.55it/s]
                 Class     Images  Instances      Box(P          R      mAP50  mAP50-95): 100%|██████████| 94/94 [00:11<00:00,  8.12it/s]
                   all       1496       8128      0.677      0.551      0.622      0.397

      Epoch    GPU_mem   box_loss   cls_loss   dfl_loss  Instances       Size
     14/100      6.79G      1.137     0.8851      1.338          7        640: 100%|██████████| 375/375 [02:26<00:00,  2.55it/s]
                 Class     Images  Instances      Box(P          R      mAP50  mAP50-95): 100%|██████████| 94/94 [00:12<00:00,  7.64it/s]
                   all       1496       8128      0.765       0.56      0.658      0.431

      Epoch    GPU_mem   box_loss   cls_loss   dfl_loss  Instances       Size
     15/100      6.86G      1.138     0.8783      1.332          4        640: 100%|██████████| 375/375 [02:28<00:00,  2.53it/s]
                 Class     Images  Instances      Box(P          R      mAP50  mAP50-95): 100%|██████████| 94/94 [00:11<00:00,  8.18it/s]
                   all       1496       8128       0.74      0.608      0.686       0.45

      Epoch    GPU_mem   box_loss   cls_loss   dfl_loss  Instances       Size
     16/100      7.37G      1.098     0.8433      1.307          9        640: 100%|██████████| 375/375 [02:26<00:00,  2.56it/s]
                 Class     Images  Instances      Box(P          R      mAP50  mAP50-95): 100%|██████████| 94/94 [00:11<00:00,  8.21it/s]
                   all       1496       8128      0.738      0.602      0.682      0.451

      Epoch    GPU_mem   box_loss   cls_loss   dfl_loss  Instances       Size
     17/100       6.2G      1.091     0.8235      1.299         11        640: 100%|██████████| 375/375 [02:27<00:00,  2.55it/s]
                 Class     Images  Instances      Box(P          R      mAP50  mAP50-95): 100%|██████████| 94/94 [00:11<00:00,  8.14it/s]
                   all       1496       8128       0.69      0.644        0.7      0.466

      Epoch    GPU_mem   box_loss   cls_loss   dfl_loss  Instances       Size
     18/100       6.2G      1.077     0.8074      1.288         17        640: 100%|██████████| 375/375 [02:27<00:00,  2.55it/s]
                 Class     Images  Instances      Box(P          R      mAP50  mAP50-95): 100%|██████████| 94/94 [00:11<00:00,  8.19it/s]
                   all       1496       8128      0.751      0.638       0.72      0.478

      Epoch    GPU_mem   box_loss   cls_loss   dfl_loss  Instances       Size
     19/100       6.2G      1.073     0.8019      1.285          7        640: 100%|██████████| 375/375 [02:26<00:00,  2.56it/s]
                 Class     Images  Instances      Box(P          R      mAP50  mAP50-95): 100%|██████████| 94/94 [00:11<00:00,  8.20it/s]
                   all       1496       8128       0.74      0.665      0.724      0.479

      Epoch    GPU_mem   box_loss   cls_loss   dfl_loss  Instances       Size
     20/100       6.2G      1.055     0.7856      1.275          5        640: 100%|██████████| 375/375 [02:27<00:00,  2.54it/s]
                 Class     Images  Instances      Box(P          R      mAP50  mAP50-95): 100%|██████████| 94/94 [00:11<00:00,  8.19it/s]
                   all       1496       8128       0.74      0.645      0.739       0.49

      Epoch    GPU_mem   box_loss   cls_loss   dfl_loss  Instances       Size
     21/100       6.2G      1.033     0.7631      1.258         10        640: 100%|██████████| 375/375 [02:26<00:00,  2.56it/s]
                 Class     Images  Instances      Box(P          R      mAP50  mAP50-95): 100%|██████████| 94/94 [00:11<00:00,  8.21it/s]
                   all       1496       8128      0.796      0.648      0.754      0.506

      Epoch    GPU_mem   box_loss   cls_loss   dfl_loss  Instances       Size
     22/100       6.4G       1.02     0.7526      1.249         16        640: 100%|██████████| 375/375 [02:26<00:00,  2.55it/s]
                 Class     Images  Instances      Box(P          R      mAP50  mAP50-95): 100%|██████████| 94/94 [00:11<00:00,  8.22it/s]
                   all       1496       8128      0.756      0.661      0.755       0.51

      Epoch    GPU_mem   box_loss   cls_loss   dfl_loss  Instances       Size
     23/100       6.4G       1.01     0.7447      1.245          5        640: 100%|██████████| 375/375 [02:26<00:00,  2.56it/s]
                 Class     Images  Instances      Box(P          R      mAP50  mAP50-95): 100%|██████████| 94/94 [00:11<00:00,  8.21it/s]
                   all       1496       8128      0.766      0.694      0.769      0.521

      Epoch    GPU_mem   box_loss   cls_loss   dfl_loss  Instances       Size
     24/100      6.45G     0.9984     0.7297      1.232          6        640: 100%|██████████| 375/375 [02:26<00:00,  2.56it/s]
                 Class     Images  Instances      Box(P          R      mAP50  mAP50-95): 100%|██████████| 94/94 [00:11<00:00,  8.16it/s]
                   all       1496       8128      0.769      0.685      0.773      0.526

      Epoch    GPU_mem   box_loss   cls_loss   dfl_loss  Instances       Size
     25/100      6.49G     0.9814     0.7078      1.226         14        640: 100%|██████████| 375/375 [02:26<00:00,  2.56it/s]
                 Class     Images  Instances      Box(P          R      mAP50  mAP50-95): 100%|██████████| 94/94 [00:11<00:00,  8.21it/s]
                   all       1496       8128      0.775      0.715      0.792      0.547

      Epoch    GPU_mem   box_loss   cls_loss   dfl_loss  Instances       Size
     26/100      6.52G     0.9881     0.7108      1.227          9        640: 100%|██████████| 375/375 [02:26<00:00,  2.55it/s]
                 Class     Images  Instances      Box(P          R      mAP50  mAP50-95): 100%|██████████| 94/94 [00:11<00:00,  8.20it/s]
                   all       1496       8128      0.793      0.709      0.792      0.543

      Epoch    GPU_mem   box_loss   cls_loss   dfl_loss  Instances       Size
     27/100      6.58G     0.9795     0.7079      1.226         10        640: 100%|██████████| 375/375 [02:26<00:00,  2.56it/s]
                 Class     Images  Instances      Box(P          R      mAP50  mAP50-95): 100%|██████████| 94/94 [00:11<00:00,  8.22it/s]
                   all       1496       8128      0.767      0.725       0.79      0.541

      Epoch    GPU_mem   box_loss   cls_loss   dfl_loss  Instances       Size
     28/100      6.63G     0.9745     0.6942      1.215         13        640: 100%|██████████| 375/375 [02:27<00:00,  2.55it/s]
                 Class     Images  Instances      Box(P          R      mAP50  mAP50-95): 100%|██████████| 94/94 [00:11<00:00,  8.25it/s]
                   all       1496       8128      0.792      0.718      0.791      0.553

      Epoch    GPU_mem   box_loss   cls_loss   dfl_loss  Instances       Size
     29/100      6.67G     0.9719     0.6902      1.205          8        640: 100%|██████████| 375/375 [02:27<00:00,  2.55it/s]
                 Class     Images  Instances      Box(P          R      mAP50  mAP50-95): 100%|██████████| 94/94 [00:11<00:00,  8.21it/s]
                   all       1496       8128      0.814      0.727      0.816      0.562

      Epoch    GPU_mem   box_loss   cls_loss   dfl_loss  Instances       Size
     30/100       6.7G     0.9483     0.6778      1.197         19        640: 100%|██████████| 375/375 [02:27<00:00,  2.54it/s]
                 Class     Images  Instances      Box(P          R      mAP50  mAP50-95): 100%|██████████| 94/94 [00:11<00:00,  8.21it/s]
                   all       1496       8128      0.785      0.738      0.809      0.561

      Epoch    GPU_mem   box_loss   cls_loss   dfl_loss  Instances       Size
     31/100      6.77G     0.9455     0.6656      1.195         16        640: 100%|██████████| 375/375 [02:28<00:00,  2.52it/s]
                 Class     Images  Instances      Box(P          R      mAP50  mAP50-95): 100%|██████████| 94/94 [00:11<00:00,  8.22it/s]
                   all       1496       8128      0.822      0.742      0.829      0.579

      Epoch    GPU_mem   box_loss   cls_loss   dfl_loss  Instances       Size
     32/100      6.99G     0.9376     0.6552      1.192          7        640: 100%|██████████| 375/375 [02:28<00:00,  2.53it/s]
                 Class     Images  Instances      Box(P          R      mAP50  mAP50-95): 100%|██████████| 94/94 [00:11<00:00,  8.20it/s]
                   all       1496       8128       0.83      0.732      0.816      0.573

      Epoch    GPU_mem   box_loss   cls_loss   dfl_loss  Instances       Size
     33/100      7.03G     0.9394     0.6607      1.193          3        640: 100%|██████████| 375/375 [02:26<00:00,  2.55it/s]
                 Class     Images  Instances      Box(P          R      mAP50  mAP50-95): 100%|██████████| 94/94 [00:11<00:00,  8.18it/s]
                   all       1496       8128      0.802      0.741      0.818       0.58

      Epoch    GPU_mem   box_loss   cls_loss   dfl_loss  Instances       Size
     34/100      7.06G     0.9164     0.6342      1.169          6        640: 100%|██████████| 375/375 [02:27<00:00,  2.55it/s]
                 Class     Images  Instances      Box(P          R      mAP50  mAP50-95): 100%|██████████| 94/94 [00:11<00:00,  8.23it/s]
                   all       1496       8128        0.8      0.737      0.823      0.584

      Epoch    GPU_mem   box_loss   cls_loss   dfl_loss  Instances       Size
     35/100      7.12G     0.9253     0.6409      1.182         17        640: 100%|██████████| 375/375 [02:27<00:00,  2.55it/s]
                 Class     Images  Instances      Box(P          R      mAP50  mAP50-95): 100%|██████████| 94/94 [00:11<00:00,  8.21it/s]
                   all       1496       8128      0.814      0.763      0.838      0.593

      Epoch    GPU_mem   box_loss   cls_loss   dfl_loss  Instances       Size
     36/100      7.17G     0.9149     0.6366      1.175          5        640: 100%|██████████| 375/375 [02:27<00:00,  2.54it/s]
                 Class     Images  Instances      Box(P          R      mAP50  mAP50-95): 100%|██████████| 94/94 [00:11<00:00,  8.20it/s]
                   all       1496       8128      0.745      0.781      0.824      0.584

      Epoch    GPU_mem   box_loss   cls_loss   dfl_loss  Instances       Size
     37/100      7.42G     0.8869     0.6148      1.156         20        640: 100%|██████████| 375/375 [02:27<00:00,  2.54it/s]
                 Class     Images  Instances      Box(P          R      mAP50  mAP50-95): 100%|██████████| 94/94 [00:11<00:00,  8.21it/s]
                   all       1496       8128      0.812      0.769      0.834      0.594

      Epoch    GPU_mem   box_loss   cls_loss   dfl_loss  Instances       Size
     38/100       6.3G     0.8901      0.613      1.154          4        640: 100%|██████████| 375/375 [02:26<00:00,  2.56it/s]
                 Class     Images  Instances      Box(P          R      mAP50  mAP50-95): 100%|██████████| 94/94 [00:11<00:00,  8.25it/s]
                   all       1496       8128      0.832       0.78      0.848      0.601

      Epoch    GPU_mem   box_loss   cls_loss   dfl_loss  Instances       Size
     39/100       6.3G     0.8866     0.6109      1.153          5        640: 100%|██████████| 375/375 [02:26<00:00,  2.56it/s]
                 Class     Images  Instances      Box(P          R      mAP50  mAP50-95): 100%|██████████| 94/94 [00:11<00:00,  8.23it/s]
                   all       1496       8128      0.802      0.781      0.838      0.603

      Epoch    GPU_mem   box_loss   cls_loss   dfl_loss  Instances       Size
     40/100       6.3G     0.8799     0.6043      1.152          8        640: 100%|██████████| 375/375 [02:26<00:00,  2.56it/s]
                 Class     Images  Instances      Box(P          R      mAP50  mAP50-95): 100%|██████████| 94/94 [00:11<00:00,  8.23it/s]
                   all       1496       8128      0.807      0.774      0.847      0.606

      Epoch    GPU_mem   box_loss   cls_loss   dfl_loss  Instances       Size
     41/100       6.3G     0.8833     0.6066      1.154         19        640: 100%|██████████| 375/375 [02:26<00:00,  2.56it/s]
                 Class     Images  Instances      Box(P          R      mAP50  mAP50-95): 100%|██████████| 94/94 [00:11<00:00,  8.22it/s]
                   all       1496       8128      0.834      0.776      0.852      0.615

      Epoch    GPU_mem   box_loss   cls_loss   dfl_loss  Instances       Size
     42/100       6.3G     0.8711     0.5931      1.143          7        640: 100%|██████████| 375/375 [02:26<00:00,  2.55it/s]
                 Class     Images  Instances      Box(P          R      mAP50  mAP50-95): 100%|██████████| 94/94 [00:11<00:00,  8.23it/s]
                   all       1496       8128      0.871      0.765       0.86      0.621

      Epoch    GPU_mem   box_loss   cls_loss   dfl_loss  Instances       Size
     43/100       6.3G     0.8623     0.5908      1.139         21        640: 100%|██████████| 375/375 [02:26<00:00,  2.55it/s]
                 Class     Images  Instances      Box(P          R      mAP50  mAP50-95): 100%|██████████| 94/94 [00:11<00:00,  8.21it/s]
                   all       1496       8128      0.849      0.789      0.856      0.617

      Epoch    GPU_mem   box_loss   cls_loss   dfl_loss  Instances       Size
     44/100       6.5G     0.8595     0.5816      1.132          1        640: 100%|██████████| 375/375 [02:27<00:00,  2.55it/s]
                 Class     Images  Instances      Box(P          R      mAP50  mAP50-95): 100%|██████████| 94/94 [00:11<00:00,  8.20it/s]
                   all       1496       8128      0.861       0.77      0.865      0.624

      Epoch    GPU_mem   box_loss   cls_loss   dfl_loss  Instances       Size
     45/100       6.5G     0.8531      0.575       1.13          5        640: 100%|██████████| 375/375 [02:27<00:00,  2.55it/s]
                 Class     Images  Instances      Box(P          R      mAP50  mAP50-95): 100%|██████████| 94/94 [00:11<00:00,  8.24it/s]
                   all       1496       8128      0.835      0.781      0.867      0.632

      Epoch    GPU_mem   box_loss   cls_loss   dfl_loss  Instances       Size
     46/100       6.5G     0.8513     0.5761      1.131          6        640: 100%|██████████| 375/375 [02:27<00:00,  2.55it/s]
                 Class     Images  Instances      Box(P          R      mAP50  mAP50-95): 100%|██████████| 94/94 [00:11<00:00,  8.22it/s]
                   all       1496       8128      0.879      0.756      0.864      0.629

      Epoch    GPU_mem   box_loss   cls_loss   dfl_loss  Instances       Size
     47/100      6.54G      0.839     0.5662      1.121         20        640: 100%|██████████| 375/375 [02:28<00:00,  2.52it/s]
                 Class     Images  Instances      Box(P          R      mAP50  mAP50-95): 100%|██████████| 94/94 [00:11<00:00,  8.22it/s]
                   all       1496       8128      0.853      0.811      0.878      0.639

      Epoch    GPU_mem   box_loss   cls_loss   dfl_loss  Instances       Size
     48/100      6.59G     0.8377     0.5585      1.121          9        640: 100%|██████████| 375/375 [02:27<00:00,  2.55it/s]
                 Class     Images  Instances      Box(P          R      mAP50  mAP50-95): 100%|██████████| 94/94 [00:11<00:00,  8.21it/s]
                   all       1496       8128      0.862      0.797       0.88      0.645

      Epoch    GPU_mem   box_loss   cls_loss   dfl_loss  Instances       Size
     49/100      6.64G     0.8308     0.5603      1.119         14        640: 100%|██████████| 375/375 [02:26<00:00,  2.56it/s]
                 Class     Images  Instances      Box(P          R      mAP50  mAP50-95): 100%|██████████| 94/94 [00:11<00:00,  8.24it/s]
                   all       1496       8128      0.842      0.794      0.865      0.637

      Epoch    GPU_mem   box_loss   cls_loss   dfl_loss  Instances       Size
     50/100      6.66G     0.8242     0.5504      1.116         16        640: 100%|██████████| 375/375 [02:27<00:00,  2.55it/s]
                 Class     Images  Instances      Box(P          R      mAP50  mAP50-95): 100%|██████████| 94/94 [00:11<00:00,  8.19it/s]
                   all       1496       8128      0.859       0.81      0.876      0.642

      Epoch    GPU_mem   box_loss   cls_loss   dfl_loss  Instances       Size
     51/100      6.73G     0.8188     0.5442      1.114          5        640: 100%|██████████| 375/375 [02:26<00:00,  2.55it/s]
                 Class     Images  Instances      Box(P          R      mAP50  mAP50-95): 100%|██████████| 94/94 [00:11<00:00,  8.23it/s]
                   all       1496       8128       0.87       0.79       0.87      0.641

      Epoch    GPU_mem   box_loss   cls_loss   dfl_loss  Instances       Size
     52/100      6.78G     0.8164     0.5448       1.11         10        640: 100%|██████████| 375/375 [02:26<00:00,  2.56it/s]
                 Class     Images  Instances      Box(P          R      mAP50  mAP50-95): 100%|██████████| 94/94 [00:11<00:00,  8.22it/s]
                   all       1496       8128       0.85      0.809       0.87      0.645

      Epoch    GPU_mem   box_loss   cls_loss   dfl_loss  Instances       Size
     53/100      6.82G     0.8126     0.5408      1.102          4        640: 100%|██████████| 375/375 [02:26<00:00,  2.56it/s]
                 Class     Images  Instances      Box(P          R      mAP50  mAP50-95): 100%|██████████| 94/94 [00:11<00:00,  8.23it/s]
                   all       1496       8128      0.898      0.792      0.874      0.649

      Epoch    GPU_mem   box_loss   cls_loss   dfl_loss  Instances       Size
     54/100      7.01G     0.8031     0.5322      1.099          2        640: 100%|██████████| 375/375 [02:26<00:00,  2.56it/s]
                 Class     Images  Instances      Box(P          R      mAP50  mAP50-95): 100%|██████████| 94/94 [00:11<00:00,  8.22it/s]
                   all       1496       8128      0.879      0.795      0.873      0.644

      Epoch    GPU_mem   box_loss   cls_loss   dfl_loss  Instances       Size
     55/100      7.08G     0.7955     0.5272      1.091          6        640: 100%|██████████| 375/375 [02:26<00:00,  2.56it/s]
                 Class     Images  Instances      Box(P          R      mAP50  mAP50-95): 100%|██████████| 94/94 [00:11<00:00,  7.86it/s]
                   all       1496       8128      0.877       0.81      0.888      0.654

      Epoch    GPU_mem   box_loss   cls_loss   dfl_loss  Instances       Size
     56/100      7.13G     0.8007      0.531      1.093          5        640: 100%|██████████| 375/375 [02:26<00:00,  2.55it/s]
                 Class     Images  Instances      Box(P          R      mAP50  mAP50-95): 100%|██████████| 94/94 [00:11<00:00,  8.22it/s]
                   all       1496       8128      0.816      0.831      0.877      0.657

      Epoch    GPU_mem   box_loss   cls_loss   dfl_loss  Instances       Size
     57/100      7.17G     0.7926     0.5222      1.092         13        640: 100%|██████████| 375/375 [02:27<00:00,  2.55it/s]
                 Class     Images  Instances      Box(P          R      mAP50  mAP50-95): 100%|██████████| 94/94 [00:11<00:00,  8.20it/s]
                   all       1496       8128      0.856      0.812      0.877      0.655

      Epoch    GPU_mem   box_loss   cls_loss   dfl_loss  Instances       Size
     58/100      7.37G     0.7863     0.5156      1.087          9        640: 100%|██████████| 375/375 [02:26<00:00,  2.56it/s]
                 Class     Images  Instances      Box(P          R      mAP50  mAP50-95): 100%|██████████| 94/94 [00:11<00:00,  8.21it/s]
                   all       1496       8128      0.861      0.817      0.876      0.653

      Epoch    GPU_mem   box_loss   cls_loss   dfl_loss  Instances       Size
     59/100      6.34G     0.7734     0.5068      1.079         17        640: 100%|██████████| 375/375 [02:27<00:00,  2.54it/s]
                 Class     Images  Instances      Box(P          R      mAP50  mAP50-95): 100%|██████████| 94/94 [00:11<00:00,  8.25it/s]
                   all       1496       8128      0.869      0.815      0.882      0.664

      Epoch    GPU_mem   box_loss   cls_loss   dfl_loss  Instances       Size
     60/100      6.34G     0.7673     0.5076       1.08         15        640: 100%|██████████| 375/375 [02:26<00:00,  2.56it/s]
                 Class     Images  Instances      Box(P          R      mAP50  mAP50-95): 100%|██████████| 94/94 [00:11<00:00,  8.22it/s]
                   all       1496       8128      0.872      0.815      0.883      0.657

      Epoch    GPU_mem   box_loss   cls_loss   dfl_loss  Instances       Size
     61/100      6.34G     0.7696     0.5091      1.077         15        640: 100%|██████████| 375/375 [02:26<00:00,  2.56it/s]
                 Class     Images  Instances      Box(P          R      mAP50  mAP50-95): 100%|██████████| 94/94 [00:11<00:00,  8.21it/s]
                   all       1496       8128      0.836      0.828      0.884      0.663

      Epoch    GPU_mem   box_loss   cls_loss   dfl_loss  Instances       Size
     62/100      6.34G     0.7686      0.508      1.079          2        640: 100%|██████████| 375/375 [02:26<00:00,  2.56it/s]
                 Class     Images  Instances      Box(P          R      mAP50  mAP50-95): 100%|██████████| 94/94 [00:11<00:00,  8.22it/s]
                   all       1496       8128      0.854      0.828      0.883      0.662

      Epoch    GPU_mem   box_loss   cls_loss   dfl_loss  Instances       Size
     63/100      6.34G     0.7549     0.4935      1.068          2        640: 100%|██████████| 375/375 [02:28<00:00,  2.53it/s]
                 Class     Images  Instances      Box(P          R      mAP50  mAP50-95): 100%|██████████| 94/94 [00:11<00:00,  8.23it/s]
                   all       1496       8128      0.875      0.823       0.89      0.666

      Epoch    GPU_mem   box_loss   cls_loss   dfl_loss  Instances       Size
     64/100      6.34G     0.7567     0.4962      1.071         17        640: 100%|██████████| 375/375 [02:27<00:00,  2.54it/s]
                 Class     Images  Instances      Box(P          R      mAP50  mAP50-95): 100%|██████████| 94/94 [00:11<00:00,  8.24it/s]
                   all       1496       8128      0.864      0.836      0.886      0.666

      Epoch    GPU_mem   box_loss   cls_loss   dfl_loss  Instances       Size
     65/100      6.34G     0.7636     0.4993      1.069         13        640: 100%|██████████| 375/375 [02:26<00:00,  2.55it/s]
                 Class     Images  Instances      Box(P          R      mAP50  mAP50-95): 100%|██████████| 94/94 [00:11<00:00,  8.26it/s]
                   all       1496       8128      0.867      0.831      0.889      0.666

      Epoch    GPU_mem   box_loss   cls_loss   dfl_loss  Instances       Size
     66/100      6.34G      0.749     0.4957      1.062          9        640: 100%|██████████| 375/375 [02:26<00:00,  2.56it/s]
                 Class     Images  Instances      Box(P          R      mAP50  mAP50-95): 100%|██████████| 94/94 [00:11<00:00,  8.26it/s]
                   all       1496       8128      0.861      0.832      0.884      0.666

      Epoch    GPU_mem   box_loss   cls_loss   dfl_loss  Instances       Size
     67/100      6.35G     0.7425     0.4907      1.061         14        640: 100%|██████████| 375/375 [02:26<00:00,  2.56it/s]
                 Class     Images  Instances      Box(P          R      mAP50  mAP50-95): 100%|██████████| 94/94 [00:11<00:00,  8.24it/s]
                   all       1496       8128      0.881      0.844      0.894      0.674

      Epoch    GPU_mem   box_loss   cls_loss   dfl_loss  Instances       Size
     68/100      6.56G     0.7415     0.4855      1.056         22        640: 100%|██████████| 375/375 [02:26<00:00,  2.56it/s]
                 Class     Images  Instances      Box(P          R      mAP50  mAP50-95): 100%|██████████| 94/94 [00:11<00:00,  8.22it/s]
                   all       1496       8128      0.857      0.843      0.891      0.675

      Epoch    GPU_mem   box_loss   cls_loss   dfl_loss  Instances       Size
     69/100      6.61G     0.7438      0.487      1.065          7        640: 100%|██████████| 375/375 [02:27<00:00,  2.54it/s]
                 Class     Images  Instances      Box(P          R      mAP50  mAP50-95): 100%|██████████| 94/94 [00:11<00:00,  8.26it/s]
                   all       1496       8128       0.86      0.845      0.894      0.673

      Epoch    GPU_mem   box_loss   cls_loss   dfl_loss  Instances       Size
     70/100      6.64G     0.7317     0.4772       1.06          4        640: 100%|██████████| 375/375 [02:26<00:00,  2.55it/s]
                 Class     Images  Instances      Box(P          R      mAP50  mAP50-95): 100%|██████████| 94/94 [00:11<00:00,  8.25it/s]
                   all       1496       8128      0.899      0.823        0.9       0.68

      Epoch    GPU_mem   box_loss   cls_loss   dfl_loss  Instances       Size
     71/100       6.7G     0.7326     0.4776      1.051         26        640: 100%|██████████| 375/375 [02:27<00:00,  2.55it/s]
                 Class     Images  Instances      Box(P          R      mAP50  mAP50-95): 100%|██████████| 94/94 [00:11<00:00,  8.25it/s]
                   all       1496       8128      0.895      0.818      0.896      0.681

      Epoch    GPU_mem   box_loss   cls_loss   dfl_loss  Instances       Size
     72/100      6.75G     0.7196     0.4698      1.046         15        640: 100%|██████████| 375/375 [02:27<00:00,  2.54it/s]
                 Class     Images  Instances      Box(P          R      mAP50  mAP50-95): 100%|██████████| 94/94 [00:11<00:00,  8.25it/s]
                   all       1496       8128       0.88      0.842      0.902      0.685

      Epoch    GPU_mem   box_loss   cls_loss   dfl_loss  Instances       Size
     73/100       6.8G     0.7224     0.4717      1.046          6        640: 100%|██████████| 375/375 [02:26<00:00,  2.56it/s]
                 Class     Images  Instances      Box(P          R      mAP50  mAP50-95): 100%|██████████| 94/94 [00:11<00:00,  8.23it/s]
                   all       1496       8128      0.891      0.844      0.904      0.682

      Epoch    GPU_mem   box_loss   cls_loss   dfl_loss  Instances       Size
     74/100      6.98G     0.7179     0.4684      1.043         11        640: 100%|██████████| 375/375 [02:26<00:00,  2.56it/s]
                 Class     Images  Instances      Box(P          R      mAP50  mAP50-95): 100%|██████████| 94/94 [00:11<00:00,  8.23it/s]
                   all       1496       8128      0.888       0.83      0.894      0.683

      Epoch    GPU_mem   box_loss   cls_loss   dfl_loss  Instances       Size
     75/100      7.05G     0.7193     0.4718       1.05          7        640: 100%|██████████| 375/375 [02:26<00:00,  2.55it/s]
                 Class     Images  Instances      Box(P          R      mAP50  mAP50-95): 100%|██████████| 94/94 [00:11<00:00,  8.23it/s]
                   all       1496       8128      0.908      0.812      0.899      0.689

      Epoch    GPU_mem   box_loss   cls_loss   dfl_loss  Instances       Size
     76/100       7.1G     0.7083     0.4579      1.041          6        640: 100%|██████████| 375/375 [02:26<00:00,  2.56it/s]
                 Class     Images  Instances      Box(P          R      mAP50  mAP50-95): 100%|██████████| 94/94 [00:11<00:00,  8.25it/s]
                   all       1496       8128      0.887      0.833      0.899       0.69

      Epoch    GPU_mem   box_loss   cls_loss   dfl_loss  Instances       Size
     77/100      7.15G     0.7119     0.4595      1.037          6        640: 100%|██████████| 375/375 [02:26<00:00,  2.56it/s]
                 Class     Images  Instances      Box(P          R      mAP50  mAP50-95): 100%|██████████| 94/94 [00:11<00:00,  8.24it/s]
                   all       1496       8128       0.89      0.834      0.901      0.694

      Epoch    GPU_mem   box_loss   cls_loss   dfl_loss  Instances       Size
     78/100      7.17G     0.7074     0.4617      1.042         10        640: 100%|██████████| 375/375 [02:26<00:00,  2.55it/s]
                 Class     Images  Instances      Box(P          R      mAP50  mAP50-95): 100%|██████████| 94/94 [00:11<00:00,  8.23it/s]
                   all       1496       8128      0.882      0.844        0.9      0.689

      Epoch    GPU_mem   box_loss   cls_loss   dfl_loss  Instances       Size
     79/100      7.48G     0.7018     0.4586      1.035          2        640: 100%|██████████| 375/375 [02:27<00:00,  2.55it/s]
                 Class     Images  Instances      Box(P          R      mAP50  mAP50-95): 100%|██████████| 94/94 [00:11<00:00,  8.23it/s]
                   all       1496       8128       0.91       0.83      0.902      0.689

      Epoch    GPU_mem   box_loss   cls_loss   dfl_loss  Instances       Size
     80/100      6.24G     0.7051     0.4561      1.035         13        640: 100%|██████████| 375/375 [02:26<00:00,  2.56it/s]
                 Class     Images  Instances      Box(P          R      mAP50  mAP50-95): 100%|██████████| 94/94 [00:11<00:00,  8.27it/s]
                   all       1496       8128      0.909      0.834      0.901      0.694

      Epoch    GPU_mem   box_loss   cls_loss   dfl_loss  Instances       Size
     81/100      6.24G     0.6865     0.4451      1.028         18        640: 100%|██████████| 375/375 [02:26<00:00,  2.55it/s]
                 Class     Images  Instances      Box(P          R      mAP50  mAP50-95): 100%|██████████| 94/94 [00:11<00:00,  8.25it/s]
                   all       1496       8128      0.903      0.832      0.901      0.694

      Epoch    GPU_mem   box_loss   cls_loss   dfl_loss  Instances       Size
     82/100      6.24G     0.7013     0.4587      1.038          8        640: 100%|██████████| 375/375 [02:27<00:00,  2.55it/s]
                 Class     Images  Instances      Box(P          R      mAP50  mAP50-95): 100%|██████████| 94/94 [00:11<00:00,  8.26it/s]
                   all       1496       8128      0.889      0.833      0.902      0.695

      Epoch    GPU_mem   box_loss   cls_loss   dfl_loss  Instances       Size
     83/100      6.44G     0.6932     0.4509      1.031          2        640: 100%|██████████| 375/375 [02:27<00:00,  2.55it/s]
                 Class     Images  Instances      Box(P          R      mAP50  mAP50-95): 100%|██████████| 94/94 [00:11<00:00,  8.27it/s]
                   all       1496       8128      0.889      0.841      0.903      0.695

      Epoch    GPU_mem   box_loss   cls_loss   dfl_loss  Instances       Size
     84/100      6.44G     0.6791      0.442      1.021         19        640: 100%|██████████| 375/375 [02:28<00:00,  2.53it/s]
                 Class     Images  Instances      Box(P          R      mAP50  mAP50-95): 100%|██████████| 94/94 [00:11<00:00,  8.25it/s]
                   all       1496       8128      0.897      0.836      0.902      0.697

      Epoch    GPU_mem   box_loss   cls_loss   dfl_loss  Instances       Size
     85/100      6.44G     0.6905     0.4509      1.027          5        640: 100%|██████████| 375/375 [02:26<00:00,  2.55it/s]
                 Class     Images  Instances      Box(P          R      mAP50  mAP50-95): 100%|██████████| 94/94 [00:11<00:00,  8.23it/s]
                   all       1496       8128      0.891      0.837      0.897      0.695

      Epoch    GPU_mem   box_loss   cls_loss   dfl_loss  Instances       Size
     86/100      6.44G      0.675     0.4347      1.018          8        640: 100%|██████████| 375/375 [02:27<00:00,  2.55it/s]
                 Class     Images  Instances      Box(P          R      mAP50  mAP50-95): 100%|██████████| 94/94 [00:11<00:00,  8.26it/s]
                   all       1496       8128        0.9      0.852      0.909      0.698

      Epoch    GPU_mem   box_loss   cls_loss   dfl_loss  Instances       Size
     87/100      6.44G     0.6806     0.4433      1.018         20        640: 100%|██████████| 375/375 [02:28<00:00,  2.53it/s]
                 Class     Images  Instances      Box(P          R      mAP50  mAP50-95): 100%|██████████| 94/94 [00:11<00:00,  8.26it/s]
                   all       1496       8128      0.907      0.847       0.91      0.698

      Epoch    GPU_mem   box_loss   cls_loss   dfl_loss  Instances       Size
     88/100      6.47G     0.6685     0.4309      1.017          1        640: 100%|██████████| 375/375 [02:26<00:00,  2.56it/s]
                 Class     Images  Instances      Box(P          R      mAP50  mAP50-95): 100%|██████████| 94/94 [00:11<00:00,  8.24it/s]
                   all       1496       8128      0.897      0.843       0.91      0.699

      Epoch    GPU_mem   box_loss   cls_loss   dfl_loss  Instances       Size
     89/100      6.52G     0.6675     0.4383      1.014          2        640: 100%|██████████| 375/375 [02:26<00:00,  2.56it/s]
                 Class     Images  Instances      Box(P          R      mAP50  mAP50-95): 100%|██████████| 94/94 [00:11<00:00,  8.26it/s]
                   all       1496       8128      0.874      0.861      0.909      0.697

      Epoch    GPU_mem   box_loss   cls_loss   dfl_loss  Instances       Size
     90/100      6.54G     0.6663     0.4323      1.013         20        640: 100%|██████████| 375/375 [02:26<00:00,  2.56it/s]
                 Class     Images  Instances      Box(P          R      mAP50  mAP50-95): 100%|██████████| 94/94 [00:11<00:00,  8.25it/s]
                   all       1496       8128      0.902       0.83      0.907        0.7
Closing dataloader mosaic

      Epoch    GPU_mem   box_loss   cls_loss   dfl_loss  Instances       Size
     91/100      6.61G     0.6372     0.3982     0.9996          5        640: 100%|██████████| 375/375 [02:25<00:00,  2.58it/s]
                 Class     Images  Instances      Box(P          R      mAP50  mAP50-95): 100%|██████████| 94/94 [00:11<00:00,  8.17it/s]
                   all       1496       8128      0.888      0.843      0.903      0.695

      Epoch    GPU_mem   box_loss   cls_loss   dfl_loss  Instances       Size
     92/100      6.66G     0.6232     0.3888      0.994          5        640: 100%|██████████| 375/375 [02:25<00:00,  2.58it/s]
                 Class     Images  Instances      Box(P          R      mAP50  mAP50-95): 100%|██████████| 94/94 [00:11<00:00,  8.20it/s]
                   all       1496       8128      0.891      0.841      0.906      0.695

      Epoch    GPU_mem   box_loss   cls_loss   dfl_loss  Instances       Size
     93/100       6.7G     0.6213     0.3873     0.9873          2        640: 100%|██████████| 375/375 [02:24<00:00,  2.59it/s]
                 Class     Images  Instances      Box(P          R      mAP50  mAP50-95): 100%|██████████| 94/94 [00:11<00:00,  8.19it/s]
                   all       1496       8128      0.883      0.842      0.904      0.697

      Epoch    GPU_mem   box_loss   cls_loss   dfl_loss  Instances       Size
     94/100      6.73G     0.6163     0.3874     0.9879          3        640: 100%|██████████| 375/375 [02:24<00:00,  2.59it/s]
                 Class     Images  Instances      Box(P          R      mAP50  mAP50-95): 100%|██████████| 94/94 [00:11<00:00,  8.16it/s]
                   all       1496       8128      0.877      0.839        0.9      0.697

      Epoch    GPU_mem   box_loss   cls_loss   dfl_loss  Instances       Size
     95/100      6.79G     0.6121     0.3852     0.9897          2        640: 100%|██████████| 375/375 [02:24<00:00,  2.59it/s]
                 Class     Images  Instances      Box(P          R      mAP50  mAP50-95): 100%|██████████| 94/94 [00:11<00:00,  8.17it/s]
                   all       1496       8128      0.884      0.842      0.902      0.699

      Epoch    GPU_mem   box_loss   cls_loss   dfl_loss  Instances       Size
     96/100      6.84G     0.6063     0.3823     0.9839          2        640: 100%|██████████| 375/375 [02:26<00:00,  2.56it/s]
                 Class     Images  Instances      Box(P          R      mAP50  mAP50-95): 100%|██████████| 94/94 [00:11<00:00,  8.17it/s]
                   all       1496       8128       0.89       0.84      0.904      0.701

      Epoch    GPU_mem   box_loss   cls_loss   dfl_loss  Instances       Size
     97/100      6.88G      0.598     0.3775     0.9801          8        640: 100%|██████████| 375/375 [02:25<00:00,  2.58it/s]
                 Class     Images  Instances      Box(P          R      mAP50  mAP50-95): 100%|██████████| 94/94 [00:11<00:00,  8.17it/s]
                   all       1496       8128      0.903      0.828      0.903      0.701

      Epoch    GPU_mem   box_loss   cls_loss   dfl_loss  Instances       Size
     98/100       7.3G     0.5975      0.377     0.9719          0        640: 100%|██████████| 375/375 [02:24<00:00,  2.59it/s]
                 Class     Images  Instances      Box(P          R      mAP50  mAP50-95): 100%|██████████| 94/94 [00:11<00:00,  8.19it/s]
                   all       1496       8128      0.879      0.843      0.902        0.7

      Epoch    GPU_mem   box_loss   cls_loss   dfl_loss  Instances       Size
     99/100      6.21G     0.5864     0.3702     0.9704         10        640: 100%|██████████| 375/375 [02:24<00:00,  2.60it/s]
                 Class     Images  Instances      Box(P          R      mAP50  mAP50-95): 100%|██████████| 94/94 [00:11<00:00,  8.18it/s]
                   all       1496       8128      0.877      0.846      0.905      0.702

      Epoch    GPU_mem   box_loss   cls_loss   dfl_loss  Instances       Size
    100/100      6.21G     0.5889     0.3704      0.971          1        640: 100%|██████████| 375/375 [02:24<00:00,  2.60it/s]
                 Class     Images  Instances      Box(P          R      mAP50  mAP50-95): 100%|██████████| 94/94 [00:11<00:00,  8.17it/s]
                   all       1496       8128      0.878      0.846      0.902      0.702

100 epochs completed in 4.422 hours.
Optimizer stripped from yolo-kitti/yolo11a-kitti-1/weights/last.pt, 27.4MB
Optimizer stripped from yolo-kitti/yolo11a-kitti-1/weights/best.pt, 27.4MB

Validating yolo-kitti/yolo11a-kitti-1/weights/best.pt...
Ultralytics 8.3.150 🚀 Python-3.13.2 torch-2.6.0+cu118 CUDA:0 (Tesla T4, 14913MiB)
                                                       CUDA:1 (Tesla T4, 14913MiB)
model summary (fused): 114 layers, 13,479,016 parameters, 0 gradients, 70.5 GFLOPs
                 Class     Images  Instances      Box(P          R      mAP50  mAP50-95): 100%|██████████| 94/94 [00:11<00:00,  8.17it/s]
                   all       1496       8128      0.877      0.846      0.905      0.702
                   car       1322       5716      0.935      0.951      0.978      0.849
                   van        419        555      0.925      0.935      0.955      0.813
                 truck        212        223      0.959      0.928      0.981      0.864
            pedestrian        377        921      0.841      0.745      0.843      0.513
        Person_sitting         17         36      0.735      0.611      0.705       0.45
               cyclist        252        352      0.849      0.773      0.865      0.603
                  tram         77        117      0.878      0.923       0.97      0.776
                  misc        158        208      0.891      0.904      0.941      0.749
Speed: 0.1ms preprocess, 4.3ms inference, 0.0ms loss, 0.8ms postprocess per image
Results saved to yolo-kitti/yolo11a-kitti-1
