Overriding model.yaml nc=80 with nc=5
WARNING ⚠️ no model scale passed. Assuming scale='m'.
Freezing layer 'model.23.dfl.conv.weight'
AMP: running Automatic Mixed Precision (AMP) checks...
AMP: checks passed ✅
train: Fast image access ✅ (ping: 0.1±0.1 ms, read: 286.7±68.4 MB/s, size: 76.6 KB)
train: Scanning /data2/jd1/datasets/humancar_50m/train/labels.cache... 1147 images, 6 backgrounds, 0 corrupt: 100%|██████████| 1147/1147 [00:00<?, ?it/s]
val: Fast image access ✅ (ping: 0.0±0.0 ms, read: 1538.5±761.6 MB/s, size: 84.1 KB)
val: Scanning /data2/jd1/datasets/humancar_50m/valid/labels.cache... 120 images, 0 backgrounds, 0 corrupt: 100%|██████████| 120/120 [00:00<?, ?it/s]
Plotting labels to .yolo-out-hc5/yolo11a-hc5-1/labels.jpg...
optimizer: 'optimizer=auto' found, ignoring 'lr0=0.01' and 'momentum=0.937' and determining best 'optimizer', 'lr0' and 'momentum' automatically...
optimizer: AdamW(lr=0.001111, momentum=0.9) with parameter groups 104 weight(decay=0.0), 111 weight(decay=0.0005), 110 bias(decay=0.0)
Image sizes 640 train, 640 val
Using 16 dataloader workers
Logging results to .yolo-out-hc5/yolo11a-hc5-1
Starting training for 100 epochs...

      Epoch    GPU_mem   box_loss   cls_loss   dfl_loss  Instances       Size
      1/100      13.5G      3.877      5.268        4.2        114        640: 100%|██████████| 72/72 [00:53<00:00,  1.34it/s]
                 Class     Images  Instances      Box(P          R      mAP50  mAP50-95): 100%|██████████| 8/8 [00:03<00:00,  2.03it/s]
                   all        120       1740          0          0          0          0

      Epoch    GPU_mem   box_loss   cls_loss   dfl_loss  Instances       Size
      2/100      13.5G      3.306       3.38      3.144         83        640: 100%|██████████| 72/72 [00:53<00:00,  1.35it/s]
                 Class     Images  Instances      Box(P          R      mAP50  mAP50-95): 100%|██████████| 8/8 [00:06<00:00,  1.28it/s]
                   all        120       1740      0.417     0.0865       0.15     0.0624

      Epoch    GPU_mem   box_loss   cls_loss   dfl_loss  Instances       Size
      3/100      11.1G      2.842      2.543      2.557        109        640: 100%|██████████| 72/72 [00:53<00:00,  1.35it/s]
                 Class     Images  Instances      Box(P          R      mAP50  mAP50-95): 100%|██████████| 8/8 [00:04<00:00,  1.90it/s]
                   all        120       1740       0.22      0.422      0.343      0.127

      Epoch    GPU_mem   box_loss   cls_loss   dfl_loss  Instances       Size
      4/100      13.1G      2.596      2.185      2.255        101        640: 100%|██████████| 72/72 [00:53<00:00,  1.34it/s]
                 Class     Images  Instances      Box(P          R      mAP50  mAP50-95): 100%|██████████| 8/8 [00:04<00:00,  1.90it/s]
                   all        120       1740      0.351      0.365      0.375      0.132

      Epoch    GPU_mem   box_loss   cls_loss   dfl_loss  Instances       Size
      5/100      12.6G      2.498      2.048      2.113         45        640: 100%|██████████| 72/72 [00:54<00:00,  1.33it/s]
                 Class     Images  Instances      Box(P          R      mAP50  mAP50-95): 100%|██████████| 8/8 [00:04<00:00,  1.86it/s]
                   all        120       1740      0.766      0.419      0.441      0.169

      Epoch    GPU_mem   box_loss   cls_loss   dfl_loss  Instances       Size
      6/100      11.5G      2.343      1.899      2.035         95        640: 100%|██████████| 72/72 [00:54<00:00,  1.33it/s]
                 Class     Images  Instances      Box(P          R      mAP50  mAP50-95): 100%|██████████| 8/8 [00:04<00:00,  1.92it/s]
                   all        120       1740      0.711      0.356      0.367      0.154

      Epoch    GPU_mem   box_loss   cls_loss   dfl_loss  Instances       Size
      7/100      14.1G      2.282      1.795       1.93         71        640: 100%|██████████| 72/72 [00:53<00:00,  1.34it/s]
                 Class     Images  Instances      Box(P          R      mAP50  mAP50-95): 100%|██████████| 8/8 [00:04<00:00,  1.83it/s]
                   all        120       1740      0.806       0.45      0.501       0.24

      Epoch    GPU_mem   box_loss   cls_loss   dfl_loss  Instances       Size
      8/100      11.8G      2.204      1.667      1.848        152        640: 100%|██████████| 72/72 [00:53<00:00,  1.34it/s]
                 Class     Images  Instances      Box(P          R      mAP50  mAP50-95): 100%|██████████| 8/8 [00:04<00:00,  1.95it/s]
                   all        120       1740      0.847       0.46      0.537      0.255

      Epoch    GPU_mem   box_loss   cls_loss   dfl_loss  Instances       Size
      9/100      13.6G      2.143      1.642      1.823         89        640: 100%|██████████| 72/72 [00:54<00:00,  1.33it/s]
                 Class     Images  Instances      Box(P          R      mAP50  mAP50-95): 100%|██████████| 8/8 [00:04<00:00,  1.91it/s]
                   all        120       1740      0.483      0.449      0.523      0.271

      Epoch    GPU_mem   box_loss   cls_loss   dfl_loss  Instances       Size
     10/100      11.8G      2.094      1.541      1.762        134        640: 100%|██████████| 72/72 [00:53<00:00,  1.34it/s]
                 Class     Images  Instances      Box(P          R      mAP50  mAP50-95): 100%|██████████| 8/8 [00:04<00:00,  1.96it/s]
                   all        120       1740       0.83      0.471       0.64      0.322

      Epoch    GPU_mem   box_loss   cls_loss   dfl_loss  Instances       Size
     11/100      13.3G      2.065      1.554      1.786        155        640: 100%|██████████| 72/72 [00:53<00:00,  1.34it/s]
                 Class     Images  Instances      Box(P          R      mAP50  mAP50-95): 100%|██████████| 8/8 [00:04<00:00,  1.88it/s]
                   all        120       1740      0.836      0.493      0.612      0.303

      Epoch    GPU_mem   box_loss   cls_loss   dfl_loss  Instances       Size
     12/100      11.6G      2.017      1.447      1.708        139        640: 100%|██████████| 72/72 [00:53<00:00,  1.35it/s]
                 Class     Images  Instances      Box(P          R      mAP50  mAP50-95): 100%|██████████| 8/8 [00:04<00:00,  1.97it/s]
                   all        120       1740      0.784      0.419      0.464      0.209

      Epoch    GPU_mem   box_loss   cls_loss   dfl_loss  Instances       Size
     13/100      13.2G      1.986      1.401      1.705        103        640: 100%|██████████| 72/72 [00:53<00:00,  1.35it/s]
                 Class     Images  Instances      Box(P          R      mAP50  mAP50-95): 100%|██████████| 8/8 [00:04<00:00,  1.98it/s]
                   all        120       1740      0.923       0.49      0.608      0.333

      Epoch    GPU_mem   box_loss   cls_loss   dfl_loss  Instances       Size
     14/100      11.7G      1.981      1.387      1.661         97        640: 100%|██████████| 72/72 [00:53<00:00,  1.34it/s]
                 Class     Images  Instances      Box(P          R      mAP50  mAP50-95): 100%|██████████| 8/8 [00:04<00:00,  1.97it/s]
                   all        120       1740      0.538      0.491      0.564      0.317

      Epoch    GPU_mem   box_loss   cls_loss   dfl_loss  Instances       Size
     15/100        13G      1.936      1.327      1.631         69        640: 100%|██████████| 72/72 [00:53<00:00,  1.34it/s]
                 Class     Images  Instances      Box(P          R      mAP50  mAP50-95): 100%|██████████| 8/8 [00:04<00:00,  1.97it/s]
                   all        120       1740      0.749      0.609      0.685      0.365

      Epoch    GPU_mem   box_loss   cls_loss   dfl_loss  Instances       Size
     16/100      11.4G      1.893      1.332      1.624         75        640: 100%|██████████| 72/72 [00:53<00:00,  1.34it/s]
                 Class     Images  Instances      Box(P          R      mAP50  mAP50-95): 100%|██████████| 8/8 [00:04<00:00,  1.95it/s]
                   all        120       1740      0.837      0.602       0.81      0.365

      Epoch    GPU_mem   box_loss   cls_loss   dfl_loss  Instances       Size
     17/100      12.4G      1.846      1.262      1.596        212        640: 100%|██████████| 72/72 [00:53<00:00,  1.34it/s]
                 Class     Images  Instances      Box(P          R      mAP50  mAP50-95): 100%|██████████| 8/8 [00:04<00:00,  1.97it/s]
                   all        120       1740      0.875      0.615       0.79      0.398

      Epoch    GPU_mem   box_loss   cls_loss   dfl_loss  Instances       Size
     18/100      12.4G      1.847      1.215      1.561         72        640: 100%|██████████| 72/72 [00:53<00:00,  1.34it/s]
                 Class     Images  Instances      Box(P          R      mAP50  mAP50-95): 100%|██████████| 8/8 [00:04<00:00,  1.97it/s]
                   all        120       1740      0.732      0.765      0.827      0.444

      Epoch    GPU_mem   box_loss   cls_loss   dfl_loss  Instances       Size
     19/100      11.7G      1.859      1.221      1.573        165        640: 100%|██████████| 72/72 [00:53<00:00,  1.35it/s]
                 Class     Images  Instances      Box(P          R      mAP50  mAP50-95): 100%|██████████| 8/8 [00:04<00:00,  1.98it/s]
                   all        120       1740      0.842      0.811      0.908      0.471

      Epoch    GPU_mem   box_loss   cls_loss   dfl_loss  Instances       Size
     20/100        13G       1.78      1.202      1.567        123        640: 100%|██████████| 72/72 [00:53<00:00,  1.34it/s]
                 Class     Images  Instances      Box(P          R      mAP50  mAP50-95): 100%|██████████| 8/8 [00:04<00:00,  1.98it/s]
                   all        120       1740       0.85      0.775      0.852      0.464

      Epoch    GPU_mem   box_loss   cls_loss   dfl_loss  Instances       Size
     21/100      11.2G      1.798       1.19      1.558         69        640: 100%|██████████| 72/72 [00:53<00:00,  1.34it/s]
                 Class     Images  Instances      Box(P          R      mAP50  mAP50-95): 100%|██████████| 8/8 [00:04<00:00,  1.97it/s]
                   all        120       1740        0.7      0.664      0.703      0.394

      Epoch    GPU_mem   box_loss   cls_loss   dfl_loss  Instances       Size
     22/100      12.9G      1.773      1.143      1.521         97        640: 100%|██████████| 72/72 [00:53<00:00,  1.34it/s]
                 Class     Images  Instances      Box(P          R      mAP50  mAP50-95): 100%|██████████| 8/8 [00:04<00:00,  1.98it/s]
                   all        120       1740      0.894      0.601      0.843      0.477

      Epoch    GPU_mem   box_loss   cls_loss   dfl_loss  Instances       Size
     23/100      13.4G      1.761       1.13       1.52        139        640: 100%|██████████| 72/72 [00:53<00:00,  1.35it/s]
                 Class     Images  Instances      Box(P          R      mAP50  mAP50-95): 100%|██████████| 8/8 [00:04<00:00,  1.99it/s]
                   all        120       1740      0.926      0.727      0.862      0.492

      Epoch    GPU_mem   box_loss   cls_loss   dfl_loss  Instances       Size
     24/100      12.7G      1.774      1.113      1.483        159        640: 100%|██████████| 72/72 [00:53<00:00,  1.34it/s]
                 Class     Images  Instances      Box(P          R      mAP50  mAP50-95): 100%|██████████| 8/8 [00:04<00:00,  1.98it/s]
                   all        120       1740       0.75      0.693       0.77       0.43

      Epoch    GPU_mem   box_loss   cls_loss   dfl_loss  Instances       Size
     25/100      14.1G      1.737      1.081      1.458        163        640: 100%|██████████| 72/72 [00:53<00:00,  1.34it/s]
                 Class     Images  Instances      Box(P          R      mAP50  mAP50-95): 100%|██████████| 8/8 [00:04<00:00,  1.98it/s]
                   all        120       1740      0.881       0.81      0.914      0.495

      Epoch    GPU_mem   box_loss   cls_loss   dfl_loss  Instances       Size
     26/100      14.2G      1.729       1.06      1.463        143        640: 100%|██████████| 72/72 [00:53<00:00,  1.35it/s]
                 Class     Images  Instances      Box(P          R      mAP50  mAP50-95): 100%|██████████| 8/8 [00:04<00:00,  1.88it/s]
                   all        120       1740      0.903      0.858      0.939      0.521

      Epoch    GPU_mem   box_loss   cls_loss   dfl_loss  Instances       Size
     27/100      13.9G      1.715      1.063      1.445         85        640: 100%|██████████| 72/72 [00:53<00:00,  1.34it/s]
                 Class     Images  Instances      Box(P          R      mAP50  mAP50-95): 100%|██████████| 8/8 [00:04<00:00,  1.94it/s]
                   all        120       1740      0.773      0.696      0.783       0.44

      Epoch    GPU_mem   box_loss   cls_loss   dfl_loss  Instances       Size
     28/100      13.8G      1.696      1.049      1.458        167        640: 100%|██████████| 72/72 [00:54<00:00,  1.33it/s]
                 Class     Images  Instances      Box(P          R      mAP50  mAP50-95): 100%|██████████| 8/8 [00:04<00:00,  1.84it/s]
                   all        120       1740      0.613      0.693      0.701      0.413

      Epoch    GPU_mem   box_loss   cls_loss   dfl_loss  Instances       Size
     29/100      11.6G      1.623      1.038      1.461        160        640: 100%|██████████| 72/72 [00:53<00:00,  1.34it/s]
                 Class     Images  Instances      Box(P          R      mAP50  mAP50-95): 100%|██████████| 8/8 [00:04<00:00,  1.93it/s]
                   all        120       1740      0.862      0.808      0.915      0.518

      Epoch    GPU_mem   box_loss   cls_loss   dfl_loss  Instances       Size
     30/100      13.6G      1.656      1.019      1.431        141        640: 100%|██████████| 72/72 [00:53<00:00,  1.33it/s]
                 Class     Images  Instances      Box(P          R      mAP50  mAP50-95): 100%|██████████| 8/8 [00:04<00:00,  1.94it/s]
                   all        120       1740      0.885      0.772      0.871      0.478

      Epoch    GPU_mem   box_loss   cls_loss   dfl_loss  Instances       Size
     31/100      13.4G      1.685      1.008      1.416        119        640: 100%|██████████| 72/72 [00:53<00:00,  1.34it/s]
                 Class     Images  Instances      Box(P          R      mAP50  mAP50-95): 100%|██████████| 8/8 [00:04<00:00,  1.94it/s]
                   all        120       1740      0.874       0.82      0.892      0.521

      Epoch    GPU_mem   box_loss   cls_loss   dfl_loss  Instances       Size
     32/100      13.7G      1.683      1.021       1.44        103        640: 100%|██████████| 72/72 [00:53<00:00,  1.33it/s]
                 Class     Images  Instances      Box(P          R      mAP50  mAP50-95): 100%|██████████| 8/8 [00:04<00:00,  1.94it/s]
                   all        120       1740      0.633      0.737      0.767      0.454

      Epoch    GPU_mem   box_loss   cls_loss   dfl_loss  Instances       Size
     33/100      14.1G       1.65     0.9796      1.412        209        640: 100%|██████████| 72/72 [00:53<00:00,  1.34it/s]
                 Class     Images  Instances      Box(P          R      mAP50  mAP50-95): 100%|██████████| 8/8 [00:04<00:00,  1.94it/s]
                   all        120       1740      0.907      0.909      0.962      0.583

      Epoch    GPU_mem   box_loss   cls_loss   dfl_loss  Instances       Size
     34/100      12.7G       1.61     0.9684      1.386        122        640: 100%|██████████| 72/72 [00:53<00:00,  1.34it/s]
                 Class     Images  Instances      Box(P          R      mAP50  mAP50-95): 100%|██████████| 8/8 [00:04<00:00,  1.98it/s]
                   all        120       1740      0.911      0.847      0.958      0.561

      Epoch    GPU_mem   box_loss   cls_loss   dfl_loss  Instances       Size
     35/100      13.6G      1.594     0.9474      1.381         60        640: 100%|██████████| 72/72 [00:53<00:00,  1.34it/s]
                 Class     Images  Instances      Box(P          R      mAP50  mAP50-95): 100%|██████████| 8/8 [00:04<00:00,  1.99it/s]
                   all        120       1740      0.843      0.885      0.945      0.549

      Epoch    GPU_mem   box_loss   cls_loss   dfl_loss  Instances       Size
     36/100      12.6G       1.62     0.9606      1.389        200        640: 100%|██████████| 72/72 [00:53<00:00,  1.34it/s]
                 Class     Images  Instances      Box(P          R      mAP50  mAP50-95): 100%|██████████| 8/8 [00:04<00:00,  1.99it/s]
                   all        120       1740      0.833      0.793      0.886      0.518

      Epoch    GPU_mem   box_loss   cls_loss   dfl_loss  Instances       Size
     37/100      12.3G      1.611     0.9557      1.407        109        640: 100%|██████████| 72/72 [00:53<00:00,  1.34it/s]
                 Class     Images  Instances      Box(P          R      mAP50  mAP50-95): 100%|██████████| 8/8 [00:04<00:00,  1.98it/s]
                   all        120       1740      0.893      0.905      0.947      0.579

      Epoch    GPU_mem   box_loss   cls_loss   dfl_loss  Instances       Size
     38/100      11.5G      1.594     0.9462      1.383        139        640: 100%|██████████| 72/72 [00:53<00:00,  1.34it/s]
                 Class     Images  Instances      Box(P          R      mAP50  mAP50-95): 100%|██████████| 8/8 [00:04<00:00,  1.99it/s]
                   all        120       1740       0.84      0.786      0.921      0.529

      Epoch    GPU_mem   box_loss   cls_loss   dfl_loss  Instances       Size
     39/100      12.4G      1.514     0.9112      1.355        147        640: 100%|██████████| 72/72 [00:53<00:00,  1.36it/s]
                 Class     Images  Instances      Box(P          R      mAP50  mAP50-95): 100%|██████████| 8/8 [00:04<00:00,  1.99it/s]
                   all        120       1740       0.94      0.878      0.953      0.553

      Epoch    GPU_mem   box_loss   cls_loss   dfl_loss  Instances       Size
     40/100      12.7G      1.599     0.9323      1.358         60        640: 100%|██████████| 72/72 [00:53<00:00,  1.35it/s]
                 Class     Images  Instances      Box(P          R      mAP50  mAP50-95): 100%|██████████| 8/8 [00:04<00:00,  1.99it/s]
                   all        120       1740      0.937      0.914       0.97       0.61

      Epoch    GPU_mem   box_loss   cls_loss   dfl_loss  Instances       Size
     41/100      13.8G      1.558     0.9004      1.356        132        640: 100%|██████████| 72/72 [00:53<00:00,  1.34it/s]
                 Class     Images  Instances      Box(P          R      mAP50  mAP50-95): 100%|██████████| 8/8 [00:04<00:00,  1.99it/s]
                   all        120       1740      0.807      0.929      0.925      0.553

      Epoch    GPU_mem   box_loss   cls_loss   dfl_loss  Instances       Size
     42/100        13G      1.568     0.9072      1.344        100        640: 100%|██████████| 72/72 [00:53<00:00,  1.34it/s]
                 Class     Images  Instances      Box(P          R      mAP50  mAP50-95): 100%|██████████| 8/8 [00:04<00:00,  1.99it/s]
                   all        120       1740      0.875      0.937      0.977      0.606

      Epoch    GPU_mem   box_loss   cls_loss   dfl_loss  Instances       Size
     43/100      11.7G      1.519     0.8852      1.357         89        640: 100%|██████████| 72/72 [00:53<00:00,  1.34it/s]
                 Class     Images  Instances      Box(P          R      mAP50  mAP50-95): 100%|██████████| 8/8 [00:04<00:00,  1.99it/s]
                   all        120       1740      0.855      0.939      0.946      0.574

      Epoch    GPU_mem   box_loss   cls_loss   dfl_loss  Instances       Size
     44/100      13.2G       1.54     0.9009      1.339        112        640: 100%|██████████| 72/72 [00:53<00:00,  1.34it/s]
                 Class     Images  Instances      Box(P          R      mAP50  mAP50-95): 100%|██████████| 8/8 [00:04<00:00,  1.96it/s]
                   all        120       1740      0.825      0.883      0.887      0.505

      Epoch    GPU_mem   box_loss   cls_loss   dfl_loss  Instances       Size
     45/100      13.3G      1.537     0.8881      1.329         90        640: 100%|██████████| 72/72 [00:53<00:00,  1.34it/s]
                 Class     Images  Instances      Box(P          R      mAP50  mAP50-95): 100%|██████████| 8/8 [00:04<00:00,  1.99it/s]
                   all        120       1740      0.851      0.653      0.813      0.497

      Epoch    GPU_mem   box_loss   cls_loss   dfl_loss  Instances       Size
     46/100        13G      1.487     0.8617      1.314        109        640: 100%|██████████| 72/72 [00:53<00:00,  1.36it/s]
                 Class     Images  Instances      Box(P          R      mAP50  mAP50-95): 100%|██████████| 8/8 [00:04<00:00,  1.99it/s]
                   all        120       1740      0.786       0.83      0.922      0.526

      Epoch    GPU_mem   box_loss   cls_loss   dfl_loss  Instances       Size
     47/100      14.1G      1.525     0.8941      1.354         64        640: 100%|██████████| 72/72 [00:53<00:00,  1.35it/s]
                 Class     Images  Instances      Box(P          R      mAP50  mAP50-95): 100%|██████████| 8/8 [00:04<00:00,  1.99it/s]
                   all        120       1740      0.813       0.85      0.921       0.58

      Epoch    GPU_mem   box_loss   cls_loss   dfl_loss  Instances       Size
     48/100      13.4G      1.512     0.8759       1.33         66        640: 100%|██████████| 72/72 [00:53<00:00,  1.34it/s]
                 Class     Images  Instances      Box(P          R      mAP50  mAP50-95): 100%|██████████| 8/8 [00:04<00:00,  1.99it/s]
                   all        120       1740        0.9      0.919      0.958      0.631

      Epoch    GPU_mem   box_loss   cls_loss   dfl_loss  Instances       Size
     49/100      12.2G      1.475     0.8606      1.319        154        640: 100%|██████████| 72/72 [00:53<00:00,  1.35it/s]
                 Class     Images  Instances      Box(P          R      mAP50  mAP50-95): 100%|██████████| 8/8 [00:04<00:00,  1.99it/s]
                   all        120       1740      0.882      0.876      0.918      0.579

      Epoch    GPU_mem   box_loss   cls_loss   dfl_loss  Instances       Size
     50/100      12.4G      1.483     0.8476      1.312        115        640: 100%|██████████| 72/72 [00:52<00:00,  1.36it/s]
                 Class     Images  Instances      Box(P          R      mAP50  mAP50-95): 100%|██████████| 8/8 [00:04<00:00,  1.99it/s]
                   all        120       1740      0.918      0.892      0.959      0.581

      Epoch    GPU_mem   box_loss   cls_loss   dfl_loss  Instances       Size
     51/100      12.1G      1.507      0.864      1.315        135        640: 100%|██████████| 72/72 [00:53<00:00,  1.34it/s]
                 Class     Images  Instances      Box(P          R      mAP50  mAP50-95): 100%|██████████| 8/8 [00:04<00:00,  1.99it/s]
                   all        120       1740      0.903      0.896      0.954      0.612

      Epoch    GPU_mem   box_loss   cls_loss   dfl_loss  Instances       Size
     52/100      13.6G      1.466     0.8419      1.311         42        640: 100%|██████████| 72/72 [00:53<00:00,  1.35it/s]
                 Class     Images  Instances      Box(P          R      mAP50  mAP50-95): 100%|██████████| 8/8 [00:04<00:00,  2.00it/s]
                   all        120       1740      0.883        0.8      0.935      0.576

      Epoch    GPU_mem   box_loss   cls_loss   dfl_loss  Instances       Size
     53/100      13.9G      1.487     0.8387      1.301         88        640: 100%|██████████| 72/72 [00:53<00:00,  1.35it/s]
                 Class     Images  Instances      Box(P          R      mAP50  mAP50-95): 100%|██████████| 8/8 [00:04<00:00,  1.99it/s]
                   all        120       1740      0.876      0.946      0.955      0.634

      Epoch    GPU_mem   box_loss   cls_loss   dfl_loss  Instances       Size
     54/100      11.8G      1.473     0.8256      1.283         72        640: 100%|██████████| 72/72 [00:53<00:00,  1.34it/s]
                 Class     Images  Instances      Box(P          R      mAP50  mAP50-95): 100%|██████████| 8/8 [00:04<00:00,  2.00it/s]
                   all        120       1740      0.891      0.877      0.923      0.583

      Epoch    GPU_mem   box_loss   cls_loss   dfl_loss  Instances       Size
     55/100      12.2G      1.513     0.8463       1.28         77        640: 100%|██████████| 72/72 [00:53<00:00,  1.35it/s]
                 Class     Images  Instances      Box(P          R      mAP50  mAP50-95): 100%|██████████| 8/8 [00:04<00:00,  1.99it/s]
                   all        120       1740      0.787      0.795      0.872      0.529

      Epoch    GPU_mem   box_loss   cls_loss   dfl_loss  Instances       Size
     56/100      11.8G      1.458     0.8278      1.299        136        640: 100%|██████████| 72/72 [00:53<00:00,  1.35it/s]
                 Class     Images  Instances      Box(P          R      mAP50  mAP50-95): 100%|██████████| 8/8 [00:04<00:00,  1.99it/s]
                   all        120       1740      0.918      0.911      0.964       0.56

      Epoch    GPU_mem   box_loss   cls_loss   dfl_loss  Instances       Size
     57/100      11.7G      1.444      0.812      1.279        103        640: 100%|██████████| 72/72 [00:53<00:00,  1.35it/s]
                 Class     Images  Instances      Box(P          R      mAP50  mAP50-95): 100%|██████████| 8/8 [00:04<00:00,  1.99it/s]
                   all        120       1740      0.901      0.945      0.961      0.564

      Epoch    GPU_mem   box_loss   cls_loss   dfl_loss  Instances       Size
     58/100      13.2G      1.399     0.7958      1.276        153        640: 100%|██████████| 72/72 [00:53<00:00,  1.33it/s]
                 Class     Images  Instances      Box(P          R      mAP50  mAP50-95): 100%|██████████| 8/8 [00:04<00:00,  1.95it/s]
                   all        120       1740      0.921      0.927      0.978      0.653

      Epoch    GPU_mem   box_loss   cls_loss   dfl_loss  Instances       Size
     59/100      12.4G      1.476     0.8102      1.262         84        640: 100%|██████████| 72/72 [00:53<00:00,  1.33it/s]
                 Class     Images  Instances      Box(P          R      mAP50  mAP50-95): 100%|██████████| 8/8 [00:04<00:00,  1.95it/s]
                   all        120       1740      0.897      0.962       0.97      0.655

      Epoch    GPU_mem   box_loss   cls_loss   dfl_loss  Instances       Size
     60/100      14.1G      1.414     0.7919      1.276        141        640: 100%|██████████| 72/72 [00:53<00:00,  1.34it/s]
                 Class     Images  Instances      Box(P          R      mAP50  mAP50-95): 100%|██████████| 8/8 [00:04<00:00,  1.95it/s]
                   all        120       1740      0.921      0.887      0.969      0.636

      Epoch    GPU_mem   box_loss   cls_loss   dfl_loss  Instances       Size
     61/100      13.2G      1.488     0.8119      1.275        116        640: 100%|██████████| 72/72 [00:53<00:00,  1.35it/s]
                 Class     Images  Instances      Box(P          R      mAP50  mAP50-95): 100%|██████████| 8/8 [00:04<00:00,  1.99it/s]
                   all        120       1740       0.96      0.951      0.984      0.669

      Epoch    GPU_mem   box_loss   cls_loss   dfl_loss  Instances       Size
     62/100      11.8G      1.464     0.8178      1.264        166        640: 100%|██████████| 72/72 [00:53<00:00,  1.35it/s]
                 Class     Images  Instances      Box(P          R      mAP50  mAP50-95): 100%|██████████| 8/8 [00:04<00:00,  1.99it/s]
                   all        120       1740      0.897      0.957      0.976      0.638

      Epoch    GPU_mem   box_loss   cls_loss   dfl_loss  Instances       Size
     63/100      12.9G      1.405     0.7854      1.268        134        640: 100%|██████████| 72/72 [00:53<00:00,  1.35it/s]
                 Class     Images  Instances      Box(P          R      mAP50  mAP50-95): 100%|██████████| 8/8 [00:04<00:00,  1.99it/s]
                   all        120       1740      0.922      0.936      0.973       0.65

      Epoch    GPU_mem   box_loss   cls_loss   dfl_loss  Instances       Size
     64/100      13.1G      1.416     0.7814      1.266         85        640: 100%|██████████| 72/72 [00:53<00:00,  1.35it/s]
                 Class     Images  Instances      Box(P          R      mAP50  mAP50-95): 100%|██████████| 8/8 [00:04<00:00,  1.89it/s]
                   all        120       1740       0.88      0.799      0.889      0.575

      Epoch    GPU_mem   box_loss   cls_loss   dfl_loss  Instances       Size
     65/100      12.5G      1.348      0.759       1.24        130        640: 100%|██████████| 72/72 [00:53<00:00,  1.33it/s]
                 Class     Images  Instances      Box(P          R      mAP50  mAP50-95): 100%|██████████| 8/8 [00:04<00:00,  1.99it/s]
                   all        120       1740      0.925       0.95       0.97      0.639

      Epoch    GPU_mem   box_loss   cls_loss   dfl_loss  Instances       Size
     66/100      14.2G      1.383     0.7692      1.248        134        640: 100%|██████████| 72/72 [00:53<00:00,  1.34it/s]
                 Class     Images  Instances      Box(P          R      mAP50  mAP50-95): 100%|██████████| 8/8 [00:04<00:00,  1.99it/s]
                   all        120       1740      0.819      0.978      0.933      0.588

      Epoch    GPU_mem   box_loss   cls_loss   dfl_loss  Instances       Size
     67/100      11.8G      1.369     0.7609       1.24         72        640: 100%|██████████| 72/72 [00:53<00:00,  1.34it/s]
                 Class     Images  Instances      Box(P          R      mAP50  mAP50-95): 100%|██████████| 8/8 [00:04<00:00,  1.99it/s]
                   all        120       1740      0.946      0.927      0.977      0.679

      Epoch    GPU_mem   box_loss   cls_loss   dfl_loss  Instances       Size
     68/100      11.4G      1.382      0.763      1.265        124        640: 100%|██████████| 72/72 [00:53<00:00,  1.35it/s]
                 Class     Images  Instances      Box(P          R      mAP50  mAP50-95): 100%|██████████| 8/8 [00:04<00:00,  2.00it/s]
                   all        120       1740      0.878      0.897      0.948      0.591

      Epoch    GPU_mem   box_loss   cls_loss   dfl_loss  Instances       Size
     69/100      13.2G      1.401     0.7627      1.241        121        640: 100%|██████████| 72/72 [00:53<00:00,  1.35it/s]
                 Class     Images  Instances      Box(P          R      mAP50  mAP50-95): 100%|██████████| 8/8 [00:04<00:00,  1.99it/s]
                   all        120       1740      0.873      0.898      0.953      0.628

      Epoch    GPU_mem   box_loss   cls_loss   dfl_loss  Instances       Size
     70/100      14.3G       1.34     0.7427      1.228        171        640: 100%|██████████| 72/72 [00:53<00:00,  1.36it/s]
                 Class     Images  Instances      Box(P          R      mAP50  mAP50-95): 100%|██████████| 8/8 [00:04<00:00,  1.99it/s]
                   all        120       1740      0.873      0.917      0.957      0.654

      Epoch    GPU_mem   box_loss   cls_loss   dfl_loss  Instances       Size
     71/100      13.2G      1.372      0.758      1.234        115        640: 100%|██████████| 72/72 [00:53<00:00,  1.35it/s]
                 Class     Images  Instances      Box(P          R      mAP50  mAP50-95): 100%|██████████| 8/8 [00:04<00:00,  1.99it/s]
                   all        120       1740      0.885      0.948      0.979      0.645

      Epoch    GPU_mem   box_loss   cls_loss   dfl_loss  Instances       Size
     72/100        11G      1.371     0.7481      1.238        125        640: 100%|██████████| 72/72 [00:53<00:00,  1.35it/s]
                 Class     Images  Instances      Box(P          R      mAP50  mAP50-95): 100%|██████████| 8/8 [00:04<00:00,  1.99it/s]
                   all        120       1740      0.908      0.935      0.973      0.653

      Epoch    GPU_mem   box_loss   cls_loss   dfl_loss  Instances       Size
     73/100      13.6G      1.391     0.7489      1.223        153        640: 100%|██████████| 72/72 [00:53<00:00,  1.35it/s]
                 Class     Images  Instances      Box(P          R      mAP50  mAP50-95): 100%|██████████| 8/8 [00:04<00:00,  1.99it/s]
                   all        120       1740      0.892      0.961      0.963      0.629

      Epoch    GPU_mem   box_loss   cls_loss   dfl_loss  Instances       Size
     74/100      13.5G      1.334     0.7293      1.212        100        640: 100%|██████████| 72/72 [00:53<00:00,  1.34it/s]
                 Class     Images  Instances      Box(P          R      mAP50  mAP50-95): 100%|██████████| 8/8 [00:04<00:00,  1.95it/s]
                   all        120       1740       0.95      0.926      0.969       0.63

      Epoch    GPU_mem   box_loss   cls_loss   dfl_loss  Instances       Size
     75/100      11.9G      1.337     0.7284      1.217        141        640: 100%|██████████| 72/72 [00:53<00:00,  1.34it/s]
                 Class     Images  Instances      Box(P          R      mAP50  mAP50-95): 100%|██████████| 8/8 [00:04<00:00,  1.95it/s]
                   all        120       1740      0.973      0.927       0.98      0.651

      Epoch    GPU_mem   box_loss   cls_loss   dfl_loss  Instances       Size
     76/100      12.2G      1.331     0.7206      1.217         84        640: 100%|██████████| 72/72 [00:53<00:00,  1.35it/s]
                 Class     Images  Instances      Box(P          R      mAP50  mAP50-95): 100%|██████████| 8/8 [00:04<00:00,  1.99it/s]
                   all        120       1740      0.859      0.948      0.971      0.592

      Epoch    GPU_mem   box_loss   cls_loss   dfl_loss  Instances       Size
     77/100      12.8G      1.305     0.7093      1.206        131        640: 100%|██████████| 72/72 [00:52<00:00,  1.36it/s]
                 Class     Images  Instances      Box(P          R      mAP50  mAP50-95): 100%|██████████| 8/8 [00:03<00:00,  2.00it/s]
                   all        120       1740      0.943      0.908      0.983      0.689

      Epoch    GPU_mem   box_loss   cls_loss   dfl_loss  Instances       Size
     78/100      12.2G      1.326     0.7221      1.211         80        640: 100%|██████████| 72/72 [00:53<00:00,  1.35it/s]
                 Class     Images  Instances      Box(P          R      mAP50  mAP50-95): 100%|██████████| 8/8 [00:04<00:00,  1.99it/s]
                   all        120       1740      0.889      0.959      0.979      0.634

      Epoch    GPU_mem   box_loss   cls_loss   dfl_loss  Instances       Size
     79/100      13.1G      1.321     0.7209      1.223        182        640: 100%|██████████| 72/72 [00:53<00:00,  1.36it/s]
                 Class     Images  Instances      Box(P          R      mAP50  mAP50-95): 100%|██████████| 8/8 [00:04<00:00,  1.99it/s]
                   all        120       1740      0.883      0.948      0.983       0.67

      Epoch    GPU_mem   box_loss   cls_loss   dfl_loss  Instances       Size
     80/100      13.6G      1.356     0.7303      1.211        167        640: 100%|██████████| 72/72 [00:53<00:00,  1.34it/s]
                 Class     Images  Instances      Box(P          R      mAP50  mAP50-95): 100%|██████████| 8/8 [00:04<00:00,  1.99it/s]
                   all        120       1740      0.932       0.93       0.98      0.658

      Epoch    GPU_mem   box_loss   cls_loss   dfl_loss  Instances       Size
     81/100        13G      1.296     0.6935      1.201        133        640: 100%|██████████| 72/72 [00:53<00:00,  1.35it/s]
                 Class     Images  Instances      Box(P          R      mAP50  mAP50-95): 100%|██████████| 8/8 [00:04<00:00,  2.00it/s]
                   all        120       1740      0.892      0.956      0.975      0.663

      Epoch    GPU_mem   box_loss   cls_loss   dfl_loss  Instances       Size
     82/100      13.1G        1.3     0.7152      1.208        156        640: 100%|██████████| 72/72 [00:53<00:00,  1.35it/s]
                 Class     Images  Instances      Box(P          R      mAP50  mAP50-95): 100%|██████████| 8/8 [00:04<00:00,  1.99it/s]
                   all        120       1740      0.905      0.913      0.951      0.636

      Epoch    GPU_mem   box_loss   cls_loss   dfl_loss  Instances       Size
     83/100      11.8G       1.31     0.7038      1.194        117        640: 100%|██████████| 72/72 [00:53<00:00,  1.35it/s]
                 Class     Images  Instances      Box(P          R      mAP50  mAP50-95): 100%|██████████| 8/8 [00:04<00:00,  1.99it/s]
                   all        120       1740      0.885      0.937      0.975      0.679

      Epoch    GPU_mem   box_loss   cls_loss   dfl_loss  Instances       Size
     84/100      13.7G       1.29     0.6911      1.184        123        640: 100%|██████████| 72/72 [00:53<00:00,  1.35it/s]
                 Class     Images  Instances      Box(P          R      mAP50  mAP50-95): 100%|██████████| 8/8 [00:04<00:00,  1.99it/s]
                   all        120       1740      0.899      0.933      0.959      0.603

      Epoch    GPU_mem   box_loss   cls_loss   dfl_loss  Instances       Size
     85/100      13.2G      1.316     0.7042      1.201         96        640: 100%|██████████| 72/72 [00:53<00:00,  1.36it/s]
                 Class     Images  Instances      Box(P          R      mAP50  mAP50-95): 100%|██████████| 8/8 [00:04<00:00,  1.89it/s]
                   all        120       1740      0.943      0.935      0.984      0.691

      Epoch    GPU_mem   box_loss   cls_loss   dfl_loss  Instances       Size
     86/100      12.4G      1.309     0.6918      1.194         86        640: 100%|██████████| 72/72 [00:53<00:00,  1.35it/s]
                 Class     Images  Instances      Box(P          R      mAP50  mAP50-95): 100%|██████████| 8/8 [00:04<00:00,  2.00it/s]
                   all        120       1740      0.947      0.943      0.986      0.671

      Epoch    GPU_mem   box_loss   cls_loss   dfl_loss  Instances       Size
     87/100      13.5G      1.314     0.7012      1.186        127        640: 100%|██████████| 72/72 [00:53<00:00,  1.35it/s]
                 Class     Images  Instances      Box(P          R      mAP50  mAP50-95): 100%|██████████| 8/8 [00:04<00:00,  2.00it/s]
                   all        120       1740      0.954      0.869      0.969      0.668

      Epoch    GPU_mem   box_loss   cls_loss   dfl_loss  Instances       Size
     88/100      11.9G      1.268     0.6876      1.191         76        640: 100%|██████████| 72/72 [00:53<00:00,  1.35it/s]
                 Class     Images  Instances      Box(P          R      mAP50  mAP50-95): 100%|██████████| 8/8 [00:04<00:00,  2.00it/s]
                   all        120       1740      0.917      0.927      0.965      0.652

      Epoch    GPU_mem   box_loss   cls_loss   dfl_loss  Instances       Size
     89/100      13.7G       1.32     0.7019      1.202        115        640: 100%|██████████| 72/72 [00:53<00:00,  1.34it/s]
                 Class     Images  Instances      Box(P          R      mAP50  mAP50-95): 100%|██████████| 8/8 [00:04<00:00,  1.99it/s]
                   all        120       1740      0.911      0.934      0.972      0.679

      Epoch    GPU_mem   box_loss   cls_loss   dfl_loss  Instances       Size
     90/100      13.5G      1.307     0.6943      1.176         78        640: 100%|██████████| 72/72 [00:53<00:00,  1.34it/s]
                 Class     Images  Instances      Box(P          R      mAP50  mAP50-95): 100%|██████████| 8/8 [00:04<00:00,  1.99it/s]
                   all        120       1740      0.891      0.956      0.981       0.69
Closing dataloader mosaic

      Epoch    GPU_mem   box_loss   cls_loss   dfl_loss  Instances       Size
     91/100      10.6G      1.254     0.6571      1.201         88        640: 100%|██████████| 72/72 [00:49<00:00,  1.44it/s]
                 Class     Images  Instances      Box(P          R      mAP50  mAP50-95): 100%|██████████| 8/8 [00:04<00:00,  1.94it/s]
                   all        120       1740      0.927      0.919      0.985      0.677

      Epoch    GPU_mem   box_loss   cls_loss   dfl_loss  Instances       Size
     92/100      10.3G      1.233     0.6488      1.196         84        640: 100%|██████████| 72/72 [00:49<00:00,  1.44it/s]
                 Class     Images  Instances      Box(P          R      mAP50  mAP50-95): 100%|██████████| 8/8 [00:04<00:00,  1.95it/s]
                   all        120       1740      0.889      0.962      0.981      0.674

      Epoch    GPU_mem   box_loss   cls_loss   dfl_loss  Instances       Size
     93/100      10.4G      1.273     0.6638      1.211         76        640: 100%|██████████| 72/72 [00:49<00:00,  1.44it/s]
                 Class     Images  Instances      Box(P          R      mAP50  mAP50-95): 100%|██████████| 8/8 [00:04<00:00,  1.95it/s]
                   all        120       1740      0.887      0.967      0.982      0.678

      Epoch    GPU_mem   box_loss   cls_loss   dfl_loss  Instances       Size
     94/100      10.6G      1.278     0.6581      1.183         71        640: 100%|██████████| 72/72 [00:50<00:00,  1.44it/s]
                 Class     Images  Instances      Box(P          R      mAP50  mAP50-95): 100%|██████████| 8/8 [00:04<00:00,  1.94it/s]
                   all        120       1740      0.891      0.965      0.983       0.67

      Epoch    GPU_mem   box_loss   cls_loss   dfl_loss  Instances       Size
     95/100      10.4G      1.238     0.6481      1.193         65        640: 100%|██████████| 72/72 [00:50<00:00,  1.44it/s]
                 Class     Images  Instances      Box(P          R      mAP50  mAP50-95): 100%|██████████| 8/8 [00:04<00:00,  1.95it/s]
                   all        120       1740      0.896      0.963      0.987      0.694

      Epoch    GPU_mem   box_loss   cls_loss   dfl_loss  Instances       Size
     96/100      10.3G      1.243     0.6459      1.187         64        640: 100%|██████████| 72/72 [00:49<00:00,  1.44it/s]
                 Class     Images  Instances      Box(P          R      mAP50  mAP50-95): 100%|██████████| 8/8 [00:04<00:00,  1.99it/s]
                   all        120       1740      0.888      0.956      0.971      0.661

      Epoch    GPU_mem   box_loss   cls_loss   dfl_loss  Instances       Size
     97/100      10.3G      1.231     0.6427      1.176        109        640: 100%|██████████| 72/72 [00:49<00:00,  1.45it/s]
                 Class     Images  Instances      Box(P          R      mAP50  mAP50-95): 100%|██████████| 8/8 [00:04<00:00,  1.99it/s]
                   all        120       1740      0.895      0.958      0.971      0.701

      Epoch    GPU_mem   box_loss   cls_loss   dfl_loss  Instances       Size
     98/100      10.5G      1.254     0.6467       1.19         92        640: 100%|██████████| 72/72 [00:49<00:00,  1.45it/s]
                 Class     Images  Instances      Box(P          R      mAP50  mAP50-95): 100%|██████████| 8/8 [00:04<00:00,  1.99it/s]
                   all        120       1740      0.898      0.958      0.982      0.696

      Epoch    GPU_mem   box_loss   cls_loss   dfl_loss  Instances       Size
     99/100      10.4G      1.205     0.6344      1.177         64        640: 100%|██████████| 72/72 [00:49<00:00,  1.45it/s]
                 Class     Images  Instances      Box(P          R      mAP50  mAP50-95): 100%|██████████| 8/8 [00:04<00:00,  1.99it/s]
                   all        120       1740      0.902      0.945      0.981      0.694

      Epoch    GPU_mem   box_loss   cls_loss   dfl_loss  Instances       Size
    100/100      10.4G      1.195     0.6287      1.165         87        640: 100%|██████████| 72/72 [00:49<00:00,  1.45it/s]
                 Class     Images  Instances      Box(P          R      mAP50  mAP50-95): 100%|██████████| 8/8 [00:04<00:00,  1.99it/s]
                   all        120       1740      0.902       0.95      0.983      0.693

100 epochs completed in 1.616 hours.
Optimizer stripped from .yolo-out-hc5/yolo11a-hc5-1/weights/last.pt, 27.5MB
Optimizer stripped from .yolo-out-hc5/yolo11a-hc5-1/weights/best.pt, 27.5MB

Validating .yolo-out-hc5/yolo11a-hc5-1/weights/best.pt...
Ultralytics 8.3.150 🚀 Python-3.13.2 torch-2.6.0+cu118 CUDA:0 (Tesla T4, 14913MiB)
                                                       CUDA:1 (Tesla T4, 14913MiB)
model summary (fused): 125 layers, 13,119,135 parameters, 0 gradients, 91.7 GFLOPs
                 Class     Images  Instances      Box(P          R      mAP50  mAP50-95): 100%|██████████| 8/8 [00:04<00:00,  1.71it/s]
                   all        120       1740      0.894      0.959      0.971        0.7
                   bus          7         13      0.741          1      0.952       0.68
                   car         60        560       0.98      0.959      0.993      0.823
                 human         60       1167      0.962      0.917      0.968      0.598
Speed: 0.2ms preprocess, 34.5ms inference, 0.0ms loss, 0.8ms postprocess per image
Results saved to .yolo-out-hc5/yolo11a-hc5-1
