Overriding model.yaml nc=80 with nc=10
Freezing layer 'model.23.dfl.conv.weight'
AMP: running Automatic Mixed Precision (AMP) checks...
AMP: checks passed ✅
train: Fast image access ✅ (ping: 0.1±0.0 ms, read: 761.5±197.0 MB/s, size: 230.0 KB)
train: Scanning /data2/jd1/datasets/VisDrone/labels/train.cache... 6471 images, 
train: /data2/jd1/datasets/VisDrone/images/train/0000137_02220_d_0000163.jpg: 1 duplicate labels removed
train: /data2/jd1/datasets/VisDrone/images/train/0000140_00118_d_0000002.jpg: 1 duplicate labels removed
train: /data2/jd1/datasets/VisDrone/images/train/9999945_00000_d_0000114.jpg: 1 duplicate labels removed
train: /data2/jd1/datasets/VisDrone/images/train/9999987_00000_d_0000049.jpg: 1 duplicate labels removed
val: Fast image access ✅ (ping: 0.0±0.0 ms, read: 1527.7±1189.7 MB/s, size: 130.5 KB)
val: Scanning /data2/jd1/datasets/VisDrone/labels/val.cache... 548 images, 0 bac
Plotting labels to .yolo-out/yolo11-vd-2/labels.jpg...
optimizer: 'optimizer=auto' found, ignoring 'lr0=0.01' and 'momentum=0.937' and determining best 'optimizer', 'lr0' and 'momentum' automatically...
optimizer: SGD(lr=0.01, momentum=0.9) with parameter groups 106 weight(decay=0.0), 113 weight(decay=0.0005), 112 bias(decay=0.0)
Image sizes 640 train, 640 val
Using 16 dataloader workers
Logging results to .yolo-out/yolo11-vd-2
Starting training for 100 epochs...

      Epoch    GPU_mem   box_loss   cls_loss   dfl_loss  Instances       Size
      1/100      1.98G      4.539      5.165      3.241        186        640: 1
                 Class     Images  Instances      Box(P          R      mAP50  m
                   all        548      38759      0.013     0.0566     0.0085    0.00283

      Epoch    GPU_mem   box_loss   cls_loss   dfl_loss  Instances       Size
      2/100      2.13G      2.851      2.671      1.658        154        640: 1
                 Class     Images  Instances      Box(P          R      mAP50  m
                   all        548      38759      0.216     0.0836     0.0659     0.0285

      Epoch    GPU_mem   box_loss   cls_loss   dfl_loss  Instances       Size
      3/100      2.15G      2.323      2.163      1.341         75        640: 1
                 Class     Images  Instances      Box(P          R      mAP50  m
                   all        548      38759      0.259      0.133      0.101      0.048

      Epoch    GPU_mem   box_loss   cls_loss   dfl_loss  Instances       Size
      4/100      2.15G      2.082      1.912       1.23         92        640: 1
                 Class     Images  Instances      Box(P          R      mAP50  m
                   all        548      38759      0.204      0.158      0.128     0.0669

      Epoch    GPU_mem   box_loss   cls_loss   dfl_loss  Instances       Size
      5/100       2.5G      1.928      1.755      1.174        148        640: 1
                 Class     Images  Instances      Box(P          R      mAP50  m
                   all        548      38759      0.229      0.193      0.155     0.0817

      Epoch    GPU_mem   box_loss   cls_loss   dfl_loss  Instances       Size
      6/100       2.5G      1.832      1.605      1.132        108        640: 1
                 Class     Images  Instances      Box(P          R      mAP50  m
                   all        548      38759      0.234      0.208      0.167     0.0891

      Epoch    GPU_mem   box_loss   cls_loss   dfl_loss  Instances       Size
      7/100       2.5G       1.75      1.512      1.111        167        640: 1
                 Class     Images  Instances      Box(P          R      mAP50  m
                   all        548      38759      0.274      0.225      0.195      0.107

      Epoch    GPU_mem   box_loss   cls_loss   dfl_loss  Instances       Size
      8/100       2.5G      1.705      1.456      1.091         81        640: 1
                 Class     Images  Instances      Box(P          R      mAP50  m
                   all        548      38759      0.288       0.24      0.203      0.112

      Epoch    GPU_mem   box_loss   cls_loss   dfl_loss  Instances       Size
      9/100       2.5G      1.663      1.399      1.074        280        640: 1
                 Class     Images  Instances      Box(P          R      mAP50  m
                   all        548      38759      0.318      0.251      0.224      0.124

      Epoch    GPU_mem   box_loss   cls_loss   dfl_loss  Instances       Size
     10/100       2.5G      1.636      1.354      1.066        223        640: 1
                 Class     Images  Instances      Box(P          R      mAP50  m
                   all        548      38759      0.323      0.249      0.229      0.128

      Epoch    GPU_mem   box_loss   cls_loss   dfl_loss  Instances       Size
     11/100       2.7G      1.608      1.325      1.063        187        640: 1
                 Class     Images  Instances      Box(P          R      mAP50  m
                   all        548      38759      0.341      0.254      0.237      0.136

      Epoch    GPU_mem   box_loss   cls_loss   dfl_loss  Instances       Size
     12/100       2.7G      1.587       1.29      1.052        142        640: 1
                 Class     Images  Instances      Box(P          R      mAP50  m
                   all        548      38759      0.346      0.268      0.251      0.142

      Epoch    GPU_mem   box_loss   cls_loss   dfl_loss  Instances       Size
     13/100       2.7G      1.547      1.259      1.041        142        640: 1
                 Class     Images  Instances      Box(P          R      mAP50  m
                   all        548      38759      0.365       0.28      0.262       0.15

      Epoch    GPU_mem   box_loss   cls_loss   dfl_loss  Instances       Size
     14/100       2.7G      1.539      1.243      1.038        171        640: 1
                 Class     Images  Instances      Box(P          R      mAP50  m
                   all        548      38759       0.36      0.283      0.264       0.15

      Epoch    GPU_mem   box_loss   cls_loss   dfl_loss  Instances       Size
     15/100       2.7G      1.518       1.21      1.029        255        640: 1
                 Class     Images  Instances      Box(P          R      mAP50  m
                   all        548      38759      0.386      0.285      0.273      0.156

      Epoch    GPU_mem   box_loss   cls_loss   dfl_loss  Instances       Size
     16/100       2.7G      1.514      1.209       1.03        268        640: 1
                 Class     Images  Instances      Box(P          R      mAP50  m
                   all        548      38759      0.382       0.29      0.276      0.159

      Epoch    GPU_mem   box_loss   cls_loss   dfl_loss  Instances       Size
     17/100       2.7G      1.487      1.181      1.024        157        640: 1
                 Class     Images  Instances      Box(P          R      mAP50  m
                   all        548      38759      0.388      0.298      0.286      0.163

      Epoch    GPU_mem   box_loss   cls_loss   dfl_loss  Instances       Size
     18/100       2.7G      1.468       1.15      1.016        136        640: 1
                 Class     Images  Instances      Box(P          R      mAP50  m
                   all        548      38759      0.403      0.303       0.29      0.167

      Epoch    GPU_mem   box_loss   cls_loss   dfl_loss  Instances       Size
     19/100       2.7G       1.46      1.145      1.013        300        640: 1
                 Class     Images  Instances      Box(P          R      mAP50  m
                   all        548      38759      0.407      0.305      0.299      0.172

      Epoch    GPU_mem   box_loss   cls_loss   dfl_loss  Instances       Size
     20/100       2.7G      1.447      1.134      1.012        245        640: 1
                 Class     Images  Instances      Box(P          R      mAP50  m
                   all        548      38759      0.407      0.311      0.299      0.171

      Epoch    GPU_mem   box_loss   cls_loss   dfl_loss  Instances       Size
     21/100       2.7G       1.42      1.113      1.005        196        640: 1
                 Class     Images  Instances      Box(P          R      mAP50  m
                   all        548      38759      0.421      0.305      0.306      0.177

      Epoch    GPU_mem   box_loss   cls_loss   dfl_loss  Instances       Size
     22/100      2.71G      1.429      1.108     0.9971        224        640: 1
                 Class     Images  Instances      Box(P          R      mAP50  m
                   all        548      38759      0.419      0.321      0.316      0.183

      Epoch    GPU_mem   box_loss   cls_loss   dfl_loss  Instances       Size
     23/100      2.71G      1.408      1.091     0.9985         38        640: 1
                 Class     Images  Instances      Box(P          R      mAP50  m
                   all        548      38759      0.418       0.32      0.313      0.182

      Epoch    GPU_mem   box_loss   cls_loss   dfl_loss  Instances       Size
     24/100      2.71G      1.411      1.091     0.9991         50        640: 1
                 Class     Images  Instances      Box(P          R      mAP50  m
                   all        548      38759      0.421      0.326      0.319      0.185

      Epoch    GPU_mem   box_loss   cls_loss   dfl_loss  Instances       Size
     25/100      2.71G      1.404      1.078      0.997        171        640: 1
                 Class     Images  Instances      Box(P          R      mAP50  m
                   all        548      38759      0.434      0.324       0.32      0.186

      Epoch    GPU_mem   box_loss   cls_loss   dfl_loss  Instances       Size
     26/100      2.71G      1.404      1.066     0.9907         90        640: 1
                 Class     Images  Instances      Box(P          R      mAP50  m
                   all        548      38759      0.428      0.327      0.324       0.19

      Epoch    GPU_mem   box_loss   cls_loss   dfl_loss  Instances       Size
     27/100      2.71G      1.394      1.062      0.989         64        640: 1
                 Class     Images  Instances      Box(P          R      mAP50  m
                   all        548      38759      0.439      0.326      0.326      0.192

      Epoch    GPU_mem   box_loss   cls_loss   dfl_loss  Instances       Size
     28/100      2.71G      1.379      1.053     0.9925         83        640: 1
                 Class     Images  Instances      Box(P          R      mAP50  m
                   all        548      38759      0.445      0.326      0.326      0.193

      Epoch    GPU_mem   box_loss   cls_loss   dfl_loss  Instances       Size
     29/100      2.71G      1.384      1.054     0.9818        387        640: 1
                 Class     Images  Instances      Box(P          R      mAP50  m
                   all        548      38759      0.441      0.337      0.335      0.199

      Epoch    GPU_mem   box_loss   cls_loss   dfl_loss  Instances       Size
     30/100      2.71G      1.375      1.041      0.984        172        640: 1
                 Class     Images  Instances      Box(P          R      mAP50  m
                   all        548      38759      0.442      0.341      0.336      0.198

      Epoch    GPU_mem   box_loss   cls_loss   dfl_loss  Instances       Size
     31/100      2.71G      1.358       1.03     0.9814        274        640: 1
                 Class     Images  Instances      Box(P          R      mAP50  m
                   all        548      38759      0.444      0.337      0.336      0.199

      Epoch    GPU_mem   box_loss   cls_loss   dfl_loss  Instances       Size
     32/100      2.71G      1.344      1.005     0.9771        257        640: 1
                 Class     Images  Instances      Box(P          R      mAP50  m
                   all        548      38759       0.44      0.336      0.337      0.199

      Epoch    GPU_mem   box_loss   cls_loss   dfl_loss  Instances       Size
     33/100      2.71G      1.349      1.018     0.9799        154        640: 1
                 Class     Images  Instances      Box(P          R      mAP50  m
                   all        548      38759      0.456      0.332      0.341      0.204

      Epoch    GPU_mem   box_loss   cls_loss   dfl_loss  Instances       Size
     34/100      2.71G      1.358      1.012     0.9792        105        640: 1
                 Class     Images  Instances      Box(P          R      mAP50  m
                   all        548      38759      0.466      0.344       0.35      0.208

      Epoch    GPU_mem   box_loss   cls_loss   dfl_loss  Instances       Size
     35/100      2.71G      1.351      1.006     0.9765        434        640: 1
                 Class     Images  Instances      Box(P          R      mAP50  m
                   all        548      38759      0.461      0.345      0.347      0.207

      Epoch    GPU_mem   box_loss   cls_loss   dfl_loss  Instances       Size
     36/100      2.71G      1.334     0.9959     0.9764        358        640: 1
                 Class     Images  Instances      Box(P          R      mAP50  m
                   all        548      38759      0.452      0.354      0.351      0.209

      Epoch    GPU_mem   box_loss   cls_loss   dfl_loss  Instances       Size
     37/100      2.71G      1.341     0.9997     0.9716        274        640: 1
                 Class     Images  Instances      Box(P          R      mAP50  m
                   all        548      38759      0.459      0.353      0.352      0.209

      Epoch    GPU_mem   box_loss   cls_loss   dfl_loss  Instances       Size
     38/100      2.71G      1.326     0.9907     0.9703        152        640: 1
                 Class     Images  Instances      Box(P          R      mAP50  m
                   all        548      38759       0.45      0.353      0.353       0.21

      Epoch    GPU_mem   box_loss   cls_loss   dfl_loss  Instances       Size
     39/100      2.71G      1.333     0.9851     0.9663        209        640: 1
                 Class     Images  Instances      Box(P          R      mAP50  m
                   all        548      38759      0.476      0.354      0.359      0.214

      Epoch    GPU_mem   box_loss   cls_loss   dfl_loss  Instances       Size
     40/100      2.71G      1.333     0.9731     0.9694         64        640: 1
                 Class     Images  Instances      Box(P          R      mAP50  m
                   all        548      38759      0.469      0.355      0.359      0.214

      Epoch    GPU_mem   box_loss   cls_loss   dfl_loss  Instances       Size
     41/100      2.71G       1.32     0.9665     0.9647        199        640: 1
                 Class     Images  Instances      Box(P          R      mAP50  m
                   all        548      38759      0.473      0.355      0.357      0.213

      Epoch    GPU_mem   box_loss   cls_loss   dfl_loss  Instances       Size
     42/100      2.71G      1.307     0.9562     0.9621        233        640: 1
                 Class     Images  Instances      Box(P          R      mAP50  m
                   all        548      38759      0.459      0.359      0.359      0.214

      Epoch    GPU_mem   box_loss   cls_loss   dfl_loss  Instances       Size
     43/100      2.71G      1.311     0.9644     0.9653        175        640: 1
                 Class     Images  Instances      Box(P          R      mAP50  m
                   all        548      38759      0.474       0.36      0.364      0.217

      Epoch    GPU_mem   box_loss   cls_loss   dfl_loss  Instances       Size
     44/100      2.71G       1.31     0.9556     0.9633         89        640: 1
                 Class     Images  Instances      Box(P          R      mAP50  m
                   all        548      38759       0.48      0.354      0.365      0.217

      Epoch    GPU_mem   box_loss   cls_loss   dfl_loss  Instances       Size
     45/100      2.71G      1.293     0.9504     0.9621        156        640: 1
                 Class     Images  Instances      Box(P          R      mAP50  m
                   all        548      38759      0.469       0.36      0.367      0.221

      Epoch    GPU_mem   box_loss   cls_loss   dfl_loss  Instances       Size
     46/100      2.71G      1.291     0.9514     0.9664         61        640: 1
                 Class     Images  Instances      Box(P          R      mAP50  m
                   all        548      38759      0.487      0.358      0.369      0.221

      Epoch    GPU_mem   box_loss   cls_loss   dfl_loss  Instances       Size
     47/100      2.71G      1.294     0.9414      0.959        212        640: 1
                 Class     Images  Instances      Box(P          R      mAP50  m
                   all        548      38759       0.49       0.36       0.37      0.222

      Epoch    GPU_mem   box_loss   cls_loss   dfl_loss  Instances       Size
     48/100      2.71G      1.289     0.9414     0.9598        239        640: 1
                 Class     Images  Instances      Box(P          R      mAP50  m
                   all        548      38759      0.479       0.36      0.369      0.222

      Epoch    GPU_mem   box_loss   cls_loss   dfl_loss  Instances       Size
     49/100      2.75G      1.285     0.9341     0.9576        258        640: 1
                 Class     Images  Instances      Box(P          R      mAP50  m
                   all        548      38759      0.485      0.366      0.372      0.223

      Epoch    GPU_mem   box_loss   cls_loss   dfl_loss  Instances       Size
     50/100      2.75G       1.28     0.9278     0.9523        257        640: 1
                 Class     Images  Instances      Box(P          R      mAP50  m
                   all        548      38759      0.478      0.367      0.372      0.224

      Epoch    GPU_mem   box_loss   cls_loss   dfl_loss  Instances       Size
     51/100      2.75G      1.276     0.9167     0.9579         94        640: 1
                 Class     Images  Instances      Box(P          R      mAP50  m
                   all        548      38759      0.477       0.37      0.376      0.226

      Epoch    GPU_mem   box_loss   cls_loss   dfl_loss  Instances       Size
     52/100      2.75G      1.275     0.9242     0.9548        292        640: 1
                 Class     Images  Instances      Box(P          R      mAP50  m
                   all        548      38759      0.473      0.375      0.379      0.227

      Epoch    GPU_mem   box_loss   cls_loss   dfl_loss  Instances       Size
     53/100      2.75G      1.278     0.9168       0.95        141        640: 1
                 Class     Images  Instances      Box(P          R      mAP50  m
                   all        548      38759       0.49      0.374      0.381       0.23

      Epoch    GPU_mem   box_loss   cls_loss   dfl_loss  Instances       Size
     54/100      2.75G       1.27     0.9228     0.9533        120        640: 1
                 Class     Images  Instances      Box(P          R      mAP50  m
                   all        548      38759      0.482      0.373       0.38       0.23

      Epoch    GPU_mem   box_loss   cls_loss   dfl_loss  Instances       Size
     55/100      2.75G       1.27     0.9136     0.9541        206        640: 1
                 Class     Images  Instances      Box(P          R      mAP50  m
                   all        548      38759      0.484      0.374      0.384      0.231

      Epoch    GPU_mem   box_loss   cls_loss   dfl_loss  Instances       Size
     56/100      2.75G      1.261      0.907     0.9532        115        640: 1
                 Class     Images  Instances      Box(P          R      mAP50  m
                   all        548      38759      0.485      0.379      0.384      0.231

      Epoch    GPU_mem   box_loss   cls_loss   dfl_loss  Instances       Size
     57/100      2.75G      1.259      0.894     0.9499         61        640: 1
                 Class     Images  Instances      Box(P          R      mAP50  m
                   all        548      38759      0.484      0.376      0.383      0.231

      Epoch    GPU_mem   box_loss   cls_loss   dfl_loss  Instances       Size
     58/100      2.75G      1.272     0.9087     0.9499        303        640: 1
                 Class     Images  Instances      Box(P          R      mAP50  m
                   all        548      38759      0.497      0.376      0.387      0.234

      Epoch    GPU_mem   box_loss   cls_loss   dfl_loss  Instances       Size
     59/100      2.75G      1.245     0.8918     0.9475        107        640: 1
                 Class     Images  Instances      Box(P          R      mAP50  m
                   all        548      38759      0.494      0.378      0.388      0.235

      Epoch    GPU_mem   box_loss   cls_loss   dfl_loss  Instances       Size
     60/100      2.75G      1.253     0.8905     0.9455        121        640: 1
                 Class     Images  Instances      Box(P          R      mAP50  m
                   all        548      38759      0.502      0.378       0.39      0.236

      Epoch    GPU_mem   box_loss   cls_loss   dfl_loss  Instances       Size
     61/100      2.75G      1.251     0.8881     0.9482        203        640: 1
                 Class     Images  Instances      Box(P          R      mAP50  m
                   all        548      38759      0.488      0.381       0.39      0.235

      Epoch    GPU_mem   box_loss   cls_loss   dfl_loss  Instances       Size
     62/100      2.75G      1.258     0.8922     0.9458        166        640: 1
                 Class     Images  Instances      Box(P          R      mAP50  m
                   all        548      38759      0.504      0.378      0.391      0.236

      Epoch    GPU_mem   box_loss   cls_loss   dfl_loss  Instances       Size
     63/100      2.75G      1.248     0.8832     0.9455         99        640: 1
                 Class     Images  Instances      Box(P          R      mAP50  m
                   all        548      38759      0.505      0.383      0.393      0.237

      Epoch    GPU_mem   box_loss   cls_loss   dfl_loss  Instances       Size
     64/100      2.75G      1.243     0.8829     0.9497         92        640: 1
                 Class     Images  Instances      Box(P          R      mAP50  m
                   all        548      38759      0.503      0.382      0.394      0.238

      Epoch    GPU_mem   box_loss   cls_loss   dfl_loss  Instances       Size
     65/100      2.75G       1.24     0.8792     0.9467         86        640: 1
                 Class     Images  Instances      Box(P          R      mAP50  m
                   all        548      38759      0.513      0.382      0.395       0.24

      Epoch    GPU_mem   box_loss   cls_loss   dfl_loss  Instances       Size
     66/100      2.75G      1.235     0.8707     0.9462        191        640: 1
                 Class     Images  Instances      Box(P          R      mAP50  m
                   all        548      38759      0.503      0.385      0.396       0.24

      Epoch    GPU_mem   box_loss   cls_loss   dfl_loss  Instances       Size
     67/100      2.75G      1.238     0.8721     0.9429        160        640: 1
                 Class     Images  Instances      Box(P          R      mAP50  m
                   all        548      38759      0.504      0.387      0.397      0.241

      Epoch    GPU_mem   box_loss   cls_loss   dfl_loss  Instances       Size
     68/100      2.75G      1.228     0.8603     0.9405        226        640: 1
                 Class     Images  Instances      Box(P          R      mAP50  m
                   all        548      38759      0.515      0.385      0.399      0.241

      Epoch    GPU_mem   box_loss   cls_loss   dfl_loss  Instances       Size
     69/100      2.75G      1.233     0.8639     0.9396         73        640: 1
                 Class     Images  Instances      Box(P          R      mAP50  m
                   all        548      38759      0.506      0.383      0.399      0.242

      Epoch    GPU_mem   box_loss   cls_loss   dfl_loss  Instances       Size
     70/100      2.75G      1.234     0.8539      0.939         88        640: 1
                 Class     Images  Instances      Box(P          R      mAP50  m
                   all        548      38759      0.505      0.387      0.399      0.241

      Epoch    GPU_mem   box_loss   cls_loss   dfl_loss  Instances       Size
     71/100      2.75G      1.231      0.858     0.9372         91        640: 1
                 Class     Images  Instances      Box(P          R      mAP50  m
                   all        548      38759       0.51      0.386      0.401      0.243

      Epoch    GPU_mem   box_loss   cls_loss   dfl_loss  Instances       Size
     72/100      2.75G      1.233     0.8512     0.9416         92        640: 1
                 Class     Images  Instances      Box(P          R      mAP50  m
                   all        548      38759      0.504      0.387      0.401      0.244

      Epoch    GPU_mem   box_loss   cls_loss   dfl_loss  Instances       Size
     73/100      2.75G      1.231     0.8546     0.9374         45        640: 1
                 Class     Images  Instances      Box(P          R      mAP50  m
                   all        548      38759      0.503      0.391      0.402      0.244

      Epoch    GPU_mem   box_loss   cls_loss   dfl_loss  Instances       Size
     74/100      2.75G      1.221     0.8471      0.935        145        640: 1
                 Class     Images  Instances      Box(P          R      mAP50  m
                   all        548      38759       0.51       0.39      0.402      0.244

      Epoch    GPU_mem   box_loss   cls_loss   dfl_loss  Instances       Size
     75/100      2.75G      1.214       0.84     0.9362         57        640: 1
                 Class     Images  Instances      Box(P          R      mAP50  m
                   all        548      38759      0.503       0.39      0.402      0.244

      Epoch    GPU_mem   box_loss   cls_loss   dfl_loss  Instances       Size
     76/100      2.75G      1.211     0.8403     0.9385         57        640: 1
                 Class     Images  Instances      Box(P          R      mAP50  m
                   all        548      38759      0.509      0.391      0.404      0.246

      Epoch    GPU_mem   box_loss   cls_loss   dfl_loss  Instances       Size
     77/100      2.75G       1.21     0.8348     0.9337        222        640: 1
                 Class     Images  Instances      Box(P          R      mAP50  m
                   all        548      38759      0.502      0.394      0.403      0.245

      Epoch    GPU_mem   box_loss   cls_loss   dfl_loss  Instances       Size
     78/100      2.75G       1.21     0.8404     0.9352         58        640: 1
                 Class     Images  Instances      Box(P          R      mAP50  m
                   all        548      38759      0.507      0.391      0.403      0.245

      Epoch    GPU_mem   box_loss   cls_loss   dfl_loss  Instances       Size
     79/100      2.75G      1.205     0.8312      0.935        135        640: 1
                 Class     Images  Instances      Box(P          R      mAP50  m
                   all        548      38759      0.514      0.388      0.402      0.245

      Epoch    GPU_mem   box_loss   cls_loss   dfl_loss  Instances       Size
     80/100      2.75G      1.202     0.8242     0.9292        113        640: 1
                 Class     Images  Instances      Box(P          R      mAP50  m
                   all        548      38759      0.511      0.395      0.402      0.245

      Epoch    GPU_mem   box_loss   cls_loss   dfl_loss  Instances       Size
     81/100      2.75G       1.21       0.83      0.936         98        640: 1
                 Class     Images  Instances      Box(P          R      mAP50  m
                   all        548      38759      0.508      0.393      0.404      0.245

      Epoch    GPU_mem   box_loss   cls_loss   dfl_loss  Instances       Size
     82/100      2.75G      1.212     0.8332     0.9347        109        640: 1
                 Class     Images  Instances      Box(P          R      mAP50  m
                   all        548      38759      0.509      0.395      0.405      0.245

      Epoch    GPU_mem   box_loss   cls_loss   dfl_loss  Instances       Size
     83/100      2.75G       1.19     0.8146     0.9288        235        640: 1
                 Class     Images  Instances      Box(P          R      mAP50  m
                   all        548      38759      0.507      0.396      0.406      0.246

      Epoch    GPU_mem   box_loss   cls_loss   dfl_loss  Instances       Size
     84/100      2.75G      1.195     0.8194     0.9306        115        640: 1
                 Class     Images  Instances      Box(P          R      mAP50  m
                   all        548      38759      0.509      0.396      0.406      0.246

      Epoch    GPU_mem   box_loss   cls_loss   dfl_loss  Instances       Size
     85/100      2.75G      1.199      0.819     0.9302         81        640: 1
                 Class     Images  Instances      Box(P          R      mAP50  m
                   all        548      38759      0.515      0.397      0.408      0.248

      Epoch    GPU_mem   box_loss   cls_loss   dfl_loss  Instances       Size
     86/100      2.75G      1.191      0.813     0.9296         71        640: 1
                 Class     Images  Instances      Box(P          R      mAP50  m
                   all        548      38759      0.519      0.394      0.408      0.248

      Epoch    GPU_mem   box_loss   cls_loss   dfl_loss  Instances       Size
     87/100      2.75G      1.187     0.8149     0.9323        112        640: 1
                 Class     Images  Instances      Box(P          R      mAP50  m
                   all        548      38759      0.518      0.395      0.408      0.248

      Epoch    GPU_mem   box_loss   cls_loss   dfl_loss  Instances       Size
     88/100      2.75G      1.189     0.8068      0.928        119        640: 1
                 Class     Images  Instances      Box(P          R      mAP50  m
                   all        548      38759      0.516      0.397      0.409      0.248

      Epoch    GPU_mem   box_loss   cls_loss   dfl_loss  Instances       Size
     89/100      2.75G      1.191     0.8081     0.9291        226        640: 1
                 Class     Images  Instances      Box(P          R      mAP50  m
                   all        548      38759      0.528       0.39       0.41      0.249

      Epoch    GPU_mem   box_loss   cls_loss   dfl_loss  Instances       Size
     90/100      2.75G       1.19     0.8049     0.9271        170        640: 1
                 Class     Images  Instances      Box(P          R      mAP50  m
                   all        548      38759       0.52      0.394       0.41      0.249
Closing dataloader mosaic

      Epoch    GPU_mem   box_loss   cls_loss   dfl_loss  Instances       Size
     91/100      2.75G      1.178     0.7789     0.9202        141        640: 1
                 Class     Images  Instances      Box(P          R      mAP50  m
                   all        548      38759      0.513      0.393      0.407      0.247

      Epoch    GPU_mem   box_loss   cls_loss   dfl_loss  Instances       Size
     92/100      2.75G       1.17     0.7731     0.9191        141        640: 1
                 Class     Images  Instances      Box(P          R      mAP50  m
                   all        548      38759      0.515      0.394      0.406      0.248

      Epoch    GPU_mem   box_loss   cls_loss   dfl_loss  Instances       Size
     93/100      2.96G      1.187     0.7814     0.9198         40        640: 1
                 Class     Images  Instances      Box(P          R      mAP50  m
                   all        548      38759      0.518      0.391      0.406      0.248

      Epoch    GPU_mem   box_loss   cls_loss   dfl_loss  Instances       Size
     94/100      2.96G      1.178     0.7726     0.9162         54        640: 1
                 Class     Images  Instances      Box(P          R      mAP50  m
                   all        548      38759      0.515      0.393      0.406      0.248

      Epoch    GPU_mem   box_loss   cls_loss   dfl_loss  Instances       Size
     95/100      2.96G      1.171     0.7739     0.9195         68        640: 1
                 Class     Images  Instances      Box(P          R      mAP50  m
                   all        548      38759      0.523      0.389      0.406      0.248

      Epoch    GPU_mem   box_loss   cls_loss   dfl_loss  Instances       Size
     96/100      2.96G      1.158     0.7604     0.9157         57        640: 1
                 Class     Images  Instances      Box(P          R      mAP50  m
                   all        548      38759      0.522      0.389      0.407      0.248

      Epoch    GPU_mem   box_loss   cls_loss   dfl_loss  Instances       Size
     97/100      2.96G       1.17     0.7675     0.9215         51        640: 1
                 Class     Images  Instances      Box(P          R      mAP50  m
                   all        548      38759       0.52      0.392      0.406      0.248

      Epoch    GPU_mem   box_loss   cls_loss   dfl_loss  Instances       Size
     98/100      2.96G      1.172      0.766     0.9159         87        640: 1
                 Class     Images  Instances      Box(P          R      mAP50  m
                   all        548      38759      0.521      0.391      0.407      0.248

      Epoch    GPU_mem   box_loss   cls_loss   dfl_loss  Instances       Size
     99/100      2.96G      1.162     0.7608     0.9178         84        640: 1
                 Class     Images  Instances      Box(P          R      mAP50  m
                   all        548      38759      0.527      0.387      0.406      0.248

      Epoch    GPU_mem   box_loss   cls_loss   dfl_loss  Instances       Size
    100/100      3.17G      1.159     0.7569      0.917         69        640: 1
                 Class     Images  Instances      Box(P          R      mAP50  m
                   all        548      38759      0.526      0.388      0.406      0.248

100 epochs completed in 5.591 hours.
Optimizer stripped from .yolo-out/yolo11-vd-2/weights/last.pt, 40.5MB
Optimizer stripped from .yolo-out/yolo11-vd-2/weights/best.pt, 40.5MB

Validating .yolo-out/yolo11-vd-2/weights/best.pt...
Ultralytics 8.3.150 🚀 Python-3.13.2 torch-2.6.0+cu118 CUDA:0 (Tesla T4, 14913MiB)
                                                       CUDA:1 (Tesla T4, 14913MiB)
YOLO11m summary (fused): 125 layers, 20,037,742 parameters, 0 gradients, 67.7 GFLOPs
                 Class     Images  Instances      Box(P          R      mAP50  m
                   all        548      38759       0.52      0.394       0.41      0.249
            pedestrian        520       8844      0.571       0.39      0.435      0.202
                people        482       5125      0.594      0.256       0.33      0.126
               bicycle        364       1287      0.259      0.172      0.133     0.0565
                   car        515      14064      0.762      0.771      0.806      0.582
                   van        421       1975       0.53      0.492      0.486      0.344
                 truck        266        750      0.488      0.419      0.411      0.275
              tricycle        337       1045      0.457      0.278      0.285      0.159
       awning-tricycle        220        532      0.338       0.19      0.179      0.115
                   bus        131        251      0.658       0.53      0.588      0.424
                 motor        485       4886      0.542      0.445      0.448      0.204
Speed: 0.2ms preprocess, 6.2ms inference, 0.0ms loss, 1.2ms postprocess per image
Results saved to .yolo-out/yolo11-vd-2