Overriding model.yaml nc=80 with nc=8
WARNING ⚠️ no model scale passed. Assuming scale='m'.
Freezing layer 'model.23.dfl.conv.weight'
AMP: running Automatic Mixed Precision (AMP) checks...
AMP: checks passed ✅
train: Fast image access ✅ (ping: 0.0±0.0 ms, read: 609.3±474.6 MB/s, size: 50.5 KB)
train: Scanning /data2/jd1/datasets/kitti/labels/train.cache... 5985 images, 0 backgrounds, 0 corrupt: 100%|██████████| 5985/5985 [00:00<?, ?i
val: Fast image access ✅ (ping: 0.1±0.0 ms, read: 187.8±24.3 MB/s, size: 52.3 KB)
val: Scanning /data2/jd1/datasets/kitti/labels/val.cache... 1496 images, 0 backgrounds, 0 corrupt: 100%|██████████| 1496/1496 [00:00<?, ?it/s]
Plotting labels to yolo-kitti/YOLO11a-abl-branch-a-3/labels.jpg...
optimizer: 'optimizer=auto' found, ignoring 'lr0=0.01' and 'momentum=0.937' and determining best 'optimizer', 'lr0' and 'momentum' automatically...
optimizer: AdamW(lr=0.000833, momentum=0.9) with parameter groups 104 weight(decay=0.0), 111 weight(decay=0.0005), 110 bias(decay=0.0)
Image sizes 640 train, 640 val
Using 16 dataloader workers
Logging results to yolo-kitti/YOLO11a-abl-branch-a-3
Starting training for 100 epochs...

      Epoch    GPU_mem   box_loss   cls_loss   dfl_loss  Instances       Size
      1/100      11.9G       2.92       4.06      3.466          6        640: 100%|██████████| 375/375 [05:00<00:00,  1.25it/s]
                 Class     Images  Instances      Box(P          R      mAP50  mAP50-95): 100%|██████████| 94/94 [00:21<00:00,  4.44it/s]
                   all       1496       8128      0.707     0.0574     0.0512     0.0184

      Epoch    GPU_mem   box_loss   cls_loss   dfl_loss  Instances       Size
      2/100      11.4G      2.025      2.412      2.427          8        640: 100%|██████████| 375/375 [04:56<00:00,  1.27it/s]
                 Class     Images  Instances      Box(P          R      mAP50  mAP50-95): 100%|██████████| 94/94 [00:21<00:00,  4.29it/s]
                   all       1496       8128      0.608      0.152      0.161     0.0807

      Epoch    GPU_mem   box_loss   cls_loss   dfl_loss  Instances       Size
      3/100      12.7G      1.742      1.956      2.139          4        640: 100%|██████████| 375/375 [04:55<00:00,  1.27it/s]
                 Class     Images  Instances      Box(P          R      mAP50  mAP50-95): 100%|██████████| 94/94 [00:21<00:00,  4.47it/s]
                   all       1496       8128      0.366      0.254      0.228      0.125

      Epoch    GPU_mem   box_loss   cls_loss   dfl_loss  Instances       Size
      4/100      11.8G      1.605       1.74      1.984         14        640: 100%|██████████| 375/375 [04:54<00:00,  1.28it/s]
                 Class     Images  Instances      Box(P          R      mAP50  mAP50-95): 100%|██████████| 94/94 [00:20<00:00,  4.48it/s]
                   all       1496       8128      0.447      0.309      0.278      0.158

      Epoch    GPU_mem   box_loss   cls_loss   dfl_loss  Instances       Size
      5/100      11.3G      1.502      1.561      1.878          6        640: 100%|██████████| 375/375 [04:54<00:00,  1.27it/s]
                 Class     Images  Instances      Box(P          R      mAP50  mAP50-95): 100%|██████████| 94/94 [00:20<00:00,  4.51it/s]
                   all       1496       8128       0.47      0.353      0.331      0.191

      Epoch    GPU_mem   box_loss   cls_loss   dfl_loss  Instances       Size
      6/100        13G      1.433      1.449      1.804          5        640: 100%|██████████| 375/375 [04:53<00:00,  1.28it/s]
                 Class     Images  Instances      Box(P          R      mAP50  mAP50-95): 100%|██████████| 94/94 [00:20<00:00,  4.53it/s]
                   all       1496       8128      0.562        0.4      0.398       0.24

      Epoch    GPU_mem   box_loss   cls_loss   dfl_loss  Instances       Size
      7/100      13.4G      1.375      1.364      1.746         10        640: 100%|██████████| 375/375 [04:53<00:00,  1.28it/s]
                 Class     Images  Instances      Box(P          R      mAP50  mAP50-95): 100%|██████████| 94/94 [00:20<00:00,  4.53it/s]
                   all       1496       8128      0.555      0.432      0.426      0.253

      Epoch    GPU_mem   box_loss   cls_loss   dfl_loss  Instances       Size
      8/100      12.6G      1.338      1.287       1.71         13        640: 100%|██████████| 375/375 [04:54<00:00,  1.28it/s]
                 Class     Images  Instances      Box(P          R      mAP50  mAP50-95): 100%|██████████| 94/94 [00:20<00:00,  4.51it/s]
                   all       1496       8128      0.597       0.45      0.449      0.277

      Epoch    GPU_mem   box_loss   cls_loss   dfl_loss  Instances       Size
      9/100      11.7G      1.284      1.206      1.657         18        640: 100%|██████████| 375/375 [04:55<00:00,  1.27it/s]
                 Class     Images  Instances      Box(P          R      mAP50  mAP50-95): 100%|██████████| 94/94 [00:20<00:00,  4.53it/s]
                   all       1496       8128      0.652       0.44      0.498      0.307

      Epoch    GPU_mem   box_loss   cls_loss   dfl_loss  Instances       Size
     10/100      11.8G      1.268      1.169      1.633          9        640: 100%|██████████| 375/375 [04:54<00:00,  1.27it/s]
                 Class     Images  Instances      Box(P          R      mAP50  mAP50-95): 100%|██████████| 94/94 [00:20<00:00,  4.55it/s]
                   all       1496       8128      0.612      0.495      0.544      0.338

      Epoch    GPU_mem   box_loss   cls_loss   dfl_loss  Instances       Size
     11/100        12G      1.234       1.12      1.603          5        640: 100%|██████████| 375/375 [04:54<00:00,  1.27it/s]
                 Class     Images  Instances      Box(P          R      mAP50  mAP50-95): 100%|██████████| 94/94 [00:20<00:00,  4.53it/s]
                   all       1496       8128      0.657      0.504      0.552       0.35

      Epoch    GPU_mem   box_loss   cls_loss   dfl_loss  Instances       Size
     12/100      13.2G      1.219      1.102      1.592         16        640: 100%|██████████| 375/375 [04:56<00:00,  1.27it/s]
                 Class     Images  Instances      Box(P          R      mAP50  mAP50-95): 100%|██████████| 94/94 [00:22<00:00,  4.26it/s]
                   all       1496       8128      0.593      0.575       0.59      0.368

      Epoch    GPU_mem   box_loss   cls_loss   dfl_loss  Instances       Size
     13/100      11.6G      1.189      1.056      1.558          4        640: 100%|██████████| 375/375 [04:55<00:00,  1.27it/s]
                 Class     Images  Instances      Box(P          R      mAP50  mAP50-95): 100%|██████████| 94/94 [00:20<00:00,  4.52it/s]
                   all       1496       8128      0.578       0.56      0.586      0.372

      Epoch    GPU_mem   box_loss   cls_loss   dfl_loss  Instances       Size
     14/100      11.1G      1.167      1.024      1.544          7        640: 100%|██████████| 375/375 [04:54<00:00,  1.27it/s]
                 Class     Images  Instances      Box(P          R      mAP50  mAP50-95): 100%|██████████| 94/94 [00:20<00:00,  4.50it/s]
                   all       1496       8128      0.682      0.572      0.644      0.409

      Epoch    GPU_mem   box_loss   cls_loss   dfl_loss  Instances       Size
     15/100      11.7G      1.166      1.015      1.539          4        640: 100%|██████████| 375/375 [04:54<00:00,  1.27it/s]
                 Class     Images  Instances      Box(P          R      mAP50  mAP50-95): 100%|██████████| 94/94 [00:20<00:00,  4.53it/s]
                   all       1496       8128      0.656       0.61      0.669      0.428

      Epoch    GPU_mem   box_loss   cls_loss   dfl_loss  Instances       Size
     16/100      13.3G      1.133      0.975      1.511          9        640: 100%|██████████| 375/375 [04:54<00:00,  1.27it/s]
                 Class     Images  Instances      Box(P          R      mAP50  mAP50-95): 100%|██████████| 94/94 [00:20<00:00,  4.53it/s]
                   all       1496       8128      0.742      0.587      0.676      0.442

      Epoch    GPU_mem   box_loss   cls_loss   dfl_loss  Instances       Size
     17/100      10.9G      1.124     0.9504      1.503         11        640: 100%|██████████| 375/375 [04:54<00:00,  1.27it/s]
                 Class     Images  Instances      Box(P          R      mAP50  mAP50-95): 100%|██████████| 94/94 [00:20<00:00,  4.53it/s]
                   all       1496       8128       0.75      0.599      0.695      0.452

      Epoch    GPU_mem   box_loss   cls_loss   dfl_loss  Instances       Size
     18/100      11.8G        1.1      0.926       1.48         17        640: 100%|██████████| 375/375 [04:53<00:00,  1.28it/s]
                 Class     Images  Instances      Box(P          R      mAP50  mAP50-95): 100%|██████████| 94/94 [00:20<00:00,  4.55it/s]
                   all       1496       8128      0.689      0.608      0.673      0.444

      Epoch    GPU_mem   box_loss   cls_loss   dfl_loss  Instances       Size
     19/100      12.1G      1.098     0.9218      1.474          7        640: 100%|██████████| 375/375 [04:54<00:00,  1.27it/s]
                 Class     Images  Instances      Box(P          R      mAP50  mAP50-95): 100%|██████████| 94/94 [00:20<00:00,  4.57it/s]
                   all       1496       8128      0.706      0.633      0.704      0.468

      Epoch    GPU_mem   box_loss   cls_loss   dfl_loss  Instances       Size
     20/100      12.2G      1.083     0.8972      1.466          5        640: 100%|██████████| 375/375 [04:54<00:00,  1.27it/s]
                 Class     Images  Instances      Box(P          R      mAP50  mAP50-95): 100%|██████████| 94/94 [00:20<00:00,  4.58it/s]
                   all       1496       8128      0.733      0.642      0.719      0.478

      Epoch    GPU_mem   box_loss   cls_loss   dfl_loss  Instances       Size
     21/100      11.9G      1.061     0.8761      1.447         10        640: 100%|██████████| 375/375 [04:54<00:00,  1.27it/s]
                 Class     Images  Instances      Box(P          R      mAP50  mAP50-95): 100%|██████████| 94/94 [00:20<00:00,  4.56it/s]
                   all       1496       8128      0.687      0.678      0.728      0.489

      Epoch    GPU_mem   box_loss   cls_loss   dfl_loss  Instances       Size
     22/100      12.1G      1.057     0.8605      1.443         16        640: 100%|██████████| 375/375 [04:54<00:00,  1.27it/s]
                 Class     Images  Instances      Box(P          R      mAP50  mAP50-95): 100%|██████████| 94/94 [00:20<00:00,  4.57it/s]
                   all       1496       8128      0.781      0.655      0.741      0.496

      Epoch    GPU_mem   box_loss   cls_loss   dfl_loss  Instances       Size
     23/100      12.6G      1.038     0.8489      1.425          5        640: 100%|██████████| 375/375 [04:53<00:00,  1.28it/s]
                 Class     Images  Instances      Box(P          R      mAP50  mAP50-95): 100%|██████████| 94/94 [00:20<00:00,  4.55it/s]
                   all       1496       8128      0.771      0.671      0.751      0.504

      Epoch    GPU_mem   box_loss   cls_loss   dfl_loss  Instances       Size
     24/100        12G      1.025     0.8332      1.413          6        640: 100%|██████████| 375/375 [04:54<00:00,  1.27it/s]
                 Class     Images  Instances      Box(P          R      mAP50  mAP50-95): 100%|██████████| 94/94 [00:20<00:00,  4.56it/s]
                   all       1496       8128      0.781      0.687      0.771      0.521

      Epoch    GPU_mem   box_loss   cls_loss   dfl_loss  Instances       Size
     25/100      12.2G      1.011     0.8056      1.402         14        640: 100%|██████████| 375/375 [04:54<00:00,  1.27it/s]
                 Class     Images  Instances      Box(P          R      mAP50  mAP50-95): 100%|██████████| 94/94 [00:20<00:00,  4.60it/s]
                   all       1496       8128      0.764      0.689      0.767      0.519

      Epoch    GPU_mem   box_loss   cls_loss   dfl_loss  Instances       Size
     26/100      10.7G      1.015     0.8085      1.404          9        640: 100%|██████████| 375/375 [04:54<00:00,  1.27it/s]
                 Class     Images  Instances      Box(P          R      mAP50  mAP50-95): 100%|██████████| 94/94 [00:20<00:00,  4.60it/s]
                   all       1496       8128      0.693      0.707      0.754       0.52

      Epoch    GPU_mem   box_loss   cls_loss   dfl_loss  Instances       Size
     27/100      12.2G      1.003     0.8001      1.401         10        640: 100%|██████████| 375/375 [04:54<00:00,  1.27it/s]
                 Class     Images  Instances      Box(P          R      mAP50  mAP50-95): 100%|██████████| 94/94 [00:20<00:00,  4.58it/s]
                   all       1496       8128      0.778      0.676      0.776      0.537

      Epoch    GPU_mem   box_loss   cls_loss   dfl_loss  Instances       Size
     28/100      11.1G          1     0.7837      1.394         13        640: 100%|██████████| 375/375 [04:54<00:00,  1.27it/s]
                 Class     Images  Instances      Box(P          R      mAP50  mAP50-95): 100%|██████████| 94/94 [00:21<00:00,  4.33it/s]
                   all       1496       8128      0.752      0.724      0.786       0.54

      Epoch    GPU_mem   box_loss   cls_loss   dfl_loss  Instances       Size
     29/100      11.2G     0.9945     0.7796      1.383          8        640: 100%|██████████| 375/375 [04:54<00:00,  1.27it/s]
                 Class     Images  Instances      Box(P          R      mAP50  mAP50-95): 100%|██████████| 94/94 [00:21<00:00,  4.30it/s]
                   all       1496       8128      0.791      0.722      0.798      0.549

      Epoch    GPU_mem   box_loss   cls_loss   dfl_loss  Instances       Size
     30/100      11.9G     0.9739     0.7629      1.369         19        640: 100%|██████████| 375/375 [04:53<00:00,  1.28it/s]
                 Class     Images  Instances      Box(P          R      mAP50  mAP50-95): 100%|██████████| 94/94 [00:20<00:00,  4.58it/s]
                   all       1496       8128      0.784      0.725      0.802       0.56

      Epoch    GPU_mem   box_loss   cls_loss   dfl_loss  Instances       Size
     31/100      11.1G     0.9712     0.7547      1.367         16        640: 100%|██████████| 375/375 [04:55<00:00,  1.27it/s]
                 Class     Images  Instances      Box(P          R      mAP50  mAP50-95): 100%|██████████| 94/94 [00:20<00:00,  4.57it/s]
                   all       1496       8128      0.799      0.728      0.817      0.566

      Epoch    GPU_mem   box_loss   cls_loss   dfl_loss  Instances       Size
     32/100      13.6G     0.9615     0.7369      1.357          7        640: 100%|██████████| 375/375 [04:56<00:00,  1.27it/s]
                 Class     Images  Instances      Box(P          R      mAP50  mAP50-95): 100%|██████████| 94/94 [00:20<00:00,  4.58it/s]
                   all       1496       8128      0.805      0.752      0.823      0.572

      Epoch    GPU_mem   box_loss   cls_loss   dfl_loss  Instances       Size
     33/100      12.6G     0.9598     0.7463      1.361          3        640: 100%|██████████| 375/375 [04:55<00:00,  1.27it/s]
                 Class     Images  Instances      Box(P          R      mAP50  mAP50-95): 100%|██████████| 94/94 [00:20<00:00,  4.57it/s]
                   all       1496       8128      0.811      0.702      0.804      0.572

      Epoch    GPU_mem   box_loss   cls_loss   dfl_loss  Instances       Size
     34/100      12.2G     0.9403     0.7106      1.332          6        640: 100%|██████████| 375/375 [04:54<00:00,  1.27it/s]
                 Class     Images  Instances      Box(P          R      mAP50  mAP50-95): 100%|██████████| 94/94 [00:20<00:00,  4.57it/s]
                   all       1496       8128      0.745      0.757        0.8      0.565

      Epoch    GPU_mem   box_loss   cls_loss   dfl_loss  Instances       Size
     35/100      13.4G     0.9481     0.7194      1.345         17        640: 100%|██████████| 375/375 [04:55<00:00,  1.27it/s]
                 Class     Images  Instances      Box(P          R      mAP50  mAP50-95): 100%|██████████| 94/94 [00:20<00:00,  4.58it/s]
                   all       1496       8128      0.804      0.752      0.819      0.577

      Epoch    GPU_mem   box_loss   cls_loss   dfl_loss  Instances       Size
     36/100      12.1G     0.9385     0.7126      1.338          5        640: 100%|██████████| 375/375 [04:53<00:00,  1.28it/s]
                 Class     Images  Instances      Box(P          R      mAP50  mAP50-95): 100%|██████████| 94/94 [00:20<00:00,  4.60it/s]
                   all       1496       8128      0.818      0.745      0.832      0.591

      Epoch    GPU_mem   box_loss   cls_loss   dfl_loss  Instances       Size
     37/100        12G     0.9146     0.6912      1.316         20        640: 100%|██████████| 375/375 [04:53<00:00,  1.28it/s]
                 Class     Images  Instances      Box(P          R      mAP50  mAP50-95): 100%|██████████| 94/94 [00:20<00:00,  4.56it/s]
                   all       1496       8128       0.81      0.759      0.824      0.587

      Epoch    GPU_mem   box_loss   cls_loss   dfl_loss  Instances       Size
     38/100      13.3G      0.915     0.6919      1.315          4        640: 100%|██████████| 375/375 [04:55<00:00,  1.27it/s]
                 Class     Images  Instances      Box(P          R      mAP50  mAP50-95): 100%|██████████| 94/94 [00:20<00:00,  4.57it/s]
                   all       1496       8128       0.85      0.751      0.843      0.596

      Epoch    GPU_mem   box_loss   cls_loss   dfl_loss  Instances       Size
     39/100      11.5G     0.9105     0.6848      1.312          5        640: 100%|██████████| 375/375 [04:55<00:00,  1.27it/s]
                 Class     Images  Instances      Box(P          R      mAP50  mAP50-95): 100%|██████████| 94/94 [00:20<00:00,  4.59it/s]
                   all       1496       8128      0.833      0.753       0.84      0.602

      Epoch    GPU_mem   box_loss   cls_loss   dfl_loss  Instances       Size
     40/100      12.2G     0.9021     0.6734      1.303          8        640: 100%|██████████| 375/375 [04:55<00:00,  1.27it/s]
                 Class     Images  Instances      Box(P          R      mAP50  mAP50-95): 100%|██████████| 94/94 [00:20<00:00,  4.58it/s]
                   all       1496       8128       0.81      0.772      0.846      0.605

      Epoch    GPU_mem   box_loss   cls_loss   dfl_loss  Instances       Size
     41/100      11.4G     0.9057     0.6819      1.312         19        640: 100%|██████████| 375/375 [04:55<00:00,  1.27it/s]
                 Class     Images  Instances      Box(P          R      mAP50  mAP50-95): 100%|██████████| 94/94 [00:20<00:00,  4.56it/s]
                   all       1496       8128      0.844      0.768      0.844      0.606

      Epoch    GPU_mem   box_loss   cls_loss   dfl_loss  Instances       Size
     42/100      12.4G     0.8954     0.6672        1.3          7        640: 100%|██████████| 375/375 [04:53<00:00,  1.28it/s]
                 Class     Images  Instances      Box(P          R      mAP50  mAP50-95): 100%|██████████| 94/94 [00:20<00:00,  4.58it/s]
                   all       1496       8128      0.839      0.741      0.837      0.605

      Epoch    GPU_mem   box_loss   cls_loss   dfl_loss  Instances       Size
     43/100      13.1G     0.8857      0.656      1.292         21        640: 100%|██████████| 375/375 [04:54<00:00,  1.27it/s]
                 Class     Images  Instances      Box(P          R      mAP50  mAP50-95): 100%|██████████| 94/94 [00:20<00:00,  4.59it/s]
                   all       1496       8128      0.844      0.766      0.846      0.612

      Epoch    GPU_mem   box_loss   cls_loss   dfl_loss  Instances       Size
     44/100      11.8G     0.8836     0.6529      1.285          1        640: 100%|██████████| 375/375 [04:55<00:00,  1.27it/s]
                 Class     Images  Instances      Box(P          R      mAP50  mAP50-95): 100%|██████████| 94/94 [00:20<00:00,  4.63it/s]
                   all       1496       8128       0.85      0.782      0.857      0.621

      Epoch    GPU_mem   box_loss   cls_loss   dfl_loss  Instances       Size
     45/100      12.6G     0.8763     0.6497      1.284          5        640: 100%|██████████| 375/375 [04:55<00:00,  1.27it/s]
                 Class     Images  Instances      Box(P          R      mAP50  mAP50-95): 100%|██████████| 94/94 [00:20<00:00,  4.59it/s]
                   all       1496       8128      0.841      0.778      0.854       0.62

      Epoch    GPU_mem   box_loss   cls_loss   dfl_loss  Instances       Size
     46/100      11.2G     0.8755     0.6389      1.281          6        640: 100%|██████████| 375/375 [04:54<00:00,  1.27it/s]
                 Class     Images  Instances      Box(P          R      mAP50  mAP50-95): 100%|██████████| 94/94 [00:20<00:00,  4.57it/s]
                   all       1496       8128      0.833      0.779      0.856      0.627

      Epoch    GPU_mem   box_loss   cls_loss   dfl_loss  Instances       Size
     47/100      11.4G     0.8646     0.6297       1.27         20        640: 100%|██████████| 375/375 [04:53<00:00,  1.28it/s]
                 Class     Images  Instances      Box(P          R      mAP50  mAP50-95): 100%|██████████| 94/94 [00:20<00:00,  4.58it/s]
                   all       1496       8128      0.862      0.769      0.864      0.631

      Epoch    GPU_mem   box_loss   cls_loss   dfl_loss  Instances       Size
     48/100      11.8G     0.8609     0.6261      1.271          9        640: 100%|██████████| 375/375 [04:54<00:00,  1.27it/s]
                 Class     Images  Instances      Box(P          R      mAP50  mAP50-95): 100%|██████████| 94/94 [00:20<00:00,  4.58it/s]
                   all       1496       8128      0.844        0.8      0.862      0.629

      Epoch    GPU_mem   box_loss   cls_loss   dfl_loss  Instances       Size
     49/100      12.7G     0.8562      0.626      1.271         14        640: 100%|██████████| 375/375 [04:53<00:00,  1.28it/s]
                 Class     Images  Instances      Box(P          R      mAP50  mAP50-95): 100%|██████████| 94/94 [00:20<00:00,  4.58it/s]
                   all       1496       8128      0.849      0.785      0.866      0.632

      Epoch    GPU_mem   box_loss   cls_loss   dfl_loss  Instances       Size
     50/100      11.8G     0.8502     0.6142      1.262         16        640: 100%|██████████| 375/375 [04:54<00:00,  1.27it/s]
                 Class     Images  Instances      Box(P          R      mAP50  mAP50-95): 100%|██████████| 94/94 [00:20<00:00,  4.57it/s]
                   all       1496       8128      0.799      0.814      0.856      0.633

      Epoch    GPU_mem   box_loss   cls_loss   dfl_loss  Instances       Size
     51/100      12.9G     0.8444     0.6076      1.256          5        640: 100%|██████████| 375/375 [04:54<00:00,  1.27it/s]
                 Class     Images  Instances      Box(P          R      mAP50  mAP50-95): 100%|██████████| 94/94 [00:20<00:00,  4.59it/s]
                   all       1496       8128      0.844      0.807      0.869       0.64

      Epoch    GPU_mem   box_loss   cls_loss   dfl_loss  Instances       Size
     52/100      12.2G     0.8382     0.6086      1.256         10        640: 100%|██████████| 375/375 [04:54<00:00,  1.27it/s]
                 Class     Images  Instances      Box(P          R      mAP50  mAP50-95): 100%|██████████| 94/94 [00:20<00:00,  4.59it/s]
                   all       1496       8128      0.859      0.793      0.872      0.648

      Epoch    GPU_mem   box_loss   cls_loss   dfl_loss  Instances       Size
     53/100      12.2G      0.833     0.6008      1.246          4        640: 100%|██████████| 375/375 [04:54<00:00,  1.27it/s]
                 Class     Images  Instances      Box(P          R      mAP50  mAP50-95): 100%|██████████| 94/94 [00:20<00:00,  4.57it/s]
                   all       1496       8128      0.839      0.801      0.876      0.648

      Epoch    GPU_mem   box_loss   cls_loss   dfl_loss  Instances       Size
     54/100      12.2G     0.8277     0.5928      1.241          2        640: 100%|██████████| 375/375 [04:53<00:00,  1.28it/s]
                 Class     Images  Instances      Box(P          R      mAP50  mAP50-95): 100%|██████████| 94/94 [00:20<00:00,  4.57it/s]
                   all       1496       8128      0.823      0.823      0.874      0.652

      Epoch    GPU_mem   box_loss   cls_loss   dfl_loss  Instances       Size
     55/100      12.5G     0.8176     0.5867      1.236          6        640: 100%|██████████| 375/375 [04:55<00:00,  1.27it/s]
                 Class     Images  Instances      Box(P          R      mAP50  mAP50-95): 100%|██████████| 94/94 [00:20<00:00,  4.59it/s]
                   all       1496       8128      0.844      0.798      0.869      0.648

      Epoch    GPU_mem   box_loss   cls_loss   dfl_loss  Instances       Size
     56/100      12.1G     0.8203     0.5893      1.234          5        640: 100%|██████████| 375/375 [04:54<00:00,  1.27it/s]
                 Class     Images  Instances      Box(P          R      mAP50  mAP50-95): 100%|██████████| 94/94 [00:20<00:00,  4.58it/s]
                   all       1496       8128      0.861      0.809       0.88      0.658

      Epoch    GPU_mem   box_loss   cls_loss   dfl_loss  Instances       Size
     57/100        12G     0.8187     0.5834      1.232         13        640: 100%|██████████| 375/375 [04:54<00:00,  1.28it/s]
                 Class     Images  Instances      Box(P          R      mAP50  mAP50-95): 100%|██████████| 94/94 [00:20<00:00,  4.61it/s]
                   all       1496       8128       0.88      0.798      0.882       0.66

      Epoch    GPU_mem   box_loss   cls_loss   dfl_loss  Instances       Size
     58/100      10.8G     0.8092      0.573      1.227          9        640: 100%|██████████| 375/375 [04:55<00:00,  1.27it/s]
                 Class     Images  Instances      Box(P          R      mAP50  mAP50-95): 100%|██████████| 94/94 [00:20<00:00,  4.58it/s]
                   all       1496       8128      0.842      0.816      0.874      0.656

      Epoch    GPU_mem   box_loss   cls_loss   dfl_loss  Instances       Size
     59/100      11.7G     0.7934     0.5627      1.216         17        640: 100%|██████████| 375/375 [04:54<00:00,  1.27it/s]
                 Class     Images  Instances      Box(P          R      mAP50  mAP50-95): 100%|██████████| 94/94 [00:20<00:00,  4.64it/s]
                   all       1496       8128      0.864      0.811      0.885      0.665

      Epoch    GPU_mem   box_loss   cls_loss   dfl_loss  Instances       Size
     60/100        12G      0.787     0.5615      1.214         15        640: 100%|██████████| 375/375 [04:53<00:00,  1.28it/s]
                 Class     Images  Instances      Box(P          R      mAP50  mAP50-95): 100%|██████████| 94/94 [00:19<00:00,  4.72it/s]
                   all       1496       8128      0.858      0.812      0.878       0.66

      Epoch    GPU_mem   box_loss   cls_loss   dfl_loss  Instances       Size
     61/100      11.8G     0.7921      0.563      1.215         15        640: 100%|██████████| 375/375 [04:54<00:00,  1.27it/s]
                 Class     Images  Instances      Box(P          R      mAP50  mAP50-95): 100%|██████████| 94/94 [00:19<00:00,  4.74it/s]
                   all       1496       8128      0.849      0.831      0.883      0.662

      Epoch    GPU_mem   box_loss   cls_loss   dfl_loss  Instances       Size
     62/100      11.5G     0.7925     0.5612      1.216          2        640: 100%|██████████| 375/375 [04:54<00:00,  1.27it/s]
                 Class     Images  Instances      Box(P          R      mAP50  mAP50-95): 100%|██████████| 94/94 [00:19<00:00,  4.81it/s]
                   all       1496       8128      0.844      0.825      0.884      0.662

      Epoch    GPU_mem   box_loss   cls_loss   dfl_loss  Instances       Size
     63/100      12.1G     0.7792     0.5464      1.205          2        640: 100%|██████████| 375/375 [04:54<00:00,  1.27it/s]
                 Class     Images  Instances      Box(P          R      mAP50  mAP50-95): 100%|██████████| 94/94 [00:19<00:00,  4.83it/s]
                   all       1496       8128      0.869      0.816      0.888      0.669

      Epoch    GPU_mem   box_loss   cls_loss   dfl_loss  Instances       Size
     64/100      12.7G     0.7809     0.5478      1.207         17        640: 100%|██████████| 375/375 [04:54<00:00,  1.27it/s]
                 Class     Images  Instances      Box(P          R      mAP50  mAP50-95): 100%|██████████| 94/94 [00:19<00:00,  4.85it/s]
                   all       1496       8128      0.869      0.814      0.887       0.67

      Epoch    GPU_mem   box_loss   cls_loss   dfl_loss  Instances       Size
     65/100      12.1G     0.7827     0.5539      1.202         13        640: 100%|██████████| 375/375 [04:55<00:00,  1.27it/s]
                 Class     Images  Instances      Box(P          R      mAP50  mAP50-95): 100%|██████████| 94/94 [00:19<00:00,  4.84it/s]
                   all       1496       8128      0.863      0.824      0.885      0.671

      Epoch    GPU_mem   box_loss   cls_loss   dfl_loss  Instances       Size
     66/100      12.3G     0.7741     0.5521      1.199          9        640: 100%|██████████| 375/375 [04:55<00:00,  1.27it/s]
                 Class     Images  Instances      Box(P          R      mAP50  mAP50-95): 100%|██████████| 94/94 [00:19<00:00,  4.84it/s]
                   all       1496       8128      0.866      0.827      0.888      0.674

      Epoch    GPU_mem   box_loss   cls_loss   dfl_loss  Instances       Size
     67/100      13.2G      0.767     0.5399      1.193         14        640: 100%|██████████| 375/375 [04:54<00:00,  1.27it/s]
                 Class     Images  Instances      Box(P          R      mAP50  mAP50-95): 100%|██████████| 94/94 [00:19<00:00,  4.79it/s]
                   all       1496       8128      0.857      0.838      0.888      0.676

      Epoch    GPU_mem   box_loss   cls_loss   dfl_loss  Instances       Size
     68/100      13.2G     0.7642     0.5395      1.191         22        640: 100%|██████████| 375/375 [04:54<00:00,  1.27it/s]
                 Class     Images  Instances      Box(P          R      mAP50  mAP50-95): 100%|██████████| 94/94 [00:19<00:00,  4.74it/s]
                   all       1496       8128      0.872      0.828      0.892      0.678

      Epoch    GPU_mem   box_loss   cls_loss   dfl_loss  Instances       Size
     69/100      12.7G     0.7639     0.5358      1.194          7        640: 100%|██████████| 375/375 [04:54<00:00,  1.27it/s]
                 Class     Images  Instances      Box(P          R      mAP50  mAP50-95): 100%|██████████| 94/94 [00:20<00:00,  4.66it/s]
                   all       1496       8128      0.844      0.842       0.89       0.68

      Epoch    GPU_mem   box_loss   cls_loss   dfl_loss  Instances       Size
     70/100      11.2G     0.7534     0.5278      1.189          4        640: 100%|██████████| 375/375 [04:54<00:00,  1.27it/s]
                 Class     Images  Instances      Box(P          R      mAP50  mAP50-95): 100%|██████████| 94/94 [00:20<00:00,  4.59it/s]
                   all       1496       8128      0.865      0.839      0.895      0.678

      Epoch    GPU_mem   box_loss   cls_loss   dfl_loss  Instances       Size
     71/100      11.5G      0.756     0.5285      1.182         26        640: 100%|██████████| 375/375 [04:54<00:00,  1.27it/s]
                 Class     Images  Instances      Box(P          R      mAP50  mAP50-95): 100%|██████████| 94/94 [00:20<00:00,  4.57it/s]
                   all       1496       8128      0.878      0.834       0.89      0.681

      Epoch    GPU_mem   box_loss   cls_loss   dfl_loss  Instances       Size
     72/100      11.6G     0.7456     0.5203      1.176         15        640: 100%|██████████| 375/375 [04:54<00:00,  1.27it/s]
                 Class     Images  Instances      Box(P          R      mAP50  mAP50-95): 100%|██████████| 94/94 [00:20<00:00,  4.60it/s]
                   all       1496       8128      0.884      0.831      0.901      0.686

      Epoch    GPU_mem   box_loss   cls_loss   dfl_loss  Instances       Size
     73/100      11.9G      0.744       0.52      1.172          6        640: 100%|██████████| 375/375 [04:54<00:00,  1.27it/s]
                 Class     Images  Instances      Box(P          R      mAP50  mAP50-95): 100%|██████████| 94/94 [00:20<00:00,  4.58it/s]
                   all       1496       8128      0.887      0.838      0.899       0.69

      Epoch    GPU_mem   box_loss   cls_loss   dfl_loss  Instances       Size
     74/100      11.7G     0.7385     0.5139      1.165         11        640: 100%|██████████| 375/375 [04:53<00:00,  1.28it/s]
                 Class     Images  Instances      Box(P          R      mAP50  mAP50-95): 100%|██████████| 94/94 [00:20<00:00,  4.57it/s]
                   all       1496       8128      0.876      0.851      0.899      0.692

      Epoch    GPU_mem   box_loss   cls_loss   dfl_loss  Instances       Size
     75/100      11.4G     0.7456     0.5259       1.18          7        640: 100%|██████████| 375/375 [04:54<00:00,  1.27it/s]
                 Class     Images  Instances      Box(P          R      mAP50  mAP50-95): 100%|██████████| 94/94 [00:20<00:00,  4.58it/s]
                   all       1496       8128      0.872      0.844        0.9      0.692

      Epoch    GPU_mem   box_loss   cls_loss   dfl_loss  Instances       Size
     76/100      12.5G     0.7321     0.5067      1.168          6        640: 100%|██████████| 375/375 [04:53<00:00,  1.28it/s]
                 Class     Images  Instances      Box(P          R      mAP50  mAP50-95): 100%|██████████| 94/94 [00:20<00:00,  4.57it/s]
                   all       1496       8128      0.891      0.856      0.903      0.691

      Epoch    GPU_mem   box_loss   cls_loss   dfl_loss  Instances       Size
     77/100      11.2G     0.7309     0.5057      1.161          6        640: 100%|██████████| 375/375 [04:54<00:00,  1.27it/s]
                 Class     Images  Instances      Box(P          R      mAP50  mAP50-95): 100%|██████████| 94/94 [00:20<00:00,  4.59it/s]
                   all       1496       8128      0.877      0.852      0.901      0.693

      Epoch    GPU_mem   box_loss   cls_loss   dfl_loss  Instances       Size
     78/100      11.2G     0.7284     0.5101      1.164         10        640: 100%|██████████| 375/375 [04:54<00:00,  1.27it/s]
                 Class     Images  Instances      Box(P          R      mAP50  mAP50-95): 100%|██████████| 94/94 [00:20<00:00,  4.57it/s]
                   all       1496       8128      0.876      0.854      0.901      0.691

      Epoch    GPU_mem   box_loss   cls_loss   dfl_loss  Instances       Size
     79/100      13.6G     0.7223     0.5056      1.157          2        640: 100%|██████████| 375/375 [04:54<00:00,  1.27it/s]
                 Class     Images  Instances      Box(P          R      mAP50  mAP50-95): 100%|██████████| 94/94 [00:20<00:00,  4.58it/s]
                   all       1496       8128      0.889      0.848      0.899      0.693

      Epoch    GPU_mem   box_loss   cls_loss   dfl_loss  Instances       Size
     80/100      11.6G     0.7304     0.5052       1.16         13        640: 100%|██████████| 375/375 [04:53<00:00,  1.28it/s]
                 Class     Images  Instances      Box(P          R      mAP50  mAP50-95): 100%|██████████| 94/94 [00:20<00:00,  4.58it/s]
                   all       1496       8128      0.883      0.858      0.904      0.695

      Epoch    GPU_mem   box_loss   cls_loss   dfl_loss  Instances       Size
     81/100      11.7G       0.71     0.4898      1.147         18        640: 100%|██████████| 375/375 [04:53<00:00,  1.28it/s]
                 Class     Images  Instances      Box(P          R      mAP50  mAP50-95): 100%|██████████| 94/94 [00:20<00:00,  4.61it/s]
                   all       1496       8128      0.889      0.853      0.903      0.698

      Epoch    GPU_mem   box_loss   cls_loss   dfl_loss  Instances       Size
     82/100      12.9G     0.7235     0.5072      1.163          8        640: 100%|██████████| 375/375 [04:55<00:00,  1.27it/s]
                 Class     Images  Instances      Box(P          R      mAP50  mAP50-95): 100%|██████████| 94/94 [00:20<00:00,  4.62it/s]
                   all       1496       8128      0.877      0.855      0.901      0.696

      Epoch    GPU_mem   box_loss   cls_loss   dfl_loss  Instances       Size
     83/100        12G     0.7149     0.4948      1.154          2        640: 100%|██████████| 375/375 [04:54<00:00,  1.27it/s]
                 Class     Images  Instances      Box(P          R      mAP50  mAP50-95): 100%|██████████| 94/94 [00:20<00:00,  4.61it/s]
                   all       1496       8128      0.899      0.853      0.902      0.699

      Epoch    GPU_mem   box_loss   cls_loss   dfl_loss  Instances       Size
     84/100      12.6G     0.7032     0.4857      1.142         19        640: 100%|██████████| 375/375 [04:49<00:00,  1.29it/s]
                 Class     Images  Instances      Box(P          R      mAP50  mAP50-95): 100%|██████████| 94/94 [00:17<00:00,  5.26it/s]
                   all       1496       8128      0.894      0.852      0.906      0.703

      Epoch    GPU_mem   box_loss   cls_loss   dfl_loss  Instances       Size
     85/100      11.8G     0.7112     0.4977      1.147          5        640: 100%|██████████| 375/375 [04:47<00:00,  1.30it/s]
                 Class     Images  Instances      Box(P          R      mAP50  mAP50-95): 100%|██████████| 94/94 [00:17<00:00,  5.24it/s]
                   all       1496       8128      0.887      0.851      0.905      0.704

      Epoch    GPU_mem   box_loss   cls_loss   dfl_loss  Instances       Size
     86/100      11.5G     0.6978     0.4788      1.138          8        640: 100%|██████████| 375/375 [04:45<00:00,  1.31it/s]
                 Class     Images  Instances      Box(P          R      mAP50  mAP50-95): 100%|██████████| 94/94 [00:17<00:00,  5.24it/s]
                   all       1496       8128      0.878      0.866      0.905      0.701

      Epoch    GPU_mem   box_loss   cls_loss   dfl_loss  Instances       Size
     87/100      11.1G        0.7     0.4877      1.139         20        640: 100%|██████████| 375/375 [04:47<00:00,  1.31it/s]
                 Class     Images  Instances      Box(P          R      mAP50  mAP50-95): 100%|██████████| 94/94 [00:17<00:00,  5.24it/s]
                   all       1496       8128      0.882      0.862      0.904      0.702

      Epoch    GPU_mem   box_loss   cls_loss   dfl_loss  Instances       Size
     88/100      11.1G     0.6886     0.4726       1.13          1        640: 100%|██████████| 375/375 [04:49<00:00,  1.30it/s]
                 Class     Images  Instances      Box(P          R      mAP50  mAP50-95): 100%|██████████| 94/94 [00:19<00:00,  4.94it/s]
                   all       1496       8128      0.901      0.849      0.907      0.703

      Epoch    GPU_mem   box_loss   cls_loss   dfl_loss  Instances       Size
     89/100      12.8G     0.6901     0.4847      1.131          2        640: 100%|██████████| 375/375 [04:46<00:00,  1.31it/s]
                 Class     Images  Instances      Box(P          R      mAP50  mAP50-95): 100%|██████████| 94/94 [00:17<00:00,  5.25it/s]
                   all       1496       8128       0.89      0.863      0.908      0.705

      Epoch    GPU_mem   box_loss   cls_loss   dfl_loss  Instances       Size
     90/100      12.6G     0.6903     0.4754      1.132         20        640: 100%|██████████| 375/375 [04:46<00:00,  1.31it/s]
                 Class     Images  Instances      Box(P          R      mAP50  mAP50-95): 100%|██████████| 94/94 [00:17<00:00,  5.25it/s]
                   all       1496       8128        0.9      0.852      0.908      0.706
Closing dataloader mosaic

      Epoch    GPU_mem   box_loss   cls_loss   dfl_loss  Instances       Size
     91/100       9.8G     0.6504     0.4283      1.113          5        640: 100%|██████████| 375/375 [04:38<00:00,  1.35it/s]
                 Class     Images  Instances      Box(P          R      mAP50  mAP50-95): 100%|██████████| 94/94 [00:17<00:00,  5.22it/s]
                   all       1496       8128      0.904      0.839        0.9      0.701

      Epoch    GPU_mem   box_loss   cls_loss   dfl_loss  Instances       Size
     92/100        10G     0.6326     0.4152      1.102          5        640: 100%|██████████| 375/375 [04:40<00:00,  1.34it/s]
                 Class     Images  Instances      Box(P          R      mAP50  mAP50-95): 100%|██████████| 94/94 [00:17<00:00,  5.24it/s]
                   all       1496       8128      0.892      0.846        0.9      0.701

      Epoch    GPU_mem   box_loss   cls_loss   dfl_loss  Instances       Size
     93/100      9.57G       0.63     0.4158      1.099          2        640: 100%|██████████| 375/375 [04:36<00:00,  1.36it/s]
                 Class     Images  Instances      Box(P          R      mAP50  mAP50-95): 100%|██████████| 94/94 [00:18<00:00,  5.22it/s]
                   all       1496       8128      0.899      0.835      0.901      0.703

      Epoch    GPU_mem   box_loss   cls_loss   dfl_loss  Instances       Size
     94/100      9.55G     0.6294     0.4175      1.098          3        640: 100%|██████████| 375/375 [04:37<00:00,  1.35it/s]
                 Class     Images  Instances      Box(P          R      mAP50  mAP50-95): 100%|██████████| 94/94 [00:18<00:00,  5.22it/s]
                   all       1496       8128      0.903      0.833      0.903      0.703

      Epoch    GPU_mem   box_loss   cls_loss   dfl_loss  Instances       Size
     95/100      9.55G     0.6233      0.412      1.097          2        640: 100%|██████████| 375/375 [04:39<00:00,  1.34it/s]
                 Class     Images  Instances      Box(P          R      mAP50  mAP50-95): 100%|██████████| 94/94 [00:19<00:00,  4.90it/s]
                   all       1496       8128      0.902      0.831      0.901      0.702

      Epoch    GPU_mem   box_loss   cls_loss   dfl_loss  Instances       Size
     96/100      9.54G      0.617     0.4078      1.092          2        640: 100%|██████████| 375/375 [04:38<00:00,  1.35it/s]
                 Class     Images  Instances      Box(P          R      mAP50  mAP50-95): 100%|██████████| 94/94 [00:17<00:00,  5.23it/s]
                   all       1496       8128      0.899      0.827      0.904      0.705

      Epoch    GPU_mem   box_loss   cls_loss   dfl_loss  Instances       Size
     97/100      9.57G      0.615     0.4051       1.09          8        640: 100%|██████████| 375/375 [04:37<00:00,  1.35it/s]
                 Class     Images  Instances      Box(P          R      mAP50  mAP50-95): 100%|██████████| 94/94 [00:17<00:00,  5.22it/s]
                   all       1496       8128      0.881      0.848      0.905      0.707

      Epoch    GPU_mem   box_loss   cls_loss   dfl_loss  Instances       Size
     98/100        10G     0.6127     0.4052      1.081          0        640: 100%|██████████| 375/375 [04:37<00:00,  1.35it/s]
                 Class     Images  Instances      Box(P          R      mAP50  mAP50-95): 100%|██████████| 94/94 [00:17<00:00,  5.23it/s]
                   all       1496       8128      0.885      0.849      0.904      0.707

      Epoch    GPU_mem   box_loss   cls_loss   dfl_loss  Instances       Size
     99/100      9.57G     0.6019     0.3963      1.078         10        640: 100%|██████████| 375/375 [04:40<00:00,  1.34it/s]
                 Class     Images  Instances      Box(P          R      mAP50  mAP50-95): 100%|██████████| 94/94 [00:17<00:00,  5.23it/s]
                   all       1496       8128      0.888      0.846      0.905      0.708

      Epoch    GPU_mem   box_loss   cls_loss   dfl_loss  Instances       Size
    100/100        10G     0.6084     0.4062       1.08          1        640: 100%|██████████| 375/375 [04:17<00:00,  1.46it/s]
                 Class     Images  Instances      Box(P          R      mAP50  mAP50-95): 100%|██████████| 94/94 [00:18<00:00,  5.21it/s]
                   all       1496       8128      0.893      0.852      0.905      0.707

100 epochs completed in 8.707 hours.
Optimizer stripped from yolo-kitti/YOLO11a-abl-branch-a-3/weights/last.pt, 26.9MB
Optimizer stripped from yolo-kitti/YOLO11a-abl-branch-a-3/weights/best.pt, 26.9MB

Validating yolo-kitti/YOLO11a-abl-branch-a-3/weights/best.pt...
Ultralytics 8.3.150 🚀 Python-3.13.2 torch-2.6.0+cu118 CUDA:0 (Tesla T4, 14913MiB)
                                                       CUDA:1 (Tesla T4, 14913MiB)
model summary (fused): 125 layers, 13,119,720 parameters, 0 gradients, 91.8 GFLOPs
                 Class     Images  Instances      Box(P          R      mAP50  mAP50-95): 100%|██████████| 94/94 [00:15<00:00,  5.98it/s]
                   all       1496       8128      0.888      0.846      0.905      0.708
                   car       1322       5716      0.936      0.949      0.979      0.853
                   van        419        555      0.907      0.921      0.957      0.814
                 truck        212        223      0.976      0.928      0.973      0.851
            pedestrian        377        921      0.875      0.752      0.851      0.517
        Person_sitting         17         36      0.758      0.608      0.689      0.463
               cyclist        252        352      0.852      0.795      0.869      0.627
                  tram         77        117      0.871      0.923      0.972      0.792
                  misc        158        208      0.927      0.889       0.95       0.75
Speed: 0.1ms preprocess, 7.2ms inference, 0.0ms loss, 0.7ms postprocess per image
Results saved to yolo-kitti/YOLO11a-abl-branch-a-3
