Overriding model.yaml nc=80 with nc=5
WARNING ⚠️ no model scale passed. Assuming scale='m'.
Freezing layer 'model.20.dfl.conv.weight'
AMP: running Automatic Mixed Precision (AMP) checks...
AMP: checks passed ✅
train: Fast image access ✅ (ping: 0.0±0.0 ms, read: 1431.0±931.3 MB/s, size: 82.2 KB)
train: Scanning /data2/jd1/datasets/humancar_50m/train/labels.cache... 1147 images, 6 backgrounds, 0 corrupt: 100%|██████████| 1147
val: Fast image access ✅ (ping: 0.0±0.0 ms, read: 708.0±393.7 MB/s, size: 84.6 KB)
val: Scanning /data2/jd1/datasets/humancar_50m/valid/labels.cache... 120 images, 0 backgrounds, 0 corrupt: 100%|██████████| 120/120
Plotting labels to .yolo-out-hc5/yolo11-hc5-abl-b-2/labels.jpg...
optimizer: 'optimizer=auto' found, ignoring 'lr0=0.01' and 'momentum=0.937' and determining best 'optimizer', 'lr0' and 'momentum' automatically...
optimizer: AdamW(lr=0.001111, momentum=0.9) with parameter groups 95 weight(decay=0.0), 102 weight(decay=0.0005), 101 bias(decay=0.0)
Image sizes 640 train, 640 val
Using 16 dataloader workers
Logging results to .yolo-out-hc5/yolo11-hc5-abl-b-2
Starting training for 100 epochs...

      Epoch    GPU_mem   box_loss   cls_loss   dfl_loss  Instances       Size
      1/100      6.09G      4.143      5.241      4.109        114        640: 100%|██████████| 72/72 [00:32<00:00,  2.23it/s]
                 Class     Images  Instances      Box(P          R      mAP50  mAP50-95): 100%|██████████| 8/8 [00:02<00:00,  3.73i
                   all        120       1740          0          0          0          0

      Epoch    GPU_mem   box_loss   cls_loss   dfl_loss  Instances       Size
      2/100      6.54G      3.227      3.154      3.065         83        640: 100%|██████████| 72/72 [00:33<00:00,  2.16it/s]
                 Class     Images  Instances      Box(P          R      mAP50  mAP50-95): 100%|██████████| 8/8 [00:02<00:00,  3.13i
                   all        120       1740      0.386     0.0429     0.0258    0.00877

      Epoch    GPU_mem   box_loss   cls_loss   dfl_loss  Instances       Size
      3/100      6.57G      2.976      2.411      2.502        109        640: 100%|██████████| 72/72 [00:33<00:00,  2.17it/s]
                 Class     Images  Instances      Box(P          R      mAP50  mAP50-95): 100%|██████████| 8/8 [00:02<00:00,  2.93i
                   all        120       1740      0.312      0.323      0.299      0.103

      Epoch    GPU_mem   box_loss   cls_loss   dfl_loss  Instances       Size
      4/100      6.57G      2.741      1.955      2.099        101        640: 100%|██████████| 72/72 [00:32<00:00,  2.18it/s]
                 Class     Images  Instances      Box(P          R      mAP50  mAP50-95): 100%|██████████| 8/8 [00:02<00:00,  3.03i
                   all        120       1740      0.551      0.139      0.196     0.0891

      Epoch    GPU_mem   box_loss   cls_loss   dfl_loss  Instances       Size
      5/100      6.57G      2.565      1.787      1.901         45        640: 100%|██████████| 72/72 [00:33<00:00,  2.18it/s]
                 Class     Images  Instances      Box(P          R      mAP50  mAP50-95): 100%|██████████| 8/8 [00:02<00:00,  3.04i
                   all        120       1740      0.796      0.427      0.448      0.139

      Epoch    GPU_mem   box_loss   cls_loss   dfl_loss  Instances       Size
      6/100      6.57G      2.338      1.614      1.808         95        640: 100%|██████████| 72/72 [00:33<00:00,  2.17it/s]
                 Class     Images  Instances      Box(P          R      mAP50  mAP50-95): 100%|██████████| 8/8 [00:02<00:00,  3.06i
                   all        120       1740      0.752      0.392      0.432      0.188

      Epoch    GPU_mem   box_loss   cls_loss   dfl_loss  Instances       Size
      7/100      6.62G      2.252      1.513      1.674         71        640: 100%|██████████| 72/72 [00:33<00:00,  2.18it/s]
                 Class     Images  Instances      Box(P          R      mAP50  mAP50-95): 100%|██████████| 8/8 [00:02<00:00,  3.05i
                   all        120       1740      0.842      0.493      0.528       0.24

      Epoch    GPU_mem   box_loss   cls_loss   dfl_loss  Instances       Size
      8/100      6.66G      2.148      1.376      1.575        152        640: 100%|██████████| 72/72 [00:32<00:00,  2.19it/s]
                 Class     Images  Instances      Box(P          R      mAP50  mAP50-95): 100%|██████████| 8/8 [00:02<00:00,  3.05i
                   all        120       1740      0.886      0.491      0.568      0.286

      Epoch    GPU_mem   box_loss   cls_loss   dfl_loss  Instances       Size
      9/100      6.66G      2.053      1.315      1.565         89        640: 100%|██████████| 72/72 [00:32<00:00,  2.24it/s]
                 Class     Images  Instances      Box(P          R      mAP50  mAP50-95): 100%|██████████| 8/8 [00:02<00:00,  3.33i
                   all        120       1740       0.85      0.497      0.616       0.28

      Epoch    GPU_mem   box_loss   cls_loss   dfl_loss  Instances       Size
     10/100      6.66G      2.014      1.265       1.51        134        640: 100%|██████████| 72/72 [00:32<00:00,  2.24it/s]
                 Class     Images  Instances      Box(P          R      mAP50  mAP50-95): 100%|██████████| 8/8 [00:02<00:00,  3.08i
                   all        120       1740      0.882      0.523      0.795      0.354

      Epoch    GPU_mem   box_loss   cls_loss   dfl_loss  Instances       Size
     11/100      6.66G       1.98      1.258      1.558        155        640: 100%|██████████| 72/72 [00:32<00:00,  2.18it/s]
                 Class     Images  Instances      Box(P          R      mAP50  mAP50-95): 100%|██████████| 8/8 [00:02<00:00,  3.10i
                   all        120       1740      0.897      0.549      0.806      0.372

      Epoch    GPU_mem   box_loss   cls_loss   dfl_loss  Instances       Size
     12/100      6.66G      1.953      1.201       1.48        139        640: 100%|██████████| 72/72 [00:33<00:00,  2.16it/s]
                 Class     Images  Instances      Box(P          R      mAP50  mAP50-95): 100%|██████████| 8/8 [00:02<00:00,  3.01i
                   all        120       1740      0.917      0.522      0.718      0.351

      Epoch    GPU_mem   box_loss   cls_loss   dfl_loss  Instances       Size
     13/100      6.66G      1.872      1.139      1.458        103        640: 100%|██████████| 72/72 [00:32<00:00,  2.19it/s]
                 Class     Images  Instances      Box(P          R      mAP50  mAP50-95): 100%|██████████| 8/8 [00:02<00:00,  3.14i
                   all        120       1740      0.921      0.554      0.634      0.354

      Epoch    GPU_mem   box_loss   cls_loss   dfl_loss  Instances       Size
     14/100      6.66G      1.886      1.145        1.4         97        640: 100%|██████████| 72/72 [00:32<00:00,  2.20it/s]
                 Class     Images  Instances      Box(P          R      mAP50  mAP50-95): 100%|██████████| 8/8 [00:02<00:00,  3.12i
                   all        120       1740      0.767      0.746      0.807      0.395

      Epoch    GPU_mem   box_loss   cls_loss   dfl_loss  Instances       Size
     15/100      6.66G      1.835      1.071      1.382         69        640: 100%|██████████| 72/72 [00:32<00:00,  2.20it/s]
                 Class     Images  Instances      Box(P          R      mAP50  mAP50-95): 100%|██████████| 8/8 [00:02<00:00,  3.13i
                   all        120       1740      0.906      0.623      0.777      0.414

      Epoch    GPU_mem   box_loss   cls_loss   dfl_loss  Instances       Size
     16/100      6.66G      1.815      1.083      1.372         75        640: 100%|██████████| 72/72 [00:32<00:00,  2.21it/s]
                 Class     Images  Instances      Box(P          R      mAP50  mAP50-95): 100%|██████████| 8/8 [00:02<00:00,  3.15i
                   all        120       1740      0.763      0.788      0.868      0.414

      Epoch    GPU_mem   box_loss   cls_loss   dfl_loss  Instances       Size
     17/100      6.66G      1.758       1.03       1.36        212        640: 100%|██████████| 72/72 [00:32<00:00,  2.19it/s]
                 Class     Images  Instances      Box(P          R      mAP50  mAP50-95): 100%|██████████| 8/8 [00:02<00:00,  3.15i
                   all        120       1740      0.823      0.859      0.898      0.432

      Epoch    GPU_mem   box_loss   cls_loss   dfl_loss  Instances       Size
     18/100      6.66G      1.694     0.9912      1.327         72        640: 100%|██████████| 72/72 [00:31<00:00,  2.26it/s]
                 Class     Images  Instances      Box(P          R      mAP50  mAP50-95): 100%|██████████| 8/8 [00:02<00:00,  3.40i
                   all        120       1740      0.646      0.779      0.716      0.407

      Epoch    GPU_mem   box_loss   cls_loss   dfl_loss  Instances       Size
     19/100      6.66G      1.727      0.995      1.326        165        640: 100%|██████████| 72/72 [00:31<00:00,  2.26it/s]
                 Class     Images  Instances      Box(P          R      mAP50  mAP50-95): 100%|██████████| 8/8 [00:02<00:00,  3.12i
                   all        120       1740      0.839      0.828      0.886      0.478

      Epoch    GPU_mem   box_loss   cls_loss   dfl_loss  Instances       Size
     20/100      6.66G      1.655     0.9832      1.344        123        640: 100%|██████████| 72/72 [00:32<00:00,  2.21it/s]
                 Class     Images  Instances      Box(P          R      mAP50  mAP50-95): 100%|██████████| 8/8 [00:02<00:00,  3.14i
                   all        120       1740      0.806      0.837      0.881      0.448

      Epoch    GPU_mem   box_loss   cls_loss   dfl_loss  Instances       Size
     21/100      6.66G      1.679     0.9751      1.332         69        640: 100%|██████████| 72/72 [00:32<00:00,  2.19it/s]
                 Class     Images  Instances      Box(P          R      mAP50  mAP50-95): 100%|██████████| 8/8 [00:02<00:00,  3.12i
                   all        120       1740      0.786      0.873        0.9      0.458

      Epoch    GPU_mem   box_loss   cls_loss   dfl_loss  Instances       Size
     22/100      6.66G      1.656     0.9383      1.291         97        640: 100%|██████████| 72/72 [00:32<00:00,  2.19it/s]
                 Class     Images  Instances      Box(P          R      mAP50  mAP50-95): 100%|██████████| 8/8 [00:02<00:00,  3.13i
                   all        120       1740      0.833      0.786      0.888      0.507

      Epoch    GPU_mem   box_loss   cls_loss   dfl_loss  Instances       Size
     23/100      6.66G      1.669      0.938      1.303        139        640: 100%|██████████| 72/72 [00:32<00:00,  2.20it/s]
                 Class     Images  Instances      Box(P          R      mAP50  mAP50-95): 100%|██████████| 8/8 [00:02<00:00,  3.13i
                   all        120       1740      0.812      0.867      0.901       0.51

      Epoch    GPU_mem   box_loss   cls_loss   dfl_loss  Instances       Size
     24/100      6.66G      1.678     0.9147      1.251        159        640: 100%|██████████| 72/72 [00:33<00:00,  2.17it/s]
                 Class     Images  Instances      Box(P          R      mAP50  mAP50-95): 100%|██████████| 8/8 [00:02<00:00,  3.14i
                   all        120       1740      0.887      0.869      0.931      0.508

      Epoch    GPU_mem   box_loss   cls_loss   dfl_loss  Instances       Size
     25/100      6.66G      1.596     0.8728      1.237        163        640: 100%|██████████| 72/72 [00:32<00:00,  2.20it/s]
                 Class     Images  Instances      Box(P          R      mAP50  mAP50-95): 100%|██████████| 8/8 [00:02<00:00,  3.14i
                   all        120       1740      0.787      0.862      0.933      0.524

      Epoch    GPU_mem   box_loss   cls_loss   dfl_loss  Instances       Size
     26/100      6.66G      1.587     0.8781      1.217        143        640: 100%|██████████| 72/72 [00:32<00:00,  2.20it/s]
                 Class     Images  Instances      Box(P          R      mAP50  mAP50-95): 100%|██████████| 8/8 [00:02<00:00,  3.16i
                   all        120       1740      0.785      0.778      0.877      0.479

      Epoch    GPU_mem   box_loss   cls_loss   dfl_loss  Instances       Size
     27/100      6.66G      1.586     0.8742      1.236         85        640: 100%|██████████| 72/72 [00:31<00:00,  2.31it/s]
                 Class     Images  Instances      Box(P          R      mAP50  mAP50-95): 100%|██████████| 8/8 [00:02<00:00,  3.36i
                   all        120       1740      0.881      0.868      0.933      0.521

      Epoch    GPU_mem   box_loss   cls_loss   dfl_loss  Instances       Size
     28/100      6.66G      1.571     0.8789      1.258        167        640: 100%|██████████| 72/72 [00:31<00:00,  2.30it/s]
                 Class     Images  Instances      Box(P          R      mAP50  mAP50-95): 100%|██████████| 8/8 [00:02<00:00,  3.15i
                   all        120       1740       0.81      0.888      0.912       0.54

      Epoch    GPU_mem   box_loss   cls_loss   dfl_loss  Instances       Size
     29/100      6.66G      1.463      0.839      1.236        160        640: 100%|██████████| 72/72 [00:32<00:00,  2.20it/s]
                 Class     Images  Instances      Box(P          R      mAP50  mAP50-95): 100%|██████████| 8/8 [00:02<00:00,  3.07i
                   all        120       1740      0.815      0.916      0.896      0.529

      Epoch    GPU_mem   box_loss   cls_loss   dfl_loss  Instances       Size
     30/100      6.66G      1.535     0.8371      1.226        141        640: 100%|██████████| 72/72 [00:32<00:00,  2.18it/s]
                 Class     Images  Instances      Box(P          R      mAP50  mAP50-95): 100%|██████████| 8/8 [00:02<00:00,  3.13i
                   all        120       1740      0.866      0.893      0.924      0.527

      Epoch    GPU_mem   box_loss   cls_loss   dfl_loss  Instances       Size
     31/100      6.66G      1.572     0.8309       1.22        119        640: 100%|██████████| 72/72 [00:32<00:00,  2.19it/s]
                 Class     Images  Instances      Box(P          R      mAP50  mAP50-95): 100%|██████████| 8/8 [00:02<00:00,  3.30i
                   all        120       1740      0.893      0.935      0.959      0.591

      Epoch    GPU_mem   box_loss   cls_loss   dfl_loss  Instances       Size
     32/100      6.66G      1.541     0.8469      1.199        103        640: 100%|██████████| 72/72 [00:32<00:00,  2.19it/s]
                 Class     Images  Instances      Box(P          R      mAP50  mAP50-95): 100%|██████████| 8/8 [00:02<00:00,  3.09i
                   all        120       1740      0.876      0.906      0.948      0.561

      Epoch    GPU_mem   box_loss   cls_loss   dfl_loss  Instances       Size
     33/100      6.66G      1.508      0.799       1.19        209        640: 100%|██████████| 72/72 [00:32<00:00,  2.19it/s]
                 Class     Images  Instances      Box(P          R      mAP50  mAP50-95): 100%|██████████| 8/8 [00:02<00:00,  3.09i
                   all        120       1740      0.919      0.882       0.95      0.575

      Epoch    GPU_mem   box_loss   cls_loss   dfl_loss  Instances       Size
     34/100      6.66G      1.485     0.8008      1.192        122        640: 100%|██████████| 72/72 [00:32<00:00,  2.19it/s]
                 Class     Images  Instances      Box(P          R      mAP50  mAP50-95): 100%|██████████| 8/8 [00:02<00:00,  3.07i
                   all        120       1740      0.906      0.899      0.951      0.542

      Epoch    GPU_mem   box_loss   cls_loss   dfl_loss  Instances       Size
     35/100      6.66G      1.451     0.7799      1.184         60        640: 100%|██████████| 72/72 [00:32<00:00,  2.19it/s]
                 Class     Images  Instances      Box(P          R      mAP50  mAP50-95): 100%|██████████| 8/8 [00:02<00:00,  3.08i
                   all        120       1740      0.861      0.856      0.928      0.555

      Epoch    GPU_mem   box_loss   cls_loss   dfl_loss  Instances       Size
     36/100      6.66G      1.472     0.7856      1.183        200        640: 100%|██████████| 72/72 [00:32<00:00,  2.24it/s]
                 Class     Images  Instances      Box(P          R      mAP50  mAP50-95): 100%|██████████| 8/8 [00:02<00:00,  3.38i
                   all        120       1740      0.924      0.864      0.964      0.587

      Epoch    GPU_mem   box_loss   cls_loss   dfl_loss  Instances       Size
     37/100      6.66G      1.463     0.7839      1.197        109        640: 100%|██████████| 72/72 [00:32<00:00,  2.22it/s]
                 Class     Images  Instances      Box(P          R      mAP50  mAP50-95): 100%|██████████| 8/8 [00:02<00:00,  3.09i
                   all        120       1740      0.786      0.865      0.901      0.533

      Epoch    GPU_mem   box_loss   cls_loss   dfl_loss  Instances       Size
     38/100      6.66G      1.439     0.7749      1.168        139        640: 100%|██████████| 72/72 [00:32<00:00,  2.20it/s]
                 Class     Images  Instances      Box(P          R      mAP50  mAP50-95): 100%|██████████| 8/8 [00:02<00:00,  3.11i
                   all        120       1740      0.806      0.861      0.888      0.553

      Epoch    GPU_mem   box_loss   cls_loss   dfl_loss  Instances       Size
     39/100      6.66G      1.383     0.7522      1.165        147        640: 100%|██████████| 72/72 [00:32<00:00,  2.19it/s]
                 Class     Images  Instances      Box(P          R      mAP50  mAP50-95): 100%|██████████| 8/8 [00:02<00:00,  3.09i
                   all        120       1740      0.909      0.883      0.957      0.579

      Epoch    GPU_mem   box_loss   cls_loss   dfl_loss  Instances       Size
     40/100      6.66G      1.476     0.7798      1.174         60        640: 100%|██████████| 72/72 [00:32<00:00,  2.19it/s]
                 Class     Images  Instances      Box(P          R      mAP50  mAP50-95): 100%|██████████| 8/8 [00:02<00:00,  3.08i
                   all        120       1740      0.955      0.911      0.977       0.63

      Epoch    GPU_mem   box_loss   cls_loss   dfl_loss  Instances       Size
     41/100      6.66G      1.411     0.7441      1.161        132        640: 100%|██████████| 72/72 [00:32<00:00,  2.18it/s]
                 Class     Images  Instances      Box(P          R      mAP50  mAP50-95): 100%|██████████| 8/8 [00:02<00:00,  3.08i
                   all        120       1740      0.944      0.898      0.968      0.617

      Epoch    GPU_mem   box_loss   cls_loss   dfl_loss  Instances       Size
     42/100      6.66G      1.404     0.7437      1.141        100        640: 100%|██████████| 72/72 [00:33<00:00,  2.18it/s]
                 Class     Images  Instances      Box(P          R      mAP50  mAP50-95): 100%|██████████| 8/8 [00:02<00:00,  3.09i
                   all        120       1740      0.862      0.933      0.951      0.592

      Epoch    GPU_mem   box_loss   cls_loss   dfl_loss  Instances       Size
     43/100      6.66G      1.386     0.7415      1.157         89        640: 100%|██████████| 72/72 [00:32<00:00,  2.18it/s]
                 Class     Images  Instances      Box(P          R      mAP50  mAP50-95): 100%|██████████| 8/8 [00:02<00:00,  3.10i
                   all        120       1740       0.96      0.874      0.945       0.61

      Epoch    GPU_mem   box_loss   cls_loss   dfl_loss  Instances       Size
     44/100      6.66G      1.412     0.7498      1.161        112        640: 100%|██████████| 72/72 [00:32<00:00,  2.21it/s]
                 Class     Images  Instances      Box(P          R      mAP50  mAP50-95): 100%|██████████| 8/8 [00:02<00:00,  3.35i
                   all        120       1740      0.825      0.934      0.944      0.591

      Epoch    GPU_mem   box_loss   cls_loss   dfl_loss  Instances       Size
     45/100      6.66G      1.402     0.7429      1.143         90        640: 100%|██████████| 72/72 [00:31<00:00,  2.30it/s]
                 Class     Images  Instances      Box(P          R      mAP50  mAP50-95): 100%|██████████| 8/8 [00:02<00:00,  3.35i
                   all        120       1740       0.94       0.92      0.968      0.616

      Epoch    GPU_mem   box_loss   cls_loss   dfl_loss  Instances       Size
     46/100      6.66G      1.347     0.7214      1.146        109        640: 100%|██████████| 72/72 [00:32<00:00,  2.20it/s]
                 Class     Images  Instances      Box(P          R      mAP50  mAP50-95): 100%|██████████| 8/8 [00:02<00:00,  3.09i
                   all        120       1740      0.867      0.966      0.962      0.624

      Epoch    GPU_mem   box_loss   cls_loss   dfl_loss  Instances       Size
     47/100      6.66G      1.414     0.7514      1.178         64        640: 100%|██████████| 72/72 [00:32<00:00,  2.19it/s]
                 Class     Images  Instances      Box(P          R      mAP50  mAP50-95): 100%|██████████| 8/8 [00:02<00:00,  3.08i
                   all        120       1740      0.939      0.873      0.963      0.615

      Epoch    GPU_mem   box_loss   cls_loss   dfl_loss  Instances       Size
     48/100      6.66G      1.418     0.7462      1.173         66        640: 100%|██████████| 72/72 [00:32<00:00,  2.19it/s]
                 Class     Images  Instances      Box(P          R      mAP50  mAP50-95): 100%|██████████| 8/8 [00:02<00:00,  3.10i
                   all        120       1740      0.933      0.936      0.962      0.639

      Epoch    GPU_mem   box_loss   cls_loss   dfl_loss  Instances       Size
     49/100      6.66G      1.336      0.718      1.148        154        640: 100%|██████████| 72/72 [00:32<00:00,  2.20it/s]
                 Class     Images  Instances      Box(P          R      mAP50  mAP50-95): 100%|██████████| 8/8 [00:02<00:00,  3.09i
                   all        120       1740      0.908      0.882      0.932      0.616

      Epoch    GPU_mem   box_loss   cls_loss   dfl_loss  Instances       Size
     50/100      6.66G      1.365     0.7134      1.135        115        640: 100%|██████████| 72/72 [00:32<00:00,  2.20it/s]
                 Class     Images  Instances      Box(P          R      mAP50  mAP50-95): 100%|██████████| 8/8 [00:02<00:00,  3.14i
                   all        120       1740      0.977      0.867      0.959      0.601

      Epoch    GPU_mem   box_loss   cls_loss   dfl_loss  Instances       Size
     51/100      6.66G      1.366      0.721      1.116        135        640: 100%|██████████| 72/72 [00:32<00:00,  2.19it/s]
                 Class     Images  Instances      Box(P          R      mAP50  mAP50-95): 100%|██████████| 8/8 [00:02<00:00,  3.09i
                   all        120       1740      0.897       0.89      0.956      0.615

      Epoch    GPU_mem   box_loss   cls_loss   dfl_loss  Instances       Size
     52/100      6.66G      1.319     0.6968      1.131         42        640: 100%|██████████| 72/72 [00:32<00:00,  2.19it/s]
                 Class     Images  Instances      Box(P          R      mAP50  mAP50-95): 100%|██████████| 8/8 [00:02<00:00,  3.09i
                   all        120       1740      0.889      0.922      0.958      0.619

      Epoch    GPU_mem   box_loss   cls_loss   dfl_loss  Instances       Size
     53/100      6.66G      1.332     0.6918      1.122         88        640: 100%|██████████| 72/72 [00:31<00:00,  2.25it/s]
                 Class     Images  Instances      Box(P          R      mAP50  mAP50-95): 100%|██████████| 8/8 [00:02<00:00,  3.36i
                   all        120       1740      0.965      0.921      0.974      0.646

      Epoch    GPU_mem   box_loss   cls_loss   dfl_loss  Instances       Size
     54/100      6.66G      1.359     0.6996      1.111         72        640: 100%|██████████| 72/72 [00:31<00:00,  2.29it/s]
                 Class     Images  Instances      Box(P          R      mAP50  mAP50-95): 100%|██████████| 8/8 [00:02<00:00,  3.17i
                   all        120       1740       0.95      0.939      0.977      0.624

      Epoch    GPU_mem   box_loss   cls_loss   dfl_loss  Instances       Size
     55/100      6.66G      1.384     0.7127      1.108         77        640: 100%|██████████| 72/72 [00:33<00:00,  2.18it/s]
                 Class     Images  Instances      Box(P          R      mAP50  mAP50-95): 100%|██████████| 8/8 [00:02<00:00,  3.14i
                   all        120       1740      0.925      0.961      0.975      0.657

      Epoch    GPU_mem   box_loss   cls_loss   dfl_loss  Instances       Size
     56/100      6.66G      1.315     0.6907      1.125        136        640: 100%|██████████| 72/72 [00:32<00:00,  2.20it/s]
                 Class     Images  Instances      Box(P          R      mAP50  mAP50-95): 100%|██████████| 8/8 [00:02<00:00,  3.11i
                   all        120       1740      0.904      0.952      0.953      0.633

      Epoch    GPU_mem   box_loss   cls_loss   dfl_loss  Instances       Size
     57/100      6.66G      1.314     0.6779      1.098        103        640: 100%|██████████| 72/72 [00:32<00:00,  2.19it/s]
                 Class     Images  Instances      Box(P          R      mAP50  mAP50-95): 100%|██████████| 8/8 [00:02<00:00,  3.10i
                   all        120       1740      0.953      0.922      0.972      0.659

      Epoch    GPU_mem   box_loss   cls_loss   dfl_loss  Instances       Size
     58/100      6.66G      1.256     0.6633      1.103        153        640: 100%|██████████| 72/72 [00:32<00:00,  2.19it/s]
                 Class     Images  Instances      Box(P          R      mAP50  mAP50-95): 100%|██████████| 8/8 [00:02<00:00,  3.17i
                   all        120       1740      0.937      0.908      0.968      0.668

      Epoch    GPU_mem   box_loss   cls_loss   dfl_loss  Instances       Size
     59/100      6.66G      1.325     0.6836      1.082         84        640: 100%|██████████| 72/72 [00:33<00:00,  2.17it/s]
                 Class     Images  Instances      Box(P          R      mAP50  mAP50-95): 100%|██████████| 8/8 [00:02<00:00,  3.09i
                   all        120       1740      0.973      0.874      0.964      0.651

      Epoch    GPU_mem   box_loss   cls_loss   dfl_loss  Instances       Size
     60/100      6.66G      1.278      0.655      1.099        141        640: 100%|██████████| 72/72 [00:32<00:00,  2.19it/s]
                 Class     Images  Instances      Box(P          R      mAP50  mAP50-95): 100%|██████████| 8/8 [00:02<00:00,  3.10i
                   all        120       1740      0.959      0.892      0.964      0.662

      Epoch    GPU_mem   box_loss   cls_loss   dfl_loss  Instances       Size
     61/100      6.66G      1.358     0.6876      1.096        116        640: 100%|██████████| 72/72 [00:32<00:00,  2.21it/s]
                 Class     Images  Instances      Box(P          R      mAP50  mAP50-95): 100%|██████████| 8/8 [00:02<00:00,  3.13i
                   all        120       1740      0.909       0.96      0.978      0.653

      Epoch    GPU_mem   box_loss   cls_loss   dfl_loss  Instances       Size
     62/100      6.66G       1.33     0.6806      1.083        166        640: 100%|██████████| 72/72 [00:32<00:00,  2.25it/s]
                 Class     Images  Instances      Box(P          R      mAP50  mAP50-95): 100%|██████████| 8/8 [00:02<00:00,  3.35i
                   all        120       1740      0.848      0.919      0.955      0.625

      Epoch    GPU_mem   box_loss   cls_loss   dfl_loss  Instances       Size
     63/100      6.66G      1.257     0.6581       1.09        134        640: 100%|██████████| 72/72 [00:31<00:00,  2.28it/s]
                 Class     Images  Instances      Box(P          R      mAP50  mAP50-95): 100%|██████████| 8/8 [00:02<00:00,  3.12i
                   all        120       1740      0.897      0.884      0.951      0.663

      Epoch    GPU_mem   box_loss   cls_loss   dfl_loss  Instances       Size
     64/100      6.66G      1.277     0.6627      1.093         85        640: 100%|██████████| 72/72 [00:32<00:00,  2.19it/s]
                 Class     Images  Instances      Box(P          R      mAP50  mAP50-95): 100%|██████████| 8/8 [00:02<00:00,  3.11i
                   all        120       1740      0.913      0.932      0.964      0.677

      Epoch    GPU_mem   box_loss   cls_loss   dfl_loss  Instances       Size
     65/100      6.66G      1.205     0.6308      1.091        130        640: 100%|██████████| 72/72 [00:32<00:00,  2.18it/s]
                 Class     Images  Instances      Box(P          R      mAP50  mAP50-95): 100%|██████████| 8/8 [00:02<00:00,  3.11i
                   all        120       1740      0.916      0.921      0.966      0.687

      Epoch    GPU_mem   box_loss   cls_loss   dfl_loss  Instances       Size
     66/100      6.66G      1.237     0.6466      1.089        134        640: 100%|██████████| 72/72 [00:32<00:00,  2.20it/s]
                 Class     Images  Instances      Box(P          R      mAP50  mAP50-95): 100%|██████████| 8/8 [00:02<00:00,  3.09i
                   all        120       1740       0.87      0.914      0.935      0.638

      Epoch    GPU_mem   box_loss   cls_loss   dfl_loss  Instances       Size
     67/100      6.66G      1.233     0.6439      1.065         72        640: 100%|██████████| 72/72 [00:32<00:00,  2.18it/s]
                 Class     Images  Instances      Box(P          R      mAP50  mAP50-95): 100%|██████████| 8/8 [00:02<00:00,  3.09i
                   all        120       1740      0.962      0.883      0.963       0.68

      Epoch    GPU_mem   box_loss   cls_loss   dfl_loss  Instances       Size
     68/100      6.66G      1.242     0.6426      1.093        124        640: 100%|██████████| 72/72 [00:32<00:00,  2.19it/s]
                 Class     Images  Instances      Box(P          R      mAP50  mAP50-95): 100%|██████████| 8/8 [00:02<00:00,  3.08i
                   all        120       1740      0.889      0.945      0.957      0.669

      Epoch    GPU_mem   box_loss   cls_loss   dfl_loss  Instances       Size
     69/100      6.66G      1.247     0.6381      1.073        121        640: 100%|██████████| 72/72 [00:32<00:00,  2.20it/s]
                 Class     Images  Instances      Box(P          R      mAP50  mAP50-95): 100%|██████████| 8/8 [00:02<00:00,  3.10i
                   all        120       1740      0.949      0.855      0.952      0.665

      Epoch    GPU_mem   box_loss   cls_loss   dfl_loss  Instances       Size
     70/100      6.66G      1.204     0.6255      1.068        171        640: 100%|██████████| 72/72 [00:32<00:00,  2.19it/s]
                 Class     Images  Instances      Box(P          R      mAP50  mAP50-95): 100%|██████████| 8/8 [00:02<00:00,  3.11i
                   all        120       1740      0.938      0.918      0.956      0.646

      Epoch    GPU_mem   box_loss   cls_loss   dfl_loss  Instances       Size
     71/100      6.66G      1.236     0.6353      1.076        115        640: 100%|██████████| 72/72 [00:31<00:00,  2.28it/s]
                 Class     Images  Instances      Box(P          R      mAP50  mAP50-95): 100%|██████████| 8/8 [00:02<00:00,  3.38i
                   all        120       1740      0.939       0.92       0.97      0.675

      Epoch    GPU_mem   box_loss   cls_loss   dfl_loss  Instances       Size
     72/100      6.66G      1.239     0.6425       1.07        125        640: 100%|██████████| 72/72 [00:32<00:00,  2.23it/s]
                 Class     Images  Instances      Box(P          R      mAP50  mAP50-95): 100%|██████████| 8/8 [00:02<00:00,  3.09i
                   all        120       1740      0.898      0.949      0.959      0.675

      Epoch    GPU_mem   box_loss   cls_loss   dfl_loss  Instances       Size
     73/100      6.66G       1.25     0.6365      1.056        153        640: 100%|██████████| 72/72 [00:33<00:00,  2.18it/s]
                 Class     Images  Instances      Box(P          R      mAP50  mAP50-95): 100%|██████████| 8/8 [00:02<00:00,  3.12i
                   all        120       1740      0.948      0.919       0.98      0.699

      Epoch    GPU_mem   box_loss   cls_loss   dfl_loss  Instances       Size
     74/100      6.66G      1.188     0.6072      1.053        100        640: 100%|██████████| 72/72 [00:32<00:00,  2.19it/s]
                 Class     Images  Instances      Box(P          R      mAP50  mAP50-95): 100%|██████████| 8/8 [00:02<00:00,  3.11i
                   all        120       1740      0.938      0.937      0.958      0.691

      Epoch    GPU_mem   box_loss   cls_loss   dfl_loss  Instances       Size
     75/100      6.66G      1.198     0.6092      1.063        141        640: 100%|██████████| 72/72 [00:32<00:00,  2.19it/s]
                 Class     Images  Instances      Box(P          R      mAP50  mAP50-95): 100%|██████████| 8/8 [00:02<00:00,  3.12i
                   all        120       1740      0.942      0.924      0.974      0.709

      Epoch    GPU_mem   box_loss   cls_loss   dfl_loss  Instances       Size
     76/100      6.66G      1.181     0.6137      1.062         84        640: 100%|██████████| 72/72 [00:32<00:00,  2.19it/s]
                 Class     Images  Instances      Box(P          R      mAP50  mAP50-95): 100%|██████████| 8/8 [00:02<00:00,  3.08i
                   all        120       1740      0.928      0.911      0.983      0.698

      Epoch    GPU_mem   box_loss   cls_loss   dfl_loss  Instances       Size
     77/100      6.66G      1.154     0.5949       1.05        131        640: 100%|██████████| 72/72 [00:32<00:00,  2.19it/s]
                 Class     Images  Instances      Box(P          R      mAP50  mAP50-95): 100%|██████████| 8/8 [00:02<00:00,  3.10i
                   all        120       1740      0.927      0.938      0.972      0.684

      Epoch    GPU_mem   box_loss   cls_loss   dfl_loss  Instances       Size
     78/100      6.66G      1.204     0.6206      1.054         80        640: 100%|██████████| 72/72 [00:32<00:00,  2.19it/s]
                 Class     Images  Instances      Box(P          R      mAP50  mAP50-95): 100%|██████████| 8/8 [00:02<00:00,  3.26i
                   all        120       1740      0.881        0.9      0.966       0.68

      Epoch    GPU_mem   box_loss   cls_loss   dfl_loss  Instances       Size
     79/100      6.66G      1.189     0.6131      1.069        182        640: 100%|██████████| 72/72 [00:32<00:00,  2.20it/s]
                 Class     Images  Instances      Box(P          R      mAP50  mAP50-95): 100%|██████████| 8/8 [00:02<00:00,  3.38i
                   all        120       1740      0.909      0.911      0.974      0.701

      Epoch    GPU_mem   box_loss   cls_loss   dfl_loss  Instances       Size
     80/100      6.66G      1.212     0.6162      1.043        167        640: 100%|██████████| 72/72 [00:32<00:00,  2.24it/s]
                 Class     Images  Instances      Box(P          R      mAP50  mAP50-95): 100%|██████████| 8/8 [00:02<00:00,  3.09i
                   all        120       1740      0.953      0.912      0.973        0.7

      Epoch    GPU_mem   box_loss   cls_loss   dfl_loss  Instances       Size
     81/100      6.66G      1.155     0.5931      1.048        133        640: 100%|██████████| 72/72 [00:32<00:00,  2.19it/s]
                 Class     Images  Instances      Box(P          R      mAP50  mAP50-95): 100%|██████████| 8/8 [00:02<00:00,  3.08i
                   all        120       1740      0.918      0.917      0.965        0.7

      Epoch    GPU_mem   box_loss   cls_loss   dfl_loss  Instances       Size
     82/100      6.66G      1.176     0.6076      1.047        156        640: 100%|██████████| 72/72 [00:32<00:00,  2.19it/s]
                 Class     Images  Instances      Box(P          R      mAP50  mAP50-95): 100%|██████████| 8/8 [00:02<00:00,  3.09i
                   all        120       1740       0.91       0.95      0.966      0.679

      Epoch    GPU_mem   box_loss   cls_loss   dfl_loss  Instances       Size
     83/100      6.66G      1.179     0.5983      1.038        117        640: 100%|██████████| 72/72 [00:33<00:00,  2.18it/s]
                 Class     Images  Instances      Box(P          R      mAP50  mAP50-95): 100%|██████████| 8/8 [00:02<00:00,  3.08i
                   all        120       1740      0.906      0.921      0.962       0.69

      Epoch    GPU_mem   box_loss   cls_loss   dfl_loss  Instances       Size
     84/100      6.66G      1.162     0.5909       1.03        123        640: 100%|██████████| 72/72 [00:33<00:00,  2.18it/s]
                 Class     Images  Instances      Box(P          R      mAP50  mAP50-95): 100%|██████████| 8/8 [00:02<00:00,  3.07i
                   all        120       1740      0.919       0.93      0.971      0.674

      Epoch    GPU_mem   box_loss   cls_loss   dfl_loss  Instances       Size
     85/100      6.66G       1.18     0.6011      1.031         96        640: 100%|██████████| 72/72 [00:32<00:00,  2.19it/s]
                 Class     Images  Instances      Box(P          R      mAP50  mAP50-95): 100%|██████████| 8/8 [00:02<00:00,  3.10i
                   all        120       1740      0.892      0.915       0.95      0.695

      Epoch    GPU_mem   box_loss   cls_loss   dfl_loss  Instances       Size
     86/100      6.71G      1.161     0.5877      1.031         86        640: 100%|██████████| 72/72 [00:32<00:00,  2.19it/s]
                 Class     Images  Instances      Box(P          R      mAP50  mAP50-95): 100%|██████████| 8/8 [00:02<00:00,  3.09i
                   all        120       1740      0.925      0.929      0.975      0.696

      Epoch    GPU_mem   box_loss   cls_loss   dfl_loss  Instances       Size
     87/100      6.71G      1.159     0.5962       1.04        127        640: 100%|██████████| 72/72 [00:32<00:00,  2.19it/s]
                 Class     Images  Instances      Box(P          R      mAP50  mAP50-95): 100%|██████████| 8/8 [00:02<00:00,  3.13i
                   all        120       1740      0.967       0.93      0.976       0.72

      Epoch    GPU_mem   box_loss   cls_loss   dfl_loss  Instances       Size
     88/100      6.71G      1.127     0.5884      1.033         76        640: 100%|██████████| 72/72 [00:32<00:00,  2.25it/s]
                 Class     Images  Instances      Box(P          R      mAP50  mAP50-95): 100%|██████████| 8/8 [00:02<00:00,  3.37i
                   all        120       1740      0.952      0.943      0.977      0.718

      Epoch    GPU_mem   box_loss   cls_loss   dfl_loss  Instances       Size
     89/100      6.71G      1.183     0.5978      1.029        115        640: 100%|██████████| 72/72 [00:32<00:00,  2.23it/s]
                 Class     Images  Instances      Box(P          R      mAP50  mAP50-95): 100%|██████████| 8/8 [00:02<00:00,  3.12i
                   all        120       1740      0.927      0.938      0.978      0.734

      Epoch    GPU_mem   box_loss   cls_loss   dfl_loss  Instances       Size
     90/100      6.71G       1.17     0.5915      1.015         78        640: 100%|██████████| 72/72 [00:32<00:00,  2.19it/s]
                 Class     Images  Instances      Box(P          R      mAP50  mAP50-95): 100%|██████████| 8/8 [00:02<00:00,  3.13i
                   all        120       1740      0.888      0.929       0.97      0.715
Closing dataloader mosaic

      Epoch    GPU_mem   box_loss   cls_loss   dfl_loss  Instances       Size
     91/100      6.71G      1.132     0.5766      1.035         88        640: 100%|██████████| 72/72 [00:32<00:00,  2.23it/s]
                 Class     Images  Instances      Box(P          R      mAP50  mAP50-95): 100%|██████████| 8/8 [00:02<00:00,  3.12i
                   all        120       1740      0.911      0.968      0.978      0.718

      Epoch    GPU_mem   box_loss   cls_loss   dfl_loss  Instances       Size
     92/100      6.71G      1.118     0.5652      1.028         84        640: 100%|██████████| 72/72 [00:32<00:00,  2.24it/s]
                 Class     Images  Instances      Box(P          R      mAP50  mAP50-95): 100%|██████████| 8/8 [00:02<00:00,  3.10i
                   all        120       1740      0.951      0.937      0.978      0.717

      Epoch    GPU_mem   box_loss   cls_loss   dfl_loss  Instances       Size
     93/100      6.71G      1.159     0.5783      1.015         76        640: 100%|██████████| 72/72 [00:32<00:00,  2.23it/s]
                 Class     Images  Instances      Box(P          R      mAP50  mAP50-95): 100%|██████████| 8/8 [00:02<00:00,  3.08i
                   all        120       1740      0.955      0.928      0.979       0.72

      Epoch    GPU_mem   box_loss   cls_loss   dfl_loss  Instances       Size
     94/100      6.71G      1.174     0.5804      1.017         71        640: 100%|██████████| 72/72 [00:32<00:00,  2.23it/s]
                 Class     Images  Instances      Box(P          R      mAP50  mAP50-95): 100%|██████████| 8/8 [00:02<00:00,  3.09i
                   all        120       1740      0.974      0.928       0.98      0.707

      Epoch    GPU_mem   box_loss   cls_loss   dfl_loss  Instances       Size
     95/100      6.71G      1.126      0.566      1.017         65        640: 100%|██████████| 72/72 [00:32<00:00,  2.24it/s]
                 Class     Images  Instances      Box(P          R      mAP50  mAP50-95): 100%|██████████| 8/8 [00:02<00:00,  3.10i
                   all        120       1740      0.927      0.959      0.981      0.723

      Epoch    GPU_mem   box_loss   cls_loss   dfl_loss  Instances       Size
     96/100      6.71G       1.14     0.5693      1.023         64        640: 100%|██████████| 72/72 [00:32<00:00,  2.24it/s]
                 Class     Images  Instances      Box(P          R      mAP50  mAP50-95): 100%|██████████| 8/8 [00:02<00:00,  3.08i
                   all        120       1740      0.928      0.941      0.979       0.71

      Epoch    GPU_mem   box_loss   cls_loss   dfl_loss  Instances       Size
     97/100      6.71G      1.133     0.5667      1.013        109        640: 100%|██████████| 72/72 [00:31<00:00,  2.31it/s]
                 Class     Images  Instances      Box(P          R      mAP50  mAP50-95): 100%|██████████| 8/8 [00:02<00:00,  3.36i
                   all        120       1740      0.929      0.941       0.98      0.724

      Epoch    GPU_mem   box_loss   cls_loss   dfl_loss  Instances       Size
     98/100      6.71G      1.145     0.5705      1.021         92        640: 100%|██████████| 72/72 [00:31<00:00,  2.27it/s]
                 Class     Images  Instances      Box(P          R      mAP50  mAP50-95): 100%|██████████| 8/8 [00:02<00:00,  3.11i
                   all        120       1740      0.926      0.964      0.981      0.729

      Epoch    GPU_mem   box_loss   cls_loss   dfl_loss  Instances       Size
     99/100      6.71G      1.091     0.5568      1.013         64        640: 100%|██████████| 72/72 [00:32<00:00,  2.23it/s]
                 Class     Images  Instances      Box(P          R      mAP50  mAP50-95): 100%|██████████| 8/8 [00:02<00:00,  3.09i
                   all        120       1740      0.958      0.921       0.98      0.716

      Epoch    GPU_mem   box_loss   cls_loss   dfl_loss  Instances       Size
    100/100      6.71G      1.079     0.5486      1.005         87        640: 100%|██████████| 72/72 [00:32<00:00,  2.22it/s]
                 Class     Images  Instances      Box(P          R      mAP50  mAP50-95): 100%|██████████| 8/8 [00:02<00:00,  3.13i
                   all        120       1740      0.928       0.94       0.98      0.713

100 epochs completed in 0.993 hours.
Optimizer stripped from .yolo-out-hc5/yolo11-hc5-abl-b-2/weights/last.pt, 27.5MB
Optimizer stripped from .yolo-out-hc5/yolo11-hc5-abl-b-2/weights/best.pt, 27.5MB

Validating .yolo-out-hc5/yolo11-hc5-abl-b-2/weights/best.pt...
Ultralytics 8.3.150 🚀 Python-3.13.2 torch-2.6.0+cu118 CUDA:0 (Tesla T4, 14913MiB)
                                                       CUDA:1 (Tesla T4, 14913MiB)
model summary (fused): 114 layers, 13,477,855 parameters, 0 gradients, 70.5 GFLOPs
                 Class     Images  Instances      Box(P          R      mAP50  mAP50-95): 100%|██████████| 8/8 [00:03<00:00,  2.12i
                   all        120       1740      0.927      0.938      0.979      0.734
                   bus          7         13      0.834      0.923      0.982      0.816
                   car         60        560      0.987      0.975      0.994      0.827
                 human         60       1167      0.961      0.916      0.961      0.558
Speed: 0.2ms preprocess, 14.9ms inference, 0.0ms loss, 2.0ms postprocess per image
Results saved to .yolo-out-hc5/yolo11-hc5-abl-b-2
