Overriding model.yaml nc=80 with nc=1
WARNING ⚠️ no model scale passed. Assuming scale='m'.
Freezing layer 'model.20.dfl.conv.weight'
AMP: running Automatic Mixed Precision (AMP) checks...
AMP: checks passed ✅
train: Fast image access ✅ (ping: 0.0±0.0 ms, read: 1092.7±474.1 MB/s, size: 51.4 KB)
train: Scanning /data2/jd1/datasets/landing-pad-detection-2-v4/train/labels.cache... 884 images, 0 backgrounds, 0 corrupt: 100%|██████████|
val: Fast image access ✅ (ping: 0.0±0.0 ms, read: 602.6±268.7 MB/s, size: 58.1 KB)
val: Scanning /data2/jd1/datasets/landing-pad-detection-2-v4/valid/labels.cache... 230 images, 0 backgrounds, 0 corrupt: 100%|██████████| 23
Plotting labels to .yolo-out-lpd2/yolo11a2-lpd2-3/labels.jpg...
optimizer: 'optimizer=auto' found, ignoring 'lr0=0.01' and 'momentum=0.937' and determining best 'optimizer', 'lr0' and 'momentum' automatically...
optimizer: AdamW(lr=0.002, momentum=0.9) with parameter groups 95 weight(decay=0.0), 102 weight(decay=0.0005), 101 bias(decay=0.0)
Image sizes 640 train, 640 val
Using 16 dataloader workers
Logging results to .yolo-out-lpd2/yolo11a2-lpd2-3
Starting training for 100 epochs...

      Epoch    GPU_mem   box_loss   cls_loss   dfl_loss  Instances       Size
      1/100      5.76G      3.544      6.328      4.202          5        640: 100%|██████████| 56/56 [00:21<00:00,  2.55it/s]
                 Class     Images  Instances      Box(P          R      mAP50  mAP50-95): 100%|██████████| 15/15 [00:03<00:00,  3.97it/s]
                   all        230        243   0.000377      0.107   0.000225   7.05e-05

      Epoch    GPU_mem   box_loss   cls_loss   dfl_loss  Instances       Size
      2/100      6.19G      2.663      3.879      3.084          1        640: 100%|██████████| 56/56 [00:21<00:00,  2.65it/s]
                 Class     Images  Instances      Box(P          R      mAP50  mAP50-95): 100%|██████████| 15/15 [00:03<00:00,  3.96it/s]
                   all        230        243    0.00122      0.317    0.00276   0.000797

      Epoch    GPU_mem   box_loss   cls_loss   dfl_loss  Instances       Size
      3/100      6.19G      2.278      2.968      2.548          1        640: 100%|██████████| 56/56 [00:20<00:00,  2.67it/s]
                 Class     Images  Instances      Box(P          R      mAP50  mAP50-95): 100%|██████████| 15/15 [00:03<00:00,  3.76it/s]
                   all        230        243      0.709      0.481      0.567      0.345

      Epoch    GPU_mem   box_loss   cls_loss   dfl_loss  Instances       Size
      4/100      6.19G      2.078      2.398      2.322          3        640: 100%|██████████| 56/56 [00:20<00:00,  2.67it/s]
                 Class     Images  Instances      Box(P          R      mAP50  mAP50-95): 100%|██████████| 15/15 [00:03<00:00,  3.87it/s]
                   all        230        243      0.701      0.638      0.699      0.425

      Epoch    GPU_mem   box_loss   cls_loss   dfl_loss  Instances       Size
      5/100       6.2G      1.851      1.885      1.987          5        640: 100%|██████████| 56/56 [00:21<00:00,  2.61it/s]
                 Class     Images  Instances      Box(P          R      mAP50  mAP50-95): 100%|██████████| 15/15 [00:03<00:00,  3.84it/s]
                   all        230        243      0.859      0.604      0.733      0.466

      Epoch    GPU_mem   box_loss   cls_loss   dfl_loss  Instances       Size
      6/100       6.2G       1.84      1.824      2.045          5        640: 100%|██████████| 56/56 [00:21<00:00,  2.62it/s]
                 Class     Images  Instances      Box(P          R      mAP50  mAP50-95): 100%|██████████| 15/15 [00:03<00:00,  3.84it/s]
                   all        230        243      0.847      0.733      0.832      0.477

      Epoch    GPU_mem   box_loss   cls_loss   dfl_loss  Instances       Size
      7/100       6.2G      1.687      1.586      1.847          4        640: 100%|██████████| 56/56 [00:21<00:00,  2.59it/s]
                 Class     Images  Instances      Box(P          R      mAP50  mAP50-95): 100%|██████████| 15/15 [00:04<00:00,  3.67it/s]
                   all        230        243      0.847      0.716      0.813      0.541

      Epoch    GPU_mem   box_loss   cls_loss   dfl_loss  Instances       Size
      8/100       6.2G      1.651      1.426      1.779          3        640: 100%|██████████| 56/56 [00:21<00:00,  2.60it/s]
                 Class     Images  Instances      Box(P          R      mAP50  mAP50-95): 100%|██████████| 15/15 [00:04<00:00,  3.67it/s]
                   all        230        243      0.864      0.778      0.877      0.575

      Epoch    GPU_mem   box_loss   cls_loss   dfl_loss  Instances       Size
      9/100      6.24G      1.603      1.351      1.743          4        640: 100%|██████████| 56/56 [00:21<00:00,  2.64it/s]
                 Class     Images  Instances      Box(P          R      mAP50  mAP50-95): 100%|██████████| 15/15 [00:03<00:00,  3.83it/s]
                   all        230        243      0.935      0.671      0.744      0.523

      Epoch    GPU_mem   box_loss   cls_loss   dfl_loss  Instances       Size
     10/100      6.24G      1.504      1.296      1.705          3        640: 100%|██████████| 56/56 [00:21<00:00,  2.62it/s]
                 Class     Images  Instances      Box(P          R      mAP50  mAP50-95): 100%|██████████| 15/15 [00:03<00:00,  3.84it/s]
                   all        230        243      0.918      0.728      0.852      0.588

      Epoch    GPU_mem   box_loss   cls_loss   dfl_loss  Instances       Size
     11/100      6.24G      1.502      1.249      1.724          6        640: 100%|██████████| 56/56 [00:21<00:00,  2.60it/s]
                 Class     Images  Instances      Box(P          R      mAP50  mAP50-95): 100%|██████████| 15/15 [00:03<00:00,  3.85it/s]
                   all        230        243      0.895      0.782      0.894      0.621

      Epoch    GPU_mem   box_loss   cls_loss   dfl_loss  Instances       Size
     12/100      6.24G      1.374      1.136      1.578          2        640: 100%|██████████| 56/56 [00:21<00:00,  2.63it/s]
                 Class     Images  Instances      Box(P          R      mAP50  mAP50-95): 100%|██████████| 15/15 [00:03<00:00,  3.86it/s]
                   all        230        243      0.956        0.8      0.926      0.648

      Epoch    GPU_mem   box_loss   cls_loss   dfl_loss  Instances       Size
     13/100      6.24G      1.451      1.181       1.63          4        640: 100%|██████████| 56/56 [00:21<00:00,  2.60it/s]
                 Class     Images  Instances      Box(P          R      mAP50  mAP50-95): 100%|██████████| 15/15 [00:03<00:00,  3.86it/s]
                   all        230        243      0.902      0.741      0.882      0.625

      Epoch    GPU_mem   box_loss   cls_loss   dfl_loss  Instances       Size
     14/100      6.24G      1.355      1.097       1.57          4        640: 100%|██████████| 56/56 [00:21<00:00,  2.63it/s]
                 Class     Images  Instances      Box(P          R      mAP50  mAP50-95): 100%|██████████| 15/15 [00:03<00:00,  3.86it/s]
                   all        230        243      0.937      0.856      0.936      0.685

      Epoch    GPU_mem   box_loss   cls_loss   dfl_loss  Instances       Size
     15/100      6.24G      1.284     0.9832      1.473          3        640: 100%|██████████| 56/56 [00:21<00:00,  2.64it/s]
                 Class     Images  Instances      Box(P          R      mAP50  mAP50-95): 100%|██████████| 15/15 [00:03<00:00,  3.86it/s]
                   all        230        243      0.912       0.84      0.938      0.702

      Epoch    GPU_mem   box_loss   cls_loss   dfl_loss  Instances       Size
     16/100      6.24G      1.259      0.994      1.544          3        640: 100%|██████████| 56/56 [00:21<00:00,  2.65it/s]
                 Class     Images  Instances      Box(P          R      mAP50  mAP50-95): 100%|██████████| 15/15 [00:03<00:00,  3.87it/s]
                   all        230        243      0.888      0.897      0.935      0.673

      Epoch    GPU_mem   box_loss   cls_loss   dfl_loss  Instances       Size
     17/100      6.24G       1.24     0.9427      1.478          2        640: 100%|██████████| 56/56 [00:21<00:00,  2.65it/s]
                 Class     Images  Instances      Box(P          R      mAP50  mAP50-95): 100%|██████████| 15/15 [00:03<00:00,  3.87it/s]
                   all        230        243      0.927      0.885      0.953      0.735

      Epoch    GPU_mem   box_loss   cls_loss   dfl_loss  Instances       Size
     18/100      6.24G      1.158      0.909      1.447          3        640: 100%|██████████| 56/56 [00:21<00:00,  2.66it/s]
                 Class     Images  Instances      Box(P          R      mAP50  mAP50-95): 100%|██████████| 15/15 [00:03<00:00,  3.89it/s]
                   all        230        243      0.947      0.876      0.946      0.721

      Epoch    GPU_mem   box_loss   cls_loss   dfl_loss  Instances       Size
     19/100      6.24G      1.222     0.9125      1.486          2        640: 100%|██████████| 56/56 [00:21<00:00,  2.66it/s]
                 Class     Images  Instances      Box(P          R      mAP50  mAP50-95): 100%|██████████| 15/15 [00:03<00:00,  3.86it/s]
                   all        230        243       0.92      0.844      0.937      0.703

      Epoch    GPU_mem   box_loss   cls_loss   dfl_loss  Instances       Size
     20/100      6.24G      1.132     0.8517      1.413          2        640: 100%|██████████| 56/56 [00:21<00:00,  2.65it/s]
                 Class     Images  Instances      Box(P          R      mAP50  mAP50-95): 100%|██████████| 15/15 [00:03<00:00,  3.88it/s]
                   all        230        243      0.954       0.86      0.948      0.692

      Epoch    GPU_mem   box_loss   cls_loss   dfl_loss  Instances       Size
     21/100      6.24G      1.109      0.808      1.389          2        640: 100%|██████████| 56/56 [00:21<00:00,  2.64it/s]
                 Class     Images  Instances      Box(P          R      mAP50  mAP50-95): 100%|██████████| 15/15 [00:03<00:00,  3.88it/s]
                   all        230        243      0.947      0.901      0.966      0.743

      Epoch    GPU_mem   box_loss   cls_loss   dfl_loss  Instances       Size
     22/100      6.24G      1.088     0.8244      1.379          2        640: 100%|██████████| 56/56 [00:21<00:00,  2.60it/s]
                 Class     Images  Instances      Box(P          R      mAP50  mAP50-95): 100%|██████████| 15/15 [00:03<00:00,  3.87it/s]
                   all        230        243      0.939       0.89      0.965      0.741

      Epoch    GPU_mem   box_loss   cls_loss   dfl_loss  Instances       Size
     23/100      6.24G       1.12     0.8007      1.382          3        640: 100%|██████████| 56/56 [00:21<00:00,  2.63it/s]
                 Class     Images  Instances      Box(P          R      mAP50  mAP50-95): 100%|██████████| 15/15 [00:03<00:00,  3.88it/s]
                   all        230        243       0.97       0.94      0.984      0.759

      Epoch    GPU_mem   box_loss   cls_loss   dfl_loss  Instances       Size
     24/100      6.24G      1.079     0.7849      1.364          5        640: 100%|██████████| 56/56 [00:21<00:00,  2.66it/s]
                 Class     Images  Instances      Box(P          R      mAP50  mAP50-95): 100%|██████████| 15/15 [00:03<00:00,  3.89it/s]
                   all        230        243      0.953      0.885      0.957      0.736

      Epoch    GPU_mem   box_loss   cls_loss   dfl_loss  Instances       Size
     25/100      6.24G       1.07      0.764      1.293          5        640: 100%|██████████| 56/56 [00:21<00:00,  2.66it/s]
                 Class     Images  Instances      Box(P          R      mAP50  mAP50-95): 100%|██████████| 15/15 [00:03<00:00,  3.87it/s]
                   all        230        243       0.97      0.926      0.974      0.755

      Epoch    GPU_mem   box_loss   cls_loss   dfl_loss  Instances       Size
     26/100      6.24G      1.099     0.7718      1.364          4        640: 100%|██████████| 56/56 [00:21<00:00,  2.59it/s]
                 Class     Images  Instances      Box(P          R      mAP50  mAP50-95): 100%|██████████| 15/15 [00:04<00:00,  3.70it/s]
                   all        230        243      0.936      0.938      0.961      0.724

      Epoch    GPU_mem   box_loss   cls_loss   dfl_loss  Instances       Size
     27/100      6.24G       1.04     0.7241       1.29          3        640: 100%|██████████| 56/56 [00:21<00:00,  2.60it/s]
                 Class     Images  Instances      Box(P          R      mAP50  mAP50-95): 100%|██████████| 15/15 [00:03<00:00,  3.88it/s]
                   all        230        243      0.965       0.93      0.976      0.766

      Epoch    GPU_mem   box_loss   cls_loss   dfl_loss  Instances       Size
     28/100      6.24G      1.039     0.7579      1.349          4        640: 100%|██████████| 56/56 [00:21<00:00,  2.66it/s]
                 Class     Images  Instances      Box(P          R      mAP50  mAP50-95): 100%|██████████| 15/15 [00:03<00:00,  3.87it/s]
                   all        230        243      0.976       0.93      0.973      0.771

      Epoch    GPU_mem   box_loss   cls_loss   dfl_loss  Instances       Size
     29/100      6.28G      1.042     0.7327      1.316          2        640: 100%|██████████| 56/56 [00:21<00:00,  2.66it/s]
                 Class     Images  Instances      Box(P          R      mAP50  mAP50-95): 100%|██████████| 15/15 [00:03<00:00,  3.88it/s]
                   all        230        243      0.973      0.909      0.961      0.767

      Epoch    GPU_mem   box_loss   cls_loss   dfl_loss  Instances       Size
     30/100      6.28G      1.005     0.7229      1.299          1        640: 100%|██████████| 56/56 [00:21<00:00,  2.66it/s]
                 Class     Images  Instances      Box(P          R      mAP50  mAP50-95): 100%|██████████| 15/15 [00:03<00:00,  3.87it/s]
                   all        230        243       0.97      0.959      0.981      0.781

      Epoch    GPU_mem   box_loss   cls_loss   dfl_loss  Instances       Size
     31/100      6.28G     0.9742      0.681      1.255          4        640: 100%|██████████| 56/56 [00:21<00:00,  2.66it/s]
                 Class     Images  Instances      Box(P          R      mAP50  mAP50-95): 100%|██████████| 15/15 [00:03<00:00,  3.88it/s]
                   all        230        243      0.971      0.957      0.982      0.789

      Epoch    GPU_mem   box_loss   cls_loss   dfl_loss  Instances       Size
     32/100      6.28G     0.9879     0.6699      1.252          2        640: 100%|██████████| 56/56 [00:21<00:00,  2.65it/s]
                 Class     Images  Instances      Box(P          R      mAP50  mAP50-95): 100%|██████████| 15/15 [00:03<00:00,  3.87it/s]
                   all        230        243      0.983      0.943       0.98      0.791

      Epoch    GPU_mem   box_loss   cls_loss   dfl_loss  Instances       Size
     33/100      6.28G     0.9613     0.6615      1.236          1        640: 100%|██████████| 56/56 [00:21<00:00,  2.64it/s]
                 Class     Images  Instances      Box(P          R      mAP50  mAP50-95): 100%|██████████| 15/15 [00:03<00:00,  3.88it/s]
                   all        230        243      0.983      0.905      0.968      0.763

      Epoch    GPU_mem   box_loss   cls_loss   dfl_loss  Instances       Size
     34/100      6.28G     0.9547     0.6519      1.245          3        640: 100%|██████████| 56/56 [00:21<00:00,  2.66it/s]
                 Class     Images  Instances      Box(P          R      mAP50  mAP50-95): 100%|██████████| 15/15 [00:03<00:00,  3.88it/s]
                   all        230        243       0.97      0.937      0.977      0.765

      Epoch    GPU_mem   box_loss   cls_loss   dfl_loss  Instances       Size
     35/100      6.28G     0.9147     0.6244      1.224          7        640: 100%|██████████| 56/56 [00:21<00:00,  2.64it/s]
                 Class     Images  Instances      Box(P          R      mAP50  mAP50-95): 100%|██████████| 15/15 [00:03<00:00,  3.88it/s]
                   all        230        243      0.981      0.947      0.983      0.794

      Epoch    GPU_mem   box_loss   cls_loss   dfl_loss  Instances       Size
     36/100      6.28G     0.8901     0.6291      1.191          1        640: 100%|██████████| 56/56 [00:21<00:00,  2.64it/s]
                 Class     Images  Instances      Box(P          R      mAP50  mAP50-95): 100%|██████████| 15/15 [00:03<00:00,  3.88it/s]
                   all        230        243      0.959      0.959      0.986      0.806

      Epoch    GPU_mem   box_loss   cls_loss   dfl_loss  Instances       Size
     37/100      6.28G     0.9328     0.6386      1.252          2        640: 100%|██████████| 56/56 [00:21<00:00,  2.64it/s]
                 Class     Images  Instances      Box(P          R      mAP50  mAP50-95): 100%|██████████| 15/15 [00:03<00:00,  3.88it/s]
                   all        230        243      0.972      0.942      0.984      0.816

      Epoch    GPU_mem   box_loss   cls_loss   dfl_loss  Instances       Size
     38/100      6.28G     0.9053     0.6188      1.221          3        640: 100%|██████████| 56/56 [00:21<00:00,  2.63it/s]
                 Class     Images  Instances      Box(P          R      mAP50  mAP50-95): 100%|██████████| 15/15 [00:03<00:00,  3.88it/s]
                   all        230        243      0.967      0.959      0.983      0.786

      Epoch    GPU_mem   box_loss   cls_loss   dfl_loss  Instances       Size
     39/100      6.28G     0.9243     0.6302      1.216          1        640: 100%|██████████| 56/56 [00:21<00:00,  2.63it/s]
                 Class     Images  Instances      Box(P          R      mAP50  mAP50-95): 100%|██████████| 15/15 [00:03<00:00,  3.87it/s]
                   all        230        243      0.975      0.946       0.98      0.788

      Epoch    GPU_mem   box_loss   cls_loss   dfl_loss  Instances       Size
     40/100      6.28G     0.9077     0.5982        1.2          2        640: 100%|██████████| 56/56 [00:21<00:00,  2.63it/s]
                 Class     Images  Instances      Box(P          R      mAP50  mAP50-95): 100%|██████████| 15/15 [00:03<00:00,  3.88it/s]
                   all        230        243      0.963      0.955      0.987      0.792

      Epoch    GPU_mem   box_loss   cls_loss   dfl_loss  Instances       Size
     41/100      6.28G     0.8874     0.6109      1.198          2        640: 100%|██████████| 56/56 [00:21<00:00,  2.66it/s]
                 Class     Images  Instances      Box(P          R      mAP50  mAP50-95): 100%|██████████| 15/15 [00:03<00:00,  3.87it/s]
                   all        230        243      0.953      0.963      0.981      0.793

      Epoch    GPU_mem   box_loss   cls_loss   dfl_loss  Instances       Size
     42/100      6.28G     0.9098      0.601      1.181          2        640: 100%|██████████| 56/56 [00:21<00:00,  2.66it/s]
                 Class     Images  Instances      Box(P          R      mAP50  mAP50-95): 100%|██████████| 15/15 [00:03<00:00,  3.88it/s]
                   all        230        243       0.96      0.959      0.985        0.8

      Epoch    GPU_mem   box_loss   cls_loss   dfl_loss  Instances       Size
     43/100      6.28G     0.8905     0.5622      1.218          1        640: 100%|██████████| 56/56 [00:21<00:00,  2.61it/s]
                 Class     Images  Instances      Box(P          R      mAP50  mAP50-95): 100%|██████████| 15/15 [00:03<00:00,  3.88it/s]
                   all        230        243      0.979      0.949      0.983      0.812

      Epoch    GPU_mem   box_loss   cls_loss   dfl_loss  Instances       Size
     44/100      6.28G     0.8759     0.5898      1.163          1        640: 100%|██████████| 56/56 [00:21<00:00,  2.63it/s]
                 Class     Images  Instances      Box(P          R      mAP50  mAP50-95): 100%|██████████| 15/15 [00:03<00:00,  3.87it/s]
                   all        230        243      0.987      0.951      0.982      0.819

      Epoch    GPU_mem   box_loss   cls_loss   dfl_loss  Instances       Size
     45/100      6.28G     0.8593     0.5605      1.149          5        640: 100%|██████████| 56/56 [00:21<00:00,  2.65it/s]
                 Class     Images  Instances      Box(P          R      mAP50  mAP50-95): 100%|██████████| 15/15 [00:03<00:00,  3.89it/s]
                   all        230        243      0.962      0.951      0.983      0.813

      Epoch    GPU_mem   box_loss   cls_loss   dfl_loss  Instances       Size
     46/100      6.28G     0.8436     0.5655      1.159          6        640: 100%|██████████| 56/56 [00:21<00:00,  2.66it/s]
                 Class     Images  Instances      Box(P          R      mAP50  mAP50-95): 100%|██████████| 15/15 [00:03<00:00,  3.89it/s]
                   all        230        243       0.99      0.967      0.988      0.822

      Epoch    GPU_mem   box_loss   cls_loss   dfl_loss  Instances       Size
     47/100      6.28G     0.8359     0.5521      1.122          4        640: 100%|██████████| 56/56 [00:21<00:00,  2.66it/s]
                 Class     Images  Instances      Box(P          R      mAP50  mAP50-95): 100%|██████████| 15/15 [00:03<00:00,  3.88it/s]
                   all        230        243      0.991      0.956      0.985      0.826

      Epoch    GPU_mem   box_loss   cls_loss   dfl_loss  Instances       Size
     48/100      6.28G     0.8859     0.5866      1.181          4        640: 100%|██████████| 56/56 [00:21<00:00,  2.66it/s]
                 Class     Images  Instances      Box(P          R      mAP50  mAP50-95): 100%|██████████| 15/15 [00:03<00:00,  3.88it/s]
                   all        230        243      0.936      0.963      0.982      0.795

      Epoch    GPU_mem   box_loss   cls_loss   dfl_loss  Instances       Size
     49/100      6.28G     0.8698     0.5669      1.192          3        640: 100%|██████████| 56/56 [00:21<00:00,  2.66it/s]
                 Class     Images  Instances      Box(P          R      mAP50  mAP50-95): 100%|██████████| 15/15 [00:03<00:00,  3.89it/s]
                   all        230        243      0.979      0.959      0.988       0.81

      Epoch    GPU_mem   box_loss   cls_loss   dfl_loss  Instances       Size
     50/100      6.28G     0.8495     0.5471      1.164          4        640: 100%|██████████| 56/56 [00:21<00:00,  2.65it/s]
                 Class     Images  Instances      Box(P          R      mAP50  mAP50-95): 100%|██████████| 15/15 [00:03<00:00,  3.88it/s]
                   all        230        243      0.974      0.959      0.985      0.821

      Epoch    GPU_mem   box_loss   cls_loss   dfl_loss  Instances       Size
     51/100      6.28G     0.7967     0.5064      1.123          2        640: 100%|██████████| 56/56 [00:21<00:00,  2.64it/s]
                 Class     Images  Instances      Box(P          R      mAP50  mAP50-95): 100%|██████████| 15/15 [00:03<00:00,  3.87it/s]
                   all        230        243      0.979      0.972      0.988      0.818

      Epoch    GPU_mem   box_loss   cls_loss   dfl_loss  Instances       Size
     52/100      6.28G     0.8108     0.5117      1.124          2        640: 100%|██████████| 56/56 [00:21<00:00,  2.66it/s]
                 Class     Images  Instances      Box(P          R      mAP50  mAP50-95): 100%|██████████| 15/15 [00:03<00:00,  3.89it/s]
                   all        230        243      0.982      0.959      0.984      0.815

      Epoch    GPU_mem   box_loss   cls_loss   dfl_loss  Instances       Size
     53/100      6.28G     0.8188      0.545      1.123          3        640: 100%|██████████| 56/56 [00:21<00:00,  2.64it/s]
                 Class     Images  Instances      Box(P          R      mAP50  mAP50-95): 100%|██████████| 15/15 [00:03<00:00,  3.89it/s]
                   all        230        243      0.983      0.967      0.989      0.843

      Epoch    GPU_mem   box_loss   cls_loss   dfl_loss  Instances       Size
     54/100      6.28G     0.8135     0.5107      1.094          5        640: 100%|██████████| 56/56 [00:21<00:00,  2.66it/s]
                 Class     Images  Instances      Box(P          R      mAP50  mAP50-95): 100%|██████████| 15/15 [00:03<00:00,  3.88it/s]
                   all        230        243      0.967      0.968      0.987       0.83

      Epoch    GPU_mem   box_loss   cls_loss   dfl_loss  Instances       Size
     55/100      6.28G     0.7775     0.4876      1.119          4        640: 100%|██████████| 56/56 [00:21<00:00,  2.64it/s]
                 Class     Images  Instances      Box(P          R      mAP50  mAP50-95): 100%|██████████| 15/15 [00:03<00:00,  3.89it/s]
                   all        230        243      0.971      0.954      0.984      0.819

      Epoch    GPU_mem   box_loss   cls_loss   dfl_loss  Instances       Size
     56/100      6.28G     0.7737     0.5009      1.094          0        640: 100%|██████████| 56/56 [00:21<00:00,  2.65it/s]
                 Class     Images  Instances      Box(P          R      mAP50  mAP50-95): 100%|██████████| 15/15 [00:03<00:00,  3.89it/s]
                   all        230        243      0.959      0.971      0.987      0.829

      Epoch    GPU_mem   box_loss   cls_loss   dfl_loss  Instances       Size
     57/100      6.28G     0.8107     0.5137      1.115          2        640: 100%|██████████| 56/56 [00:21<00:00,  2.64it/s]
                 Class     Images  Instances      Box(P          R      mAP50  mAP50-95): 100%|██████████| 15/15 [00:03<00:00,  3.88it/s]
                   all        230        243      0.929      0.975      0.983      0.818

      Epoch    GPU_mem   box_loss   cls_loss   dfl_loss  Instances       Size
     58/100      6.28G     0.7987     0.4952      1.108          3        640: 100%|██████████| 56/56 [00:21<00:00,  2.66it/s]
                 Class     Images  Instances      Box(P          R      mAP50  mAP50-95): 100%|██████████| 15/15 [00:03<00:00,  3.88it/s]
                   all        230        243      0.983      0.944      0.988      0.822

      Epoch    GPU_mem   box_loss   cls_loss   dfl_loss  Instances       Size
     59/100      6.28G       0.76     0.4773      1.078          6        640: 100%|██████████| 56/56 [00:21<00:00,  2.63it/s]
                 Class     Images  Instances      Box(P          R      mAP50  mAP50-95): 100%|██████████| 15/15 [00:03<00:00,  3.89it/s]
                   all        230        243      0.988      0.942       0.99      0.844

      Epoch    GPU_mem   box_loss   cls_loss   dfl_loss  Instances       Size
     60/100      6.28G     0.7822     0.5006      1.095          0        640: 100%|██████████| 56/56 [00:21<00:00,  2.64it/s]
                 Class     Images  Instances      Box(P          R      mAP50  mAP50-95): 100%|██████████| 15/15 [00:03<00:00,  3.88it/s]
                   all        230        243      0.955      0.938      0.982      0.815

      Epoch    GPU_mem   box_loss   cls_loss   dfl_loss  Instances       Size
     61/100      6.28G     0.7947     0.4973      1.094          3        640: 100%|██████████| 56/56 [00:21<00:00,  2.66it/s]
                 Class     Images  Instances      Box(P          R      mAP50  mAP50-95): 100%|██████████| 15/15 [00:03<00:00,  3.88it/s]
                   all        230        243      0.957      0.963      0.986      0.838

      Epoch    GPU_mem   box_loss   cls_loss   dfl_loss  Instances       Size
     62/100      6.28G     0.8084     0.4712      1.072          5        640: 100%|██████████| 56/56 [00:21<00:00,  2.66it/s]
                 Class     Images  Instances      Box(P          R      mAP50  mAP50-95): 100%|██████████| 15/15 [00:03<00:00,  3.88it/s]
                   all        230        243      0.975      0.967      0.989      0.821

      Epoch    GPU_mem   box_loss   cls_loss   dfl_loss  Instances       Size
     63/100      6.28G     0.7598     0.4757      1.103          1        640: 100%|██████████| 56/56 [00:21<00:00,  2.66it/s]
                 Class     Images  Instances      Box(P          R      mAP50  mAP50-95): 100%|██████████| 15/15 [00:03<00:00,  3.89it/s]
                   all        230        243      0.964      0.971      0.991      0.843

      Epoch    GPU_mem   box_loss   cls_loss   dfl_loss  Instances       Size
     64/100      6.29G     0.7548     0.4544      1.073          3        640: 100%|██████████| 56/56 [00:21<00:00,  2.66it/s]
                 Class     Images  Instances      Box(P          R      mAP50  mAP50-95): 100%|██████████| 15/15 [00:03<00:00,  3.89it/s]
                   all        230        243      0.967      0.975       0.99      0.837

      Epoch    GPU_mem   box_loss   cls_loss   dfl_loss  Instances       Size
     65/100      6.29G     0.7687      0.467      1.097          1        640: 100%|██████████| 56/56 [00:21<00:00,  2.66it/s]
                 Class     Images  Instances      Box(P          R      mAP50  mAP50-95): 100%|██████████| 15/15 [00:03<00:00,  3.89it/s]
                   all        230        243       0.98      0.959      0.986      0.841

      Epoch    GPU_mem   box_loss   cls_loss   dfl_loss  Instances       Size
     66/100      6.29G     0.7567     0.4549      1.085          1        640: 100%|██████████| 56/56 [00:21<00:00,  2.66it/s]
                 Class     Images  Instances      Box(P          R      mAP50  mAP50-95): 100%|██████████| 15/15 [00:03<00:00,  3.90it/s]
                   all        230        243      0.971      0.971      0.989      0.834

      Epoch    GPU_mem   box_loss   cls_loss   dfl_loss  Instances       Size
     67/100      6.29G     0.7614     0.4634      1.093          3        640: 100%|██████████| 56/56 [00:21<00:00,  2.66it/s]
                 Class     Images  Instances      Box(P          R      mAP50  mAP50-95): 100%|██████████| 15/15 [00:03<00:00,  3.88it/s]
                   all        230        243      0.982      0.963      0.988      0.833

      Epoch    GPU_mem   box_loss   cls_loss   dfl_loss  Instances       Size
     68/100      6.29G     0.7304     0.4572       1.08          4        640: 100%|██████████| 56/56 [00:21<00:00,  2.66it/s]
                 Class     Images  Instances      Box(P          R      mAP50  mAP50-95): 100%|██████████| 15/15 [00:03<00:00,  3.88it/s]
                   all        230        243      0.973      0.988      0.989      0.845

      Epoch    GPU_mem   box_loss   cls_loss   dfl_loss  Instances       Size
     69/100      6.29G     0.7585     0.4715      1.087          2        640: 100%|██████████| 56/56 [00:21<00:00,  2.66it/s]
                 Class     Images  Instances      Box(P          R      mAP50  mAP50-95): 100%|██████████| 15/15 [00:03<00:00,  3.87it/s]
                   all        230        243      0.978      0.975      0.989      0.849

      Epoch    GPU_mem   box_loss   cls_loss   dfl_loss  Instances       Size
     70/100      6.29G     0.7591     0.4669      1.069          5        640: 100%|██████████| 56/56 [00:21<00:00,  2.66it/s]
                 Class     Images  Instances      Box(P          R      mAP50  mAP50-95): 100%|██████████| 15/15 [00:03<00:00,  3.88it/s]
                   all        230        243      0.963      0.976      0.988      0.843

      Epoch    GPU_mem   box_loss   cls_loss   dfl_loss  Instances       Size
     71/100      6.29G     0.7279     0.4603      1.066          3        640: 100%|██████████| 56/56 [00:21<00:00,  2.66it/s]
                 Class     Images  Instances      Box(P          R      mAP50  mAP50-95): 100%|██████████| 15/15 [00:03<00:00,  3.89it/s]
                   all        230        243      0.975      0.988      0.991      0.849

      Epoch    GPU_mem   box_loss   cls_loss   dfl_loss  Instances       Size
     72/100      6.29G     0.7376     0.4478      1.049          2        640: 100%|██████████| 56/56 [00:20<00:00,  2.67it/s]
                 Class     Images  Instances      Box(P          R      mAP50  mAP50-95): 100%|██████████| 15/15 [00:03<00:00,  3.88it/s]
                   all        230        243      0.992      0.974      0.989      0.854

      Epoch    GPU_mem   box_loss   cls_loss   dfl_loss  Instances       Size
     73/100      6.29G     0.7214     0.4408      1.079          2        640: 100%|██████████| 56/56 [00:21<00:00,  2.66it/s]
                 Class     Images  Instances      Box(P          R      mAP50  mAP50-95): 100%|██████████| 15/15 [00:03<00:00,  3.88it/s]
                   all        230        243      0.974      0.971      0.988      0.852

      Epoch    GPU_mem   box_loss   cls_loss   dfl_loss  Instances       Size
     74/100      6.29G     0.7164     0.4234       1.05          3        640: 100%|██████████| 56/56 [00:21<00:00,  2.67it/s]
                 Class     Images  Instances      Box(P          R      mAP50  mAP50-95): 100%|██████████| 15/15 [00:03<00:00,  3.88it/s]
                   all        230        243      0.973      0.979      0.992      0.852

      Epoch    GPU_mem   box_loss   cls_loss   dfl_loss  Instances       Size
     75/100      6.29G     0.7349     0.4366      1.056          3        640: 100%|██████████| 56/56 [00:21<00:00,  2.66it/s]
                 Class     Images  Instances      Box(P          R      mAP50  mAP50-95): 100%|██████████| 15/15 [00:03<00:00,  3.88it/s]
                   all        230        243      0.979      0.978      0.989      0.862

      Epoch    GPU_mem   box_loss   cls_loss   dfl_loss  Instances       Size
     76/100      6.29G      0.707     0.4295      1.034          4        640: 100%|██████████| 56/56 [00:21<00:00,  2.66it/s]
                 Class     Images  Instances      Box(P          R      mAP50  mAP50-95): 100%|██████████| 15/15 [00:03<00:00,  3.88it/s]
                   all        230        243      0.983      0.971      0.991      0.843

      Epoch    GPU_mem   box_loss   cls_loss   dfl_loss  Instances       Size
     77/100      6.29G     0.7165      0.421      1.047          2        640: 100%|██████████| 56/56 [00:21<00:00,  2.66it/s]
                 Class     Images  Instances      Box(P          R      mAP50  mAP50-95): 100%|██████████| 15/15 [00:03<00:00,  3.88it/s]
                   all        230        243      0.979      0.966       0.99      0.848

      Epoch    GPU_mem   box_loss   cls_loss   dfl_loss  Instances       Size
     78/100      6.29G     0.7243     0.4257      1.059          4        640: 100%|██████████| 56/56 [00:21<00:00,  2.66it/s]
                 Class     Images  Instances      Box(P          R      mAP50  mAP50-95): 100%|██████████| 15/15 [00:03<00:00,  3.89it/s]
                   all        230        243      0.966      0.979      0.989      0.838

      Epoch    GPU_mem   box_loss   cls_loss   dfl_loss  Instances       Size
     79/100      6.29G     0.7008     0.4186      1.018          2        640: 100%|██████████| 56/56 [00:21<00:00,  2.66it/s]
                 Class     Images  Instances      Box(P          R      mAP50  mAP50-95): 100%|██████████| 15/15 [00:03<00:00,  3.89it/s]
                   all        230        243      0.987      0.965      0.989      0.859

      Epoch    GPU_mem   box_loss   cls_loss   dfl_loss  Instances       Size
     80/100      6.29G     0.6874     0.4156      1.034          6        640: 100%|██████████| 56/56 [00:21<00:00,  2.67it/s]
                 Class     Images  Instances      Box(P          R      mAP50  mAP50-95): 100%|██████████| 15/15 [00:03<00:00,  3.89it/s]
                   all        230        243      0.982      0.975       0.99      0.857

      Epoch    GPU_mem   box_loss   cls_loss   dfl_loss  Instances       Size
     81/100      6.29G     0.6771      0.413      1.033          4        640: 100%|██████████| 56/56 [00:21<00:00,  2.66it/s]
                 Class     Images  Instances      Box(P          R      mAP50  mAP50-95): 100%|██████████| 15/15 [00:03<00:00,  3.87it/s]
                   all        230        243      0.983      0.975      0.991      0.861

      Epoch    GPU_mem   box_loss   cls_loss   dfl_loss  Instances       Size
     82/100      6.29G     0.6884     0.4057      1.046          7        640: 100%|██████████| 56/56 [00:21<00:00,  2.66it/s]
                 Class     Images  Instances      Box(P          R      mAP50  mAP50-95): 100%|██████████| 15/15 [00:04<00:00,  3.71it/s]
                   all        230        243      0.986      0.971      0.992      0.864

      Epoch    GPU_mem   box_loss   cls_loss   dfl_loss  Instances       Size
     83/100      6.29G     0.6698     0.3964      1.034          5        640: 100%|██████████| 56/56 [00:21<00:00,  2.61it/s]
                 Class     Images  Instances      Box(P          R      mAP50  mAP50-95): 100%|██████████| 15/15 [00:04<00:00,  3.70it/s]
                   all        230        243      0.984      0.984       0.99      0.858

      Epoch    GPU_mem   box_loss   cls_loss   dfl_loss  Instances       Size
     84/100      6.29G      0.675     0.3937      1.006          1        640: 100%|██████████| 56/56 [00:21<00:00,  2.61it/s]
                 Class     Images  Instances      Box(P          R      mAP50  mAP50-95): 100%|██████████| 15/15 [00:04<00:00,  3.71it/s]
                   all        230        243      0.983      0.984       0.99      0.858

      Epoch    GPU_mem   box_loss   cls_loss   dfl_loss  Instances       Size
     85/100      6.29G      0.674     0.3969          1          7        640: 100%|██████████| 56/56 [00:21<00:00,  2.61it/s]
                 Class     Images  Instances      Box(P          R      mAP50  mAP50-95): 100%|██████████| 15/15 [00:04<00:00,  3.71it/s]
                   all        230        243      0.983      0.978      0.991      0.868

      Epoch    GPU_mem   box_loss   cls_loss   dfl_loss  Instances       Size
     86/100      6.29G      0.672     0.3966      1.014          5        640: 100%|██████████| 56/56 [00:21<00:00,  2.61it/s]
                 Class     Images  Instances      Box(P          R      mAP50  mAP50-95): 100%|██████████| 15/15 [00:04<00:00,  3.72it/s]
                   all        230        243      0.987      0.979      0.989      0.852

      Epoch    GPU_mem   box_loss   cls_loss   dfl_loss  Instances       Size
     87/100      6.29G      0.695     0.4078      1.026          1        640: 100%|██████████| 56/56 [00:21<00:00,  2.61it/s]
                 Class     Images  Instances      Box(P          R      mAP50  mAP50-95): 100%|██████████| 15/15 [00:04<00:00,  3.71it/s]
                   all        230        243      0.969      0.992      0.992      0.861

      Epoch    GPU_mem   box_loss   cls_loss   dfl_loss  Instances       Size
     88/100      6.29G     0.6831     0.4089      1.035          3        640: 100%|██████████| 56/56 [00:21<00:00,  2.58it/s]
                 Class     Images  Instances      Box(P          R      mAP50  mAP50-95): 100%|██████████| 15/15 [00:04<00:00,  3.72it/s]
                   all        230        243      0.987      0.974       0.99      0.865

      Epoch    GPU_mem   box_loss   cls_loss   dfl_loss  Instances       Size
     89/100      6.29G     0.6867     0.4002      1.027          3        640: 100%|██████████| 56/56 [00:21<00:00,  2.60it/s]
                 Class     Images  Instances      Box(P          R      mAP50  mAP50-95): 100%|██████████| 15/15 [00:03<00:00,  3.77it/s]
                   all        230        243      0.973      0.992      0.992      0.863

      Epoch    GPU_mem   box_loss   cls_loss   dfl_loss  Instances       Size
     90/100      6.29G     0.6608     0.3919      1.032          2        640: 100%|██████████| 56/56 [00:21<00:00,  2.60it/s]
                 Class     Images  Instances      Box(P          R      mAP50  mAP50-95): 100%|██████████| 15/15 [00:03<00:00,  3.88it/s]
                   all        230        243      0.992      0.986      0.991      0.871
Closing dataloader mosaic

      Epoch    GPU_mem   box_loss   cls_loss   dfl_loss  Instances       Size
     91/100      6.29G     0.6349     0.3641     0.9734          2        640: 100%|██████████| 56/56 [00:21<00:00,  2.64it/s]
                 Class     Images  Instances      Box(P          R      mAP50  mAP50-95): 100%|██████████| 15/15 [00:03<00:00,  3.87it/s]
                   all        230        243      0.983      0.979      0.992      0.867

      Epoch    GPU_mem   box_loss   cls_loss   dfl_loss  Instances       Size
     92/100      6.29G     0.6201     0.3439     0.9627          2        640: 100%|██████████| 56/56 [00:21<00:00,  2.64it/s]
                 Class     Images  Instances      Box(P          R      mAP50  mAP50-95): 100%|██████████| 15/15 [00:03<00:00,  3.86it/s]
                   all        230        243      0.979      0.975      0.991       0.87

      Epoch    GPU_mem   box_loss   cls_loss   dfl_loss  Instances       Size
     93/100      6.29G     0.6052     0.3398     0.9653          2        640: 100%|██████████| 56/56 [00:21<00:00,  2.64it/s]
                 Class     Images  Instances      Box(P          R      mAP50  mAP50-95): 100%|██████████| 15/15 [00:03<00:00,  3.88it/s]
                   all        230        243       0.98       0.99      0.991      0.864

      Epoch    GPU_mem   box_loss   cls_loss   dfl_loss  Instances       Size
     94/100      6.29G     0.5891     0.3342     0.9725          2        640: 100%|██████████| 56/56 [00:21<00:00,  2.64it/s]
                 Class     Images  Instances      Box(P          R      mAP50  mAP50-95): 100%|██████████| 15/15 [00:03<00:00,  3.88it/s]
                   all        230        243      0.971      0.992      0.991      0.869

      Epoch    GPU_mem   box_loss   cls_loss   dfl_loss  Instances       Size
     95/100      6.29G     0.6242     0.3432     0.9618          2        640: 100%|██████████| 56/56 [00:21<00:00,  2.63it/s]
                 Class     Images  Instances      Box(P          R      mAP50  mAP50-95): 100%|██████████| 15/15 [00:03<00:00,  3.89it/s]
                   all        230        243      0.987      0.979      0.992      0.867

      Epoch    GPU_mem   box_loss   cls_loss   dfl_loss  Instances       Size
     96/100      6.29G     0.6126     0.3487      0.967          2        640: 100%|██████████| 56/56 [00:21<00:00,  2.64it/s]
                 Class     Images  Instances      Box(P          R      mAP50  mAP50-95): 100%|██████████| 15/15 [00:03<00:00,  3.88it/s]
                   all        230        243      0.975      0.984      0.992      0.875

      Epoch    GPU_mem   box_loss   cls_loss   dfl_loss  Instances       Size
     97/100      6.29G     0.5961     0.3323     0.9426          2        640: 100%|██████████| 56/56 [00:21<00:00,  2.63it/s]
                 Class     Images  Instances      Box(P          R      mAP50  mAP50-95): 100%|██████████| 15/15 [00:03<00:00,  3.88it/s]
                   all        230        243      0.987      0.975      0.991      0.873

      Epoch    GPU_mem   box_loss   cls_loss   dfl_loss  Instances       Size
     98/100      6.29G     0.5944     0.3316     0.9306          1        640: 100%|██████████| 56/56 [00:21<00:00,  2.65it/s]
                 Class     Images  Instances      Box(P          R      mAP50  mAP50-95): 100%|██████████| 15/15 [00:03<00:00,  3.89it/s]
                   all        230        243      0.978      0.979      0.991      0.877

      Epoch    GPU_mem   box_loss   cls_loss   dfl_loss  Instances       Size
     99/100      6.29G     0.6256     0.3328     0.9707          2        640: 100%|██████████| 56/56 [00:21<00:00,  2.66it/s]
                 Class     Images  Instances      Box(P          R      mAP50  mAP50-95): 100%|██████████| 15/15 [00:03<00:00,  3.88it/s]
                   all        230        243      0.983      0.979       0.99      0.874

      Epoch    GPU_mem   box_loss   cls_loss   dfl_loss  Instances       Size
    100/100      6.29G     0.6193     0.3329     0.9495          2        640: 100%|██████████| 56/56 [00:21<00:00,  2.66it/s]
                 Class     Images  Instances      Box(P          R      mAP50  mAP50-95): 100%|██████████| 15/15 [00:03<00:00,  3.90it/s]
                   all        230        243      0.982      0.979      0.991      0.879

100 epochs completed in 0.714 hours.
Optimizer stripped from .yolo-out-lpd2/yolo11a2-lpd2-3/weights/last.pt, 27.5MB
Optimizer stripped from .yolo-out-lpd2/yolo11a2-lpd2-3/weights/best.pt, 27.5MB

Validating .yolo-out-lpd2/yolo11a2-lpd2-3/weights/best.pt...
Ultralytics 8.3.150 🚀 Python-3.13.2 torch-2.6.0+cu118 CUDA:0 (Tesla T4, 14913MiB)
                                                       CUDA:1 (Tesla T4, 14913MiB)
model summary (fused): 114 layers, 13,476,307 parameters, 0 gradients, 70.5 GFLOPs
                 Class     Images  Instances      Box(P          R      mAP50  mAP50-95): 100%|██████████| 15/15 [00:03<00:00,  4.02it/s]
                   all        230        243      0.982      0.979      0.991      0.878
Speed: 0.2ms preprocess, 13.4ms inference, 0.0ms loss, 0.8ms postprocess per image
Results saved to .yolo-out-lpd2/yolo11a2-lpd2-3
