Overriding model.yaml nc=80 with nc=5
WARNING ⚠️ no model scale passed. Assuming scale='m'.
Freezing layer 'model.23.dfl.conv.weight'
AMP: running Automatic Mixed Precision (AMP) checks...
AMP: checks passed ✅
train: Fast image access ✅ (ping: 0.0±0.0 ms, read: 1390.1±661.0 MB/s, size: 75.5 KB)
train: Scanning /data2/jd1/datasets/humancar_50m/train/labels.cache... 1147 imag
val: Fast image access ✅ (ping: 0.0±0.0 ms, read: 259.7±97.7 MB/s, size: 77.5 KB)
val: Scanning /data2/jd1/datasets/humancar_50m/valid/labels.cache... 120 images,
Plotting labels to .yolo-out-hc5/yolo11a-hc5-3/labels.jpg...
optimizer: 'optimizer=auto' found, ignoring 'lr0=0.01' and 'momentum=0.937' and determining best 'optimizer', 'lr0' and 'momentum' automatically...
optimizer: AdamW(lr=0.001111, momentum=0.9) with parameter groups 104 weight(decay=0.0), 111 weight(decay=0.0005), 110 bias(decay=0.0)
Image sizes 640 train, 640 val
Using 16 dataloader workers
Logging results to .yolo-out-hc5/yolo11a-hc5-3
Starting training for 100 epochs...

      Epoch    GPU_mem   box_loss   cls_loss   dfl_loss  Instances       Size
      1/100      13.5G      3.887      5.522      4.205        114        640: 1
                 Class     Images  Instances      Box(P          R      mAP50  m
                   all        120       1740          0          0          0          0

      Epoch    GPU_mem   box_loss   cls_loss   dfl_loss  Instances       Size
      2/100      13.5G      3.307      3.356      3.137         83        640: 1
                 Class     Images  Instances      Box(P          R      mAP50  m
                   all        120       1740      0.369     0.0537     0.0305    0.00652

      Epoch    GPU_mem   box_loss   cls_loss   dfl_loss  Instances       Size
      3/100      11.1G      2.838      2.474      2.502        109        640: 1
                 Class     Images  Instances      Box(P          R      mAP50  m
                   all        120       1740      0.281       0.36      0.315      0.113

      Epoch    GPU_mem   box_loss   cls_loss   dfl_loss  Instances       Size
      4/100      13.1G        2.6      2.161      2.225        101        640: 1
                 Class     Images  Instances      Box(P          R      mAP50  m
                   all        120       1740      0.346      0.318      0.344      0.152

      Epoch    GPU_mem   box_loss   cls_loss   dfl_loss  Instances       Size
      5/100      12.6G       2.48      2.005      2.081         45        640: 1
                 Class     Images  Instances      Box(P          R      mAP50  m
                   all        120       1740      0.776      0.424       0.45      0.167

      Epoch    GPU_mem   box_loss   cls_loss   dfl_loss  Instances       Size
      6/100      11.5G      2.336      1.827      1.985         95        640: 1
                 Class     Images  Instances      Box(P          R      mAP50  m
                   all        120       1740      0.716      0.384      0.414      0.191

      Epoch    GPU_mem   box_loss   cls_loss   dfl_loss  Instances       Size
      7/100      11.7G      2.276       1.75      1.905         71        640: 1
                 Class     Images  Instances      Box(P          R      mAP50  m
                   all        120       1740      0.845      0.461      0.535      0.257

      Epoch    GPU_mem   box_loss   cls_loss   dfl_loss  Instances       Size
      8/100      12.9G      2.191       1.62      1.828        152        640: 1
                 Class     Images  Instances      Box(P          R      mAP50  m
                   all        120       1740      0.829      0.446      0.507      0.267

      Epoch    GPU_mem   box_loss   cls_loss   dfl_loss  Instances       Size
      9/100      13.6G      2.128      1.588      1.801         89        640: 1
                 Class     Images  Instances      Box(P          R      mAP50  m
                   all        120       1740      0.893      0.497      0.565      0.291

      Epoch    GPU_mem   box_loss   cls_loss   dfl_loss  Instances       Size
     10/100      11.8G      2.115      1.519       1.76        134        640: 1
                 Class     Images  Instances      Box(P          R      mAP50  m
                   all        120       1740       0.87      0.497      0.649      0.326

      Epoch    GPU_mem   box_loss   cls_loss   dfl_loss  Instances       Size
     11/100      13.3G      2.055      1.488      1.759        155        640: 1
                 Class     Images  Instances      Box(P          R      mAP50  m
                   all        120       1740      0.814      0.595      0.712      0.332

      Epoch    GPU_mem   box_loss   cls_loss   dfl_loss  Instances       Size
     12/100      11.6G      1.994      1.401      1.681        139        640: 1
                 Class     Images  Instances      Box(P          R      mAP50  m
                   all        120       1740       0.61      0.544        0.6      0.311

      Epoch    GPU_mem   box_loss   cls_loss   dfl_loss  Instances       Size
     13/100      13.2G      1.956      1.338      1.657        103        640: 1
                 Class     Images  Instances      Box(P          R      mAP50  m
                   all        120       1740      0.788      0.525      0.618      0.332

      Epoch    GPU_mem   box_loss   cls_loss   dfl_loss  Instances       Size
     14/100      12.6G      1.948      1.333      1.623         97        640: 1
                 Class     Images  Instances      Box(P          R      mAP50  m
                   all        120       1740      0.732      0.621      0.676      0.363

      Epoch    GPU_mem   box_loss   cls_loss   dfl_loss  Instances       Size
     15/100        13G      1.935      1.287      1.602         69        640: 1
                 Class     Images  Instances      Box(P          R      mAP50  m
                   all        120       1740      0.658      0.596      0.652      0.354

      Epoch    GPU_mem   box_loss   cls_loss   dfl_loss  Instances       Size
     16/100      12.4G      1.895      1.298      1.607         75        640: 1
                 Class     Images  Instances      Box(P          R      mAP50  m
                   all        120       1740      0.882      0.629      0.808      0.386

      Epoch    GPU_mem   box_loss   cls_loss   dfl_loss  Instances       Size
     17/100      12.4G      1.842       1.23       1.58        212        640: 1
                 Class     Images  Instances      Box(P          R      mAP50  m
                   all        120       1740       0.79      0.652      0.727      0.373

      Epoch    GPU_mem   box_loss   cls_loss   dfl_loss  Instances       Size
     18/100      12.4G      1.829      1.166      1.534         72        640: 1
                 Class     Images  Instances      Box(P          R      mAP50  m
                   all        120       1740      0.921      0.821      0.898      0.466

      Epoch    GPU_mem   box_loss   cls_loss   dfl_loss  Instances       Size
     19/100      11.7G      1.845      1.184       1.54        165        640: 1
                 Class     Images  Instances      Box(P          R      mAP50  m
                   all        120       1740      0.896       0.81      0.884      0.454

      Epoch    GPU_mem   box_loss   cls_loss   dfl_loss  Instances       Size
     20/100        13G      1.764      1.175      1.534        123        640: 1
                 Class     Images  Instances      Box(P          R      mAP50  m
                   all        120       1740        0.9      0.567      0.675      0.397

      Epoch    GPU_mem   box_loss   cls_loss   dfl_loss  Instances       Size
     21/100      11.7G      1.777      1.157      1.531         69        640: 1
                 Class     Images  Instances      Box(P          R      mAP50  m
                   all        120       1740       0.84      0.733       0.79      0.417

      Epoch    GPU_mem   box_loss   cls_loss   dfl_loss  Instances       Size
     22/100      12.9G      1.755      1.112      1.494         97        640: 1
                 Class     Images  Instances      Box(P          R      mAP50  m
                   all        120       1740      0.851      0.829       0.88      0.461

      Epoch    GPU_mem   box_loss   cls_loss   dfl_loss  Instances       Size
     23/100      13.4G       1.76      1.095      1.497        139        640: 1
                 Class     Images  Instances      Box(P          R      mAP50  m
                   all        120       1740      0.941      0.804      0.902      0.475

      Epoch    GPU_mem   box_loss   cls_loss   dfl_loss  Instances       Size
     24/100      12.7G      1.765      1.061      1.465        159        640: 1
                 Class     Images  Instances      Box(P          R      mAP50  m
                   all        120       1740      0.792      0.788      0.826      0.423

      Epoch    GPU_mem   box_loss   cls_loss   dfl_loss  Instances       Size
     25/100      11.7G      1.716       1.05      1.432        163        640: 1
                 Class     Images  Instances      Box(P          R      mAP50  m
                   all        120       1740      0.905      0.829      0.907      0.481

      Epoch    GPU_mem   box_loss   cls_loss   dfl_loss  Instances       Size
     26/100      11.3G      1.713      1.042      1.443        143        640: 1
                 Class     Images  Instances      Box(P          R      mAP50  m
                   all        120       1740      0.914      0.853      0.932      0.504

      Epoch    GPU_mem   box_loss   cls_loss   dfl_loss  Instances       Size
     27/100      11.6G      1.704      1.037      1.429         85        640: 1
                 Class     Images  Instances      Box(P          R      mAP50  m
                   all        120       1740      0.846      0.766      0.835      0.466

      Epoch    GPU_mem   box_loss   cls_loss   dfl_loss  Instances       Size
     28/100      13.8G      1.681      1.027      1.431        167        640: 1
                 Class     Images  Instances      Box(P          R      mAP50  m
                   all        120       1740      0.893      0.784       0.86      0.451

      Epoch    GPU_mem   box_loss   cls_loss   dfl_loss  Instances       Size
     29/100      11.6G      1.602          1      1.425        160        640: 1
                 Class     Images  Instances      Box(P          R      mAP50  m
                   all        120       1740      0.826      0.844      0.908      0.504

      Epoch    GPU_mem   box_loss   cls_loss   dfl_loss  Instances       Size
     30/100      13.6G      1.645     0.9874      1.409        141        640: 1
                 Class     Images  Instances      Box(P          R      mAP50  m
                   all        120       1740      0.864      0.858      0.921      0.532

      Epoch    GPU_mem   box_loss   cls_loss   dfl_loss  Instances       Size
     31/100      13.4G      1.672     0.9822      1.394        119        640: 1
                 Class     Images  Instances      Box(P          R      mAP50  m
                   all        120       1740      0.881      0.699      0.817      0.482

      Epoch    GPU_mem   box_loss   cls_loss   dfl_loss  Instances       Size
     32/100      13.7G      1.653     0.9908      1.401        103        640: 1
                 Class     Images  Instances      Box(P          R      mAP50  m
                   all        120       1740      0.773      0.795       0.84      0.497

      Epoch    GPU_mem   box_loss   cls_loss   dfl_loss  Instances       Size
     33/100      11.5G      1.626     0.9566      1.386        209        640: 1
                 Class     Images  Instances      Box(P          R      mAP50  m
                   all        120       1740      0.901      0.793      0.914      0.534

      Epoch    GPU_mem   box_loss   cls_loss   dfl_loss  Instances       Size
     34/100      12.7G      1.587     0.9341      1.357        122        640: 1
                 Class     Images  Instances      Box(P          R      mAP50  m
                   all        120       1740      0.777        0.8      0.809      0.464

      Epoch    GPU_mem   box_loss   cls_loss   dfl_loss  Instances       Size
     35/100      13.6G      1.585     0.9214       1.36         60        640: 1
                 Class     Images  Instances      Box(P          R      mAP50  m
                   all        120       1740      0.898      0.895      0.961       0.59

      Epoch    GPU_mem   box_loss   cls_loss   dfl_loss  Instances       Size
     36/100      13.6G      1.603     0.9382      1.368        200        640: 1
                 Class     Images  Instances      Box(P          R      mAP50  m
                   all        120       1740      0.803      0.942      0.924      0.538

      Epoch    GPU_mem   box_loss   cls_loss   dfl_loss  Instances       Size
     37/100      12.3G      1.605     0.9317      1.387        109        640: 1
                 Class     Images  Instances      Box(P          R      mAP50  m
                   all        120       1740      0.892      0.755      0.901       0.53

      Epoch    GPU_mem   box_loss   cls_loss   dfl_loss  Instances       Size
     38/100      11.5G      1.573     0.9143      1.357        139        640: 1
                 Class     Images  Instances      Box(P          R      mAP50  m
                   all        120       1740      0.825      0.767      0.826      0.474

      Epoch    GPU_mem   box_loss   cls_loss   dfl_loss  Instances       Size
     39/100      12.4G      1.498      0.881      1.334        147        640: 1
                 Class     Images  Instances      Box(P          R      mAP50  m
                   all        120       1740      0.914      0.913      0.963       0.58

      Epoch    GPU_mem   box_loss   cls_loss   dfl_loss  Instances       Size
     40/100      12.7G      1.585     0.9102       1.34         60        640: 1
                 Class     Images  Instances      Box(P          R      mAP50  m
                   all        120       1740       0.96      0.899      0.964        0.6

      Epoch    GPU_mem   box_loss   cls_loss   dfl_loss  Instances       Size
     41/100      13.8G      1.529     0.8759      1.324        132        640: 1
                 Class     Images  Instances      Box(P          R      mAP50  m
                   all        120       1740      0.871       0.83      0.896      0.564

      Epoch    GPU_mem   box_loss   cls_loss   dfl_loss  Instances       Size
     42/100        13G      1.539     0.8807      1.319        100        640: 1
                 Class     Images  Instances      Box(P          R      mAP50  m
                   all        120       1740      0.902      0.846      0.905       0.52

      Epoch    GPU_mem   box_loss   cls_loss   dfl_loss  Instances       Size
     43/100      11.7G      1.499     0.8671      1.332         89        640: 1
                 Class     Images  Instances      Box(P          R      mAP50  m
                   all        120       1740      0.849      0.933      0.966      0.549

      Epoch    GPU_mem   box_loss   cls_loss   dfl_loss  Instances       Size
     44/100      13.2G      1.531     0.8819      1.322        112        640: 1
                 Class     Images  Instances      Box(P          R      mAP50  m
                   all        120       1740      0.933      0.838      0.909      0.542

      Epoch    GPU_mem   box_loss   cls_loss   dfl_loss  Instances       Size
     45/100      13.3G      1.514     0.8723      1.306         90        640: 1
                 Class     Images  Instances      Box(P          R      mAP50  m
                   all        120       1740      0.888      0.915      0.962      0.578

      Epoch    GPU_mem   box_loss   cls_loss   dfl_loss  Instances       Size
     46/100        13G      1.473     0.8435      1.297        109        640: 1
                 Class     Images  Instances      Box(P          R      mAP50  m
                   all        120       1740      0.973       0.82       0.92      0.586

      Epoch    GPU_mem   box_loss   cls_loss   dfl_loss  Instances       Size
     47/100      13.2G      1.507     0.8699      1.334         64        640: 1
                 Class     Images  Instances      Box(P          R      mAP50  m
                   all        120       1740      0.954      0.812      0.893      0.574

      Epoch    GPU_mem   box_loss   cls_loss   dfl_loss  Instances       Size
     48/100      13.4G      1.527     0.8733      1.326         66        640: 1
                 Class     Images  Instances      Box(P          R      mAP50  m
                   all        120       1740      0.904      0.936      0.972      0.598

      Epoch    GPU_mem   box_loss   cls_loss   dfl_loss  Instances       Size
     49/100      12.2G      1.455      0.846        1.3        154        640: 1
                 Class     Images  Instances      Box(P          R      mAP50  m
                   all        120       1740      0.923      0.829      0.921      0.576

      Epoch    GPU_mem   box_loss   cls_loss   dfl_loss  Instances       Size
     50/100      12.4G      1.479     0.8344      1.297        115        640: 1
                 Class     Images  Instances      Box(P          R      mAP50  m
                   all        120       1740      0.947      0.916      0.962      0.608

      Epoch    GPU_mem   box_loss   cls_loss   dfl_loss  Instances       Size
     51/100      12.1G        1.5     0.8471      1.305        135        640: 1
                 Class     Images  Instances      Box(P          R      mAP50  m
                   all        120       1740      0.961      0.928      0.973      0.644

      Epoch    GPU_mem   box_loss   cls_loss   dfl_loss  Instances       Size
     52/100      13.6G      1.442     0.8234       1.29         42        640: 1
                 Class     Images  Instances      Box(P          R      mAP50  m
                   all        120       1740      0.969      0.895      0.978      0.649

      Epoch    GPU_mem   box_loss   cls_loss   dfl_loss  Instances       Size
     53/100      13.9G      1.452     0.8101      1.281         88        640: 1
                 Class     Images  Instances      Box(P          R      mAP50  m
                   all        120       1740      0.939      0.943      0.979      0.614

      Epoch    GPU_mem   box_loss   cls_loss   dfl_loss  Instances       Size
     54/100      11.8G      1.464     0.8115      1.275         72        640: 1
                 Class     Images  Instances      Box(P          R      mAP50  m
                   all        120       1740      0.856      0.854        0.9      0.552

      Epoch    GPU_mem   box_loss   cls_loss   dfl_loss  Instances       Size
     55/100      12.2G        1.5     0.8357      1.271         77        640: 1
                 Class     Images  Instances      Box(P          R      mAP50  m
                   all        120       1740      0.909      0.889      0.947      0.615

      Epoch    GPU_mem   box_loss   cls_loss   dfl_loss  Instances       Size
     56/100      11.8G      1.445     0.8169      1.279        136        640: 1
                 Class     Images  Instances      Box(P          R      mAP50  m
                   all        120       1740      0.931      0.852       0.93      0.566

      Epoch    GPU_mem   box_loss   cls_loss   dfl_loss  Instances       Size
     57/100      11.7G      1.434     0.7891      1.262        103        640: 1
                 Class     Images  Instances      Box(P          R      mAP50  m
                   all        120       1740      0.916      0.973      0.979      0.664

      Epoch    GPU_mem   box_loss   cls_loss   dfl_loss  Instances       Size
     58/100      13.2G       1.38     0.7717      1.262        153        640: 1
                 Class     Images  Instances      Box(P          R      mAP50  m
                   all        120       1740      0.962      0.856      0.954      0.614

      Epoch    GPU_mem   box_loss   cls_loss   dfl_loss  Instances       Size
     59/100      12.4G      1.466     0.8029      1.253         84        640: 1
                 Class     Images  Instances      Box(P          R      mAP50  m
                   all        120       1740      0.967      0.904      0.977      0.663

      Epoch    GPU_mem   box_loss   cls_loss   dfl_loss  Instances       Size
     60/100      11.9G       1.39     0.7639      1.256        141        640: 1
                 Class     Images  Instances      Box(P          R      mAP50  m
                   all        120       1740      0.933      0.933      0.976       0.67

      Epoch    GPU_mem   box_loss   cls_loss   dfl_loss  Instances       Size
     61/100      13.2G      1.482     0.8052      1.272        116        640: 1
                 Class     Images  Instances      Box(P          R      mAP50  m
                   all        120       1740      0.921      0.863      0.939      0.653

      Epoch    GPU_mem   box_loss   cls_loss   dfl_loss  Instances       Size
     62/100      11.8G      1.447     0.7919       1.25        166        640: 1
                 Class     Images  Instances      Box(P          R      mAP50  m
                   all        120       1740      0.965      0.926      0.982        0.7

      Epoch    GPU_mem   box_loss   cls_loss   dfl_loss  Instances       Size
     63/100      12.9G      1.389     0.7696      1.257        134        640: 1
                 Class     Images  Instances      Box(P          R      mAP50  m
                   all        120       1740      0.956      0.896      0.965      0.646

      Epoch    GPU_mem   box_loss   cls_loss   dfl_loss  Instances       Size
     64/100      13.1G      1.404     0.7675      1.257         85        640: 1
                 Class     Images  Instances      Box(P          R      mAP50  m
                   all        120       1740      0.907       0.91      0.953       0.64

      Epoch    GPU_mem   box_loss   cls_loss   dfl_loss  Instances       Size
     65/100      12.5G      1.342     0.7477      1.234        130        640: 1
                 Class     Images  Instances      Box(P          R      mAP50  m
                   all        120       1740      0.907      0.914      0.964      0.664

      Epoch    GPU_mem   box_loss   cls_loss   dfl_loss  Instances       Size
     66/100      11.5G      1.365     0.7553      1.232        134        640: 1
                 Class     Images  Instances      Box(P          R      mAP50  m
                   all        120       1740      0.942      0.845      0.922      0.618

      Epoch    GPU_mem   box_loss   cls_loss   dfl_loss  Instances       Size
     67/100      11.8G      1.351     0.7422      1.227         72        640: 1
                 Class     Images  Instances      Box(P          R      mAP50  m
                   all        120       1740      0.966      0.892      0.962      0.645

      Epoch    GPU_mem   box_loss   cls_loss   dfl_loss  Instances       Size
     68/100      11.3G      1.367     0.7464      1.249        124        640: 1
                 Class     Images  Instances      Box(P          R      mAP50  m
                   all        120       1740      0.963      0.905      0.966      0.629

      Epoch    GPU_mem   box_loss   cls_loss   dfl_loss  Instances       Size
     69/100      13.2G        1.4     0.7491      1.232        121        640: 1
                 Class     Images  Instances      Box(P          R      mAP50  m
                   all        120       1740      0.937      0.912      0.972      0.682

      Epoch    GPU_mem   box_loss   cls_loss   dfl_loss  Instances       Size
     70/100        12G      1.332     0.7281      1.221        171        640: 1
                 Class     Images  Instances      Box(P          R      mAP50  m
                   all        120       1740      0.967      0.905      0.972      0.637

      Epoch    GPU_mem   box_loss   cls_loss   dfl_loss  Instances       Size
     71/100      13.2G      1.375     0.7425      1.231        115        640: 1
                 Class     Images  Instances      Box(P          R      mAP50  m
                   all        120       1740      0.966      0.884      0.961      0.632

      Epoch    GPU_mem   box_loss   cls_loss   dfl_loss  Instances       Size
     72/100        11G      1.353     0.7265      1.231        125        640: 1
                 Class     Images  Instances      Box(P          R      mAP50  m
                   all        120       1740      0.942      0.921      0.981      0.667

      Epoch    GPU_mem   box_loss   cls_loss   dfl_loss  Instances       Size
     73/100      13.6G      1.377      0.734      1.212        153        640: 1
                 Class     Images  Instances      Box(P          R      mAP50  m
                   all        120       1740      0.938      0.927       0.98      0.695

      Epoch    GPU_mem   box_loss   cls_loss   dfl_loss  Instances       Size
     74/100      13.5G      1.316     0.7133      1.205        100        640: 1
                 Class     Images  Instances      Box(P          R      mAP50  m
                   all        120       1740      0.902      0.903       0.96      0.639

      Epoch    GPU_mem   box_loss   cls_loss   dfl_loss  Instances       Size
     75/100      11.9G       1.32     0.7099      1.208        141        640: 1
                 Class     Images  Instances      Box(P          R      mAP50  m
                   all        120       1740      0.946        0.9      0.977      0.653

      Epoch    GPU_mem   box_loss   cls_loss   dfl_loss  Instances       Size
     76/100      12.2G      1.314     0.7114      1.207         84        640: 1
                 Class     Images  Instances      Box(P          R      mAP50  m
                   all        120       1740      0.938      0.942      0.979      0.672

      Epoch    GPU_mem   box_loss   cls_loss   dfl_loss  Instances       Size
     77/100      12.8G      1.288     0.6976      1.197        131        640: 1
                 Class     Images  Instances      Box(P          R      mAP50  m
                   all        120       1740      0.918      0.901      0.954      0.651

      Epoch    GPU_mem   box_loss   cls_loss   dfl_loss  Instances       Size
     78/100      12.2G      1.319     0.7133      1.207         80        640: 1
                 Class     Images  Instances      Box(P          R      mAP50  m
                   all        120       1740      0.974      0.915      0.975      0.685

      Epoch    GPU_mem   box_loss   cls_loss   dfl_loss  Instances       Size
     79/100      13.1G      1.307     0.7027      1.214        182        640: 1
                 Class     Images  Instances      Box(P          R      mAP50  m
                   all        120       1740      0.956      0.952      0.984      0.707

      Epoch    GPU_mem   box_loss   cls_loss   dfl_loss  Instances       Size
     80/100      13.6G      1.352     0.7198      1.207        167        640: 1
                 Class     Images  Instances      Box(P          R      mAP50  m
                   all        120       1740      0.941      0.916      0.975      0.687

      Epoch    GPU_mem   box_loss   cls_loss   dfl_loss  Instances       Size
     81/100        13G      1.283      0.687      1.192        133        640: 1
                 Class     Images  Instances      Box(P          R      mAP50  m
                   all        120       1740      0.967      0.922      0.976      0.666

      Epoch    GPU_mem   box_loss   cls_loss   dfl_loss  Instances       Size
     82/100      13.1G      1.296     0.7015      1.197        156        640: 1
                 Class     Images  Instances      Box(P          R      mAP50  m
                   all        120       1740      0.965      0.913       0.98      0.675

      Epoch    GPU_mem   box_loss   cls_loss   dfl_loss  Instances       Size
     83/100      13.1G      1.299     0.6908      1.185        117        640: 1
                 Class     Images  Instances      Box(P          R      mAP50  m
                   all        120       1740      0.924      0.955       0.98      0.693

      Epoch    GPU_mem   box_loss   cls_loss   dfl_loss  Instances       Size
     84/100      13.7G      1.283     0.6821      1.175        123        640: 1
                 Class     Images  Instances      Box(P          R      mAP50  m
                   all        120       1740      0.937       0.92      0.974       0.67

      Epoch    GPU_mem   box_loss   cls_loss   dfl_loss  Instances       Size
     85/100      13.2G      1.303     0.6888      1.192         96        640: 1
                 Class     Images  Instances      Box(P          R      mAP50  m
                   all        120       1740      0.956      0.912      0.981      0.688

      Epoch    GPU_mem   box_loss   cls_loss   dfl_loss  Instances       Size
     86/100      12.4G      1.299     0.6792      1.186         86        640: 1
                 Class     Images  Instances      Box(P          R      mAP50  m
                   all        120       1740      0.965      0.977      0.985      0.711

      Epoch    GPU_mem   box_loss   cls_loss   dfl_loss  Instances       Size
     87/100      13.5G      1.303      0.692       1.18        127        640: 1
                 Class     Images  Instances      Box(P          R      mAP50  m
                   all        120       1740      0.973       0.97      0.985      0.713

      Epoch    GPU_mem   box_loss   cls_loss   dfl_loss  Instances       Size
     88/100      11.9G      1.255     0.6754      1.182         76        640: 1
                 Class     Images  Instances      Box(P          R      mAP50  m
                   all        120       1740      0.959      0.908      0.985      0.689

      Epoch    GPU_mem   box_loss   cls_loss   dfl_loss  Instances       Size
     89/100      13.7G      1.312     0.6851      1.192        115        640: 1
                 Class     Images  Instances      Box(P          R      mAP50  m
                   all        120       1740      0.957      0.968      0.985        0.7

      Epoch    GPU_mem   box_loss   cls_loss   dfl_loss  Instances       Size
     90/100      13.5G      1.301     0.6861       1.17         78        640: 1
                 Class     Images  Instances      Box(P          R      mAP50  m
                   all        120       1740      0.947      0.968       0.98      0.708
Closing dataloader mosaic

      Epoch    GPU_mem   box_loss   cls_loss   dfl_loss  Instances       Size
     91/100      10.6G       1.24     0.6429      1.194         88        640: 1
                 Class     Images  Instances      Box(P          R      mAP50  m
                   all        120       1740       0.98      0.961      0.986      0.716

      Epoch    GPU_mem   box_loss   cls_loss   dfl_loss  Instances       Size
     92/100      10.3G      1.212     0.6316      1.183         84        640: 1
                 Class     Images  Instances      Box(P          R      mAP50  m
                   all        120       1740      0.979      0.943      0.985      0.725

      Epoch    GPU_mem   box_loss   cls_loss   dfl_loss  Instances       Size
     93/100      10.4G      1.254     0.6432      1.199         76        640: 1
                 Class     Images  Instances      Box(P          R      mAP50  m
                   all        120       1740      0.951      0.975      0.986      0.719

      Epoch    GPU_mem   box_loss   cls_loss   dfl_loss  Instances       Size
     94/100      10.6G      1.257      0.646      1.174         71        640: 1
                 Class     Images  Instances      Box(P          R      mAP50  m
                   all        120       1740      0.971      0.973      0.987       0.71

      Epoch    GPU_mem   box_loss   cls_loss   dfl_loss  Instances       Size
     95/100      10.5G      1.213     0.6292      1.178         65        640: 1
                 Class     Images  Instances      Box(P          R      mAP50  m
                   all        120       1740       0.97      0.978      0.987      0.728

      Epoch    GPU_mem   box_loss   cls_loss   dfl_loss  Instances       Size
     96/100      10.3G      1.224     0.6319      1.176         64        640: 1
                 Class     Images  Instances      Box(P          R      mAP50  m
                   all        120       1740      0.971      0.972      0.987      0.719

      Epoch    GPU_mem   box_loss   cls_loss   dfl_loss  Instances       Size
     97/100      10.3G       1.22     0.6248      1.174        109        640: 1
                 Class     Images  Instances      Box(P          R      mAP50  m
                   all        120       1740      0.971      0.972      0.987      0.733

      Epoch    GPU_mem   box_loss   cls_loss   dfl_loss  Instances       Size
     98/100      10.5G      1.236     0.6284       1.18         92        640: 1
                 Class     Images  Instances      Box(P          R      mAP50  m
                   all        120       1740      0.973      0.971      0.987      0.726

      Epoch    GPU_mem   box_loss   cls_loss   dfl_loss  Instances       Size
     99/100      10.4G      1.185     0.6154       1.17         64        640: 1
                 Class     Images  Instances      Box(P          R      mAP50  m
                   all        120       1740      0.932      0.982      0.985      0.735

      Epoch    GPU_mem   box_loss   cls_loss   dfl_loss  Instances       Size
    100/100      10.4G      1.173     0.6082      1.156         87        640: 1
                 Class     Images  Instances      Box(P          R      mAP50  m
                   all        120       1740      0.969      0.943      0.985      0.728

100 epochs completed in 1.789 hours.
Optimizer stripped from .yolo-out-hc5/yolo11a-hc5-3/weights/last.pt, 27.5MB
Optimizer stripped from .yolo-out-hc5/yolo11a-hc5-3/weights/best.pt, 27.5MB

Validating .yolo-out-hc5/yolo11a-hc5-3/weights/best.pt...
Ultralytics 8.3.150 🚀 Python-3.13.2 torch-2.6.0+cu118 CUDA:0 (Tesla T4, 14913MiB)
                                                       CUDA:1 (Tesla T4, 14913MiB)
model summary (fused): 125 layers, 13,119,135 parameters, 0 gradients, 91.7 GFLOPs
                 Class     Images  Instances      Box(P          R      mAP50  m
                   all        120       1740      0.975      0.964      0.986      0.736
                   bus          7         13          1      0.979      0.995      0.778
                   car         60        560      0.977      0.981      0.994      0.829
                 human         60       1167       0.95      0.932       0.97      0.602
Speed: 0.2ms preprocess, 25.4ms inference, 0.0ms loss, 8.7ms postprocess per image
Results saved to .yolo-out-hc5/yolo11a-hc5-3
