Overriding model.yaml nc=80 with nc=5
Freezing layer 'model.23.dfl.conv.weight'
AMP: running Automatic Mixed Precision (AMP) checks...
AMP: checks passed ✅
train: Fast image access ✅ (ping: 0.1±0.1 ms, read: 253.9±87.8 MB/s, size: 82.2 KB)
train: Scanning /data2/jd1/datasets/humancar_50m/train/labels.cache... 1147 images, 6 backgrounds, 0 corrupt: 100%|██████████| 1147/1147 [00:00<?, ?i
val: Fast image access ✅ (ping: 0.0±0.0 ms, read: 1571.5±887.4 MB/s, size: 84.6 KB)
val: Scanning /data2/jd1/datasets/humancar_50m/valid/labels.cache... 120 images, 0 backgrounds, 0 corrupt: 100%|██████████| 120/120 [00:00<?, ?it/s]
Plotting labels to .yolo-out-hc5/yolo11-hc5-2/labels.jpg...
optimizer: 'optimizer=auto' found, ignoring 'lr0=0.01' and 'momentum=0.937' and determining best 'optimizer', 'lr0' and 'momentum' automatically...
optimizer: AdamW(lr=0.001111, momentum=0.9) with parameter groups 106 weight(decay=0.0), 113 weight(decay=0.0005), 112 bias(decay=0.0)
Image sizes 640 train, 640 val
Using 16 dataloader workers
Logging results to .yolo-out-hc5/yolo11-hc5-2
Starting training for 100 epochs...

      Epoch    GPU_mem   box_loss   cls_loss   dfl_loss  Instances       Size
      1/100      4.31G      4.938      10.84       3.57        114        640: 100%|██████████| 72/72 [00:23<00:00,  3.13it/s]
                 Class     Images  Instances      Box(P          R      mAP50  mAP50-95): 100%|██████████| 8/8 [00:01<00:00,  4.78it/s]
                   all        120       1740          0          0          0          0

      Epoch    GPU_mem   box_loss   cls_loss   dfl_loss  Instances       Size
      2/100      5.16G      3.256      2.846      2.281         83        640: 100%|██████████| 72/72 [00:22<00:00,  3.27it/s]
                 Class     Images  Instances      Box(P          R      mAP50  mAP50-95): 100%|██████████| 8/8 [00:01<00:00,  5.06it/s]
                   all        120       1740      0.846     0.0744      0.102     0.0379

      Epoch    GPU_mem   box_loss   cls_loss   dfl_loss  Instances       Size
      3/100       5.2G      2.701      2.081      1.861        109        640: 100%|██████████| 72/72 [00:21<00:00,  3.34it/s]
                 Class     Images  Instances      Box(P          R      mAP50  mAP50-95): 100%|██████████| 8/8 [00:01<00:00,  4.75it/s]
                   all        120       1740      0.904      0.167      0.201     0.0911

      Epoch    GPU_mem   box_loss   cls_loss   dfl_loss  Instances       Size
      4/100       5.2G      2.552      1.817      1.703        101        640: 100%|██████████| 72/72 [00:21<00:00,  3.33it/s]
                 Class     Images  Instances      Box(P          R      mAP50  mAP50-95): 100%|██████████| 8/8 [00:01<00:00,  4.65it/s]
                   all        120       1740       0.57      0.234      0.218     0.0879

      Epoch    GPU_mem   box_loss   cls_loss   dfl_loss  Instances       Size
      5/100       5.2G      2.567      1.659      1.541         45        640: 100%|██████████| 72/72 [00:21<00:00,  3.31it/s]
                 Class     Images  Instances      Box(P          R      mAP50  mAP50-95): 100%|██████████| 8/8 [00:01<00:00,  4.56it/s]
                   all        120       1740      0.736      0.333        0.4      0.131

      Epoch    GPU_mem   box_loss   cls_loss   dfl_loss  Instances       Size
      6/100       5.2G      2.325      1.418      1.421         95        640: 100%|██████████| 72/72 [00:21<00:00,  3.31it/s]
                 Class     Images  Instances      Box(P          R      mAP50  mAP50-95): 100%|██████████| 8/8 [00:01<00:00,  4.64it/s]
                   all        120       1740      0.746      0.401      0.422       0.18

      Epoch    GPU_mem   box_loss   cls_loss   dfl_loss  Instances       Size
      7/100       5.2G      2.257      1.347      1.339         71        640: 100%|██████████| 72/72 [00:21<00:00,  3.30it/s]
                 Class     Images  Instances      Box(P          R      mAP50  mAP50-95): 100%|██████████| 8/8 [00:01<00:00,  4.63it/s]
                   all        120       1740      0.495      0.419      0.408      0.193

      Epoch    GPU_mem   box_loss   cls_loss   dfl_loss  Instances       Size
      8/100      5.27G      2.175       1.23      1.276        152        640: 100%|██████████| 72/72 [00:21<00:00,  3.29it/s]
                 Class     Images  Instances      Box(P          R      mAP50  mAP50-95): 100%|██████████| 8/8 [00:01<00:00,  4.61it/s]
                   all        120       1740      0.693      0.681      0.706      0.284

      Epoch    GPU_mem   box_loss   cls_loss   dfl_loss  Instances       Size
      9/100      5.27G      2.074      1.165      1.277         89        640: 100%|██████████| 72/72 [00:21<00:00,  3.28it/s]
                 Class     Images  Instances      Box(P          R      mAP50  mAP50-95): 100%|██████████| 8/8 [00:01<00:00,  4.63it/s]
                   all        120       1740      0.568      0.553      0.579       0.26

      Epoch    GPU_mem   box_loss   cls_loss   dfl_loss  Instances       Size
     10/100      5.27G      1.989      1.109      1.226        134        640: 100%|██████████| 72/72 [00:22<00:00,  3.26it/s]
                 Class     Images  Instances      Box(P          R      mAP50  mAP50-95): 100%|██████████| 8/8 [00:01<00:00,  4.61it/s]
                   all        120       1740      0.721      0.609      0.689       0.32

      Epoch    GPU_mem   box_loss   cls_loss   dfl_loss  Instances       Size
     11/100      5.27G      1.945      1.085       1.24        155        640: 100%|██████████| 72/72 [00:21<00:00,  3.29it/s]
                 Class     Images  Instances      Box(P          R      mAP50  mAP50-95): 100%|██████████| 8/8 [00:01<00:00,  4.64it/s]
                   all        120       1740      0.884      0.495      0.598      0.283

      Epoch    GPU_mem   box_loss   cls_loss   dfl_loss  Instances       Size
     12/100      5.27G      1.949      1.064      1.202        139        640: 100%|██████████| 72/72 [00:21<00:00,  3.29it/s]
                 Class     Images  Instances      Box(P          R      mAP50  mAP50-95): 100%|██████████| 8/8 [00:01<00:00,  4.63it/s]
                   all        120       1740      0.726      0.513      0.572      0.286

      Epoch    GPU_mem   box_loss   cls_loss   dfl_loss  Instances       Size
     13/100      5.27G       1.83      1.012      1.175        103        640: 100%|██████████| 72/72 [00:21<00:00,  3.28it/s]
                 Class     Images  Instances      Box(P          R      mAP50  mAP50-95): 100%|██████████| 8/8 [00:01<00:00,  4.65it/s]
                   all        120       1740      0.736      0.682      0.715      0.342

      Epoch    GPU_mem   box_loss   cls_loss   dfl_loss  Instances       Size
     14/100      5.27G      1.838      1.016      1.135         97        640: 100%|██████████| 72/72 [00:21<00:00,  3.30it/s]
                 Class     Images  Instances      Box(P          R      mAP50  mAP50-95): 100%|██████████| 8/8 [00:01<00:00,  4.65it/s]
                   all        120       1740      0.754       0.72      0.816      0.396

      Epoch    GPU_mem   box_loss   cls_loss   dfl_loss  Instances       Size
     15/100      5.27G      1.804     0.9481      1.121         69        640: 100%|██████████| 72/72 [00:21<00:00,  3.30it/s]
                 Class     Images  Instances      Box(P          R      mAP50  mAP50-95): 100%|██████████| 8/8 [00:01<00:00,  4.68it/s]
                   all        120       1740      0.541      0.664       0.64       0.33

      Epoch    GPU_mem   box_loss   cls_loss   dfl_loss  Instances       Size
     16/100      5.27G      1.775     0.9464       1.11         75        640: 100%|██████████| 72/72 [00:21<00:00,  3.30it/s]
                 Class     Images  Instances      Box(P          R      mAP50  mAP50-95): 100%|██████████| 8/8 [00:01<00:00,  4.66it/s]
                   all        120       1740      0.719      0.709      0.744       0.35

      Epoch    GPU_mem   box_loss   cls_loss   dfl_loss  Instances       Size
     17/100      5.27G      1.712     0.9298      1.111        212        640: 100%|██████████| 72/72 [00:21<00:00,  3.30it/s]
                 Class     Images  Instances      Box(P          R      mAP50  mAP50-95): 100%|██████████| 8/8 [00:01<00:00,  4.68it/s]
                   all        120       1740      0.711      0.733      0.808      0.414

      Epoch    GPU_mem   box_loss   cls_loss   dfl_loss  Instances       Size
     18/100      5.27G      1.598     0.8622      1.083         72        640: 100%|██████████| 72/72 [00:21<00:00,  3.30it/s]
                 Class     Images  Instances      Box(P          R      mAP50  mAP50-95): 100%|██████████| 8/8 [00:01<00:00,  4.65it/s]
                   all        120       1740      0.754      0.694      0.798      0.395

      Epoch    GPU_mem   box_loss   cls_loss   dfl_loss  Instances       Size
     19/100      5.33G      1.658     0.8652      1.086        165        640: 100%|██████████| 72/72 [00:21<00:00,  3.28it/s]
                 Class     Images  Instances      Box(P          R      mAP50  mAP50-95): 100%|██████████| 8/8 [00:01<00:00,  4.65it/s]
                   all        120       1740      0.689      0.785      0.807      0.418

      Epoch    GPU_mem   box_loss   cls_loss   dfl_loss  Instances       Size
     20/100      5.33G      1.548     0.8506      1.083        123        640: 100%|██████████| 72/72 [00:21<00:00,  3.28it/s]
                 Class     Images  Instances      Box(P          R      mAP50  mAP50-95): 100%|██████████| 8/8 [00:01<00:00,  4.68it/s]
                   all        120       1740      0.747      0.809      0.838      0.433

      Epoch    GPU_mem   box_loss   cls_loss   dfl_loss  Instances       Size
     21/100      5.33G       1.59     0.8462      1.072         69        640: 100%|██████████| 72/72 [00:21<00:00,  3.29it/s]
                 Class     Images  Instances      Box(P          R      mAP50  mAP50-95): 100%|██████████| 8/8 [00:01<00:00,  4.68it/s]
                   all        120       1740      0.808      0.727      0.777      0.405

      Epoch    GPU_mem   box_loss   cls_loss   dfl_loss  Instances       Size
     22/100      5.33G       1.57     0.8212      1.062         97        640: 100%|██████████| 72/72 [00:21<00:00,  3.28it/s]
                 Class     Images  Instances      Box(P          R      mAP50  mAP50-95): 100%|██████████| 8/8 [00:01<00:00,  4.67it/s]
                   all        120       1740      0.903      0.741      0.881      0.481

      Epoch    GPU_mem   box_loss   cls_loss   dfl_loss  Instances       Size
     23/100      5.33G      1.592     0.8243      1.066        139        640: 100%|██████████| 72/72 [00:22<00:00,  3.24it/s]
                 Class     Images  Instances      Box(P          R      mAP50  mAP50-95): 100%|██████████| 8/8 [00:01<00:00,  4.42it/s]
                   all        120       1740      0.792      0.723       0.82      0.436

      Epoch    GPU_mem   box_loss   cls_loss   dfl_loss  Instances       Size
     24/100      5.33G      1.583      0.809      1.027        159        640: 100%|██████████| 72/72 [00:22<00:00,  3.23it/s]
                 Class     Images  Instances      Box(P          R      mAP50  mAP50-95): 100%|██████████| 8/8 [00:01<00:00,  4.42it/s]
                   all        120       1740      0.763      0.826      0.874      0.459

      Epoch    GPU_mem   box_loss   cls_loss   dfl_loss  Instances       Size
     25/100      5.33G      1.515     0.7679      1.021        163        640: 100%|██████████| 72/72 [00:22<00:00,  3.24it/s]
                 Class     Images  Instances      Box(P          R      mAP50  mAP50-95): 100%|██████████| 8/8 [00:01<00:00,  4.42it/s]
                   all        120       1740      0.785      0.711       0.83      0.476

      Epoch    GPU_mem   box_loss   cls_loss   dfl_loss  Instances       Size
     26/100      5.33G       1.51     0.7711       1.01        143        640: 100%|██████████| 72/72 [00:22<00:00,  3.23it/s]
                 Class     Images  Instances      Box(P          R      mAP50  mAP50-95): 100%|██████████| 8/8 [00:01<00:00,  4.55it/s]
                   all        120       1740      0.862      0.828      0.895      0.476

      Epoch    GPU_mem   box_loss   cls_loss   dfl_loss  Instances       Size
     27/100      5.33G      1.457     0.7498      1.022         85        640: 100%|██████████| 72/72 [00:22<00:00,  3.21it/s]
                 Class     Images  Instances      Box(P          R      mAP50  mAP50-95): 100%|██████████| 8/8 [00:01<00:00,  4.56it/s]
                   all        120       1740      0.792      0.699      0.805      0.475

      Epoch    GPU_mem   box_loss   cls_loss   dfl_loss  Instances       Size
     28/100      5.33G      1.475     0.7621      1.036        167        640: 100%|██████████| 72/72 [00:21<00:00,  3.28it/s]
                 Class     Images  Instances      Box(P          R      mAP50  mAP50-95): 100%|██████████| 8/8 [00:01<00:00,  4.68it/s]
                   all        120       1740      0.774      0.855      0.847      0.496

      Epoch    GPU_mem   box_loss   cls_loss   dfl_loss  Instances       Size
     29/100      5.33G       1.36     0.7162      1.015        160        640: 100%|██████████| 72/72 [00:21<00:00,  3.30it/s]
                 Class     Images  Instances      Box(P          R      mAP50  mAP50-95): 100%|██████████| 8/8 [00:01<00:00,  4.63it/s]
                   all        120       1740      0.888      0.784      0.903      0.525

      Epoch    GPU_mem   box_loss   cls_loss   dfl_loss  Instances       Size
     30/100      5.33G      1.426     0.7436      1.015        141        640: 100%|██████████| 72/72 [00:21<00:00,  3.29it/s]
                 Class     Images  Instances      Box(P          R      mAP50  mAP50-95): 100%|██████████| 8/8 [00:01<00:00,  4.65it/s]
                   all        120       1740      0.824      0.831      0.896      0.491

      Epoch    GPU_mem   box_loss   cls_loss   dfl_loss  Instances       Size
     31/100      5.33G      1.467     0.7417      1.014        119        640: 100%|██████████| 72/72 [00:22<00:00,  3.25it/s]
                 Class     Images  Instances      Box(P          R      mAP50  mAP50-95): 100%|██████████| 8/8 [00:01<00:00,  4.67it/s]
                   all        120       1740      0.886      0.771      0.873      0.505

      Epoch    GPU_mem   box_loss   cls_loss   dfl_loss  Instances       Size
     32/100      5.33G       1.49     0.7596      1.011        103        640: 100%|██████████| 72/72 [00:22<00:00,  3.22it/s]
                 Class     Images  Instances      Box(P          R      mAP50  mAP50-95): 100%|██████████| 8/8 [00:01<00:00,  4.42it/s]
                   all        120       1740      0.838      0.798       0.88       0.51

      Epoch    GPU_mem   box_loss   cls_loss   dfl_loss  Instances       Size
     33/100      5.33G      1.411     0.7163     0.9929        209        640: 100%|██████████| 72/72 [00:22<00:00,  3.23it/s]
                 Class     Images  Instances      Box(P          R      mAP50  mAP50-95): 100%|██████████| 8/8 [00:01<00:00,  4.66it/s]
                   all        120       1740      0.851      0.798      0.884      0.534

      Epoch    GPU_mem   box_loss   cls_loss   dfl_loss  Instances       Size
     34/100      5.33G      1.349     0.7012     0.9929        122        640: 100%|██████████| 72/72 [00:21<00:00,  3.30it/s]
                 Class     Images  Instances      Box(P          R      mAP50  mAP50-95): 100%|██████████| 8/8 [00:01<00:00,  4.65it/s]
                   all        120       1740      0.814      0.794      0.868      0.517

      Epoch    GPU_mem   box_loss   cls_loss   dfl_loss  Instances       Size
     35/100      5.33G      1.345     0.6845     0.9898         60        640: 100%|██████████| 72/72 [00:21<00:00,  3.27it/s]
                 Class     Images  Instances      Box(P          R      mAP50  mAP50-95): 100%|██████████| 8/8 [00:01<00:00,  4.65it/s]
                   all        120       1740      0.839      0.781      0.866      0.523

      Epoch    GPU_mem   box_loss   cls_loss   dfl_loss  Instances       Size
     36/100      5.33G      1.379     0.7099     0.9922        200        640: 100%|██████████| 72/72 [00:21<00:00,  3.28it/s]
                 Class     Images  Instances      Box(P          R      mAP50  mAP50-95): 100%|██████████| 8/8 [00:01<00:00,  4.67it/s]
                   all        120       1740      0.846      0.769      0.866      0.517

      Epoch    GPU_mem   box_loss   cls_loss   dfl_loss  Instances       Size
     37/100      5.33G      1.346      0.687     0.9948        109        640: 100%|██████████| 72/72 [00:21<00:00,  3.29it/s]
                 Class     Images  Instances      Box(P          R      mAP50  mAP50-95): 100%|██████████| 8/8 [00:01<00:00,  4.67it/s]
                   all        120       1740      0.851      0.775      0.872      0.502

      Epoch    GPU_mem   box_loss   cls_loss   dfl_loss  Instances       Size
     38/100      5.33G      1.357     0.6818     0.9751        139        640: 100%|██████████| 72/72 [00:22<00:00,  3.26it/s]
                 Class     Images  Instances      Box(P          R      mAP50  mAP50-95): 100%|██████████| 8/8 [00:01<00:00,  4.69it/s]
                   all        120       1740       0.89      0.842      0.914      0.568

      Epoch    GPU_mem   box_loss   cls_loss   dfl_loss  Instances       Size
     39/100      5.33G      1.261     0.6486     0.9727        147        640: 100%|██████████| 72/72 [00:22<00:00,  3.24it/s]
                 Class     Images  Instances      Box(P          R      mAP50  mAP50-95): 100%|██████████| 8/8 [00:01<00:00,  4.64it/s]
                   all        120       1740      0.893      0.796        0.9      0.523

      Epoch    GPU_mem   box_loss   cls_loss   dfl_loss  Instances       Size
     40/100      5.33G      1.425     0.7066     0.9959         60        640: 100%|██████████| 72/72 [00:22<00:00,  3.23it/s]
                 Class     Images  Instances      Box(P          R      mAP50  mAP50-95): 100%|██████████| 8/8 [00:01<00:00,  4.41it/s]
                   all        120       1740      0.831      0.855       0.94       0.59

      Epoch    GPU_mem   box_loss   cls_loss   dfl_loss  Instances       Size
     41/100      5.33G      1.296      0.653     0.9651        132        640: 100%|██████████| 72/72 [00:21<00:00,  3.29it/s]
                 Class     Images  Instances      Box(P          R      mAP50  mAP50-95): 100%|██████████| 8/8 [00:01<00:00,  4.64it/s]
                   all        120       1740      0.903      0.801      0.917      0.584

      Epoch    GPU_mem   box_loss   cls_loss   dfl_loss  Instances       Size
     42/100      5.33G      1.305     0.6586     0.9573        100        640: 100%|██████████| 72/72 [00:21<00:00,  3.27it/s]
                 Class     Images  Instances      Box(P          R      mAP50  mAP50-95): 100%|██████████| 8/8 [00:01<00:00,  4.67it/s]
                   all        120       1740      0.809      0.865      0.946       0.59

      Epoch    GPU_mem   box_loss   cls_loss   dfl_loss  Instances       Size
     43/100      5.33G      1.298      0.662     0.9702         89        640: 100%|██████████| 72/72 [00:22<00:00,  3.21it/s]
                 Class     Images  Instances      Box(P          R      mAP50  mAP50-95): 100%|██████████| 8/8 [00:01<00:00,  4.43it/s]
                   all        120       1740      0.788      0.847      0.904      0.529

      Epoch    GPU_mem   box_loss   cls_loss   dfl_loss  Instances       Size
     44/100      5.33G      1.291     0.6582     0.9754        112        640: 100%|██████████| 72/72 [00:21<00:00,  3.31it/s]
                 Class     Images  Instances      Box(P          R      mAP50  mAP50-95): 100%|██████████| 8/8 [00:01<00:00,  4.69it/s]
                   all        120       1740      0.809      0.886      0.913      0.576

      Epoch    GPU_mem   box_loss   cls_loss   dfl_loss  Instances       Size
     45/100      5.33G       1.31     0.6499     0.9689         90        640: 100%|██████████| 72/72 [00:22<00:00,  3.24it/s]
                 Class     Images  Instances      Box(P          R      mAP50  mAP50-95): 100%|██████████| 8/8 [00:01<00:00,  4.41it/s]
                   all        120       1740       0.87      0.866       0.94      0.576

      Epoch    GPU_mem   box_loss   cls_loss   dfl_loss  Instances       Size
     46/100      5.33G      1.246     0.6278     0.9634        109        640: 100%|██████████| 72/72 [00:22<00:00,  3.23it/s]
                 Class     Images  Instances      Box(P          R      mAP50  mAP50-95): 100%|██████████| 8/8 [00:01<00:00,  4.43it/s]
                   all        120       1740      0.848      0.861      0.944      0.596

      Epoch    GPU_mem   box_loss   cls_loss   dfl_loss  Instances       Size
     47/100      5.33G       1.32     0.6603     0.9809         64        640: 100%|██████████| 72/72 [00:22<00:00,  3.20it/s]
                 Class     Images  Instances      Box(P          R      mAP50  mAP50-95): 100%|██████████| 8/8 [00:01<00:00,  4.42it/s]
                   all        120       1740      0.798      0.906      0.939       0.59

      Epoch    GPU_mem   box_loss   cls_loss   dfl_loss  Instances       Size
     48/100      5.33G       1.32     0.6614      0.989         66        640: 100%|██████████| 72/72 [00:22<00:00,  3.23it/s]
                 Class     Images  Instances      Box(P          R      mAP50  mAP50-95): 100%|██████████| 8/8 [00:01<00:00,  4.43it/s]
                   all        120       1740      0.818      0.896      0.953      0.591

      Epoch    GPU_mem   box_loss   cls_loss   dfl_loss  Instances       Size
     49/100      5.33G      1.238      0.629     0.9673        154        640: 100%|██████████| 72/72 [00:22<00:00,  3.21it/s]
                 Class     Images  Instances      Box(P          R      mAP50  mAP50-95): 100%|██████████| 8/8 [00:01<00:00,  4.44it/s]
                   all        120       1740      0.893      0.858      0.932      0.603

      Epoch    GPU_mem   box_loss   cls_loss   dfl_loss  Instances       Size
     50/100      5.33G      1.229     0.6243     0.9433        115        640: 100%|██████████| 72/72 [00:22<00:00,  3.20it/s]
                 Class     Images  Instances      Box(P          R      mAP50  mAP50-95): 100%|██████████| 8/8 [00:01<00:00,  4.43it/s]
                   all        120       1740       0.91       0.83      0.933      0.586

      Epoch    GPU_mem   box_loss   cls_loss   dfl_loss  Instances       Size
     51/100      5.33G       1.27     0.6327     0.9483        135        640: 100%|██████████| 72/72 [00:22<00:00,  3.23it/s]
                 Class     Images  Instances      Box(P          R      mAP50  mAP50-95): 100%|██████████| 8/8 [00:01<00:00,  4.43it/s]
                   all        120       1740      0.871       0.88      0.942      0.604

      Epoch    GPU_mem   box_loss   cls_loss   dfl_loss  Instances       Size
     52/100      5.33G      1.203     0.6091     0.9511         42        640: 100%|██████████| 72/72 [00:21<00:00,  3.30it/s]
                 Class     Images  Instances      Box(P          R      mAP50  mAP50-95): 100%|██████████| 8/8 [00:01<00:00,  4.70it/s]
                   all        120       1740      0.852      0.865      0.943      0.598

      Epoch    GPU_mem   box_loss   cls_loss   dfl_loss  Instances       Size
     53/100      5.33G      1.207     0.6067     0.9457         88        640: 100%|██████████| 72/72 [00:21<00:00,  3.29it/s]
                 Class     Images  Instances      Box(P          R      mAP50  mAP50-95): 100%|██████████| 8/8 [00:01<00:00,  4.68it/s]
                   all        120       1740      0.828       0.88      0.931      0.591

      Epoch    GPU_mem   box_loss   cls_loss   dfl_loss  Instances       Size
     54/100      5.33G      1.226      0.605     0.9405         72        640: 100%|██████████| 72/72 [00:21<00:00,  3.30it/s]
                 Class     Images  Instances      Box(P          R      mAP50  mAP50-95): 100%|██████████| 8/8 [00:01<00:00,  4.69it/s]
                   all        120       1740      0.795       0.89      0.922       0.58

      Epoch    GPU_mem   box_loss   cls_loss   dfl_loss  Instances       Size
     55/100      5.33G      1.259     0.6209      0.939         77        640: 100%|██████████| 72/72 [00:21<00:00,  3.30it/s]
                 Class     Images  Instances      Box(P          R      mAP50  mAP50-95): 100%|██████████| 8/8 [00:01<00:00,  4.69it/s]
                   all        120       1740      0.861      0.885      0.941      0.627

      Epoch    GPU_mem   box_loss   cls_loss   dfl_loss  Instances       Size
     56/100      5.33G      1.198     0.6069     0.9607        136        640: 100%|██████████| 72/72 [00:21<00:00,  3.31it/s]
                 Class     Images  Instances      Box(P          R      mAP50  mAP50-95): 100%|██████████| 8/8 [00:01<00:00,  4.70it/s]
                   all        120       1740      0.951      0.837      0.946      0.611

      Epoch    GPU_mem   box_loss   cls_loss   dfl_loss  Instances       Size
     57/100      5.33G      1.208     0.5994     0.9308        103        640: 100%|██████████| 72/72 [00:21<00:00,  3.30it/s]
                 Class     Images  Instances      Box(P          R      mAP50  mAP50-95): 100%|██████████| 8/8 [00:01<00:00,  4.69it/s]
                   all        120       1740      0.859      0.885      0.937      0.608

      Epoch    GPU_mem   box_loss   cls_loss   dfl_loss  Instances       Size
     58/100      5.33G      1.167     0.5831     0.9336        153        640: 100%|██████████| 72/72 [00:21<00:00,  3.30it/s]
                 Class     Images  Instances      Box(P          R      mAP50  mAP50-95): 100%|██████████| 8/8 [00:01<00:00,  4.68it/s]
                   all        120       1740      0.812      0.871      0.913      0.594

      Epoch    GPU_mem   box_loss   cls_loss   dfl_loss  Instances       Size
     59/100      5.33G      1.206     0.5962     0.9308         84        640: 100%|██████████| 72/72 [00:21<00:00,  3.28it/s]
                 Class     Images  Instances      Box(P          R      mAP50  mAP50-95): 100%|██████████| 8/8 [00:01<00:00,  4.67it/s]
                   all        120       1740       0.87        0.9      0.921      0.607

      Epoch    GPU_mem   box_loss   cls_loss   dfl_loss  Instances       Size
     60/100      5.33G      1.166     0.5733     0.9341        141        640: 100%|██████████| 72/72 [00:22<00:00,  3.26it/s]
                 Class     Images  Instances      Box(P          R      mAP50  mAP50-95): 100%|██████████| 8/8 [00:01<00:00,  4.67it/s]
                   all        120       1740      0.863      0.876      0.951      0.632

      Epoch    GPU_mem   box_loss   cls_loss   dfl_loss  Instances       Size
     61/100      5.33G      1.289     0.6226     0.9405        116        640: 100%|██████████| 72/72 [00:21<00:00,  3.30it/s]
                 Class     Images  Instances      Box(P          R      mAP50  mAP50-95): 100%|██████████| 8/8 [00:01<00:00,  4.70it/s]
                   all        120       1740      0.831      0.907      0.946      0.622

      Epoch    GPU_mem   box_loss   cls_loss   dfl_loss  Instances       Size
     62/100      5.33G      1.268     0.6188      0.929        166        640: 100%|██████████| 72/72 [00:21<00:00,  3.31it/s]
                 Class     Images  Instances      Box(P          R      mAP50  mAP50-95): 100%|██████████| 8/8 [00:01<00:00,  4.70it/s]
                   all        120       1740       0.87      0.893      0.941       0.61

      Epoch    GPU_mem   box_loss   cls_loss   dfl_loss  Instances       Size
     63/100      5.33G      1.139     0.5741     0.9256        134        640: 100%|██████████| 72/72 [00:21<00:00,  3.30it/s]
                 Class     Images  Instances      Box(P          R      mAP50  mAP50-95): 100%|██████████| 8/8 [00:01<00:00,  4.67it/s]
                   all        120       1740      0.948      0.854      0.948      0.621

      Epoch    GPU_mem   box_loss   cls_loss   dfl_loss  Instances       Size
     64/100      5.33G      1.166     0.5823     0.9304         85        640: 100%|██████████| 72/72 [00:21<00:00,  3.29it/s]
                 Class     Images  Instances      Box(P          R      mAP50  mAP50-95): 100%|██████████| 8/8 [00:01<00:00,  4.65it/s]
                   all        120       1740       0.89      0.864      0.941      0.641

      Epoch    GPU_mem   box_loss   cls_loss   dfl_loss  Instances       Size
     65/100      5.33G      1.073     0.5474     0.9268        130        640: 100%|██████████| 72/72 [00:22<00:00,  3.24it/s]
                 Class     Images  Instances      Box(P          R      mAP50  mAP50-95): 100%|██████████| 8/8 [00:01<00:00,  4.63it/s]
                   all        120       1740      0.842      0.894      0.945      0.645

      Epoch    GPU_mem   box_loss   cls_loss   dfl_loss  Instances       Size
     66/100      5.33G      1.112     0.5621     0.9239        134        640: 100%|██████████| 72/72 [00:21<00:00,  3.28it/s]
                 Class     Images  Instances      Box(P          R      mAP50  mAP50-95): 100%|██████████| 8/8 [00:01<00:00,  4.67it/s]
                   all        120       1740       0.93      0.872      0.947      0.619

      Epoch    GPU_mem   box_loss   cls_loss   dfl_loss  Instances       Size
     67/100      5.33G      1.113      0.555     0.9132         72        640: 100%|██████████| 72/72 [00:21<00:00,  3.28it/s]
                 Class     Images  Instances      Box(P          R      mAP50  mAP50-95): 100%|██████████| 8/8 [00:01<00:00,  4.69it/s]
                   all        120       1740      0.893      0.928      0.949      0.619

      Epoch    GPU_mem   box_loss   cls_loss   dfl_loss  Instances       Size
     68/100      5.33G      1.145     0.5689      0.933        124        640: 100%|██████████| 72/72 [00:21<00:00,  3.31it/s]
                 Class     Images  Instances      Box(P          R      mAP50  mAP50-95): 100%|██████████| 8/8 [00:01<00:00,  4.68it/s]
                   all        120       1740      0.928      0.874      0.956      0.623

      Epoch    GPU_mem   box_loss   cls_loss   dfl_loss  Instances       Size
     69/100      5.33G      1.131     0.5633     0.9201        121        640: 100%|██████████| 72/72 [00:21<00:00,  3.31it/s]
                 Class     Images  Instances      Box(P          R      mAP50  mAP50-95): 100%|██████████| 8/8 [00:01<00:00,  4.67it/s]
                   all        120       1740      0.877       0.88      0.939      0.614

      Epoch    GPU_mem   box_loss   cls_loss   dfl_loss  Instances       Size
     70/100      5.33G      1.104     0.5549      0.918        171        640: 100%|██████████| 72/72 [00:21<00:00,  3.28it/s]
                 Class     Images  Instances      Box(P          R      mAP50  mAP50-95): 100%|██████████| 8/8 [00:01<00:00,  4.67it/s]
                   all        120       1740      0.892      0.865      0.952      0.621

      Epoch    GPU_mem   box_loss   cls_loss   dfl_loss  Instances       Size
     71/100      5.33G      1.126     0.5578     0.9172        115        640: 100%|██████████| 72/72 [00:22<00:00,  3.21it/s]
                 Class     Images  Instances      Box(P          R      mAP50  mAP50-95): 100%|██████████| 8/8 [00:01<00:00,  4.40it/s]
                   all        120       1740      0.878      0.873      0.953      0.643

      Epoch    GPU_mem   box_loss   cls_loss   dfl_loss  Instances       Size
     72/100      5.33G      1.118      0.554     0.9217        125        640: 100%|██████████| 72/72 [00:22<00:00,  3.21it/s]
                 Class     Images  Instances      Box(P          R      mAP50  mAP50-95): 100%|██████████| 8/8 [00:01<00:00,  4.42it/s]
                   all        120       1740      0.905      0.868      0.948      0.645

      Epoch    GPU_mem   box_loss   cls_loss   dfl_loss  Instances       Size
     73/100      5.33G      1.133       0.56     0.9116        153        640: 100%|██████████| 72/72 [00:22<00:00,  3.20it/s]
                 Class     Images  Instances      Box(P          R      mAP50  mAP50-95): 100%|██████████| 8/8 [00:01<00:00,  4.60it/s]
                   all        120       1740       0.93      0.878       0.96      0.665

      Epoch    GPU_mem   box_loss   cls_loss   dfl_loss  Instances       Size
     74/100      5.33G      1.047     0.5288     0.8977        100        640: 100%|██████████| 72/72 [00:21<00:00,  3.29it/s]
                 Class     Images  Instances      Box(P          R      mAP50  mAP50-95): 100%|██████████| 8/8 [00:01<00:00,  4.67it/s]
                   all        120       1740      0.881      0.892      0.952      0.611

      Epoch    GPU_mem   box_loss   cls_loss   dfl_loss  Instances       Size
     75/100      5.33G      1.073     0.5338     0.9117        141        640: 100%|██████████| 72/72 [00:21<00:00,  3.29it/s]
                 Class     Images  Instances      Box(P          R      mAP50  mAP50-95): 100%|██████████| 8/8 [00:01<00:00,  4.65it/s]
                   all        120       1740       0.93      0.815       0.95      0.634

      Epoch    GPU_mem   box_loss   cls_loss   dfl_loss  Instances       Size
     76/100      5.33G      1.067     0.5337     0.9183         84        640: 100%|██████████| 72/72 [00:22<00:00,  3.25it/s]
                 Class     Images  Instances      Box(P          R      mAP50  mAP50-95): 100%|██████████| 8/8 [00:01<00:00,  4.67it/s]
                   all        120       1740      0.867      0.911      0.961      0.664

      Epoch    GPU_mem   box_loss   cls_loss   dfl_loss  Instances       Size
     77/100      5.33G      1.012     0.5149      0.899        131        640: 100%|██████████| 72/72 [00:21<00:00,  3.28it/s]
                 Class     Images  Instances      Box(P          R      mAP50  mAP50-95): 100%|██████████| 8/8 [00:01<00:00,  4.67it/s]
                   all        120       1740      0.941      0.885      0.948      0.598

      Epoch    GPU_mem   box_loss   cls_loss   dfl_loss  Instances       Size
     78/100      5.33G      1.105     0.5467     0.9114         80        640: 100%|██████████| 72/72 [00:21<00:00,  3.28it/s]
                 Class     Images  Instances      Box(P          R      mAP50  mAP50-95): 100%|██████████| 8/8 [00:01<00:00,  4.67it/s]
                   all        120       1740       0.85      0.891      0.958      0.643

      Epoch    GPU_mem   box_loss   cls_loss   dfl_loss  Instances       Size
     79/100      5.33G      1.066     0.5312     0.9135        182        640: 100%|██████████| 72/72 [00:21<00:00,  3.28it/s]
                 Class     Images  Instances      Box(P          R      mAP50  mAP50-95): 100%|██████████| 8/8 [00:01<00:00,  4.69it/s]
                   all        120       1740      0.909      0.861      0.964      0.654

      Epoch    GPU_mem   box_loss   cls_loss   dfl_loss  Instances       Size
     80/100      5.33G      1.109     0.5507     0.9077        167        640: 100%|██████████| 72/72 [00:21<00:00,  3.28it/s]
                 Class     Images  Instances      Box(P          R      mAP50  mAP50-95): 100%|██████████| 8/8 [00:01<00:00,  4.66it/s]
                   all        120       1740      0.903      0.884      0.956      0.689

      Epoch    GPU_mem   box_loss   cls_loss   dfl_loss  Instances       Size
     81/100      5.33G      1.041     0.5185     0.9084        133        640: 100%|██████████| 72/72 [00:21<00:00,  3.29it/s]
                 Class     Images  Instances      Box(P          R      mAP50  mAP50-95): 100%|██████████| 8/8 [00:01<00:00,  4.67it/s]
                   all        120       1740      0.924      0.891      0.958      0.671

      Epoch    GPU_mem   box_loss   cls_loss   dfl_loss  Instances       Size
     82/100      5.33G      1.062      0.536     0.9075        156        640: 100%|██████████| 72/72 [00:22<00:00,  3.26it/s]
                 Class     Images  Instances      Box(P          R      mAP50  mAP50-95): 100%|██████████| 8/8 [00:01<00:00,  4.67it/s]
                   all        120       1740      0.879      0.916      0.947      0.641

      Epoch    GPU_mem   box_loss   cls_loss   dfl_loss  Instances       Size
     83/100      5.33G      1.063     0.5292     0.8963        117        640: 100%|██████████| 72/72 [00:21<00:00,  3.29it/s]
                 Class     Images  Instances      Box(P          R      mAP50  mAP50-95): 100%|██████████| 8/8 [00:01<00:00,  4.66it/s]
                   all        120       1740      0.918      0.862      0.951      0.669

      Epoch    GPU_mem   box_loss   cls_loss   dfl_loss  Instances       Size
     84/100      5.33G      1.042     0.5159     0.8962        123        640: 100%|██████████| 72/72 [00:21<00:00,  3.29it/s]
                 Class     Images  Instances      Box(P          R      mAP50  mAP50-95): 100%|██████████| 8/8 [00:01<00:00,  4.67it/s]
                   all        120       1740      0.975      0.874      0.962      0.643

      Epoch    GPU_mem   box_loss   cls_loss   dfl_loss  Instances       Size
     85/100      5.33G      1.077     0.5287     0.8972         96        640: 100%|██████████| 72/72 [00:21<00:00,  3.30it/s]
                 Class     Images  Instances      Box(P          R      mAP50  mAP50-95): 100%|██████████| 8/8 [00:01<00:00,  4.67it/s]
                   all        120       1740      0.873      0.894      0.953      0.647

      Epoch    GPU_mem   box_loss   cls_loss   dfl_loss  Instances       Size
     86/100      5.33G      1.046     0.5166     0.8927         86        640: 100%|██████████| 72/72 [00:22<00:00,  3.23it/s]
                 Class     Images  Instances      Box(P          R      mAP50  mAP50-95): 100%|██████████| 8/8 [00:01<00:00,  4.40it/s]
                   all        120       1740      0.961      0.832      0.951      0.653

      Epoch    GPU_mem   box_loss   cls_loss   dfl_loss  Instances       Size
     87/100      5.33G       1.03     0.5144     0.8964        127        640: 100%|██████████| 72/72 [00:22<00:00,  3.22it/s]
                 Class     Images  Instances      Box(P          R      mAP50  mAP50-95): 100%|██████████| 8/8 [00:01<00:00,  4.43it/s]
                   all        120       1740      0.877      0.903      0.959      0.651

      Epoch    GPU_mem   box_loss   cls_loss   dfl_loss  Instances       Size
     88/100      5.33G      1.022     0.5132     0.8948         76        640: 100%|██████████| 72/72 [00:22<00:00,  3.23it/s]
                 Class     Images  Instances      Box(P          R      mAP50  mAP50-95): 100%|██████████| 8/8 [00:01<00:00,  4.67it/s]
                   all        120       1740      0.908      0.897      0.962      0.668

      Epoch    GPU_mem   box_loss   cls_loss   dfl_loss  Instances       Size
     89/100      5.33G      1.069     0.5253     0.8952        115        640: 100%|██████████| 72/72 [00:21<00:00,  3.29it/s]
                 Class     Images  Instances      Box(P          R      mAP50  mAP50-95): 100%|██████████| 8/8 [00:01<00:00,  4.68it/s]
                   all        120       1740      0.868      0.921      0.955      0.677

      Epoch    GPU_mem   box_loss   cls_loss   dfl_loss  Instances       Size
     90/100      5.33G      1.068     0.5182     0.8866         78        640: 100%|██████████| 72/72 [00:22<00:00,  3.26it/s]
                 Class     Images  Instances      Box(P          R      mAP50  mAP50-95): 100%|██████████| 8/8 [00:01<00:00,  4.67it/s]
                   all        120       1740       0.92      0.873      0.961      0.664
Closing dataloader mosaic

      Epoch    GPU_mem   box_loss   cls_loss   dfl_loss  Instances       Size
     91/100      5.33G      1.013     0.5013     0.8936         88        640: 100%|██████████| 72/72 [00:21<00:00,  3.30it/s]
                 Class     Images  Instances      Box(P          R      mAP50  mAP50-95): 100%|██████████| 8/8 [00:01<00:00,  4.65it/s]
                   all        120       1740      0.898      0.895      0.962      0.668

      Epoch    GPU_mem   box_loss   cls_loss   dfl_loss  Instances       Size
     92/100      5.33G      1.006     0.4925     0.8868         84        640: 100%|██████████| 72/72 [00:21<00:00,  3.31it/s]
                 Class     Images  Instances      Box(P          R      mAP50  mAP50-95): 100%|██████████| 8/8 [00:01<00:00,  4.66it/s]
                   all        120       1740      0.943      0.888      0.961      0.667

      Epoch    GPU_mem   box_loss   cls_loss   dfl_loss  Instances       Size
     93/100      5.33G      1.063     0.5127     0.8827         76        640: 100%|██████████| 72/72 [00:21<00:00,  3.30it/s]
                 Class     Images  Instances      Box(P          R      mAP50  mAP50-95): 100%|██████████| 8/8 [00:01<00:00,  4.70it/s]
                   all        120       1740      0.958      0.845      0.959      0.635

      Epoch    GPU_mem   box_loss   cls_loss   dfl_loss  Instances       Size
     94/100      5.33G      1.071     0.5115     0.8902         71        640: 100%|██████████| 72/72 [00:21<00:00,  3.32it/s]
                 Class     Images  Instances      Box(P          R      mAP50  mAP50-95): 100%|██████████| 8/8 [00:01<00:00,  4.68it/s]
                   all        120       1740      0.949      0.891      0.963      0.664

      Epoch    GPU_mem   box_loss   cls_loss   dfl_loss  Instances       Size
     95/100      5.33G      1.003     0.4854      0.887         65        640: 100%|██████████| 72/72 [00:21<00:00,  3.33it/s]
                 Class     Images  Instances      Box(P          R      mAP50  mAP50-95): 100%|██████████| 8/8 [00:01<00:00,  4.69it/s]
                   all        120       1740      0.891      0.908      0.958      0.665

      Epoch    GPU_mem   box_loss   cls_loss   dfl_loss  Instances       Size
     96/100      5.33G       1.06      0.511     0.8958         64        640: 100%|██████████| 72/72 [00:21<00:00,  3.34it/s]
                 Class     Images  Instances      Box(P          R      mAP50  mAP50-95): 100%|██████████| 8/8 [00:01<00:00,  4.67it/s]
                   all        120       1740      0.899      0.904       0.96      0.679

      Epoch    GPU_mem   box_loss   cls_loss   dfl_loss  Instances       Size
     97/100      5.33G      1.042     0.4972     0.8873        109        640: 100%|██████████| 72/72 [00:21<00:00,  3.33it/s]
                 Class     Images  Instances      Box(P          R      mAP50  mAP50-95): 100%|██████████| 8/8 [00:01<00:00,  4.67it/s]
                   all        120       1740      0.899        0.9      0.961      0.663

      Epoch    GPU_mem   box_loss   cls_loss   dfl_loss  Instances       Size
     98/100      5.33G      1.035     0.4996     0.8866         92        640: 100%|██████████| 72/72 [00:21<00:00,  3.34it/s]
                 Class     Images  Instances      Box(P          R      mAP50  mAP50-95): 100%|██████████| 8/8 [00:01<00:00,  4.68it/s]
                   all        120       1740      0.958      0.851      0.959      0.677

      Epoch    GPU_mem   box_loss   cls_loss   dfl_loss  Instances       Size
     99/100      5.33G     0.9818     0.4816     0.8925         64        640: 100%|██████████| 72/72 [00:21<00:00,  3.34it/s]
                 Class     Images  Instances      Box(P          R      mAP50  mAP50-95): 100%|██████████| 8/8 [00:01<00:00,  4.67it/s]
                   all        120       1740      0.944      0.865      0.961      0.682

      Epoch    GPU_mem   box_loss   cls_loss   dfl_loss  Instances       Size
    100/100      5.33G     0.9568     0.4745     0.8784         87        640: 100%|██████████| 72/72 [00:21<00:00,  3.34it/s]
                 Class     Images  Instances      Box(P          R      mAP50  mAP50-95): 100%|██████████| 8/8 [00:01<00:00,  4.66it/s]
                   all        120       1740      0.904      0.903       0.96      0.671

100 epochs completed in 0.680 hours.
Optimizer stripped from .yolo-out-hc5/yolo11-hc5-2/weights/last.pt, 40.5MB
Optimizer stripped from .yolo-out-hc5/yolo11-hc5-2/weights/best.pt, 40.5MB

Validating .yolo-out-hc5/yolo11-hc5-2/weights/best.pt...
Ultralytics 8.3.150 🚀 Python-3.13.2 torch-2.6.0+cu118 CUDA:0 (Tesla T4, 14913MiB)
                                                       CUDA:1 (Tesla T4, 14913MiB)
YOLO11m summary (fused): 125 layers, 20,033,887 parameters, 0 gradients, 67.7 GFLOPs
                 Class     Images  Instances      Box(P          R      mAP50  mAP50-95): 100%|██████████| 8/8 [00:03<00:00,  2.61it/s]
                   all        120       1740      0.901      0.885      0.956      0.688
                   bus          7         13      0.792          1      0.973      0.793
                   car         60        560      0.961      0.966      0.991      0.809
                 human         60       1167       0.95       0.69      0.904      0.462
Speed: 0.2ms preprocess, 17.7ms inference, 0.0ms loss, 4.2ms postprocess per image
Results saved to .yolo-out-hc5/yolo11-hc5-2
