Overriding model.yaml nc=80 with nc=5
Freezing layer 'model.23.dfl.conv.weight'
AMP: running Automatic Mixed Precision (AMP) checks...
AMP: checks passed ✅
train: Fast image access ✅ (ping: 0.1±0.1 ms, read: 1339.7±356.9 MB/s, size: 486.5 KB)
train: Scanning /data2/jd1/datasets/sds-ds/sds/labels/train.cache... 8930 images, 0 backgrounds, 0 corrupt: 100%|██████████| 8930/8930 [00:00<?, ?it/s]
val: Fast image access ✅ (ping: 0.1±0.0 ms, read: 935.6±547.1 MB/s, size: 374.3 KB)
val: Scanning /data2/jd1/datasets/sds-ds/sds/labels/val.cache... 1547 images, 0 backgrounds, 0 corrupt: 100%|██████████| 1547/1547 [00:00<?, ?it/s]
Plotting labels to .yolo-out-sds3/yolo11-c-sds-2/labels.jpg...
optimizer: 'optimizer=auto' found, ignoring 'lr0=0.01' and 'momentum=0.937' and determining best 'optimizer', 'lr0' and 'momentum' automatically...
optimizer: SGD(lr=0.01, momentum=0.9) with parameter groups 106 weight(decay=0.0), 113 weight(decay=0.0005), 112 bias(decay=0.0)
Image sizes 640 train, 640 val
Using 16 dataloader workers
Logging results to .yolo-out-sds3/yolo11-c-sds-2
Starting training for 100 epochs...

      Epoch    GPU_mem   box_loss   cls_loss   dfl_loss  Instances       Size
      1/100      1.41G      3.116      9.245      2.299          2        640: 100%|██████████| 2233/2233 [07:42<00:00,  4.83it/s]
                 Class     Images  Instances      Box(P          R      mAP50  mAP50-95): 100%|██████████| 387/387 [00:46<00:00,  8.33it/s]
                   all       1547       9630      0.381      0.163      0.131     0.0517

      Epoch    GPU_mem   box_loss   cls_loss   dfl_loss  Instances       Size
      2/100      1.61G      2.611      2.214      1.318         17        640: 100%|██████████| 2233/2233 [07:27<00:00,  4.99it/s]
                 Class     Images  Instances      Box(P          R      mAP50  mAP50-95): 100%|██████████| 387/387 [00:46<00:00,  8.39it/s]
                   all       1547       9630      0.504      0.335      0.254      0.109

      Epoch    GPU_mem   box_loss   cls_loss   dfl_loss  Instances       Size
      3/100      1.61G      2.322      1.527      1.197         19        640: 100%|██████████| 2233/2233 [07:18<00:00,  5.09it/s]
                 Class     Images  Instances      Box(P          R      mAP50  mAP50-95): 100%|██████████| 387/387 [00:45<00:00,  8.52it/s]
                   all       1547       9630      0.655      0.362      0.344      0.157

      Epoch    GPU_mem   box_loss   cls_loss   dfl_loss  Instances       Size
      4/100      1.61G      2.083      1.215      1.118          6        640: 100%|██████████| 2233/2233 [07:17<00:00,  5.10it/s]
                 Class     Images  Instances      Box(P          R      mAP50  mAP50-95): 100%|██████████| 387/387 [00:45<00:00,  8.45it/s]
                   all       1547       9630      0.734      0.413      0.429       0.22

      Epoch    GPU_mem   box_loss   cls_loss   dfl_loss  Instances       Size
      5/100      1.61G      1.913      1.061      1.073          2        640: 100%|██████████| 2233/2233 [07:18<00:00,  5.09it/s]
                 Class     Images  Instances      Box(P          R      mAP50  mAP50-95): 100%|██████████| 387/387 [00:45<00:00,  8.48it/s]
                   all       1547       9630      0.769      0.428      0.455      0.233

      Epoch    GPU_mem   box_loss   cls_loss   dfl_loss  Instances       Size
      6/100      1.61G       1.81     0.9876      1.035         22        640: 100%|██████████| 2233/2233 [07:20<00:00,  5.07it/s]
                 Class     Images  Instances      Box(P          R      mAP50  mAP50-95): 100%|██████████| 387/387 [00:49<00:00,  7.81it/s]
                   all       1547       9630      0.786      0.446      0.479      0.252

      Epoch    GPU_mem   box_loss   cls_loss   dfl_loss  Instances       Size
      7/100      1.61G      1.735     0.9229      1.014          5        640: 100%|██████████| 2233/2233 [07:20<00:00,  5.07it/s]
                 Class     Images  Instances      Box(P          R      mAP50  mAP50-95): 100%|██████████| 387/387 [00:45<00:00,  8.54it/s]
                   all       1547       9630      0.839      0.464      0.512      0.271

      Epoch    GPU_mem   box_loss   cls_loss   dfl_loss  Instances       Size
      8/100      1.62G      1.688     0.8952      1.001          4        640: 100%|██████████| 2233/2233 [07:14<00:00,  5.14it/s]
                 Class     Images  Instances      Box(P          R      mAP50  mAP50-95): 100%|██████████| 387/387 [00:45<00:00,  8.57it/s]
                   all       1547       9630      0.776      0.474       0.51      0.268

      Epoch    GPU_mem   box_loss   cls_loss   dfl_loss  Instances       Size
      9/100      1.62G      1.648     0.8641     0.9997          9        640: 100%|██████████| 2233/2233 [07:09<00:00,  5.20it/s]
                 Class     Images  Instances      Box(P          R      mAP50  mAP50-95): 100%|██████████| 387/387 [00:44<00:00,  8.69it/s]
                   all       1547       9630      0.864      0.486       0.55      0.304

      Epoch    GPU_mem   box_loss   cls_loss   dfl_loss  Instances       Size
     10/100      1.62G      1.617     0.8391     0.9901          4        640: 100%|██████████| 2233/2233 [07:09<00:00,  5.20it/s]
                 Class     Images  Instances      Box(P          R      mAP50  mAP50-95): 100%|██████████| 387/387 [00:44<00:00,  8.66it/s]
                   all       1547       9630      0.852      0.507       0.56      0.305

      Epoch    GPU_mem   box_loss   cls_loss   dfl_loss  Instances       Size
     11/100      1.62G      1.607     0.8338     0.9869          8        640: 100%|██████████| 2233/2233 [07:08<00:00,  5.21it/s]
                 Class     Images  Instances      Box(P          R      mAP50  mAP50-95): 100%|██████████| 387/387 [00:45<00:00,  8.46it/s]
                   all       1547       9630      0.874       0.49      0.561      0.307

      Epoch    GPU_mem   box_loss   cls_loss   dfl_loss  Instances       Size
     12/100      1.62G      1.575     0.7996     0.9707         25        640: 100%|██████████| 2233/2233 [07:09<00:00,  5.20it/s]
                 Class     Images  Instances      Box(P          R      mAP50  mAP50-95): 100%|██████████| 387/387 [00:44<00:00,  8.67it/s]
                   all       1547       9630      0.817      0.491      0.552      0.309

      Epoch    GPU_mem   box_loss   cls_loss   dfl_loss  Instances       Size
     13/100      1.62G      1.554      0.792     0.9793          1        640: 100%|██████████| 2233/2233 [07:08<00:00,  5.21it/s]
                 Class     Images  Instances      Box(P          R      mAP50  mAP50-95): 100%|██████████| 387/387 [00:43<00:00,  8.81it/s]
                   all       1547       9630      0.782      0.505      0.555      0.303

      Epoch    GPU_mem   box_loss   cls_loss   dfl_loss  Instances       Size
     14/100      1.62G      1.554     0.7927      0.981         29        640: 100%|██████████| 2233/2233 [07:05<00:00,  5.24it/s]
                 Class     Images  Instances      Box(P          R      mAP50  mAP50-95): 100%|██████████| 387/387 [00:45<00:00,  8.55it/s]
                   all       1547       9630      0.793       0.54       0.58      0.322

      Epoch    GPU_mem   box_loss   cls_loss   dfl_loss  Instances       Size
     15/100      1.62G      1.511     0.7581     0.9651          6        640: 100%|██████████| 2233/2233 [07:14<00:00,  5.14it/s]
                 Class     Images  Instances      Box(P          R      mAP50  mAP50-95): 100%|██████████| 387/387 [00:44<00:00,  8.61it/s]
                   all       1547       9630      0.759      0.523      0.559      0.315

      Epoch    GPU_mem   box_loss   cls_loss   dfl_loss  Instances       Size
     16/100      1.62G        1.5      0.758     0.9615          6        640: 100%|██████████| 2233/2233 [07:11<00:00,  5.18it/s]
                 Class     Images  Instances      Box(P          R      mAP50  mAP50-95): 100%|██████████| 387/387 [00:44<00:00,  8.74it/s]
                   all       1547       9630      0.838      0.508      0.575      0.321

      Epoch    GPU_mem   box_loss   cls_loss   dfl_loss  Instances       Size
     17/100      1.62G      1.495     0.7355     0.9633          3        640: 100%|██████████| 2233/2233 [07:07<00:00,  5.22it/s]
                 Class     Images  Instances      Box(P          R      mAP50  mAP50-95): 100%|██████████| 387/387 [00:44<00:00,  8.69it/s]
                   all       1547       9630      0.832      0.529      0.595      0.335

      Epoch    GPU_mem   box_loss   cls_loss   dfl_loss  Instances       Size
     18/100      1.62G      1.472     0.7352     0.9583          6        640: 100%|██████████| 2233/2233 [07:09<00:00,  5.20it/s]
                 Class     Images  Instances      Box(P          R      mAP50  mAP50-95): 100%|██████████| 387/387 [00:43<00:00,  8.89it/s]
                   all       1547       9630       0.83      0.536      0.602      0.339

      Epoch    GPU_mem   box_loss   cls_loss   dfl_loss  Instances       Size
     19/100      1.62G      1.467     0.7283     0.9532          7        640: 100%|██████████| 2233/2233 [07:08<00:00,  5.21it/s]
                 Class     Images  Instances      Box(P          R      mAP50  mAP50-95): 100%|██████████| 387/387 [00:43<00:00,  8.86it/s]
                   all       1547       9630       0.83      0.536      0.597      0.337

      Epoch    GPU_mem   box_loss   cls_loss   dfl_loss  Instances       Size
     20/100      1.62G      1.467     0.7289      0.948          7        640: 100%|██████████| 2233/2233 [07:05<00:00,  5.25it/s]
                 Class     Images  Instances      Box(P          R      mAP50  mAP50-95): 100%|██████████| 387/387 [00:44<00:00,  8.79it/s]
                   all       1547       9630      0.813      0.561      0.613      0.345

      Epoch    GPU_mem   box_loss   cls_loss   dfl_loss  Instances       Size
     21/100      1.62G      1.442     0.7113     0.9464          5        640: 100%|██████████| 2233/2233 [07:06<00:00,  5.23it/s]
                 Class     Images  Instances      Box(P          R      mAP50  mAP50-95): 100%|██████████| 387/387 [00:44<00:00,  8.67it/s]
                   all       1547       9630      0.791      0.548      0.607       0.34

      Epoch    GPU_mem   box_loss   cls_loss   dfl_loss  Instances       Size
     22/100      1.62G      1.417      0.697     0.9364          5        640: 100%|██████████| 2233/2233 [07:15<00:00,  5.12it/s]
                 Class     Images  Instances      Box(P          R      mAP50  mAP50-95): 100%|██████████| 387/387 [00:45<00:00,  8.55it/s]
                   all       1547       9630       0.86      0.525      0.603      0.345

      Epoch    GPU_mem   box_loss   cls_loss   dfl_loss  Instances       Size
     23/100      1.62G      1.435     0.7187     0.9481         12        640: 100%|██████████| 2233/2233 [07:08<00:00,  5.21it/s]
                 Class     Images  Instances      Box(P          R      mAP50  mAP50-95): 100%|██████████| 387/387 [00:43<00:00,  8.85it/s]
                   all       1547       9630      0.845      0.552      0.609      0.351

      Epoch    GPU_mem   box_loss   cls_loss   dfl_loss  Instances       Size
     24/100      1.62G      1.427     0.6997     0.9488          6        640: 100%|██████████| 2233/2233 [07:10<00:00,  5.19it/s]
                 Class     Images  Instances      Box(P          R      mAP50  mAP50-95): 100%|██████████| 387/387 [00:45<00:00,  8.59it/s]
                   all       1547       9630      0.838      0.551      0.613      0.354

      Epoch    GPU_mem   box_loss   cls_loss   dfl_loss  Instances       Size
     25/100      1.62G      1.409     0.6899     0.9458         18        640: 100%|██████████| 2233/2233 [07:08<00:00,  5.21it/s]
                 Class     Images  Instances      Box(P          R      mAP50  mAP50-95): 100%|██████████| 387/387 [00:44<00:00,  8.66it/s]
                   all       1547       9630      0.827      0.562      0.618      0.356

      Epoch    GPU_mem   box_loss   cls_loss   dfl_loss  Instances       Size
     26/100      1.62G      1.399     0.6898     0.9506          7        640: 100%|██████████| 2233/2233 [07:09<00:00,  5.20it/s]
                 Class     Images  Instances      Box(P          R      mAP50  mAP50-95): 100%|██████████| 387/387 [00:44<00:00,  8.70it/s]
                   all       1547       9630      0.855      0.555      0.614      0.356

      Epoch    GPU_mem   box_loss   cls_loss   dfl_loss  Instances       Size
     27/100      1.62G      1.385     0.6852     0.9452          9        640: 100%|██████████| 2233/2233 [07:09<00:00,  5.20it/s]
                 Class     Images  Instances      Box(P          R      mAP50  mAP50-95): 100%|██████████| 387/387 [00:44<00:00,  8.61it/s]
                   all       1547       9630      0.838      0.548      0.616      0.361

      Epoch    GPU_mem   box_loss   cls_loss   dfl_loss  Instances       Size
     28/100      1.62G      1.366     0.6715     0.9268         11        640: 100%|██████████| 2233/2233 [07:13<00:00,  5.16it/s]
                 Class     Images  Instances      Box(P          R      mAP50  mAP50-95): 100%|██████████| 387/387 [00:43<00:00,  8.80it/s]
                   all       1547       9630      0.847      0.553      0.621      0.358

      Epoch    GPU_mem   box_loss   cls_loss   dfl_loss  Instances       Size
     29/100      1.62G      1.378     0.6671     0.9368          7        640: 100%|██████████| 2233/2233 [07:13<00:00,  5.15it/s]
                 Class     Images  Instances      Box(P          R      mAP50  mAP50-95): 100%|██████████| 387/387 [00:44<00:00,  8.68it/s]
                   all       1547       9630      0.782      0.567      0.608      0.352

      Epoch    GPU_mem   box_loss   cls_loss   dfl_loss  Instances       Size
     30/100      1.62G      1.375      0.674     0.9369         11        640: 100%|██████████| 2233/2233 [07:06<00:00,  5.24it/s]
                 Class     Images  Instances      Box(P          R      mAP50  mAP50-95): 100%|██████████| 387/387 [00:45<00:00,  8.60it/s]
                   all       1547       9630      0.807      0.568      0.618      0.365

      Epoch    GPU_mem   box_loss   cls_loss   dfl_loss  Instances       Size
     31/100      1.62G      1.349     0.6485     0.9291          1        640: 100%|██████████| 2233/2233 [07:11<00:00,  5.17it/s]
                 Class     Images  Instances      Box(P          R      mAP50  mAP50-95): 100%|██████████| 387/387 [00:44<00:00,  8.74it/s]
                   all       1547       9630      0.831       0.58      0.634      0.367

      Epoch    GPU_mem   box_loss   cls_loss   dfl_loss  Instances       Size
     32/100      1.62G      1.357     0.6612     0.9376         15        640: 100%|██████████| 2233/2233 [07:06<00:00,  5.24it/s]
                 Class     Images  Instances      Box(P          R      mAP50  mAP50-95): 100%|██████████| 387/387 [00:44<00:00,  8.66it/s]
                   all       1547       9630      0.846      0.572      0.641      0.373

      Epoch    GPU_mem   box_loss   cls_loss   dfl_loss  Instances       Size
     33/100      1.62G      1.361     0.6599     0.9344         12        640: 100%|██████████| 2233/2233 [07:07<00:00,  5.23it/s]
                 Class     Images  Instances      Box(P          R      mAP50  mAP50-95): 100%|██████████| 387/387 [00:44<00:00,  8.72it/s]
                   all       1547       9630      0.838      0.565      0.628      0.366

      Epoch    GPU_mem   box_loss   cls_loss   dfl_loss  Instances       Size
     34/100      1.62G      1.334     0.6469     0.9236          4        640: 100%|██████████| 2233/2233 [07:06<00:00,  5.23it/s]
                 Class     Images  Instances      Box(P          R      mAP50  mAP50-95): 100%|██████████| 387/387 [00:44<00:00,  8.67it/s]
                   all       1547       9630      0.783      0.596      0.638      0.375

      Epoch    GPU_mem   box_loss   cls_loss   dfl_loss  Instances       Size
     35/100      1.62G      1.357     0.6559     0.9317         37        640: 100%|██████████| 2233/2233 [07:10<00:00,  5.19it/s]
                 Class     Images  Instances      Box(P          R      mAP50  mAP50-95): 100%|██████████| 387/387 [00:43<00:00,  8.86it/s]
                   all       1547       9630      0.806      0.571      0.628      0.372

      Epoch    GPU_mem   box_loss   cls_loss   dfl_loss  Instances       Size
     36/100      1.62G      1.333     0.6381     0.9277         21        640: 100%|██████████| 2233/2233 [07:12<00:00,  5.16it/s]
                 Class     Images  Instances      Box(P          R      mAP50  mAP50-95): 100%|██████████| 387/387 [00:33<00:00, 11.63it/s]
                   all       1547       9630      0.802      0.576      0.638      0.376

      Epoch    GPU_mem   box_loss   cls_loss   dfl_loss  Instances       Size
     37/100      1.62G      1.333     0.6476     0.9298          6        640: 100%|██████████| 2233/2233 [07:22<00:00,  5.05it/s]
                 Class     Images  Instances      Box(P          R      mAP50  mAP50-95): 100%|██████████| 387/387 [00:17<00:00, 21.57it/s]
                   all       1547       9630       0.79      0.587      0.633       0.37

      Epoch    GPU_mem   box_loss   cls_loss   dfl_loss  Instances       Size
     38/100      1.62G      1.319     0.6398      0.916         20        640: 100%|██████████| 2233/2233 [07:35<00:00,  4.90it/s]
                 Class     Images  Instances      Box(P          R      mAP50  mAP50-95): 100%|██████████| 387/387 [00:18<00:00, 21.46it/s]
                   all       1547       9630      0.823       0.57       0.63       0.37

      Epoch    GPU_mem   box_loss   cls_loss   dfl_loss  Instances       Size
     39/100      1.62G      1.324     0.6366     0.9188          4        640: 100%|██████████| 2233/2233 [07:30<00:00,  4.96it/s]
                 Class     Images  Instances      Box(P          R      mAP50  mAP50-95): 100%|██████████| 387/387 [00:22<00:00, 17.32it/s]
                   all       1547       9630      0.817      0.576       0.64      0.378

      Epoch    GPU_mem   box_loss   cls_loss   dfl_loss  Instances       Size
     40/100      1.62G      1.317     0.6353     0.9241          4        640: 100%|██████████| 2233/2233 [07:17<00:00,  5.10it/s]
                 Class     Images  Instances      Box(P          R      mAP50  mAP50-95): 100%|██████████| 387/387 [00:38<00:00, 10.06it/s]
                   all       1547       9630      0.848      0.576      0.645      0.386

      Epoch    GPU_mem   box_loss   cls_loss   dfl_loss  Instances       Size
     41/100      1.62G      1.321     0.6363     0.9219          2        640: 100%|██████████| 2233/2233 [07:09<00:00,  5.20it/s]
                 Class     Images  Instances      Box(P          R      mAP50  mAP50-95): 100%|██████████| 387/387 [00:45<00:00,  8.56it/s]
                   all       1547       9630      0.837       0.57      0.627      0.376

      Epoch    GPU_mem   box_loss   cls_loss   dfl_loss  Instances       Size
     42/100      1.62G      1.308     0.6271     0.9217          7        640: 100%|██████████| 2233/2233 [07:09<00:00,  5.19it/s]
                 Class     Images  Instances      Box(P          R      mAP50  mAP50-95): 100%|██████████| 387/387 [00:45<00:00,  8.50it/s]
                   all       1547       9630      0.786      0.587      0.641      0.383

      Epoch    GPU_mem   box_loss   cls_loss   dfl_loss  Instances       Size
     43/100      1.62G      1.309     0.6297      0.916          0        640: 100%|██████████| 2233/2233 [07:08<00:00,  5.21it/s]
                 Class     Images  Instances      Box(P          R      mAP50  mAP50-95): 100%|██████████| 387/387 [00:44<00:00,  8.65it/s]
                   all       1547       9630      0.844      0.579      0.636       0.38

      Epoch    GPU_mem   box_loss   cls_loss   dfl_loss  Instances       Size
     44/100      1.62G      1.293     0.6231     0.9198          2        640: 100%|██████████| 2233/2233 [07:05<00:00,  5.24it/s]
                 Class     Images  Instances      Box(P          R      mAP50  mAP50-95): 100%|██████████| 387/387 [00:43<00:00,  8.83it/s]
                   all       1547       9630      0.769      0.591      0.635      0.382

      Epoch    GPU_mem   box_loss   cls_loss   dfl_loss  Instances       Size
     45/100      1.62G      1.292     0.6194     0.9134          7        640: 100%|██████████| 2233/2233 [07:12<00:00,  5.17it/s]
                 Class     Images  Instances      Box(P          R      mAP50  mAP50-95): 100%|██████████| 387/387 [00:45<00:00,  8.53it/s]
                   all       1547       9630      0.829      0.572      0.632      0.381

      Epoch    GPU_mem   box_loss   cls_loss   dfl_loss  Instances       Size
     46/100      1.62G      1.275     0.6038     0.9106          6        640: 100%|██████████| 2233/2233 [07:08<00:00,  5.21it/s]
                 Class     Images  Instances      Box(P          R      mAP50  mAP50-95): 100%|██████████| 387/387 [00:45<00:00,  8.49it/s]
                   all       1547       9630      0.857      0.561      0.636      0.384

      Epoch    GPU_mem   box_loss   cls_loss   dfl_loss  Instances       Size
     47/100      1.62G      1.275     0.5998     0.9146          7        640: 100%|██████████| 2233/2233 [07:09<00:00,  5.20it/s]
                 Class     Images  Instances      Box(P          R      mAP50  mAP50-95): 100%|██████████| 387/387 [00:44<00:00,  8.68it/s]
                   all       1547       9630      0.876      0.559      0.638      0.388

      Epoch    GPU_mem   box_loss   cls_loss   dfl_loss  Instances       Size
     48/100      1.62G       1.28     0.6067     0.9088          8        640: 100%|██████████| 2233/2233 [07:11<00:00,  5.18it/s]
                 Class     Images  Instances      Box(P          R      mAP50  mAP50-95): 100%|██████████| 387/387 [00:44<00:00,  8.62it/s]
                   all       1547       9630      0.816      0.589       0.64      0.389

      Epoch    GPU_mem   box_loss   cls_loss   dfl_loss  Instances       Size
     49/100      1.62G      1.273      0.603     0.9115         19        640: 100%|██████████| 2233/2233 [07:14<00:00,  5.14it/s]
                 Class     Images  Instances      Box(P          R      mAP50  mAP50-95): 100%|██████████| 387/387 [00:43<00:00,  8.82it/s]
                   all       1547       9630      0.805      0.581      0.636      0.385

      Epoch    GPU_mem   box_loss   cls_loss   dfl_loss  Instances       Size
     50/100      1.62G      1.282     0.6074     0.9112          8        640: 100%|██████████| 2233/2233 [07:05<00:00,  5.24it/s]
                 Class     Images  Instances      Box(P          R      mAP50  mAP50-95): 100%|██████████| 387/387 [00:45<00:00,  8.58it/s]
                   all       1547       9630       0.84      0.574      0.646      0.391

      Epoch    GPU_mem   box_loss   cls_loss   dfl_loss  Instances       Size
     51/100      1.62G      1.272     0.6097     0.9115         13        640: 100%|██████████| 2233/2233 [07:14<00:00,  5.14it/s]
                 Class     Images  Instances      Box(P          R      mAP50  mAP50-95): 100%|██████████| 387/387 [00:44<00:00,  8.72it/s]
                   all       1547       9630      0.838      0.573      0.638      0.388

      Epoch    GPU_mem   box_loss   cls_loss   dfl_loss  Instances       Size
     52/100      1.62G      1.249     0.6011     0.9054         16        640: 100%|██████████| 2233/2233 [07:06<00:00,  5.24it/s]
                 Class     Images  Instances      Box(P          R      mAP50  mAP50-95): 100%|██████████| 387/387 [00:45<00:00,  8.58it/s]
                   all       1547       9630      0.809      0.584      0.638      0.389

      Epoch    GPU_mem   box_loss   cls_loss   dfl_loss  Instances       Size
     53/100      1.62G      1.255     0.5934     0.9068         12        640: 100%|██████████| 2233/2233 [07:08<00:00,  5.21it/s]
                 Class     Images  Instances      Box(P          R      mAP50  mAP50-95): 100%|██████████| 387/387 [00:44<00:00,  8.67it/s]
                   all       1547       9630      0.815      0.583       0.64      0.391

      Epoch    GPU_mem   box_loss   cls_loss   dfl_loss  Instances       Size
     54/100      1.62G      1.268     0.6027     0.9156          2        640: 100%|██████████| 2233/2233 [07:15<00:00,  5.13it/s]
                 Class     Images  Instances      Box(P          R      mAP50  mAP50-95): 100%|██████████| 387/387 [00:44<00:00,  8.77it/s]
                   all       1547       9630       0.81      0.587      0.643      0.389

      Epoch    GPU_mem   box_loss   cls_loss   dfl_loss  Instances       Size
     55/100      1.62G       1.24     0.5983     0.9071         17        640: 100%|██████████| 2233/2233 [07:10<00:00,  5.19it/s]
                 Class     Images  Instances      Box(P          R      mAP50  mAP50-95): 100%|██████████| 387/387 [00:44<00:00,  8.63it/s]
                   all       1547       9630      0.794       0.59      0.646      0.388

      Epoch    GPU_mem   box_loss   cls_loss   dfl_loss  Instances       Size
     56/100      1.62G       1.24     0.5928     0.9068         10        640: 100%|██████████| 2233/2233 [07:06<00:00,  5.24it/s]
                 Class     Images  Instances      Box(P          R      mAP50  mAP50-95): 100%|██████████| 387/387 [00:44<00:00,  8.71it/s]
                   all       1547       9630      0.794      0.581      0.638      0.386

      Epoch    GPU_mem   box_loss   cls_loss   dfl_loss  Instances       Size
     57/100      1.62G      1.234     0.5903     0.9059          1        640: 100%|██████████| 2233/2233 [06:59<00:00,  5.33it/s]
                 Class     Images  Instances      Box(P          R      mAP50  mAP50-95): 100%|██████████| 387/387 [00:44<00:00,  8.71it/s]
                   all       1547       9630      0.822      0.585      0.643      0.391

      Epoch    GPU_mem   box_loss   cls_loss   dfl_loss  Instances       Size
     58/100      1.62G      1.246     0.5928     0.9041          6        640: 100%|██████████| 2233/2233 [07:08<00:00,  5.21it/s]
                 Class     Images  Instances      Box(P          R      mAP50  mAP50-95): 100%|██████████| 387/387 [00:44<00:00,  8.77it/s]
                   all       1547       9630      0.806      0.587      0.638      0.389

      Epoch    GPU_mem   box_loss   cls_loss   dfl_loss  Instances       Size
     59/100      1.66G      1.219     0.5751     0.8994         15        640: 100%|██████████| 2233/2233 [07:07<00:00,  5.22it/s]
                 Class     Images  Instances      Box(P          R      mAP50  mAP50-95): 100%|██████████| 387/387 [00:43<00:00,  8.95it/s]
                   all       1547       9630      0.829      0.576      0.637      0.388

      Epoch    GPU_mem   box_loss   cls_loss   dfl_loss  Instances       Size
     60/100      1.66G      1.222     0.5877     0.9043          5        640: 100%|██████████| 2233/2233 [07:07<00:00,  5.23it/s]
                 Class     Images  Instances      Box(P          R      mAP50  mAP50-95): 100%|██████████| 387/387 [00:44<00:00,  8.67it/s]
                   all       1547       9630      0.825      0.572      0.636       0.39

      Epoch    GPU_mem   box_loss   cls_loss   dfl_loss  Instances       Size
     61/100      1.66G      1.212     0.5715     0.9002          5        640: 100%|██████████| 2233/2233 [07:08<00:00,  5.21it/s]
                 Class     Images  Instances      Box(P          R      mAP50  mAP50-95): 100%|██████████| 387/387 [00:44<00:00,  8.66it/s]
                   all       1547       9630      0.818      0.574      0.639      0.389

      Epoch    GPU_mem   box_loss   cls_loss   dfl_loss  Instances       Size
     62/100      1.66G      1.227     0.5859     0.9005         11        640: 100%|██████████| 2233/2233 [07:07<00:00,  5.22it/s]
                 Class     Images  Instances      Box(P          R      mAP50  mAP50-95): 100%|██████████| 387/387 [00:44<00:00,  8.75it/s]
                   all       1547       9630      0.795      0.588      0.642      0.391

      Epoch    GPU_mem   box_loss   cls_loss   dfl_loss  Instances       Size
     63/100      1.66G      1.212     0.5831     0.8943         11        640: 100%|██████████| 2233/2233 [07:09<00:00,  5.19it/s]
                 Class     Images  Instances      Box(P          R      mAP50  mAP50-95): 100%|██████████| 387/387 [00:44<00:00,  8.72it/s]
                   all       1547       9630      0.812      0.586      0.643      0.393

      Epoch    GPU_mem   box_loss   cls_loss   dfl_loss  Instances       Size
     64/100      1.66G      1.207     0.5774     0.8989         10        640: 100%|██████████| 2233/2233 [07:11<00:00,  5.17it/s]
                 Class     Images  Instances      Box(P          R      mAP50  mAP50-95): 100%|██████████| 387/387 [00:45<00:00,  8.49it/s]
                   all       1547       9630      0.818      0.586      0.646      0.395

      Epoch    GPU_mem   box_loss   cls_loss   dfl_loss  Instances       Size
     65/100      1.66G      1.199     0.5725     0.8966         34        640: 100%|██████████| 2233/2233 [07:08<00:00,  5.21it/s]
                 Class     Images  Instances      Box(P          R      mAP50  mAP50-95): 100%|██████████| 387/387 [00:45<00:00,  8.59it/s]
                   all       1547       9630      0.807      0.576      0.641       0.39

      Epoch    GPU_mem   box_loss   cls_loss   dfl_loss  Instances       Size
     66/100      1.66G      1.203     0.5642     0.8964         16        640: 100%|██████████| 2233/2233 [07:10<00:00,  5.19it/s]
                 Class     Images  Instances      Box(P          R      mAP50  mAP50-95): 100%|██████████| 387/387 [00:44<00:00,  8.63it/s]
                   all       1547       9630      0.814      0.578      0.641      0.391

      Epoch    GPU_mem   box_loss   cls_loss   dfl_loss  Instances       Size
     67/100      1.66G      1.193     0.5652     0.9013         10        640: 100%|██████████| 2233/2233 [07:09<00:00,  5.20it/s]
                 Class     Images  Instances      Box(P          R      mAP50  mAP50-95): 100%|██████████| 387/387 [00:44<00:00,  8.72it/s]
                   all       1547       9630      0.798      0.589      0.646      0.394

      Epoch    GPU_mem   box_loss   cls_loss   dfl_loss  Instances       Size
     68/100      1.66G      1.184      0.561     0.8902          2        640: 100%|██████████| 2233/2233 [07:10<00:00,  5.19it/s]
                 Class     Images  Instances      Box(P          R      mAP50  mAP50-95): 100%|██████████| 387/387 [00:45<00:00,  8.55it/s]
                   all       1547       9630      0.807      0.586      0.648      0.397

      Epoch    GPU_mem   box_loss   cls_loss   dfl_loss  Instances       Size
     69/100      1.66G      1.175     0.5567     0.8985          6        640: 100%|██████████| 2233/2233 [07:14<00:00,  5.14it/s]
                 Class     Images  Instances      Box(P          R      mAP50  mAP50-95): 100%|██████████| 387/387 [00:44<00:00,  8.70it/s]
                   all       1547       9630      0.811      0.586       0.65      0.395

      Epoch    GPU_mem   box_loss   cls_loss   dfl_loss  Instances       Size
     70/100      1.66G      1.176     0.5552     0.8934          3        640: 100%|██████████| 2233/2233 [07:07<00:00,  5.22it/s]
                 Class     Images  Instances      Box(P          R      mAP50  mAP50-95): 100%|██████████| 387/387 [00:44<00:00,  8.73it/s]
                   all       1547       9630      0.809      0.587       0.65      0.395

      Epoch    GPU_mem   box_loss   cls_loss   dfl_loss  Instances       Size
     71/100      1.66G       1.17     0.5482     0.8976         13        640: 100%|██████████| 2233/2233 [07:02<00:00,  5.29it/s]
                 Class     Images  Instances      Box(P          R      mAP50  mAP50-95): 100%|██████████| 387/387 [00:44<00:00,  8.68it/s]
                   all       1547       9630      0.806      0.588       0.65      0.396

      Epoch    GPU_mem   box_loss   cls_loss   dfl_loss  Instances       Size
     72/100      1.66G      1.191     0.5668     0.9008          2        640: 100%|██████████| 2233/2233 [07:08<00:00,  5.21it/s]
                 Class     Images  Instances      Box(P          R      mAP50  mAP50-95): 100%|██████████| 387/387 [00:44<00:00,  8.69it/s]
                   all       1547       9630        0.8      0.587      0.646      0.395

      Epoch    GPU_mem   box_loss   cls_loss   dfl_loss  Instances       Size
     73/100      1.66G      1.174     0.5513      0.891          7        640: 100%|██████████| 2233/2233 [07:11<00:00,  5.17it/s]
                 Class     Images  Instances      Box(P          R      mAP50  mAP50-95): 100%|██████████| 387/387 [00:44<00:00,  8.74it/s]
                   all       1547       9630      0.788      0.591      0.647      0.395

      Epoch    GPU_mem   box_loss   cls_loss   dfl_loss  Instances       Size
     74/100      1.66G      1.159     0.5386      0.887         10        640: 100%|██████████| 2233/2233 [07:10<00:00,  5.19it/s]
                 Class     Images  Instances      Box(P          R      mAP50  mAP50-95): 100%|██████████| 387/387 [00:44<00:00,  8.65it/s]
                   all       1547       9630      0.802      0.592       0.65      0.396

      Epoch    GPU_mem   box_loss   cls_loss   dfl_loss  Instances       Size
     75/100      1.66G       1.16      0.541      0.893         24        640: 100%|██████████| 2233/2233 [07:10<00:00,  5.19it/s]
                 Class     Images  Instances      Box(P          R      mAP50  mAP50-95): 100%|██████████| 387/387 [00:44<00:00,  8.69it/s]
                   all       1547       9630      0.795      0.596       0.65      0.395

      Epoch    GPU_mem   box_loss   cls_loss   dfl_loss  Instances       Size
     76/100      1.66G      1.168     0.5443     0.8945          7        640: 100%|██████████| 2233/2233 [07:08<00:00,  5.22it/s]
                 Class     Images  Instances      Box(P          R      mAP50  mAP50-95): 100%|██████████| 387/387 [00:44<00:00,  8.68it/s]
                   all       1547       9630      0.793      0.595      0.648      0.395

      Epoch    GPU_mem   box_loss   cls_loss   dfl_loss  Instances       Size
     77/100      1.66G      1.148     0.5325     0.8851          6        640: 100%|██████████| 2233/2233 [07:07<00:00,  5.22it/s]
                 Class     Images  Instances      Box(P          R      mAP50  mAP50-95): 100%|██████████| 387/387 [00:44<00:00,  8.68it/s]
                   all       1547       9630       0.79      0.595      0.648      0.395

      Epoch    GPU_mem   box_loss   cls_loss   dfl_loss  Instances       Size
     78/100      1.66G      1.159     0.5351     0.8895         19        640: 100%|██████████| 2233/2233 [07:09<00:00,  5.19it/s]
                 Class     Images  Instances      Box(P          R      mAP50  mAP50-95): 100%|██████████| 387/387 [00:45<00:00,  8.59it/s]
                   all       1547       9630      0.794      0.593      0.648      0.395

      Epoch    GPU_mem   box_loss   cls_loss   dfl_loss  Instances       Size
     79/100      1.66G      1.148     0.5371     0.8803          9        640: 100%|██████████| 2233/2233 [07:09<00:00,  5.20it/s]
                 Class     Images  Instances      Box(P          R      mAP50  mAP50-95): 100%|██████████| 387/387 [00:39<00:00,  9.72it/s]
                   all       1547       9630      0.796      0.593      0.648      0.395

      Epoch    GPU_mem   box_loss   cls_loss   dfl_loss  Instances       Size
     80/100      1.66G      1.162     0.5499     0.8864          7        640: 100%|██████████| 2233/2233 [07:14<00:00,  5.13it/s]
                 Class     Images  Instances      Box(P          R      mAP50  mAP50-95): 100%|██████████| 387/387 [00:27<00:00, 14.31it/s]
                   all       1547       9630        0.8      0.594      0.648      0.396

      Epoch    GPU_mem   box_loss   cls_loss   dfl_loss  Instances       Size
     81/100      1.66G      1.146     0.5336     0.8829          3        640: 100%|██████████| 2233/2233 [07:27<00:00,  4.99it/s]
                 Class     Images  Instances      Box(P          R      mAP50  mAP50-95): 100%|██████████| 387/387 [00:18<00:00, 21.18it/s]
                   all       1547       9630       0.79      0.594      0.647      0.396

      Epoch    GPU_mem   box_loss   cls_loss   dfl_loss  Instances       Size
     82/100      1.66G       1.15     0.5348     0.8845          3        640: 100%|██████████| 2233/2233 [07:33<00:00,  4.93it/s]
                 Class     Images  Instances      Box(P          R      mAP50  mAP50-95): 100%|██████████| 387/387 [00:18<00:00, 21.46it/s]
                   all       1547       9630      0.798      0.594      0.649      0.396

      Epoch    GPU_mem   box_loss   cls_loss   dfl_loss  Instances       Size
     83/100      1.66G       1.15     0.5379     0.8933         24        640: 100%|██████████| 2233/2233 [07:25<00:00,  5.01it/s]
                 Class     Images  Instances      Box(P          R      mAP50  mAP50-95): 100%|██████████| 387/387 [00:29<00:00, 13.26it/s]
                   all       1547       9630      0.797      0.597       0.65      0.397

      Epoch    GPU_mem   box_loss   cls_loss   dfl_loss  Instances       Size
     84/100      1.66G      1.134     0.5275     0.8806         11        640: 100%|██████████| 2233/2233 [07:18<00:00,  5.09it/s]
                 Class     Images  Instances      Box(P          R      mAP50  mAP50-95): 100%|██████████| 387/387 [00:40<00:00,  9.48it/s]
                   all       1547       9630      0.802      0.595      0.653      0.397

      Epoch    GPU_mem   box_loss   cls_loss   dfl_loss  Instances       Size
     85/100      1.66G      1.124     0.5267     0.8838          4        640: 100%|██████████| 2233/2233 [07:15<00:00,  5.12it/s]
                 Class     Images  Instances      Box(P          R      mAP50  mAP50-95): 100%|██████████| 387/387 [00:42<00:00,  9.07it/s]
                   all       1547       9630      0.789        0.6      0.654        0.4

      Epoch    GPU_mem   box_loss   cls_loss   dfl_loss  Instances       Size
     86/100      1.66G      1.108     0.5163     0.8785          4        640: 100%|██████████| 2233/2233 [07:11<00:00,  5.17it/s]
                 Class     Images  Instances      Box(P          R      mAP50  mAP50-95): 100%|██████████| 387/387 [00:45<00:00,  8.52it/s]
                   all       1547       9630      0.812      0.595      0.654      0.401

      Epoch    GPU_mem   box_loss   cls_loss   dfl_loss  Instances       Size
     87/100      1.66G       1.12     0.5326     0.8838          6        640: 100%|██████████| 2233/2233 [07:09<00:00,  5.20it/s]
                 Class     Images  Instances      Box(P          R      mAP50  mAP50-95): 100%|██████████| 387/387 [00:45<00:00,  8.45it/s]
                   all       1547       9630      0.803      0.597      0.657      0.401

      Epoch    GPU_mem   box_loss   cls_loss   dfl_loss  Instances       Size
     88/100      1.66G       1.11     0.5162     0.8796         28        640: 100%|██████████| 2233/2233 [07:15<00:00,  5.13it/s]
                 Class     Images  Instances      Box(P          R      mAP50  mAP50-95): 100%|██████████| 387/387 [00:44<00:00,  8.64it/s]
                   all       1547       9630        0.8      0.597      0.656      0.401

      Epoch    GPU_mem   box_loss   cls_loss   dfl_loss  Instances       Size
     89/100      1.66G      1.111      0.522     0.8828         24        640: 100%|██████████| 2233/2233 [07:10<00:00,  5.19it/s]
                 Class     Images  Instances      Box(P          R      mAP50  mAP50-95): 100%|██████████| 387/387 [00:44<00:00,  8.61it/s]
                   all       1547       9630      0.797      0.597      0.655      0.401

      Epoch    GPU_mem   box_loss   cls_loss   dfl_loss  Instances       Size
     90/100      1.66G      1.102     0.5113     0.8736          8        640: 100%|██████████| 2233/2233 [07:12<00:00,  5.17it/s]
                 Class     Images  Instances      Box(P          R      mAP50  mAP50-95): 100%|██████████| 387/387 [00:45<00:00,  8.55it/s]
                   all       1547       9630      0.804      0.597      0.655      0.401
Closing dataloader mosaic

      Epoch    GPU_mem   box_loss   cls_loss   dfl_loss  Instances       Size
     91/100      1.66G      1.121     0.5267     0.8688          2        640: 100%|██████████| 2233/2233 [07:15<00:00,  5.13it/s]
                 Class     Images  Instances      Box(P          R      mAP50  mAP50-95): 100%|██████████| 387/387 [00:46<00:00,  8.24it/s]
                   all       1547       9630      0.821      0.594      0.657      0.401

      Epoch    GPU_mem   box_loss   cls_loss   dfl_loss  Instances       Size
     92/100      1.66G      1.112     0.5241     0.8729          2        640: 100%|██████████| 2233/2233 [07:12<00:00,  5.16it/s]
                 Class     Images  Instances      Box(P          R      mAP50  mAP50-95): 100%|██████████| 387/387 [00:45<00:00,  8.50it/s]
                   all       1547       9630      0.818      0.594      0.657      0.401

      Epoch    GPU_mem   box_loss   cls_loss   dfl_loss  Instances       Size
     93/100      1.66G      1.096     0.5147     0.8635         11        640: 100%|██████████| 2233/2233 [07:14<00:00,  5.13it/s]
                 Class     Images  Instances      Box(P          R      mAP50  mAP50-95): 100%|██████████| 387/387 [00:45<00:00,  8.55it/s]
                   all       1547       9630      0.814      0.594      0.659        0.4

      Epoch    GPU_mem   box_loss   cls_loss   dfl_loss  Instances       Size
     94/100      1.66G       1.11     0.5203     0.8727         13        640: 100%|██████████| 2233/2233 [07:18<00:00,  5.10it/s]
                 Class     Images  Instances      Box(P          R      mAP50  mAP50-95): 100%|██████████| 387/387 [00:45<00:00,  8.51it/s]
                   all       1547       9630      0.822      0.596      0.659      0.401

      Epoch    GPU_mem   box_loss   cls_loss   dfl_loss  Instances       Size
     95/100      1.66G      1.096     0.5175     0.8692          2        640: 100%|██████████| 2233/2233 [07:15<00:00,  5.13it/s]
                 Class     Images  Instances      Box(P          R      mAP50  mAP50-95): 100%|██████████| 387/387 [00:45<00:00,  8.42it/s]
                   all       1547       9630      0.823      0.597       0.66      0.401

      Epoch    GPU_mem   box_loss   cls_loss   dfl_loss  Instances       Size
     96/100      1.66G      1.086     0.5076      0.865          9        640: 100%|██████████| 2233/2233 [07:14<00:00,  5.15it/s]
                 Class     Images  Instances      Box(P          R      mAP50  mAP50-95): 100%|██████████| 387/387 [00:44<00:00,  8.69it/s]
                   all       1547       9630      0.818      0.595      0.659      0.401

      Epoch    GPU_mem   box_loss   cls_loss   dfl_loss  Instances       Size
     97/100      1.66G      1.095       0.51     0.8652          7        640: 100%|██████████| 2233/2233 [07:16<00:00,  5.12it/s]
                 Class     Images  Instances      Box(P          R      mAP50  mAP50-95): 100%|██████████| 387/387 [00:45<00:00,  8.45it/s]
                   all       1547       9630      0.819      0.597      0.659        0.4

      Epoch    GPU_mem   box_loss   cls_loss   dfl_loss  Instances       Size
     98/100      1.66G      1.091     0.5151     0.8701          1        640: 100%|██████████| 2233/2233 [07:13<00:00,  5.15it/s]
                 Class     Images  Instances      Box(P          R      mAP50  mAP50-95): 100%|██████████| 387/387 [00:44<00:00,  8.61it/s]
                   all       1547       9630      0.815      0.598      0.659        0.4

      Epoch    GPU_mem   box_loss   cls_loss   dfl_loss  Instances       Size
     99/100      1.66G      1.073     0.4964     0.8611          6        640: 100%|██████████| 2233/2233 [07:16<00:00,  5.12it/s]
                 Class     Images  Instances      Box(P          R      mAP50  mAP50-95): 100%|██████████| 387/387 [00:45<00:00,  8.57it/s]
                   all       1547       9630      0.816      0.598       0.66        0.4

      Epoch    GPU_mem   box_loss   cls_loss   dfl_loss  Instances       Size
    100/100      1.66G      1.061     0.4997     0.8634          8        640: 100%|██████████| 2233/2233 [07:12<00:00,  5.16it/s]
                 Class     Images  Instances      Box(P          R      mAP50  mAP50-95): 100%|██████████| 387/387 [00:45<00:00,  8.55it/s]
                   all       1547       9630      0.814      0.598      0.661        0.4

100 epochs completed in 13.224 hours.
Optimizer stripped from .yolo-out-sds3/yolo11-c-sds-2/weights/last.pt, 40.5MB
Optimizer stripped from .yolo-out-sds3/yolo11-c-sds-2/weights/best.pt, 40.5MB

Validating .yolo-out-sds3/yolo11-c-sds-2/weights/best.pt...
Ultralytics 8.3.150 🚀 Python-3.13.2 torch-2.6.0+cu118 CUDA:0 (Tesla T4, 14913MiB)
                                                       CUDA:1 (Tesla T4, 14913MiB)
YOLO11m summary (fused): 125 layers, 20,033,887 parameters, 0 gradients, 67.7 GFLOPs
                 Class     Images  Instances      Box(P          R      mAP50  mAP50-95): 100%|██████████| 387/387 [00:17<00:00, 21.62it/s]
                   all       1547       9630      0.805      0.597      0.657      0.401
               swimmer       1286       6206      0.799      0.667      0.705      0.307
                  boat        915       2214      0.934      0.858       0.92      0.687
                jetski        320        320      0.697      0.831      0.839      0.524
life_saving_appliances        191        330      0.698      0.124      0.237      0.101
                  buoy        352        560      0.899      0.502      0.586      0.386
Speed: 0.2ms preprocess, 6.3ms inference, 0.0ms loss, 1.3ms postprocess per image
Results saved to .yolo-out-sds3/yolo11-c-sds-2