Overriding model.yaml nc=80 with nc=8
WARNING ⚠️ no model scale passed. Assuming scale='m'.
Freezing layer 'model.20.dfl.conv.weight'
AMP: running Automatic Mixed Precision (AMP) checks...
AMP: checks passed ✅
train: Fast image access ✅ (ping: 0.1±0.0 ms, read: 192.8±38.6 MB/s, size: 50.5 KB)
train: Scanning /data2/jd1/datasets/kitti/labels/train.cache... 5985 images, 0 backgrounds, 0 corrupt: 100%|██████████| 5985/5985 [00:00<?, ?it/s]
val: Fast image access ✅ (ping: 0.0±0.0 ms, read: 1110.3±373.6 MB/s, size: 52.3 KB)
val: Scanning /data2/jd1/datasets/kitti/labels/val.cache... 1496 images, 0 backgrounds, 0 corrupt: 100%|██████████| 1496/1496 [00:00<?, ?it/s]
Plotting labels to yolo-kitti/yolo11a-kitti-3/labels.jpg...
optimizer: 'optimizer=auto' found, ignoring 'lr0=0.01' and 'momentum=0.937' and determining best 'optimizer', 'lr0' and 'momentum' automatically...
optimizer: AdamW(lr=0.000833, momentum=0.9) with parameter groups 95 weight(decay=0.0), 102 weight(decay=0.0005), 101 bias(decay=0.0)
Image sizes 640 train, 640 val
Using 16 dataloader workers
Logging results to yolo-kitti/yolo11a-kitti-3
Starting training for 100 epochs...

      Epoch    GPU_mem   box_loss   cls_loss   dfl_loss  Instances       Size
      1/100      5.78G      3.042       3.62      3.259          6        640: 100%|██████████| 375/375 [02:32<00:00,  2.46it/s]
                 Class     Images  Instances      Box(P          R      mAP50  mAP50-95): 100%|██████████| 94/94 [00:11<00:00,  8.05it/s]
                   all       1496       8128      0.665      0.064     0.0609     0.0241

      Epoch    GPU_mem   box_loss   cls_loss   dfl_loss  Instances       Size
      2/100      6.03G      2.037      2.064      2.114          8        640: 100%|██████████| 375/375 [02:30<00:00,  2.49it/s]
                 Class     Images  Instances      Box(P          R      mAP50  mAP50-95): 100%|██████████| 94/94 [00:11<00:00,  8.03it/s]
                   all       1496       8128      0.461      0.192      0.186     0.0973

      Epoch    GPU_mem   box_loss   cls_loss   dfl_loss  Instances       Size
      3/100      6.03G      1.747      1.662      1.847          4        640: 100%|██████████| 375/375 [02:29<00:00,  2.51it/s]
                 Class     Images  Instances      Box(P          R      mAP50  mAP50-95): 100%|██████████| 94/94 [00:12<00:00,  7.29it/s]
                   all       1496       8128      0.434      0.237      0.246      0.135

      Epoch    GPU_mem   box_loss   cls_loss   dfl_loss  Instances       Size
      4/100      6.03G      1.588      1.484       1.71         14        640: 100%|██████████| 375/375 [02:29<00:00,  2.51it/s]
                 Class     Images  Instances      Box(P          R      mAP50  mAP50-95): 100%|██████████| 94/94 [00:12<00:00,  7.40it/s]
                   all       1496       8128       0.48       0.36      0.324       0.18

      Epoch    GPU_mem   box_loss   cls_loss   dfl_loss  Instances       Size
      5/100      6.03G      1.486      1.329      1.615          6        640: 100%|██████████| 375/375 [02:29<00:00,  2.51it/s]
                 Class     Images  Instances      Box(P          R      mAP50  mAP50-95): 100%|██████████| 94/94 [00:12<00:00,  7.40it/s]
                   all       1496       8128      0.613      0.344      0.383      0.221

      Epoch    GPU_mem   box_loss   cls_loss   dfl_loss  Instances       Size
      6/100      6.03G       1.42      1.236      1.553          5        640: 100%|██████████| 375/375 [02:30<00:00,  2.50it/s]
                 Class     Images  Instances      Box(P          R      mAP50  mAP50-95): 100%|██████████| 94/94 [00:12<00:00,  7.42it/s]
                   all       1496       8128      0.585      0.422      0.427      0.255

      Epoch    GPU_mem   box_loss   cls_loss   dfl_loss  Instances       Size
      7/100      6.03G      1.354      1.161      1.503         10        640: 100%|██████████| 375/375 [02:27<00:00,  2.53it/s]
                 Class     Images  Instances      Box(P          R      mAP50  mAP50-95): 100%|██████████| 94/94 [00:11<00:00,  8.18it/s]
                   all       1496       8128      0.645      0.412      0.464      0.276

      Epoch    GPU_mem   box_loss   cls_loss   dfl_loss  Instances       Size
      8/100      6.03G      1.309      1.104      1.473         13        640: 100%|██████████| 375/375 [02:27<00:00,  2.54it/s]
                 Class     Images  Instances      Box(P          R      mAP50  mAP50-95): 100%|██████████| 94/94 [00:11<00:00,  8.21it/s]
                   all       1496       8128      0.602      0.466      0.519      0.315

      Epoch    GPU_mem   box_loss   cls_loss   dfl_loss  Instances       Size
      9/100      6.03G      1.259      1.043      1.431         18        640: 100%|██████████| 375/375 [02:27<00:00,  2.54it/s]
                 Class     Images  Instances      Box(P          R      mAP50  mAP50-95): 100%|██████████| 94/94 [00:11<00:00,  8.20it/s]
                   all       1496       8128      0.587      0.522      0.537      0.327

      Epoch    GPU_mem   box_loss   cls_loss   dfl_loss  Instances       Size
     10/100      6.03G      1.238      1.001      1.412          9        640: 100%|██████████| 375/375 [02:27<00:00,  2.54it/s]
                 Class     Images  Instances      Box(P          R      mAP50  mAP50-95): 100%|██████████| 94/94 [00:12<00:00,  7.80it/s]
                   all       1496       8128      0.658      0.521      0.591      0.362

      Epoch    GPU_mem   box_loss   cls_loss   dfl_loss  Instances       Size
     11/100      6.03G      1.205     0.9624      1.385          5        640: 100%|██████████| 375/375 [02:27<00:00,  2.54it/s]
                 Class     Images  Instances      Box(P          R      mAP50  mAP50-95): 100%|██████████| 94/94 [00:11<00:00,  8.22it/s]
                   all       1496       8128      0.666      0.551      0.592      0.361

      Epoch    GPU_mem   box_loss   cls_loss   dfl_loss  Instances       Size
     12/100      6.03G      1.195     0.9467      1.381         16        640: 100%|██████████| 375/375 [02:27<00:00,  2.55it/s]
                 Class     Images  Instances      Box(P          R      mAP50  mAP50-95): 100%|██████████| 94/94 [00:11<00:00,  8.24it/s]
                   all       1496       8128      0.652       0.59      0.637      0.397

      Epoch    GPU_mem   box_loss   cls_loss   dfl_loss  Instances       Size
     13/100      6.03G      1.158     0.9031      1.354          4        640: 100%|██████████| 375/375 [02:27<00:00,  2.55it/s]
                 Class     Images  Instances      Box(P          R      mAP50  mAP50-95): 100%|██████████| 94/94 [00:11<00:00,  8.24it/s]
                   all       1496       8128      0.688      0.557       0.64      0.408

      Epoch    GPU_mem   box_loss   cls_loss   dfl_loss  Instances       Size
     14/100      6.03G      1.137     0.8887      1.346          7        640: 100%|██████████| 375/375 [02:27<00:00,  2.54it/s]
                 Class     Images  Instances      Box(P          R      mAP50  mAP50-95): 100%|██████████| 94/94 [00:11<00:00,  8.25it/s]
                   all       1496       8128      0.711      0.595      0.674      0.434

      Epoch    GPU_mem   box_loss   cls_loss   dfl_loss  Instances       Size
     15/100      6.03G      1.134     0.8717      1.338          4        640: 100%|██████████| 375/375 [02:27<00:00,  2.54it/s]
                 Class     Images  Instances      Box(P          R      mAP50  mAP50-95): 100%|██████████| 94/94 [00:11<00:00,  8.25it/s]
                   all       1496       8128      0.681       0.63      0.682       0.44

      Epoch    GPU_mem   box_loss   cls_loss   dfl_loss  Instances       Size
     16/100      6.03G        1.1     0.8421      1.317          9        640: 100%|██████████| 375/375 [02:27<00:00,  2.55it/s]
                 Class     Images  Instances      Box(P          R      mAP50  mAP50-95): 100%|██████████| 94/94 [00:11<00:00,  8.24it/s]
                   all       1496       8128      0.711       0.62      0.694      0.455

      Epoch    GPU_mem   box_loss   cls_loss   dfl_loss  Instances       Size
     17/100      6.03G      1.095      0.824      1.309         11        640: 100%|██████████| 375/375 [02:26<00:00,  2.56it/s]
                 Class     Images  Instances      Box(P          R      mAP50  mAP50-95): 100%|██████████| 94/94 [00:11<00:00,  8.24it/s]
                   all       1496       8128      0.688      0.624      0.691       0.45

      Epoch    GPU_mem   box_loss   cls_loss   dfl_loss  Instances       Size
     18/100      6.03G      1.077     0.8031      1.295         17        640: 100%|██████████| 375/375 [02:26<00:00,  2.56it/s]
                 Class     Images  Instances      Box(P          R      mAP50  mAP50-95): 100%|██████████| 94/94 [00:11<00:00,  8.24it/s]
                   all       1496       8128      0.723       0.65      0.716      0.473

      Epoch    GPU_mem   box_loss   cls_loss   dfl_loss  Instances       Size
     19/100      6.06G       1.07     0.8018      1.289          7        640: 100%|██████████| 375/375 [02:26<00:00,  2.56it/s]
                 Class     Images  Instances      Box(P          R      mAP50  mAP50-95): 100%|██████████| 94/94 [00:12<00:00,  7.47it/s]
                   all       1496       8128      0.724      0.651      0.723      0.472

      Epoch    GPU_mem   box_loss   cls_loss   dfl_loss  Instances       Size
     20/100      6.06G      1.057     0.7823      1.281          5        640: 100%|██████████| 375/375 [02:28<00:00,  2.52it/s]
                 Class     Images  Instances      Box(P          R      mAP50  mAP50-95): 100%|██████████| 94/94 [00:11<00:00,  8.23it/s]
                   all       1496       8128      0.729      0.689      0.743      0.493

      Epoch    GPU_mem   box_loss   cls_loss   dfl_loss  Instances       Size
     21/100      6.06G      1.035     0.7628      1.266         10        640: 100%|██████████| 375/375 [02:26<00:00,  2.55it/s]
                 Class     Images  Instances      Box(P          R      mAP50  mAP50-95): 100%|██████████| 94/94 [00:11<00:00,  8.24it/s]
                   all       1496       8128      0.747      0.665      0.738      0.487

      Epoch    GPU_mem   box_loss   cls_loss   dfl_loss  Instances       Size
     22/100      6.06G      1.024      0.752       1.26         16        640: 100%|██████████| 375/375 [02:26<00:00,  2.56it/s]
                 Class     Images  Instances      Box(P          R      mAP50  mAP50-95): 100%|██████████| 94/94 [00:11<00:00,  8.25it/s]
                   all       1496       8128      0.749      0.688      0.749      0.503

      Epoch    GPU_mem   box_loss   cls_loss   dfl_loss  Instances       Size
     23/100      6.06G      1.009     0.7428      1.249          5        640: 100%|██████████| 375/375 [02:26<00:00,  2.56it/s]
                 Class     Images  Instances      Box(P          R      mAP50  mAP50-95): 100%|██████████| 94/94 [00:11<00:00,  8.11it/s]
                   all       1496       8128      0.749      0.704      0.763      0.515

      Epoch    GPU_mem   box_loss   cls_loss   dfl_loss  Instances       Size
     24/100      6.06G      1.003     0.7269      1.241          6        640: 100%|██████████| 375/375 [02:26<00:00,  2.55it/s]
                 Class     Images  Instances      Box(P          R      mAP50  mAP50-95): 100%|██████████| 94/94 [00:11<00:00,  8.24it/s]
                   all       1496       8128      0.751      0.683      0.766      0.519

      Epoch    GPU_mem   box_loss   cls_loss   dfl_loss  Instances       Size
     25/100      6.06G     0.9843     0.7019      1.233         14        640: 100%|██████████| 375/375 [02:26<00:00,  2.55it/s]
                 Class     Images  Instances      Box(P          R      mAP50  mAP50-95): 100%|██████████| 94/94 [00:11<00:00,  8.25it/s]
                   all       1496       8128       0.79      0.705      0.783      0.536

      Epoch    GPU_mem   box_loss   cls_loss   dfl_loss  Instances       Size
     26/100      6.06G     0.9908     0.7078      1.233          9        640: 100%|██████████| 375/375 [02:28<00:00,  2.53it/s]
                 Class     Images  Instances      Box(P          R      mAP50  mAP50-95): 100%|██████████| 94/94 [00:11<00:00,  8.24it/s]
                   all       1496       8128      0.802      0.676      0.794      0.539

      Epoch    GPU_mem   box_loss   cls_loss   dfl_loss  Instances       Size
     27/100      6.06G      0.976     0.6994       1.23         10        640: 100%|██████████| 375/375 [02:28<00:00,  2.53it/s]
                 Class     Images  Instances      Box(P          R      mAP50  mAP50-95): 100%|██████████| 94/94 [00:11<00:00,  8.25it/s]
                   all       1496       8128      0.795      0.698      0.773      0.527

      Epoch    GPU_mem   box_loss   cls_loss   dfl_loss  Instances       Size
     28/100      6.06G      0.971     0.6888       1.22         13        640: 100%|██████████| 375/375 [02:27<00:00,  2.54it/s]
                 Class     Images  Instances      Box(P          R      mAP50  mAP50-95): 100%|██████████| 94/94 [00:11<00:00,  8.26it/s]
                   all       1496       8128      0.796      0.713      0.791      0.546

      Epoch    GPU_mem   box_loss   cls_loss   dfl_loss  Instances       Size
     29/100      6.06G     0.9682     0.6835       1.21          8        640: 100%|██████████| 375/375 [02:26<00:00,  2.55it/s]
                 Class     Images  Instances      Box(P          R      mAP50  mAP50-95): 100%|██████████| 94/94 [00:11<00:00,  8.25it/s]
                   all       1496       8128      0.789      0.716      0.799      0.559

      Epoch    GPU_mem   box_loss   cls_loss   dfl_loss  Instances       Size
     30/100      6.06G     0.9492     0.6748      1.202         19        640: 100%|██████████| 375/375 [02:26<00:00,  2.55it/s]
                 Class     Images  Instances      Box(P          R      mAP50  mAP50-95): 100%|██████████| 94/94 [00:11<00:00,  8.26it/s]
                   all       1496       8128      0.769      0.728      0.787      0.548

      Epoch    GPU_mem   box_loss   cls_loss   dfl_loss  Instances       Size
     31/100      6.06G      0.946      0.663        1.2         16        640: 100%|██████████| 375/375 [02:26<00:00,  2.55it/s]
                 Class     Images  Instances      Box(P          R      mAP50  mAP50-95): 100%|██████████| 94/94 [00:11<00:00,  8.25it/s]
                   all       1496       8128       0.79      0.728      0.808      0.564

      Epoch    GPU_mem   box_loss   cls_loss   dfl_loss  Instances       Size
     32/100      6.06G     0.9343     0.6485      1.196          7        640: 100%|██████████| 375/375 [02:29<00:00,  2.51it/s]
                 Class     Images  Instances      Box(P          R      mAP50  mAP50-95): 100%|██████████| 94/94 [00:12<00:00,  7.81it/s]
                   all       1496       8128       0.85      0.704      0.827      0.577

      Epoch    GPU_mem   box_loss   cls_loss   dfl_loss  Instances       Size
     33/100      6.06G     0.9385     0.6579      1.199          3        640: 100%|██████████| 375/375 [02:26<00:00,  2.56it/s]
                 Class     Images  Instances      Box(P          R      mAP50  mAP50-95): 100%|██████████| 94/94 [00:11<00:00,  8.24it/s]
                   all       1496       8128      0.788      0.729       0.81      0.574

      Epoch    GPU_mem   box_loss   cls_loss   dfl_loss  Instances       Size
     34/100      6.06G     0.9157     0.6319      1.177          6        640: 100%|██████████| 375/375 [02:27<00:00,  2.55it/s]
                 Class     Images  Instances      Box(P          R      mAP50  mAP50-95): 100%|██████████| 94/94 [00:11<00:00,  8.25it/s]
                   all       1496       8128      0.781      0.754      0.809       0.58

      Epoch    GPU_mem   box_loss   cls_loss   dfl_loss  Instances       Size
     35/100      6.06G     0.9185     0.6337      1.187         17        640: 100%|██████████| 375/375 [02:28<00:00,  2.52it/s]
                 Class     Images  Instances      Box(P          R      mAP50  mAP50-95): 100%|██████████| 94/94 [00:11<00:00,  8.21it/s]
                   all       1496       8128      0.791      0.767      0.817      0.578

      Epoch    GPU_mem   box_loss   cls_loss   dfl_loss  Instances       Size
     36/100      6.06G     0.9181     0.6345      1.185          5        640: 100%|██████████| 375/375 [02:27<00:00,  2.54it/s]
                 Class     Images  Instances      Box(P          R      mAP50  mAP50-95): 100%|██████████| 94/94 [00:11<00:00,  8.24it/s]
                   all       1496       8128      0.798      0.769      0.829      0.587

      Epoch    GPU_mem   box_loss   cls_loss   dfl_loss  Instances       Size
     37/100      6.06G     0.8848     0.6073      1.162         20        640: 100%|██████████| 375/375 [02:28<00:00,  2.53it/s]
                 Class     Images  Instances      Box(P          R      mAP50  mAP50-95): 100%|██████████| 94/94 [00:11<00:00,  8.27it/s]
                   all       1496       8128      0.819      0.761      0.835      0.589

      Epoch    GPU_mem   box_loss   cls_loss   dfl_loss  Instances       Size
     38/100      6.06G     0.8852      0.607       1.16          4        640: 100%|██████████| 375/375 [02:27<00:00,  2.55it/s]
                 Class     Images  Instances      Box(P          R      mAP50  mAP50-95): 100%|██████████| 94/94 [00:11<00:00,  8.26it/s]
                   all       1496       8128       0.76      0.788       0.84      0.599

      Epoch    GPU_mem   box_loss   cls_loss   dfl_loss  Instances       Size
     39/100      6.06G     0.8892     0.6046      1.161          5        640: 100%|██████████| 375/375 [02:26<00:00,  2.56it/s]
                 Class     Images  Instances      Box(P          R      mAP50  mAP50-95): 100%|██████████| 94/94 [00:11<00:00,  8.27it/s]
                   all       1496       8128      0.834       0.77      0.841      0.602

      Epoch    GPU_mem   box_loss   cls_loss   dfl_loss  Instances       Size
     40/100      6.06G     0.8773     0.5959      1.157          8        640: 100%|██████████| 375/375 [02:27<00:00,  2.55it/s]
                 Class     Images  Instances      Box(P          R      mAP50  mAP50-95): 100%|██████████| 94/94 [00:11<00:00,  8.27it/s]
                   all       1496       8128      0.808      0.777      0.843      0.606

      Epoch    GPU_mem   box_loss   cls_loss   dfl_loss  Instances       Size
     41/100      6.06G     0.8846     0.6019      1.164         19        640: 100%|██████████| 375/375 [02:26<00:00,  2.56it/s]
                 Class     Images  Instances      Box(P          R      mAP50  mAP50-95): 100%|██████████| 94/94 [00:11<00:00,  8.27it/s]
                   all       1496       8128      0.829      0.769      0.837      0.609

      Epoch    GPU_mem   box_loss   cls_loss   dfl_loss  Instances       Size
     42/100      6.06G      0.867     0.5846      1.149          7        640: 100%|██████████| 375/375 [02:26<00:00,  2.56it/s]
                 Class     Images  Instances      Box(P          R      mAP50  mAP50-95): 100%|██████████| 94/94 [00:11<00:00,  8.27it/s]
                   all       1496       8128      0.834      0.775      0.845      0.615

      Epoch    GPU_mem   box_loss   cls_loss   dfl_loss  Instances       Size
     43/100      6.06G     0.8608     0.5803      1.144         21        640: 100%|██████████| 375/375 [02:26<00:00,  2.56it/s]
                 Class     Images  Instances      Box(P          R      mAP50  mAP50-95): 100%|██████████| 94/94 [00:11<00:00,  8.26it/s]
                   all       1496       8128      0.794      0.786      0.846      0.611

      Epoch    GPU_mem   box_loss   cls_loss   dfl_loss  Instances       Size
     44/100      6.06G     0.8583     0.5759      1.137          1        640: 100%|██████████| 375/375 [02:26<00:00,  2.55it/s]
                 Class     Images  Instances      Box(P          R      mAP50  mAP50-95): 100%|██████████| 94/94 [00:11<00:00,  8.27it/s]
                   all       1496       8128      0.818      0.775      0.848      0.614

      Epoch    GPU_mem   box_loss   cls_loss   dfl_loss  Instances       Size
     45/100      6.06G     0.8485     0.5717      1.135          5        640: 100%|██████████| 375/375 [02:25<00:00,  2.57it/s]
                 Class     Images  Instances      Box(P          R      mAP50  mAP50-95): 100%|██████████| 94/94 [00:11<00:00,  8.26it/s]
                   all       1496       8128      0.821      0.793      0.852      0.624

      Epoch    GPU_mem   box_loss   cls_loss   dfl_loss  Instances       Size
     46/100      6.06G     0.8505     0.5702      1.138          6        640: 100%|██████████| 375/375 [02:26<00:00,  2.55it/s]
                 Class     Images  Instances      Box(P          R      mAP50  mAP50-95): 100%|██████████| 94/94 [00:11<00:00,  8.26it/s]
                   all       1496       8128      0.853      0.797      0.862       0.63

      Epoch    GPU_mem   box_loss   cls_loss   dfl_loss  Instances       Size
     47/100      6.06G     0.8356     0.5613      1.124         20        640: 100%|██████████| 375/375 [02:26<00:00,  2.56it/s]
                 Class     Images  Instances      Box(P          R      mAP50  mAP50-95): 100%|██████████| 94/94 [00:11<00:00,  8.26it/s]
                   all       1496       8128      0.837      0.797      0.863       0.63

      Epoch    GPU_mem   box_loss   cls_loss   dfl_loss  Instances       Size
     48/100      6.06G      0.834     0.5541      1.124          9        640: 100%|██████████| 375/375 [02:27<00:00,  2.55it/s]
                 Class     Images  Instances      Box(P          R      mAP50  mAP50-95): 100%|██████████| 94/94 [00:11<00:00,  8.26it/s]
                   all       1496       8128      0.845      0.797      0.865      0.634

      Epoch    GPU_mem   box_loss   cls_loss   dfl_loss  Instances       Size
     49/100      6.06G     0.8299     0.5541      1.124         14        640: 100%|██████████| 375/375 [02:26<00:00,  2.56it/s]
                 Class     Images  Instances      Box(P          R      mAP50  mAP50-95): 100%|██████████| 94/94 [00:11<00:00,  8.26it/s]
                   all       1496       8128      0.839      0.793      0.857      0.628

      Epoch    GPU_mem   box_loss   cls_loss   dfl_loss  Instances       Size
     50/100      6.06G     0.8229     0.5448      1.119         16        640: 100%|██████████| 375/375 [02:26<00:00,  2.56it/s]
                 Class     Images  Instances      Box(P          R      mAP50  mAP50-95): 100%|██████████| 94/94 [00:11<00:00,  8.25it/s]
                   all       1496       8128      0.838      0.803      0.864      0.637

      Epoch    GPU_mem   box_loss   cls_loss   dfl_loss  Instances       Size
     51/100      6.06G     0.8181     0.5417      1.119          5        640: 100%|██████████| 375/375 [02:26<00:00,  2.56it/s]
                 Class     Images  Instances      Box(P          R      mAP50  mAP50-95): 100%|██████████| 94/94 [00:11<00:00,  8.26it/s]
                   all       1496       8128      0.858      0.804      0.869      0.639

      Epoch    GPU_mem   box_loss   cls_loss   dfl_loss  Instances       Size
     52/100      6.06G     0.8154     0.5436      1.116         10        640: 100%|██████████| 375/375 [02:27<00:00,  2.53it/s]
                 Class     Images  Instances      Box(P          R      mAP50  mAP50-95): 100%|██████████| 94/94 [00:11<00:00,  8.26it/s]
                   all       1496       8128      0.832      0.817      0.872      0.646

      Epoch    GPU_mem   box_loss   cls_loss   dfl_loss  Instances       Size
     53/100      6.06G     0.8119      0.536      1.109          4        640: 100%|██████████| 375/375 [02:26<00:00,  2.55it/s]
                 Class     Images  Instances      Box(P          R      mAP50  mAP50-95): 100%|██████████| 94/94 [00:11<00:00,  8.26it/s]
                   all       1496       8128      0.837      0.799      0.865       0.64

      Epoch    GPU_mem   box_loss   cls_loss   dfl_loss  Instances       Size
     54/100      6.06G     0.7989      0.527      1.103          2        640: 100%|██████████| 375/375 [02:27<00:00,  2.55it/s]
                 Class     Images  Instances      Box(P          R      mAP50  mAP50-95): 100%|██████████| 94/94 [00:11<00:00,  8.27it/s]
                   all       1496       8128       0.85      0.796      0.862      0.642

      Epoch    GPU_mem   box_loss   cls_loss   dfl_loss  Instances       Size
     55/100      6.06G     0.7964     0.5214      1.097          6        640: 100%|██████████| 375/375 [02:27<00:00,  2.54it/s]
                 Class     Images  Instances      Box(P          R      mAP50  mAP50-95): 100%|██████████| 94/94 [00:11<00:00,  8.25it/s]
                   all       1496       8128      0.863      0.803      0.876      0.652

      Epoch    GPU_mem   box_loss   cls_loss   dfl_loss  Instances       Size
     56/100      6.06G     0.7947     0.5256      1.094          5        640: 100%|██████████| 375/375 [02:27<00:00,  2.55it/s]
                 Class     Images  Instances      Box(P          R      mAP50  mAP50-95): 100%|██████████| 94/94 [00:11<00:00,  8.25it/s]
                   all       1496       8128      0.854      0.809      0.876      0.651

      Epoch    GPU_mem   box_loss   cls_loss   dfl_loss  Instances       Size
     57/100      6.06G     0.7927     0.5181      1.095         13        640: 100%|██████████| 375/375 [02:26<00:00,  2.55it/s]
                 Class     Images  Instances      Box(P          R      mAP50  mAP50-95): 100%|██████████| 94/94 [00:11<00:00,  8.25it/s]
                   all       1496       8128      0.837      0.831      0.876      0.652

      Epoch    GPU_mem   box_loss   cls_loss   dfl_loss  Instances       Size
     58/100      6.06G     0.7852     0.5102      1.092          9        640: 100%|██████████| 375/375 [02:26<00:00,  2.56it/s]
                 Class     Images  Instances      Box(P          R      mAP50  mAP50-95): 100%|██████████| 94/94 [00:11<00:00,  8.25it/s]
                   all       1496       8128      0.876      0.808      0.882      0.657

      Epoch    GPU_mem   box_loss   cls_loss   dfl_loss  Instances       Size
     59/100      6.06G     0.7679     0.5011      1.082         17        640: 100%|██████████| 375/375 [02:27<00:00,  2.55it/s]
                 Class     Images  Instances      Box(P          R      mAP50  mAP50-95): 100%|██████████| 94/94 [00:11<00:00,  8.27it/s]
                   all       1496       8128      0.865      0.821      0.883       0.66

      Epoch    GPU_mem   box_loss   cls_loss   dfl_loss  Instances       Size
     60/100      6.06G     0.7674     0.5042      1.086         15        640: 100%|██████████| 375/375 [02:27<00:00,  2.55it/s]
                 Class     Images  Instances      Box(P          R      mAP50  mAP50-95): 100%|██████████| 94/94 [00:11<00:00,  8.27it/s]
                   all       1496       8128      0.875      0.814      0.883      0.659

      Epoch    GPU_mem   box_loss   cls_loss   dfl_loss  Instances       Size
     61/100      6.06G     0.7666     0.5013       1.08         15        640: 100%|██████████| 375/375 [02:26<00:00,  2.55it/s]
                 Class     Images  Instances      Box(P          R      mAP50  mAP50-95): 100%|██████████| 94/94 [00:11<00:00,  8.26it/s]
                   all       1496       8128      0.864      0.819      0.883      0.662

      Epoch    GPU_mem   box_loss   cls_loss   dfl_loss  Instances       Size
     62/100      6.06G     0.7667     0.4971      1.081          2        640: 100%|██████████| 375/375 [02:27<00:00,  2.55it/s]
                 Class     Images  Instances      Box(P          R      mAP50  mAP50-95): 100%|██████████| 94/94 [00:11<00:00,  8.27it/s]
                   all       1496       8128      0.903      0.794      0.889      0.667

      Epoch    GPU_mem   box_loss   cls_loss   dfl_loss  Instances       Size
     63/100      6.06G     0.7554     0.4866      1.073          2        640: 100%|██████████| 375/375 [02:27<00:00,  2.54it/s]
                 Class     Images  Instances      Box(P          R      mAP50  mAP50-95): 100%|██████████| 94/94 [00:11<00:00,  8.27it/s]
                   all       1496       8128      0.904      0.799      0.891      0.672

      Epoch    GPU_mem   box_loss   cls_loss   dfl_loss  Instances       Size
     64/100      6.06G     0.7549     0.4906      1.075         17        640: 100%|██████████| 375/375 [02:27<00:00,  2.55it/s]
                 Class     Images  Instances      Box(P          R      mAP50  mAP50-95): 100%|██████████| 94/94 [00:11<00:00,  8.25it/s]
                   all       1496       8128      0.885      0.812      0.895      0.676

      Epoch    GPU_mem   box_loss   cls_loss   dfl_loss  Instances       Size
     65/100      6.06G     0.7598     0.4942      1.076         13        640: 100%|██████████| 375/375 [02:27<00:00,  2.55it/s]
                 Class     Images  Instances      Box(P          R      mAP50  mAP50-95): 100%|██████████| 94/94 [00:11<00:00,  8.26it/s]
                   all       1496       8128      0.859      0.845      0.896      0.677

      Epoch    GPU_mem   box_loss   cls_loss   dfl_loss  Instances       Size
     66/100      6.06G      0.749     0.4931      1.068          9        640: 100%|██████████| 375/375 [02:27<00:00,  2.55it/s]
                 Class     Images  Instances      Box(P          R      mAP50  mAP50-95): 100%|██████████| 94/94 [00:11<00:00,  8.27it/s]
                   all       1496       8128      0.907      0.819      0.896      0.678

      Epoch    GPU_mem   box_loss   cls_loss   dfl_loss  Instances       Size
     67/100      6.06G      0.743     0.4836      1.067         14        640: 100%|██████████| 375/375 [02:26<00:00,  2.55it/s]
                 Class     Images  Instances      Box(P          R      mAP50  mAP50-95): 100%|██████████| 94/94 [00:11<00:00,  8.25it/s]
                   all       1496       8128      0.868      0.834      0.898      0.678

      Epoch    GPU_mem   box_loss   cls_loss   dfl_loss  Instances       Size
     68/100      6.06G     0.7401     0.4804      1.061         22        640: 100%|██████████| 375/375 [02:26<00:00,  2.56it/s]
                 Class     Images  Instances      Box(P          R      mAP50  mAP50-95): 100%|██████████| 94/94 [00:11<00:00,  8.26it/s]
                   all       1496       8128      0.879      0.831      0.896      0.678

      Epoch    GPU_mem   box_loss   cls_loss   dfl_loss  Instances       Size
     69/100      6.06G     0.7395     0.4829      1.066          7        640: 100%|██████████| 375/375 [02:27<00:00,  2.54it/s]
                 Class     Images  Instances      Box(P          R      mAP50  mAP50-95): 100%|██████████| 94/94 [00:11<00:00,  8.28it/s]
                   all       1496       8128       0.88       0.82      0.895      0.679

      Epoch    GPU_mem   box_loss   cls_loss   dfl_loss  Instances       Size
     70/100      6.06G     0.7289      0.473      1.063          4        640: 100%|██████████| 375/375 [02:26<00:00,  2.55it/s]
                 Class     Images  Instances      Box(P          R      mAP50  mAP50-95): 100%|██████████| 94/94 [00:11<00:00,  8.25it/s]
                   all       1496       8128      0.882      0.828      0.896      0.678

      Epoch    GPU_mem   box_loss   cls_loss   dfl_loss  Instances       Size
     71/100      6.06G     0.7354     0.4723      1.058         26        640: 100%|██████████| 375/375 [02:26<00:00,  2.56it/s]
                 Class     Images  Instances      Box(P          R      mAP50  mAP50-95): 100%|██████████| 94/94 [00:11<00:00,  8.26it/s]
                   all       1496       8128      0.896      0.825        0.9      0.682

      Epoch    GPU_mem   box_loss   cls_loss   dfl_loss  Instances       Size
     72/100      6.06G     0.7203     0.4662      1.053         15        640: 100%|██████████| 375/375 [02:26<00:00,  2.55it/s]
                 Class     Images  Instances      Box(P          R      mAP50  mAP50-95): 100%|██████████| 94/94 [00:11<00:00,  8.28it/s]
                   all       1496       8128      0.905      0.817      0.896      0.683

      Epoch    GPU_mem   box_loss   cls_loss   dfl_loss  Instances       Size
     73/100      6.06G     0.7208     0.4675      1.048          6        640: 100%|██████████| 375/375 [02:26<00:00,  2.55it/s]
                 Class     Images  Instances      Box(P          R      mAP50  mAP50-95): 100%|██████████| 94/94 [00:11<00:00,  8.27it/s]
                   all       1496       8128      0.901      0.814      0.896      0.681

      Epoch    GPU_mem   box_loss   cls_loss   dfl_loss  Instances       Size
     74/100      6.06G     0.7148     0.4616      1.046         11        640: 100%|██████████| 375/375 [02:26<00:00,  2.56it/s]
                 Class     Images  Instances      Box(P          R      mAP50  mAP50-95): 100%|██████████| 94/94 [00:11<00:00,  8.28it/s]
                   all       1496       8128      0.882      0.829      0.895      0.684

      Epoch    GPU_mem   box_loss   cls_loss   dfl_loss  Instances       Size
     75/100      6.06G     0.7213     0.4681      1.055          7        640: 100%|██████████| 375/375 [02:27<00:00,  2.54it/s]
                 Class     Images  Instances      Box(P          R      mAP50  mAP50-95): 100%|██████████| 94/94 [00:11<00:00,  8.31it/s]
                   all       1496       8128      0.884      0.841      0.895      0.681

      Epoch    GPU_mem   box_loss   cls_loss   dfl_loss  Instances       Size
     76/100      6.06G      0.708     0.4527      1.043          6        640: 100%|██████████| 375/375 [02:27<00:00,  2.54it/s]
                 Class     Images  Instances      Box(P          R      mAP50  mAP50-95): 100%|██████████| 94/94 [00:11<00:00,  8.27it/s]
                   all       1496       8128      0.878      0.846      0.898      0.682

      Epoch    GPU_mem   box_loss   cls_loss   dfl_loss  Instances       Size
     77/100      6.06G     0.7078     0.4536       1.04          6        640: 100%|██████████| 375/375 [02:26<00:00,  2.56it/s]
                 Class     Images  Instances      Box(P          R      mAP50  mAP50-95): 100%|██████████| 94/94 [00:11<00:00,  8.26it/s]
                   all       1496       8128      0.891      0.837        0.9      0.689

      Epoch    GPU_mem   box_loss   cls_loss   dfl_loss  Instances       Size
     78/100      6.06G     0.7067     0.4588      1.044         10        640: 100%|██████████| 375/375 [02:26<00:00,  2.55it/s]
                 Class     Images  Instances      Box(P          R      mAP50  mAP50-95): 100%|██████████| 94/94 [00:11<00:00,  8.26it/s]
                   all       1496       8128      0.885      0.835      0.902      0.691

      Epoch    GPU_mem   box_loss   cls_loss   dfl_loss  Instances       Size
     79/100      6.06G     0.7015     0.4525      1.039          2        640: 100%|██████████| 375/375 [02:26<00:00,  2.55it/s]
                 Class     Images  Instances      Box(P          R      mAP50  mAP50-95): 100%|██████████| 94/94 [00:11<00:00,  8.26it/s]
                   all       1496       8128      0.902      0.839      0.903      0.693

      Epoch    GPU_mem   box_loss   cls_loss   dfl_loss  Instances       Size
     80/100      6.06G     0.7039     0.4514      1.038         13        640: 100%|██████████| 375/375 [02:26<00:00,  2.55it/s]
                 Class     Images  Instances      Box(P          R      mAP50  mAP50-95): 100%|██████████| 94/94 [00:11<00:00,  8.26it/s]
                   all       1496       8128      0.892      0.841      0.904      0.692

      Epoch    GPU_mem   box_loss   cls_loss   dfl_loss  Instances       Size
     81/100      6.06G     0.6849     0.4391      1.031         18        640: 100%|██████████| 375/375 [02:26<00:00,  2.56it/s]
                 Class     Images  Instances      Box(P          R      mAP50  mAP50-95): 100%|██████████| 94/94 [00:11<00:00,  8.26it/s]
                   all       1496       8128      0.912      0.825      0.906      0.695

      Epoch    GPU_mem   box_loss   cls_loss   dfl_loss  Instances       Size
     82/100      6.06G     0.7024     0.4536      1.043          8        640: 100%|██████████| 375/375 [02:27<00:00,  2.55it/s]
                 Class     Images  Instances      Box(P          R      mAP50  mAP50-95): 100%|██████████| 94/94 [00:11<00:00,  8.26it/s]
                   all       1496       8128      0.916       0.83      0.906      0.697

      Epoch    GPU_mem   box_loss   cls_loss   dfl_loss  Instances       Size
     83/100      6.06G     0.6898     0.4428      1.034          2        640: 100%|██████████| 375/375 [02:27<00:00,  2.55it/s]
                 Class     Images  Instances      Box(P          R      mAP50  mAP50-95): 100%|██████████| 94/94 [00:11<00:00,  8.30it/s]
                   all       1496       8128      0.894      0.843      0.905      0.699

      Epoch    GPU_mem   box_loss   cls_loss   dfl_loss  Instances       Size
     84/100      6.06G     0.6797     0.4369      1.027         19        640: 100%|██████████| 375/375 [02:27<00:00,  2.55it/s]
                 Class     Images  Instances      Box(P          R      mAP50  mAP50-95): 100%|██████████| 94/94 [00:11<00:00,  8.25it/s]
                   all       1496       8128      0.919      0.824      0.904      0.695

      Epoch    GPU_mem   box_loss   cls_loss   dfl_loss  Instances       Size
     85/100      6.06G     0.6896     0.4442      1.032          5        640: 100%|██████████| 375/375 [02:26<00:00,  2.56it/s]
                 Class     Images  Instances      Box(P          R      mAP50  mAP50-95): 100%|██████████| 94/94 [00:11<00:00,  8.28it/s]
                   all       1496       8128      0.917      0.827      0.903      0.695

      Epoch    GPU_mem   box_loss   cls_loss   dfl_loss  Instances       Size
     86/100      6.06G     0.6751     0.4302      1.022          8        640: 100%|██████████| 375/375 [02:26<00:00,  2.56it/s]
                 Class     Images  Instances      Box(P          R      mAP50  mAP50-95): 100%|██████████| 94/94 [00:11<00:00,  8.30it/s]
                   all       1496       8128      0.909      0.834      0.903      0.698

      Epoch    GPU_mem   box_loss   cls_loss   dfl_loss  Instances       Size
     87/100      6.06G     0.6787     0.4366      1.022         20        640: 100%|██████████| 375/375 [02:26<00:00,  2.56it/s]
                 Class     Images  Instances      Box(P          R      mAP50  mAP50-95): 100%|██████████| 94/94 [00:11<00:00,  8.28it/s]
                   all       1496       8128      0.888      0.845      0.902      0.698

      Epoch    GPU_mem   box_loss   cls_loss   dfl_loss  Instances       Size
     88/100      6.06G     0.6678     0.4264      1.019          1        640: 100%|██████████| 375/375 [02:26<00:00,  2.56it/s]
                 Class     Images  Instances      Box(P          R      mAP50  mAP50-95): 100%|██████████| 94/94 [00:11<00:00,  8.30it/s]
                   all       1496       8128      0.898       0.84      0.902      0.699

      Epoch    GPU_mem   box_loss   cls_loss   dfl_loss  Instances       Size
     89/100      6.06G     0.6637     0.4297      1.015          2        640: 100%|██████████| 375/375 [02:26<00:00,  2.56it/s]
                 Class     Images  Instances      Box(P          R      mAP50  mAP50-95): 100%|██████████| 94/94 [00:11<00:00,  8.31it/s]
                   all       1496       8128      0.896      0.843      0.902        0.7

      Epoch    GPU_mem   box_loss   cls_loss   dfl_loss  Instances       Size
     90/100      6.06G     0.6645     0.4271      1.015         20        640: 100%|██████████| 375/375 [02:26<00:00,  2.56it/s]
                 Class     Images  Instances      Box(P          R      mAP50  mAP50-95): 100%|██████████| 94/94 [00:11<00:00,  8.31it/s]
                   all       1496       8128      0.903       0.83      0.902        0.7
Closing dataloader mosaic

      Epoch    GPU_mem   box_loss   cls_loss   dfl_loss  Instances       Size
     91/100      6.06G      0.632     0.3911     0.9991          5        640: 100%|██████████| 375/375 [02:25<00:00,  2.58it/s]
                 Class     Images  Instances      Box(P          R      mAP50  mAP50-95): 100%|██████████| 94/94 [00:11<00:00,  8.25it/s]
                   all       1496       8128      0.904      0.833      0.903      0.696

      Epoch    GPU_mem   box_loss   cls_loss   dfl_loss  Instances       Size
     92/100      6.06G      0.618     0.3813     0.9937          5        640: 100%|██████████| 375/375 [02:24<00:00,  2.60it/s]
                 Class     Images  Instances      Box(P          R      mAP50  mAP50-95): 100%|██████████| 94/94 [00:11<00:00,  8.26it/s]
                   all       1496       8128      0.911       0.83      0.902      0.695

      Epoch    GPU_mem   box_loss   cls_loss   dfl_loss  Instances       Size
     93/100      6.06G     0.6176     0.3799     0.9898          2        640: 100%|██████████| 375/375 [02:25<00:00,  2.58it/s]
                 Class     Images  Instances      Box(P          R      mAP50  mAP50-95): 100%|██████████| 94/94 [00:11<00:00,  8.25it/s]
                   all       1496       8128      0.898      0.838      0.902      0.696

      Epoch    GPU_mem   box_loss   cls_loss   dfl_loss  Instances       Size
     94/100      6.06G     0.6144     0.3787     0.9892          3        640: 100%|██████████| 375/375 [02:24<00:00,  2.59it/s]
                 Class     Images  Instances      Box(P          R      mAP50  mAP50-95): 100%|██████████| 94/94 [00:11<00:00,  8.25it/s]
                   all       1496       8128      0.911      0.841      0.908      0.698

      Epoch    GPU_mem   box_loss   cls_loss   dfl_loss  Instances       Size
     95/100      6.06G     0.6088     0.3773     0.9906          2        640: 100%|██████████| 375/375 [02:25<00:00,  2.59it/s]
                 Class     Images  Instances      Box(P          R      mAP50  mAP50-95): 100%|██████████| 94/94 [00:11<00:00,  8.26it/s]
                   all       1496       8128      0.901      0.842      0.908      0.698

      Epoch    GPU_mem   box_loss   cls_loss   dfl_loss  Instances       Size
     96/100      6.06G     0.6053     0.3742     0.9879          2        640: 100%|██████████| 375/375 [02:24<00:00,  2.59it/s]
                 Class     Images  Instances      Box(P          R      mAP50  mAP50-95): 100%|██████████| 94/94 [00:11<00:00,  8.25it/s]
                   all       1496       8128      0.913      0.835      0.908        0.7

      Epoch    GPU_mem   box_loss   cls_loss   dfl_loss  Instances       Size
     97/100      6.06G     0.5977       0.37     0.9836          8        640: 100%|██████████| 375/375 [02:26<00:00,  2.55it/s]
                 Class     Images  Instances      Box(P          R      mAP50  mAP50-95): 100%|██████████| 94/94 [00:12<00:00,  7.46it/s]
                   all       1496       8128       0.91      0.832      0.908      0.702

      Epoch    GPU_mem   box_loss   cls_loss   dfl_loss  Instances       Size
     98/100      6.06G     0.5948     0.3716     0.9737          0        640: 100%|██████████| 375/375 [02:26<00:00,  2.56it/s]
                 Class     Images  Instances      Box(P          R      mAP50  mAP50-95): 100%|██████████| 94/94 [00:11<00:00,  8.23it/s]
                   all       1496       8128      0.911      0.843      0.908      0.702

      Epoch    GPU_mem   box_loss   cls_loss   dfl_loss  Instances       Size
     99/100      6.06G      0.585     0.3639     0.9733         10        640: 100%|██████████| 375/375 [02:25<00:00,  2.58it/s]
                 Class     Images  Instances      Box(P          R      mAP50  mAP50-95): 100%|██████████| 94/94 [00:11<00:00,  8.22it/s]
                   all       1496       8128      0.906      0.837      0.909      0.702

      Epoch    GPU_mem   box_loss   cls_loss   dfl_loss  Instances       Size
    100/100      6.06G     0.5899     0.3659     0.9744          1        640: 100%|██████████| 375/375 [02:24<00:00,  2.59it/s]
                 Class     Images  Instances      Box(P          R      mAP50  mAP50-95): 100%|██████████| 94/94 [00:11<00:00,  8.22it/s]
                   all       1496       8128      0.889      0.845      0.905      0.702

100 epochs completed in 4.424 hours.
Optimizer stripped from yolo-kitti/yolo11a-kitti-3/weights/last.pt, 27.4MB
Optimizer stripped from yolo-kitti/yolo11a-kitti-3/weights/best.pt, 27.4MB

Validating yolo-kitti/yolo11a-kitti-3/weights/best.pt...
Ultralytics 8.3.150 🚀 Python-3.13.2 torch-2.6.0+cu118 CUDA:0 (Tesla T4, 14913MiB)
                                                       CUDA:1 (Tesla T4, 14913MiB)
model summary (fused): 114 layers, 13,479,016 parameters, 0 gradients, 70.5 GFLOPs
                 Class     Images  Instances      Box(P          R      mAP50  mAP50-95): 100%|██████████| 94/94 [00:11<00:00,  8.21it/s]
                   all       1496       8128      0.907      0.837      0.909      0.702
                   car       1322       5716      0.951      0.947      0.981       0.85
                   van        419        555       0.92      0.919       0.95      0.806
                 truck        212        223      0.965      0.928      0.977      0.865
            pedestrian        377        921      0.915      0.709      0.845      0.508
        Person_sitting         17         36       0.74      0.611      0.729      0.448
               cyclist        252        352      0.911      0.776      0.866        0.6
                  tram         77        117      0.922       0.94      0.979      0.803
                  misc        158        208      0.932      0.865      0.942      0.741
Speed: 0.1ms preprocess, 4.3ms inference, 0.0ms loss, 0.9ms postprocess per image
Results saved to yolo-kitti/yolo11a-kitti-3
