Overriding model.yaml nc=80 with nc=10
WARNING ⚠️ no model scale passed. Assuming scale='m'.
Freezing layer 'model.20.dfl.conv.weight'
AMP: running Automatic Mixed Precision (AMP) checks...
AMP: checks passed ✅
train: Fast image access ✅ (ping: 0.0±0.0 ms, read: 557.1±292.4 MB/s, size: 200.3 KB)
train: Scanning /data2/jd1/datasets/VisDrone/labels/train.cache... 6471 images, 0 backgrounds, 0 corrupt:
train: /data2/jd1/datasets/VisDrone/images/train/0000137_02220_d_0000163.jpg: 1 duplicate labels removed
train: /data2/jd1/datasets/VisDrone/images/train/0000140_00118_d_0000002.jpg: 1 duplicate labels removed
train: /data2/jd1/datasets/VisDrone/images/train/9999945_00000_d_0000114.jpg: 1 duplicate labels removed
train: /data2/jd1/datasets/VisDrone/images/train/9999987_00000_d_0000049.jpg: 1 duplicate labels removed
val: Fast image access ✅ (ping: 0.1±0.0 ms, read: 356.3±155.5 MB/s, size: 124.3 KB)
val: Scanning /data2/jd1/datasets/VisDrone/labels/val.cache... 548 images, 0 backgrounds, 0 corrupt: 100%
Plotting labels to .yolo-out/yolo11-vd-abl-b-1/labels.jpg...
optimizer: 'optimizer=auto' found, ignoring 'lr0=0.01' and 'momentum=0.937' and determining best 'optimizer', 'lr0' and 'momentum' automatically...
optimizer: SGD(lr=0.01, momentum=0.9) with parameter groups 95 weight(decay=0.0), 102 weight(decay=0.0005), 101 bias(decay=0.0)
Image sizes 640 train, 640 val
Using 16 dataloader workers
Logging results to .yolo-out/yolo11-vd-abl-b-1
Starting training for 100 epochs...

      Epoch    GPU_mem   box_loss   cls_loss   dfl_loss  Instances       Size
      1/100      4.57G      4.116      4.648      3.697        186        640: 100%|██████████| 1618/1618
                 Class     Images  Instances      Box(P          R      mAP50  mAP50-95): 100%|██████████
                   all        548      38759     0.0572     0.0338     0.0177    0.00572

      Epoch    GPU_mem   box_loss   cls_loss   dfl_loss  Instances       Size
      2/100      5.08G      2.731      2.931      2.137        154        640: 100%|██████████| 1618/1618
                 Class     Images  Instances      Box(P          R      mAP50  mAP50-95): 100%|██████████
                   all        548      38759      0.212     0.0919     0.0661     0.0291

      Epoch    GPU_mem   box_loss   cls_loss   dfl_loss  Instances       Size
      3/100      5.11G      2.271      2.451      1.713         75        640: 100%|██████████| 1618/1618
                 Class     Images  Instances      Box(P          R      mAP50  mAP50-95): 100%|██████████
                   all        548      38759      0.142      0.144      0.102     0.0512

      Epoch    GPU_mem   box_loss   cls_loss   dfl_loss  Instances       Size
      4/100      5.14G      2.078      2.189      1.568         92        640: 100%|██████████| 1618/1618
                 Class     Images  Instances      Box(P          R      mAP50  mAP50-95): 100%|██████████
                   all        548      38759        0.2       0.17      0.139     0.0749

      Epoch    GPU_mem   box_loss   cls_loss   dfl_loss  Instances       Size
      5/100      6.35G      1.938      2.016      1.485        148        640: 100%|██████████| 1618/1618
                 Class     Images  Instances      Box(P          R      mAP50  mAP50-95): 100%|██████████
                   all        548      38759      0.234      0.203      0.161     0.0877

      Epoch    GPU_mem   box_loss   cls_loss   dfl_loss  Instances       Size
      6/100      6.35G      1.854      1.851      1.421        108        640: 100%|██████████| 1618/1618
                 Class     Images  Instances      Box(P          R      mAP50  mAP50-95): 100%|██████████
                   all        548      38759       0.23      0.233      0.181     0.0984

      Epoch    GPU_mem   box_loss   cls_loss   dfl_loss  Instances       Size
      7/100      6.35G      1.784      1.747      1.391        167        640: 100%|██████████| 1618/1618
                 Class     Images  Instances      Box(P          R      mAP50  mAP50-95): 100%|██████████
                   all        548      38759       0.29      0.246      0.213       0.12

      Epoch    GPU_mem   box_loss   cls_loss   dfl_loss  Instances       Size
      8/100      6.35G      1.744      1.669      1.362         81        640: 100%|██████████| 1618/1618
                 Class     Images  Instances      Box(P          R      mAP50  mAP50-95): 100%|██████████
                   all        548      38759      0.324      0.252      0.219      0.122

      Epoch    GPU_mem   box_loss   cls_loss   dfl_loss  Instances       Size
      9/100      6.35G      1.709      1.606      1.336        280        640: 100%|██████████| 1618/1618
                 Class     Images  Instances      Box(P          R      mAP50  mAP50-95): 100%|██████████
                   all        548      38759      0.302      0.255      0.228      0.129

      Epoch    GPU_mem   box_loss   cls_loss   dfl_loss  Instances       Size
     10/100      6.35G      1.686      1.553      1.323        223        640: 100%|██████████| 1618/1618
                 Class     Images  Instances      Box(P          R      mAP50  mAP50-95): 100%|██████████
                   all        548      38759      0.358      0.282      0.262       0.15

      Epoch    GPU_mem   box_loss   cls_loss   dfl_loss  Instances       Size
     11/100      7.17G       1.66      1.516      1.315        187        640: 100%|██████████| 1618/1618
                 Class     Images  Instances      Box(P          R      mAP50  mAP50-95): 100%|██████████
                   all        548      38759       0.36      0.292      0.276      0.159

      Epoch    GPU_mem   box_loss   cls_loss   dfl_loss  Instances       Size
     12/100      7.17G      1.642      1.473      1.294        142        640: 100%|██████████| 1618/1618
                 Class     Images  Instances      Box(P          R      mAP50  mAP50-95): 100%|██████████
                   all        548      38759      0.366      0.307      0.283      0.162

      Epoch    GPU_mem   box_loss   cls_loss   dfl_loss  Instances       Size
     13/100      7.17G      1.613      1.435      1.283        142        640: 100%|██████████| 1618/1618
                 Class     Images  Instances      Box(P          R      mAP50  mAP50-95): 100%|██████████
                   all        548      38759      0.376      0.316      0.296      0.171

      Epoch    GPU_mem   box_loss   cls_loss   dfl_loss  Instances       Size
     14/100      7.17G      1.598      1.417      1.279        171        640: 100%|██████████| 1618/1618
                 Class     Images  Instances      Box(P          R      mAP50  mAP50-95): 100%|██████████
                   all        548      38759      0.384      0.313        0.3      0.172

      Epoch    GPU_mem   box_loss   cls_loss   dfl_loss  Instances       Size
     15/100      7.17G      1.581       1.38      1.265        255        640: 100%|██████████| 1618/1618
                 Class     Images  Instances      Box(P          R      mAP50  mAP50-95): 100%|██████████
                   all        548      38759       0.39      0.328      0.314      0.183

      Epoch    GPU_mem   box_loss   cls_loss   dfl_loss  Instances       Size
     16/100      7.17G      1.581      1.371      1.262        268        640: 100%|██████████| 1618/1618
                 Class     Images  Instances      Box(P          R      mAP50  mAP50-95): 100%|██████████
                   all        548      38759      0.407      0.329      0.314      0.183

      Epoch    GPU_mem   box_loss   cls_loss   dfl_loss  Instances       Size
     17/100      7.17G      1.552      1.333      1.253        157        640: 100%|██████████| 1618/1618
                 Class     Images  Instances      Box(P          R      mAP50  mAP50-95): 100%|██████████
                   all        548      38759      0.418      0.336      0.326       0.19

      Epoch    GPU_mem   box_loss   cls_loss   dfl_loss  Instances       Size
     18/100      7.18G      1.541      1.315      1.247        136        640: 100%|██████████| 1618/1618
                 Class     Images  Instances      Box(P          R      mAP50  mAP50-95): 100%|██████████
                   all        548      38759      0.427      0.334       0.33      0.192

      Epoch    GPU_mem   box_loss   cls_loss   dfl_loss  Instances       Size
     19/100      7.18G      1.534      1.301      1.239        300        640: 100%|██████████| 1618/1618
                 Class     Images  Instances      Box(P          R      mAP50  mAP50-95): 100%|██████████
                   all        548      38759      0.437      0.338      0.335      0.197

      Epoch    GPU_mem   box_loss   cls_loss   dfl_loss  Instances       Size
     20/100      7.18G      1.524      1.289      1.241        245        640: 100%|██████████| 1618/1618
                 Class     Images  Instances      Box(P          R      mAP50  mAP50-95): 100%|██████████
                   all        548      38759      0.426      0.343      0.338      0.197

      Epoch    GPU_mem   box_loss   cls_loss   dfl_loss  Instances       Size
     21/100      7.18G      1.502      1.266      1.227        196        640: 100%|██████████| 1618/1618
                 Class     Images  Instances      Box(P          R      mAP50  mAP50-95): 100%|██████████
                   all        548      38759      0.437      0.348      0.347      0.204

      Epoch    GPU_mem   box_loss   cls_loss   dfl_loss  Instances       Size
     22/100      7.18G      1.513      1.263      1.218        224        640: 100%|██████████| 1618/1618
                 Class     Images  Instances      Box(P          R      mAP50  mAP50-95): 100%|██████████
                   all        548      38759      0.441      0.358      0.351      0.207

      Epoch    GPU_mem   box_loss   cls_loss   dfl_loss  Instances       Size
     23/100      7.18G       1.49      1.237       1.22         38        640: 100%|██████████| 1618/1618
                 Class     Images  Instances      Box(P          R      mAP50  mAP50-95): 100%|██████████
                   all        548      38759       0.44      0.369      0.358      0.212

      Epoch    GPU_mem   box_loss   cls_loss   dfl_loss  Instances       Size
     24/100      7.18G       1.49      1.234      1.216         50        640: 100%|██████████| 1618/1618
                 Class     Images  Instances      Box(P          R      mAP50  mAP50-95): 100%|██████████
                   all        548      38759      0.444      0.365      0.358      0.211

      Epoch    GPU_mem   box_loss   cls_loss   dfl_loss  Instances       Size
     25/100      7.18G       1.48      1.223      1.214        171        640: 100%|██████████| 1618/1618
                 Class     Images  Instances      Box(P          R      mAP50  mAP50-95): 100%|██████████
                   all        548      38759      0.454      0.359      0.359      0.212

      Epoch    GPU_mem   box_loss   cls_loss   dfl_loss  Instances       Size
     26/100      7.18G      1.486      1.215      1.209         90        640: 100%|██████████| 1618/1618
                 Class     Images  Instances      Box(P          R      mAP50  mAP50-95): 100%|██████████
                   all        548      38759      0.443      0.365      0.365      0.217

      Epoch    GPU_mem   box_loss   cls_loss   dfl_loss  Instances       Size
     27/100      7.18G       1.48      1.209      1.203         64        640: 100%|██████████| 1618/1618
                 Class     Images  Instances      Box(P          R      mAP50  mAP50-95): 100%|██████████
                   all        548      38759      0.457      0.372      0.373       0.22

      Epoch    GPU_mem   box_loss   cls_loss   dfl_loss  Instances       Size
     28/100      7.18G      1.466      1.197       1.21         83        640: 100%|██████████| 1618/1618
                 Class     Images  Instances      Box(P          R      mAP50  mAP50-95): 100%|██████████
                   all        548      38759      0.461      0.366      0.372      0.222

      Epoch    GPU_mem   box_loss   cls_loss   dfl_loss  Instances       Size
     29/100      7.18G      1.465      1.191      1.195        387        640: 100%|██████████| 1618/1618
                 Class     Images  Instances      Box(P          R      mAP50  mAP50-95): 100%|██████████
                   all        548      38759      0.464      0.371      0.379      0.225

      Epoch    GPU_mem   box_loss   cls_loss   dfl_loss  Instances       Size
     30/100      7.18G      1.461      1.182      1.199        172        640: 100%|██████████| 1618/1618
                 Class     Images  Instances      Box(P          R      mAP50  mAP50-95): 100%|██████████
                   all        548      38759      0.475       0.37      0.379      0.226

      Epoch    GPU_mem   box_loss   cls_loss   dfl_loss  Instances       Size
     31/100      7.18G      1.448      1.171      1.192        274        640: 100%|██████████| 1618/1618
                 Class     Images  Instances      Box(P          R      mAP50  mAP50-95): 100%|██████████
                   all        548      38759      0.469      0.376      0.381      0.227

      Epoch    GPU_mem   box_loss   cls_loss   dfl_loss  Instances       Size
     32/100      7.18G      1.439      1.143      1.188        257        640: 100%|██████████| 1618/1618
                 Class     Images  Instances      Box(P          R      mAP50  mAP50-95): 100%|██████████
                   all        548      38759      0.473      0.385      0.386      0.228

      Epoch    GPU_mem   box_loss   cls_loss   dfl_loss  Instances       Size
     33/100      7.18G      1.438      1.151      1.188        154        640: 100%|██████████| 1618/1618
                 Class     Images  Instances      Box(P          R      mAP50  mAP50-95): 100%|██████████
                   all        548      38759      0.478      0.384      0.387      0.232

      Epoch    GPU_mem   box_loss   cls_loss   dfl_loss  Instances       Size
     34/100      7.18G      1.442      1.146      1.188        105        640: 100%|██████████| 1618/1618
                 Class     Images  Instances      Box(P          R      mAP50  mAP50-95): 100%|██████████
                   all        548      38759      0.486      0.383      0.394      0.234

      Epoch    GPU_mem   box_loss   cls_loss   dfl_loss  Instances       Size
     35/100      7.18G      1.437      1.138      1.187        434        640: 100%|██████████| 1618/1618
                 Class     Images  Instances      Box(P          R      mAP50  mAP50-95): 100%|██████████
                   all        548      38759      0.497      0.383      0.392      0.234

      Epoch    GPU_mem   box_loss   cls_loss   dfl_loss  Instances       Size
     36/100      7.18G      1.423      1.127      1.183        358        640: 100%|██████████| 1618/1618
                 Class     Images  Instances      Box(P          R      mAP50  mAP50-95): 100%|██████████
                   all        548      38759      0.487      0.396      0.398      0.238

      Epoch    GPU_mem   box_loss   cls_loss   dfl_loss  Instances       Size
     37/100      7.18G      1.433      1.133       1.18        274        640: 100%|██████████| 1618/1618
                 Class     Images  Instances      Box(P          R      mAP50  mAP50-95): 100%|██████████
                   all        548      38759      0.493      0.389      0.401      0.239

      Epoch    GPU_mem   box_loss   cls_loss   dfl_loss  Instances       Size
     38/100      7.18G      1.417       1.12      1.177        152        640: 100%|██████████| 1618/1618
                 Class     Images  Instances      Box(P          R      mAP50  mAP50-95): 100%|██████████
                   all        548      38759      0.485      0.389      0.396      0.238

      Epoch    GPU_mem   box_loss   cls_loss   dfl_loss  Instances       Size
     39/100      7.18G      1.423      1.114      1.168        209        640: 100%|██████████| 1618/1618
                 Class     Images  Instances      Box(P          R      mAP50  mAP50-95): 100%|██████████
                   all        548      38759      0.498      0.394      0.405      0.242

      Epoch    GPU_mem   box_loss   cls_loss   dfl_loss  Instances       Size
     40/100      7.18G      1.428      1.113      1.176         64        640: 100%|██████████| 1618/1618
                 Class     Images  Instances      Box(P          R      mAP50  mAP50-95): 100%|██████████
                   all        548      38759      0.488      0.399      0.404      0.242

      Epoch    GPU_mem   box_loss   cls_loss   dfl_loss  Instances       Size
     41/100      7.18G      1.408      1.092      1.166        199        640: 100%|██████████| 1618/1618
                 Class     Images  Instances      Box(P          R      mAP50  mAP50-95): 100%|██████████
                   all        548      38759      0.493      0.403      0.405      0.242

      Epoch    GPU_mem   box_loss   cls_loss   dfl_loss  Instances       Size
     42/100      7.18G        1.4      1.085      1.161        233        640: 100%|██████████| 1618/1618
                 Class     Images  Instances      Box(P          R      mAP50  mAP50-95): 100%|██████████
                   all        548      38759      0.501      0.403      0.412      0.249

      Epoch    GPU_mem   box_loss   cls_loss   dfl_loss  Instances       Size
     43/100      7.18G      1.405      1.091      1.167        175        640: 100%|██████████| 1618/1618
                 Class     Images  Instances      Box(P          R      mAP50  mAP50-95): 100%|██████████
                   all        548      38759       0.51      0.397      0.413       0.25

      Epoch    GPU_mem   box_loss   cls_loss   dfl_loss  Instances       Size
     44/100      7.18G      1.406      1.087      1.169         89        640: 100%|██████████| 1618/1618
                 Class     Images  Instances      Box(P          R      mAP50  mAP50-95): 100%|██████████
                   all        548      38759      0.504      0.401      0.415      0.249

      Epoch    GPU_mem   box_loss   cls_loss   dfl_loss  Instances       Size
     45/100      7.18G       1.39      1.075      1.164        156        640: 100%|██████████| 1618/1618
                 Class     Images  Instances      Box(P          R      mAP50  mAP50-95): 100%|██████████
                   all        548      38759      0.502      0.405      0.416      0.251

      Epoch    GPU_mem   box_loss   cls_loss   dfl_loss  Instances       Size
     46/100      7.18G      1.385      1.081      1.169         61        640: 100%|██████████| 1618/1618
                 Class     Images  Instances      Box(P          R      mAP50  mAP50-95): 100%|██████████
                   all        548      38759      0.513      0.407       0.42      0.253

      Epoch    GPU_mem   box_loss   cls_loss   dfl_loss  Instances       Size
     47/100      7.18G      1.393      1.068      1.158        212        640: 100%|██████████| 1618/1618
                 Class     Images  Instances      Box(P          R      mAP50  mAP50-95): 100%|██████████
                   all        548      38759      0.518      0.404      0.421      0.253

      Epoch    GPU_mem   box_loss   cls_loss   dfl_loss  Instances       Size
     48/100      7.18G      1.382      1.066      1.159        239        640: 100%|██████████| 1618/1618
                 Class     Images  Instances      Box(P          R      mAP50  mAP50-95): 100%|██████████
                   all        548      38759      0.518      0.408       0.42      0.254

      Epoch    GPU_mem   box_loss   cls_loss   dfl_loss  Instances       Size
     49/100      7.18G      1.383      1.061      1.155        258        640: 100%|██████████| 1618/1618
                 Class     Images  Instances      Box(P          R      mAP50  mAP50-95): 100%|██████████
                   all        548      38759       0.51      0.418      0.422      0.255

      Epoch    GPU_mem   box_loss   cls_loss   dfl_loss  Instances       Size
     50/100      7.18G       1.38      1.052      1.152        257        640: 100%|██████████| 1618/1618
                 Class     Images  Instances      Box(P          R      mAP50  mAP50-95): 100%|██████████
                   all        548      38759      0.518      0.414      0.425      0.258

      Epoch    GPU_mem   box_loss   cls_loss   dfl_loss  Instances       Size
     51/100      7.18G      1.375      1.041      1.158         94        640: 100%|██████████| 1618/1618
                 Class     Images  Instances      Box(P          R      mAP50  mAP50-95): 100%|██████████
                   all        548      38759      0.513      0.414      0.422      0.256

      Epoch    GPU_mem   box_loss   cls_loss   dfl_loss  Instances       Size
     52/100      7.18G      1.373      1.045      1.153        292        640: 100%|██████████| 1618/1618
                 Class     Images  Instances      Box(P          R      mAP50  mAP50-95): 100%|██████████
                   all        548      38759      0.515      0.415      0.428      0.259

      Epoch    GPU_mem   box_loss   cls_loss   dfl_loss  Instances       Size
     53/100      7.18G      1.374       1.04      1.146        141        640: 100%|██████████| 1618/1618
                 Class     Images  Instances      Box(P          R      mAP50  mAP50-95): 100%|██████████
                   all        548      38759      0.514      0.415       0.43      0.261

      Epoch    GPU_mem   box_loss   cls_loss   dfl_loss  Instances       Size
     54/100      7.18G      1.366      1.043      1.147        120        640: 100%|██████████| 1618/1618
                 Class     Images  Instances      Box(P          R      mAP50  mAP50-95): 100%|██████████
                   all        548      38759      0.517      0.414      0.427       0.26

      Epoch    GPU_mem   box_loss   cls_loss   dfl_loss  Instances       Size
     55/100      7.18G      1.371      1.039      1.151        206        640: 100%|██████████| 1618/1618
                 Class     Images  Instances      Box(P          R      mAP50  mAP50-95): 100%|██████████
                   all        548      38759      0.528      0.418      0.432      0.263

      Epoch    GPU_mem   box_loss   cls_loss   dfl_loss  Instances       Size
     56/100      7.18G      1.362       1.03       1.15        115        640: 100%|██████████| 1618/1618
                 Class     Images  Instances      Box(P          R      mAP50  mAP50-95): 100%|██████████
                   all        548      38759      0.517      0.425      0.434      0.263

      Epoch    GPU_mem   box_loss   cls_loss   dfl_loss  Instances       Size
     57/100      7.18G      1.359      1.014      1.151         61        640: 100%|██████████| 1618/1618
                 Class     Images  Instances      Box(P          R      mAP50  mAP50-95): 100%|██████████
                   all        548      38759       0.52      0.421      0.434      0.262

      Epoch    GPU_mem   box_loss   cls_loss   dfl_loss  Instances       Size
     58/100      7.18G      1.371      1.031      1.148        303        640: 100%|██████████| 1618/1618
                 Class     Images  Instances      Box(P          R      mAP50  mAP50-95): 100%|██████████
                   all        548      38759       0.53      0.419      0.438      0.265

      Epoch    GPU_mem   box_loss   cls_loss   dfl_loss  Instances       Size
     59/100      7.18G       1.35      1.011      1.144        107        640: 100%|██████████| 1618/1618
                 Class     Images  Instances      Box(P          R      mAP50  mAP50-95): 100%|██████████
                   all        548      38759      0.528      0.422      0.436      0.265

      Epoch    GPU_mem   box_loss   cls_loss   dfl_loss  Instances       Size
     60/100      7.18G       1.35      1.005       1.14        121        640: 100%|██████████| 1618/1618
                 Class     Images  Instances      Box(P          R      mAP50  mAP50-95): 100%|██████████
                   all        548      38759      0.521      0.427      0.438      0.265

      Epoch    GPU_mem   box_loss   cls_loss   dfl_loss  Instances       Size
     61/100      7.18G      1.352      1.007      1.144        203        640: 100%|██████████| 1618/1618
                 Class     Images  Instances      Box(P          R      mAP50  mAP50-95): 100%|██████████
                   all        548      38759      0.527      0.429      0.439      0.266

      Epoch    GPU_mem   box_loss   cls_loss   dfl_loss  Instances       Size
     62/100      7.18G      1.358      1.014       1.14        166        640: 100%|██████████| 1618/1618
                 Class     Images  Instances      Box(P          R      mAP50  mAP50-95): 100%|██████████
                   all        548      38759      0.529      0.425      0.438      0.266

      Epoch    GPU_mem   box_loss   cls_loss   dfl_loss  Instances       Size
     63/100      7.18G       1.35     0.9996      1.141         99        640: 100%|██████████| 1618/1618
                 Class     Images  Instances      Box(P          R      mAP50  mAP50-95): 100%|██████████
                   all        548      38759      0.528      0.432      0.443      0.269

      Epoch    GPU_mem   box_loss   cls_loss   dfl_loss  Instances       Size
     64/100      7.18G      1.349     0.9978      1.146         92        640: 100%|██████████| 1618/1618
                 Class     Images  Instances      Box(P          R      mAP50  mAP50-95): 100%|██████████
                   all        548      38759      0.525       0.43      0.442      0.269

      Epoch    GPU_mem   box_loss   cls_loss   dfl_loss  Instances       Size
     65/100      7.18G      1.343     0.9968      1.141         86        640: 100%|██████████| 1618/1618
                 Class     Images  Instances      Box(P          R      mAP50  mAP50-95): 100%|██████████
                   all        548      38759      0.523      0.433      0.442       0.27

      Epoch    GPU_mem   box_loss   cls_loss   dfl_loss  Instances       Size
     66/100      7.18G      1.337     0.9904      1.141        191        640: 100%|██████████| 1618/1618
                 Class     Images  Instances      Box(P          R      mAP50  mAP50-95): 100%|██████████
                   all        548      38759      0.531      0.428      0.442       0.27

      Epoch    GPU_mem   box_loss   cls_loss   dfl_loss  Instances       Size
     67/100      7.18G      1.341     0.9905      1.133        160        640: 100%|██████████| 1618/1618
                 Class     Images  Instances      Box(P          R      mAP50  mAP50-95): 100%|██████████
                   all        548      38759      0.532      0.428      0.442      0.269

      Epoch    GPU_mem   box_loss   cls_loss   dfl_loss  Instances       Size
     68/100      7.18G      1.332     0.9787      1.135        226        640: 100%|██████████| 1618/1618
                 Class     Images  Instances      Box(P          R      mAP50  mAP50-95): 100%|██████████
                   all        548      38759      0.534       0.43      0.446      0.272

      Epoch    GPU_mem   box_loss   cls_loss   dfl_loss  Instances       Size
     69/100      7.18G      1.338     0.9842       1.13         73        640: 100%|██████████| 1618/1618
                 Class     Images  Instances      Box(P          R      mAP50  mAP50-95): 100%|██████████
                   all        548      38759      0.534      0.432      0.446      0.273

      Epoch    GPU_mem   box_loss   cls_loss   dfl_loss  Instances       Size
     70/100      7.18G      1.337     0.9695      1.128         88        640: 100%|██████████| 1618/1618
                 Class     Images  Instances      Box(P          R      mAP50  mAP50-95): 100%|██████████
                   all        548      38759      0.536      0.434      0.448      0.274

      Epoch    GPU_mem   box_loss   cls_loss   dfl_loss  Instances       Size
     71/100      7.18G      1.329     0.9718      1.124         91        640: 100%|██████████| 1618/1618
                 Class     Images  Instances      Box(P          R      mAP50  mAP50-95): 100%|██████████
                   all        548      38759      0.538      0.435      0.449      0.274

      Epoch    GPU_mem   box_loss   cls_loss   dfl_loss  Instances       Size
     72/100      7.18G      1.335     0.9681      1.134         92        640: 100%|██████████| 1618/1618
                 Class     Images  Instances      Box(P          R      mAP50  mAP50-95): 100%|██████████
                   all        548      38759      0.532      0.439      0.449      0.274

      Epoch    GPU_mem   box_loss   cls_loss   dfl_loss  Instances       Size
     73/100      7.18G      1.334     0.9702      1.129         45        640: 100%|██████████| 1618/1618
                 Class     Images  Instances      Box(P          R      mAP50  mAP50-95): 100%|██████████
                   all        548      38759      0.528      0.441      0.451      0.276

      Epoch    GPU_mem   box_loss   cls_loss   dfl_loss  Instances       Size
     74/100      7.18G      1.322     0.9574      1.124        145        640: 100%|██████████| 1618/1618
                 Class     Images  Instances      Box(P          R      mAP50  mAP50-95): 100%|██████████
                   all        548      38759       0.53      0.435      0.449      0.274

      Epoch    GPU_mem   box_loss   cls_loss   dfl_loss  Instances       Size
     75/100      7.18G       1.32     0.9557      1.124         57        640: 100%|██████████| 1618/1618
                 Class     Images  Instances      Box(P          R      mAP50  mAP50-95): 100%|██████████
                   all        548      38759      0.532      0.438      0.449      0.275

      Epoch    GPU_mem   box_loss   cls_loss   dfl_loss  Instances       Size
     76/100      7.18G      1.317     0.9559      1.129         57        640: 100%|██████████| 1618/1618
                 Class     Images  Instances      Box(P          R      mAP50  mAP50-95): 100%|██████████
                   all        548      38759      0.541      0.434       0.45      0.275

      Epoch    GPU_mem   box_loss   cls_loss   dfl_loss  Instances       Size
     77/100      7.18G      1.313     0.9491      1.122        222        640: 100%|██████████| 1618/1618
                 Class     Images  Instances      Box(P          R      mAP50  mAP50-95): 100%|██████████
                   all        548      38759      0.539      0.435      0.451      0.277

      Epoch    GPU_mem   box_loss   cls_loss   dfl_loss  Instances       Size
     78/100      7.18G      1.317     0.9601      1.122         58        640: 100%|██████████| 1618/1618
                 Class     Images  Instances      Box(P          R      mAP50  mAP50-95): 100%|██████████
                   all        548      38759      0.533      0.437       0.45      0.276

      Epoch    GPU_mem   box_loss   cls_loss   dfl_loss  Instances       Size
     79/100      7.18G      1.311     0.9474      1.124        135        640: 100%|██████████| 1618/1618
                 Class     Images  Instances      Box(P          R      mAP50  mAP50-95): 100%|██████████
                   all        548      38759      0.533      0.441      0.452      0.276

      Epoch    GPU_mem   box_loss   cls_loss   dfl_loss  Instances       Size
     80/100      7.18G      1.307     0.9383      1.114        113        640: 100%|██████████| 1618/1618
                 Class     Images  Instances      Box(P          R      mAP50  mAP50-95): 100%|██████████
                   all        548      38759       0.54      0.442      0.454      0.278

      Epoch    GPU_mem   box_loss   cls_loss   dfl_loss  Instances       Size
     81/100      7.18G      1.317     0.9422      1.127         98        640: 100%|██████████| 1618/1618
                 Class     Images  Instances      Box(P          R      mAP50  mAP50-95): 100%|██████████
                   all        548      38759      0.544      0.441      0.452      0.277

      Epoch    GPU_mem   box_loss   cls_loss   dfl_loss  Instances       Size
     82/100      7.18G      1.315     0.9466      1.121        109        640: 100%|██████████| 1618/1618
                 Class     Images  Instances      Box(P          R      mAP50  mAP50-95): 100%|██████████
                   all        548      38759      0.546      0.442      0.454      0.278

      Epoch    GPU_mem   box_loss   cls_loss   dfl_loss  Instances       Size
     83/100      7.18G      1.299     0.9279      1.112        235        640: 100%|██████████| 1618/1618
                 Class     Images  Instances      Box(P          R      mAP50  mAP50-95): 100%|██████████
                   all        548      38759      0.547      0.442      0.455      0.279

      Epoch    GPU_mem   box_loss   cls_loss   dfl_loss  Instances       Size
     84/100      7.18G        1.3     0.9327      1.115        115        640: 100%|██████████| 1618/1618
                 Class     Images  Instances      Box(P          R      mAP50  mAP50-95): 100%|██████████
                   all        548      38759      0.551       0.44      0.455      0.279

      Epoch    GPU_mem   box_loss   cls_loss   dfl_loss  Instances       Size
     85/100      7.18G      1.304     0.9312      1.116         81        640: 100%|██████████| 1618/1618
                 Class     Images  Instances      Box(P          R      mAP50  mAP50-95): 100%|██████████
                   all        548      38759      0.549      0.442      0.456       0.28

      Epoch    GPU_mem   box_loss   cls_loss   dfl_loss  Instances       Size
     86/100      7.18G        1.3     0.9272      1.114         71        640: 100%|██████████| 1618/1618
                 Class     Images  Instances      Box(P          R      mAP50  mAP50-95): 100%|██████████
                   all        548      38759      0.547      0.441      0.456       0.28

      Epoch    GPU_mem   box_loss   cls_loss   dfl_loss  Instances       Size
     87/100      7.18G      1.297     0.9264      1.117        112        640: 100%|██████████| 1618/1618
                 Class     Images  Instances      Box(P          R      mAP50  mAP50-95): 100%|██████████
                   all        548      38759       0.55      0.441      0.456       0.28

      Epoch    GPU_mem   box_loss   cls_loss   dfl_loss  Instances       Size
     88/100      7.18G      1.295     0.9188      1.109        119        640: 100%|██████████| 1618/1618
                 Class     Images  Instances      Box(P          R      mAP50  mAP50-95): 100%|██████████
                   all        548      38759      0.551      0.443      0.457       0.28

      Epoch    GPU_mem   box_loss   cls_loss   dfl_loss  Instances       Size
     89/100      7.18G      1.301      0.921      1.114        226        640: 100%|██████████| 1618/1618
                 Class     Images  Instances      Box(P          R      mAP50  mAP50-95): 100%|██████████
                   all        548      38759      0.545      0.442      0.458      0.281

      Epoch    GPU_mem   box_loss   cls_loss   dfl_loss  Instances       Size
     90/100      7.18G      1.294     0.9141      1.111        170        640: 100%|██████████| 1618/1618
                 Class     Images  Instances      Box(P          R      mAP50  mAP50-95): 100%|██████████
                   all        548      38759      0.552      0.443      0.459      0.281
Closing dataloader mosaic

      Epoch    GPU_mem   box_loss   cls_loss   dfl_loss  Instances       Size
     91/100      7.18G      1.274     0.8845      1.107        141        640: 100%|██████████| 1618/1618
                 Class     Images  Instances      Box(P          R      mAP50  mAP50-95): 100%|██████████
                   all        548      38759      0.554      0.437      0.457       0.28

      Epoch    GPU_mem   box_loss   cls_loss   dfl_loss  Instances       Size
     92/100      7.18G      1.269     0.8774      1.106        141        640: 100%|██████████| 1618/1618
                 Class     Images  Instances      Box(P          R      mAP50  mAP50-95): 100%|██████████
                   all        548      38759      0.548      0.437      0.456      0.278

      Epoch    GPU_mem   box_loss   cls_loss   dfl_loss  Instances       Size
     93/100      8.01G      1.281     0.8836      1.109         40        640: 100%|██████████| 1618/1618
                 Class     Images  Instances      Box(P          R      mAP50  mAP50-95): 100%|██████████
                   all        548      38759      0.546      0.436      0.454      0.278

      Epoch    GPU_mem   box_loss   cls_loss   dfl_loss  Instances       Size
     94/100      3.43G      1.273      0.874      1.103         54        640: 100%|██████████| 1618/1618
                 Class     Images  Instances      Box(P          R      mAP50  mAP50-95): 100%|██████████
                   all        548      38759      0.545      0.437      0.454      0.278

      Epoch    GPU_mem   box_loss   cls_loss   dfl_loss  Instances       Size
     95/100      4.38G      1.265      0.872      1.106         68        640: 100%|██████████| 1618/1618
                 Class     Images  Instances      Box(P          R      mAP50  mAP50-95): 100%|██████████
                   all        548      38759      0.548      0.438      0.453      0.278

      Epoch    GPU_mem   box_loss   cls_loss   dfl_loss  Instances       Size
     96/100      4.86G      1.251      0.861        1.1         57        640: 100%|██████████| 1618/1618
                 Class     Images  Instances      Box(P          R      mAP50  mAP50-95): 100%|██████████
                   all        548      38759      0.546      0.439      0.454      0.278

      Epoch    GPU_mem   box_loss   cls_loss   dfl_loss  Instances       Size
     97/100      4.86G      1.262     0.8686      1.107         51        640: 100%|██████████| 1618/1618
                 Class     Images  Instances      Box(P          R      mAP50  mAP50-95): 100%|██████████
                   all        548      38759      0.544       0.44      0.454      0.278

      Epoch    GPU_mem   box_loss   cls_loss   dfl_loss  Instances       Size
     98/100      4.86G      1.265     0.8622      1.103         87        640: 100%|██████████| 1618/1618
                 Class     Images  Instances      Box(P          R      mAP50  mAP50-95): 100%|██████████
                   all        548      38759      0.545       0.44      0.454      0.278

      Epoch    GPU_mem   box_loss   cls_loss   dfl_loss  Instances       Size
     99/100      4.86G      1.255     0.8639      1.105         84        640: 100%|██████████| 1618/1618
                 Class     Images  Instances      Box(P          R      mAP50  mAP50-95): 100%|██████████
                   all        548      38759      0.546       0.44      0.453      0.278

      Epoch    GPU_mem   box_loss   cls_loss   dfl_loss  Instances       Size
    100/100       5.7G      1.256     0.8576      1.102         69        640: 100%|██████████| 1618/1618
                 Class     Images  Instances      Box(P          R      mAP50  mAP50-95): 100%|██████████
                   all        548      38759      0.546      0.439      0.453      0.278

100 epochs completed in 8.421 hours.
Optimizer stripped from .yolo-out/yolo11-vd-abl-b-1/weights/last.pt, 27.4MB
Optimizer stripped from .yolo-out/yolo11-vd-abl-b-1/weights/best.pt, 27.4MB

Validating .yolo-out/yolo11-vd-abl-b-1/weights/best.pt...
Ultralytics 8.3.150 🚀 Python-3.13.2 torch-2.6.0+cu118 CUDA:0 (Tesla T4, 14913MiB)
                                                       CUDA:1 (Tesla T4, 14913MiB)
model summary (fused): 114 layers, 13,479,790 parameters, 0 gradients, 70.6 GFLOPs
                 Class     Images  Instances      Box(P          R      mAP50  mAP50-95): 100%|██████████
                   all        548      38759      0.552      0.442      0.459      0.281
            pedestrian        520       8844      0.604      0.481       0.53      0.258
                people        482       5125      0.577      0.365      0.413      0.172
               bicycle        364       1287      0.333      0.207      0.188     0.0875
                   car        515      14064      0.744      0.827       0.85      0.616
                   van        421       1975      0.539      0.503      0.509      0.368
                 truck        266        750      0.521      0.415      0.405      0.273
              tricycle        337       1045      0.527      0.311      0.338      0.193
       awning-tricycle        220        532      0.367      0.211      0.195      0.128
                   bus        131        251      0.726      0.578      0.634       0.46
                 motor        485       4886      0.581      0.527      0.533      0.255
Speed: 0.2ms preprocess, 6.9ms inference, 0.0ms loss, 3.0ms postprocess per image
Results saved to .yolo-out/yolo11-vd-abl-b-1