Overriding model.yaml nc=80 with nc=5
Freezing layer 'model.23.dfl.conv.weight'
AMP: running Automatic Mixed Precision (AMP) checks...
AMP: checks passed ✅
train: Fast image access ✅ (ping: 0.1±0.0 ms, read: 839.1±352.6 MB/s, size: 450.2 KB)
train: Scanning /data2/jd1/datasets/sds-ds/sds/labels/train.cache... 8930 images, 0 backgrounds, 0 corru
val: Fast image access ✅ (ping: 0.1±0.0 ms, read: 1488.1±622.4 MB/s, size: 940.5 KB)
val: Scanning /data2/jd1/datasets/sds-ds/sds/labels/val.cache... 1547 images, 0 backgrounds, 0 corrupt: 
Plotting labels to .yolo-out-sds3/yolo11-c-sds-3/labels.jpg...
optimizer: 'optimizer=auto' found, ignoring 'lr0=0.01' and 'momentum=0.937' and determining best 'optimizer', 'lr0' and 'momentum' automatically...
optimizer: SGD(lr=0.01, momentum=0.9) with parameter groups 106 weight(decay=0.0), 113 weight(decay=0.0005), 112 bias(decay=0.0)
Image sizes 640 train, 640 val
Using 16 dataloader workers
Logging results to .yolo-out-sds3/yolo11-c-sds-3
Starting training for 100 epochs...

      Epoch    GPU_mem   box_loss   cls_loss   dfl_loss  Instances       Size
      1/100      1.41G      3.057      9.574      2.183          2        640: 100%|██████████| 2233/223
                 Class     Images  Instances      Box(P          R      mAP50  mAP50-95): 100%|███████
                   all       1547       9630      0.388       0.17      0.132     0.0473

      Epoch    GPU_mem   box_loss   cls_loss   dfl_loss  Instances       Size
      2/100      1.61G      2.633      2.212      1.334         17        640: 100%|██████████| 2233/2
                 Class     Images  Instances      Box(P          R      mAP50  mAP50-95): 100%|███████
                   all       1547       9630      0.535      0.311      0.263      0.116

      Epoch    GPU_mem   box_loss   cls_loss   dfl_loss  Instances       Size
      3/100      1.61G      2.344      1.539      1.207         19        640: 100%|██████████| 2233/2
                 Class     Images  Instances      Box(P          R      mAP50  mAP50-95): 100%|███████
                   all       1547       9630      0.702      0.369      0.374      0.172

      Epoch    GPU_mem   box_loss   cls_loss   dfl_loss  Instances       Size
      4/100      1.61G      2.111      1.234      1.122          6        640: 100%|██████████| 2233/2
                 Class     Images  Instances      Box(P          R      mAP50  mAP50-95): 100%|███████
                   all       1547       9630      0.788      0.395      0.437      0.219

      Epoch    GPU_mem   box_loss   cls_loss   dfl_loss  Instances       Size
      5/100      1.61G      1.913      1.069      1.074          2        640: 100%|██████████| 2233/2
                 Class     Images  Instances      Box(P          R      mAP50  mAP50-95): 100%|███████
                   all       1547       9630      0.777      0.431      0.459      0.233

      Epoch    GPU_mem   box_loss   cls_loss   dfl_loss  Instances       Size
      6/100      1.61G      1.813      0.997      1.038         22        640: 100%|██████████| 2233/2
                 Class     Images  Instances      Box(P          R      mAP50  mAP50-95): 100%|███████
                   all       1547       9630      0.779      0.445      0.481      0.252

      Epoch    GPU_mem   box_loss   cls_loss   dfl_loss  Instances       Size
      7/100      1.61G      1.729     0.9198       1.01          5        640: 100%|██████████| 2233/2
                 Class     Images  Instances      Box(P          R      mAP50  mAP50-95): 100%|███████
                   all       1547       9630      0.829      0.479      0.522      0.284

      Epoch    GPU_mem   box_loss   cls_loss   dfl_loss  Instances       Size
      8/100      1.62G      1.694     0.8941          1          4        640: 100%|██████████| 2233/2
                 Class     Images  Instances      Box(P          R      mAP50  mAP50-95): 100%|███████
                   all       1547       9630      0.827       0.47       0.51      0.266

      Epoch    GPU_mem   box_loss   cls_loss   dfl_loss  Instances       Size
      9/100      1.62G      1.644     0.8572     0.9989          9        640: 100%|██████████| 2233/2
                 Class     Images  Instances      Box(P          R      mAP50  mAP50-95): 100%|███████
                   all       1547       9630      0.837      0.483      0.531      0.288

      Epoch    GPU_mem   box_loss   cls_loss   dfl_loss  Instances       Size
     10/100      1.62G      1.618     0.8435     0.9909          4        640: 100%|██████████| 2233/2
                 Class     Images  Instances      Box(P          R      mAP50  mAP50-95): 100%|███████
                   all       1547       9630      0.839      0.476       0.53      0.291

      Epoch    GPU_mem   box_loss   cls_loss   dfl_loss  Instances       Size
     11/100      1.62G      1.609     0.8285      0.988          8        640: 100%|██████████| 2233/2
                 Class     Images  Instances      Box(P          R      mAP50  mAP50-95): 100%|███████
                   all       1547       9630      0.833      0.477       0.54      0.294

      Epoch    GPU_mem   box_loss   cls_loss   dfl_loss  Instances       Size
     12/100      1.62G      1.579     0.8013     0.9715         25        640: 100%|██████████| 2233/2
                 Class     Images  Instances      Box(P          R      mAP50  mAP50-95): 100%|███████
                   all       1547       9630      0.818      0.488      0.536        0.3

      Epoch    GPU_mem   box_loss   cls_loss   dfl_loss  Instances       Size
     13/100      1.62G      1.559     0.7961     0.9815          1        640: 100%|██████████| 2233/2
                 Class     Images  Instances      Box(P          R      mAP50  mAP50-95): 100%|███████
                   all       1547       9630      0.862      0.495      0.566      0.316

      Epoch    GPU_mem   box_loss   cls_loss   dfl_loss  Instances       Size
     14/100      1.62G      1.557     0.7996     0.9827         29        640: 100%|██████████| 2233/2
                 Class     Images  Instances      Box(P          R      mAP50  mAP50-95): 100%|███████
                   all       1547       9630      0.832      0.515      0.569      0.316

      Epoch    GPU_mem   box_loss   cls_loss   dfl_loss  Instances       Size
     15/100      1.62G      1.509     0.7592     0.9658          6        640: 100%|██████████| 2233/2
                 Class     Images  Instances      Box(P          R      mAP50  mAP50-95): 100%|███████
                   all       1547       9630       0.85      0.505       0.57      0.321

      Epoch    GPU_mem   box_loss   cls_loss   dfl_loss  Instances       Size
     16/100      1.62G      1.509     0.7638     0.9647          6        640: 100%|██████████| 2233/2
                 Class     Images  Instances      Box(P          R      mAP50  mAP50-95): 100%|███████
                   all       1547       9630      0.876      0.522      0.581      0.329

      Epoch    GPU_mem   box_loss   cls_loss   dfl_loss  Instances       Size
     17/100      1.62G      1.497      0.737     0.9657          3        640: 100%|██████████| 2233/2
                 Class     Images  Instances      Box(P          R      mAP50  mAP50-95): 100%|███████
                   all       1547       9630      0.843      0.531      0.587      0.334

      Epoch    GPU_mem   box_loss   cls_loss   dfl_loss  Instances       Size
     18/100      1.62G      1.477     0.7436     0.9594          6        640: 100%|██████████| 2233/2
                 Class     Images  Instances      Box(P          R      mAP50  mAP50-95): 100%|███████
                   all       1547       9630      0.835      0.528      0.589      0.331

      Epoch    GPU_mem   box_loss   cls_loss   dfl_loss  Instances       Size
     19/100      1.62G      1.473     0.7334     0.9559          7        640: 100%|██████████| 2233/2
                 Class     Images  Instances      Box(P          R      mAP50  mAP50-95): 100%|███████
                   all       1547       9630       0.83      0.543      0.601      0.338

      Epoch    GPU_mem   box_loss   cls_loss   dfl_loss  Instances       Size
     20/100      1.62G      1.468      0.729     0.9488          7        640: 100%|██████████| 2233/2
                 Class     Images  Instances      Box(P          R      mAP50  mAP50-95): 100%|███████
                   all       1547       9630      0.859      0.543       0.61      0.344

      Epoch    GPU_mem   box_loss   cls_loss   dfl_loss  Instances       Size
     21/100      1.62G      1.448     0.7164      0.951          5        640: 100%|██████████| 2233/2
                 Class     Images  Instances      Box(P          R      mAP50  mAP50-95): 100%|███████
                   all       1547       9630      0.828      0.544      0.608      0.347

      Epoch    GPU_mem   box_loss   cls_loss   dfl_loss  Instances       Size
     22/100      1.62G      1.428      0.698     0.9401          5        640: 100%|██████████| 2233/2
                 Class     Images  Instances      Box(P          R      mAP50  mAP50-95): 100%|███████
                   all       1547       9630      0.858      0.541      0.615      0.353

      Epoch    GPU_mem   box_loss   cls_loss   dfl_loss  Instances       Size
     23/100      1.62G      1.446     0.7175      0.951         12        640: 100%|██████████| 2233/2
                 Class     Images  Instances      Box(P          R      mAP50  mAP50-95): 100%|███████
                   all       1547       9630      0.863      0.542      0.607      0.352

      Epoch    GPU_mem   box_loss   cls_loss   dfl_loss  Instances       Size
     24/100      1.62G      1.432     0.7011     0.9492          6        640: 100%|██████████| 2233/2
                 Class     Images  Instances      Box(P          R      mAP50  mAP50-95): 100%|███████
                   all       1547       9630      0.866      0.547      0.625       0.36

      Epoch    GPU_mem   box_loss   cls_loss   dfl_loss  Instances       Size
     25/100      1.62G      1.421      0.695     0.9504         18        640: 100%|██████████| 2233/2
                 Class     Images  Instances      Box(P          R      mAP50  mAP50-95): 100%|███████
                   all       1547       9630      0.811      0.553      0.614      0.359

      Epoch    GPU_mem   box_loss   cls_loss   dfl_loss  Instances       Size
     26/100      1.62G      1.407     0.6909     0.9541          7        640: 100%|██████████| 2233/2
                 Class     Images  Instances      Box(P          R      mAP50  mAP50-95): 100%|███████
                   all       1547       9630      0.856      0.547      0.609      0.357

      Epoch    GPU_mem   box_loss   cls_loss   dfl_loss  Instances       Size
     27/100      1.62G      1.395     0.6928     0.9506          9        640: 100%|██████████| 2233/2
                 Class     Images  Instances      Box(P          R      mAP50  mAP50-95): 100%|███████
                   all       1547       9630      0.864      0.552      0.621      0.364

      Epoch    GPU_mem   box_loss   cls_loss   dfl_loss  Instances       Size
     28/100      1.62G      1.376     0.6789     0.9297         11        640: 100%|██████████| 2233/2
                 Class     Images  Instances      Box(P          R      mAP50  mAP50-95): 100%|███████
                   all       1547       9630      0.834      0.557      0.615      0.358

      Epoch    GPU_mem   box_loss   cls_loss   dfl_loss  Instances       Size
     29/100      1.62G      1.378     0.6698     0.9377          7        640: 100%|██████████| 2233/2
                 Class     Images  Instances      Box(P          R      mAP50  mAP50-95): 100%|███████
                   all       1547       9630      0.836      0.561      0.626      0.366

      Epoch    GPU_mem   box_loss   cls_loss   dfl_loss  Instances       Size
     30/100      1.62G      1.377     0.6743     0.9391         11        640: 100%|██████████| 2233/2
                 Class     Images  Instances      Box(P          R      mAP50  mAP50-95): 100%|███████
                   all       1547       9630      0.801      0.571      0.627      0.369

      Epoch    GPU_mem   box_loss   cls_loss   dfl_loss  Instances       Size
     31/100      1.62G      1.356     0.6539     0.9306          1        640: 100%|██████████| 2233/2
                 Class     Images  Instances      Box(P          R      mAP50  mAP50-95): 100%|███████
                   all       1547       9630      0.845      0.565       0.63      0.376

      Epoch    GPU_mem   box_loss   cls_loss   dfl_loss  Instances       Size
     32/100      1.62G      1.363     0.6603     0.9398         15        640: 100%|██████████| 2233/2
                 Class     Images  Instances      Box(P          R      mAP50  mAP50-95): 100%|███████
                   all       1547       9630      0.818       0.57       0.63      0.371

      Epoch    GPU_mem   box_loss   cls_loss   dfl_loss  Instances       Size
     33/100      1.62G      1.366     0.6636     0.9366         12        640: 100%|██████████| 2233/2
                 Class     Images  Instances      Box(P          R      mAP50  mAP50-95): 100%|███████
                   all       1547       9630      0.826      0.555      0.626      0.366

      Epoch    GPU_mem   box_loss   cls_loss   dfl_loss  Instances       Size
     34/100      1.62G      1.344     0.6527     0.9279          4        640: 100%|██████████| 2233/2
                 Class     Images  Instances      Box(P          R      mAP50  mAP50-95): 100%|███████
                   all       1547       9630      0.807      0.583      0.635      0.375

      Epoch    GPU_mem   box_loss   cls_loss   dfl_loss  Instances       Size
     35/100      1.62G      1.364     0.6562     0.9338         37        640: 100%|██████████| 2233/2
                 Class     Images  Instances      Box(P          R      mAP50  mAP50-95): 100%|███████
                   all       1547       9630      0.851      0.582      0.641      0.379

      Epoch    GPU_mem   box_loss   cls_loss   dfl_loss  Instances       Size
     36/100      1.62G      1.336     0.6401     0.9272         21        640: 100%|██████████| 2233/2
                 Class     Images  Instances      Box(P          R      mAP50  mAP50-95): 100%|███████
                   all       1547       9630      0.813      0.583      0.633      0.378

      Epoch    GPU_mem   box_loss   cls_loss   dfl_loss  Instances       Size
     37/100      1.62G       1.34     0.6473     0.9315          6        640: 100%|██████████| 2233/2
                 Class     Images  Instances      Box(P          R      mAP50  mAP50-95): 100%|███████
                   all       1547       9630       0.85      0.568      0.636      0.381

      Epoch    GPU_mem   box_loss   cls_loss   dfl_loss  Instances       Size
     38/100      1.62G      1.323      0.639     0.9177         20        640: 100%|██████████| 2233/2
                 Class     Images  Instances      Box(P          R      mAP50  mAP50-95): 100%|███████
                   all       1547       9630      0.821      0.592      0.642      0.381

      Epoch    GPU_mem   box_loss   cls_loss   dfl_loss  Instances       Size
     39/100      1.62G       1.33      0.639     0.9214          4        640: 100%|██████████| 2233/2
                 Class     Images  Instances      Box(P          R      mAP50  mAP50-95): 100%|███████
                   all       1547       9630      0.811      0.595      0.645      0.382

      Epoch    GPU_mem   box_loss   cls_loss   dfl_loss  Instances       Size
     40/100      1.62G      1.319     0.6341     0.9257          4        640: 100%|██████████| 2233/2
                 Class     Images  Instances      Box(P          R      mAP50  mAP50-95): 100%|███████
                   all       1547       9630      0.825      0.586      0.645       0.38

      Epoch    GPU_mem   box_loss   cls_loss   dfl_loss  Instances       Size
     41/100      1.62G      1.327     0.6384     0.9241          2        640: 100%|██████████| 2233/2
                 Class     Images  Instances      Box(P          R      mAP50  mAP50-95): 100%|███████
                   all       1547       9630      0.846      0.578      0.639      0.381

      Epoch    GPU_mem   box_loss   cls_loss   dfl_loss  Instances       Size
     42/100      1.62G      1.312     0.6346     0.9231          7        640: 100%|██████████| 2233/2
                 Class     Images  Instances      Box(P          R      mAP50  mAP50-95): 100%|███████
                   all       1547       9630      0.838      0.572      0.646      0.387

      Epoch    GPU_mem   box_loss   cls_loss   dfl_loss  Instances       Size
     43/100      1.62G      1.308     0.6314     0.9151          0        640: 100%|██████████| 2233/2
                 Class     Images  Instances      Box(P          R      mAP50  mAP50-95): 100%|███████
                   all       1547       9630      0.819      0.592      0.648      0.387

      Epoch    GPU_mem   box_loss   cls_loss   dfl_loss  Instances       Size
     44/100      1.62G      1.299     0.6244     0.9212          2        640: 100%|██████████| 2233/2
                 Class     Images  Instances      Box(P          R      mAP50  mAP50-95): 100%|███████
                   all       1547       9630      0.841      0.591      0.652      0.387

      Epoch    GPU_mem   box_loss   cls_loss   dfl_loss  Instances       Size
     45/100      1.62G      1.301     0.6238     0.9165          7        640: 100%|██████████| 2233/2
                 Class     Images  Instances      Box(P          R      mAP50  mAP50-95): 100%|███████
                   all       1547       9630      0.814      0.588      0.645      0.386

      Epoch    GPU_mem   box_loss   cls_loss   dfl_loss  Instances       Size
     46/100      1.62G      1.284     0.6054      0.912          6        640: 100%|██████████| 2233/2
                 Class     Images  Instances      Box(P          R      mAP50  mAP50-95): 100%|███████
                   all       1547       9630      0.817      0.587      0.646      0.387

      Epoch    GPU_mem   box_loss   cls_loss   dfl_loss  Instances       Size
     47/100      1.62G      1.279     0.6017     0.9181          7        640: 100%|██████████| 2233/2
                 Class     Images  Instances      Box(P          R      mAP50  mAP50-95): 100%|███████
                   all       1547       9630      0.857      0.575      0.646      0.392

      Epoch    GPU_mem   box_loss   cls_loss   dfl_loss  Instances       Size
     48/100      1.62G      1.282     0.6073     0.9103          8        640: 100%|██████████| 2233/2
                 Class     Images  Instances      Box(P          R      mAP50  mAP50-95): 100%|███████
                   all       1547       9630      0.831      0.595      0.651      0.391

      Epoch    GPU_mem   box_loss   cls_loss   dfl_loss  Instances       Size
     49/100      1.62G      1.276     0.6019     0.9119         19        640: 100%|██████████| 2233/2
                 Class     Images  Instances      Box(P          R      mAP50  mAP50-95): 100%|███████
                   all       1547       9630      0.873      0.574      0.652      0.392

      Epoch    GPU_mem   box_loss   cls_loss   dfl_loss  Instances       Size
     50/100      1.62G      1.292     0.6109      0.914          8        640: 100%|██████████| 2233/2
                 Class     Images  Instances      Box(P          R      mAP50  mAP50-95): 100%|███████
                   all       1547       9630      0.848      0.584      0.651      0.393

      Epoch    GPU_mem   box_loss   cls_loss   dfl_loss  Instances       Size
     51/100      1.62G      1.275     0.6088     0.9114         13        640: 100%|██████████| 2233/2
                 Class     Images  Instances      Box(P          R      mAP50  mAP50-95): 100%|███████
                   all       1547       9630      0.821      0.595      0.655      0.391

      Epoch    GPU_mem   box_loss   cls_loss   dfl_loss  Instances       Size
     52/100      1.62G      1.256     0.6017     0.9073         16        640: 100%|██████████| 2233/2
                 Class     Images  Instances      Box(P          R      mAP50  mAP50-95): 100%|███████
                   all       1547       9630      0.836      0.576      0.646      0.389

      Epoch    GPU_mem   box_loss   cls_loss   dfl_loss  Instances       Size
     53/100      1.62G      1.259      0.594     0.9063         12        640: 100%|██████████| 2233/2
                 Class     Images  Instances      Box(P          R      mAP50  mAP50-95): 100%|███████
                   all       1547       9630      0.851      0.569      0.649      0.391

      Epoch    GPU_mem   box_loss   cls_loss   dfl_loss  Instances       Size
     54/100      1.62G      1.276     0.6073     0.9173          2        640: 100%|██████████| 2233/2
                 Class     Images  Instances      Box(P          R      mAP50  mAP50-95): 100%|███████
                   all       1547       9630      0.837      0.585      0.656      0.394

      Epoch    GPU_mem   box_loss   cls_loss   dfl_loss  Instances       Size
     55/100      1.62G      1.248     0.5997     0.9074         17        640: 100%|██████████| 2233/2
                 Class     Images  Instances      Box(P          R      mAP50  mAP50-95): 100%|███████
                   all       1547       9630      0.839      0.587      0.653      0.391

      Epoch    GPU_mem   box_loss   cls_loss   dfl_loss  Instances       Size
     56/100      1.62G      1.243      0.596     0.9073         10        640: 100%|██████████| 2233/2
                 Class     Images  Instances      Box(P          R      mAP50  mAP50-95): 100%|███████
                   all       1547       9630       0.85      0.579      0.647      0.391

      Epoch    GPU_mem   box_loss   cls_loss   dfl_loss  Instances       Size
     57/100      1.62G      1.234     0.5912     0.9062          1        640: 100%|██████████| 2233/2
                 Class     Images  Instances      Box(P          R      mAP50  mAP50-95): 100%|███████
                   all       1547       9630      0.826      0.593       0.65       0.39

      Epoch    GPU_mem   box_loss   cls_loss   dfl_loss  Instances       Size
     58/100      1.62G      1.254     0.5949     0.9059          6        640: 100%|██████████| 2233/2
                 Class     Images  Instances      Box(P          R      mAP50  mAP50-95): 100%|███████
                   all       1547       9630      0.819       0.59      0.648      0.392

      Epoch    GPU_mem   box_loss   cls_loss   dfl_loss  Instances       Size
     59/100      1.66G      1.226     0.5783     0.9016         15        640: 100%|██████████| 2233/2
                 Class     Images  Instances      Box(P          R      mAP50  mAP50-95): 100%|███████
                   all       1547       9630       0.82      0.591       0.65      0.391

      Epoch    GPU_mem   box_loss   cls_loss   dfl_loss  Instances       Size
     60/100      1.66G      1.226     0.5861      0.907          5        640: 100%|██████████| 2233/2
                 Class     Images  Instances      Box(P          R      mAP50  mAP50-95): 100%|███████
                   all       1547       9630      0.806        0.6      0.649      0.392

      Epoch    GPU_mem   box_loss   cls_loss   dfl_loss  Instances       Size
     61/100      1.66G      1.218     0.5706     0.9021          5        640: 100%|██████████| 2233/2
                 Class     Images  Instances      Box(P          R      mAP50  mAP50-95): 100%|███████
                   all       1547       9630       0.79      0.602      0.649      0.392

      Epoch    GPU_mem   box_loss   cls_loss   dfl_loss  Instances       Size
     62/100      1.66G      1.229     0.5823     0.9031         11        640: 100%|██████████| 2233/2
                 Class     Images  Instances      Box(P          R      mAP50  mAP50-95): 100%|███████
                   all       1547       9630      0.839      0.584       0.65      0.394

      Epoch    GPU_mem   box_loss   cls_loss   dfl_loss  Instances       Size
     63/100      1.66G      1.221     0.5853     0.8973         11        640: 100%|██████████| 2233/2
                 Class     Images  Instances      Box(P          R      mAP50  mAP50-95): 100%|███████
                   all       1547       9630      0.846      0.586      0.652      0.398

      Epoch    GPU_mem   box_loss   cls_loss   dfl_loss  Instances       Size
     64/100      1.66G      1.216     0.5779     0.9006         10        640: 100%|██████████| 2233/2
                 Class     Images  Instances      Box(P          R      mAP50  mAP50-95): 100%|███████
                   all       1547       9630      0.819      0.598      0.653      0.398

      Epoch    GPU_mem   box_loss   cls_loss   dfl_loss  Instances       Size
     65/100      1.66G      1.203     0.5717     0.8972         34        640: 100%|██████████| 2233/2
                 Class     Images  Instances      Box(P          R      mAP50  mAP50-95): 100%|███████
                   all       1547       9630       0.82      0.593      0.651      0.397

      Epoch    GPU_mem   box_loss   cls_loss   dfl_loss  Instances       Size
     66/100      1.66G       1.21     0.5655     0.8969         16        640: 100%|██████████| 2233/2
                 Class     Images  Instances      Box(P          R      mAP50  mAP50-95): 100%|███████
                   all       1547       9630      0.829      0.596      0.653      0.397

      Epoch    GPU_mem   box_loss   cls_loss   dfl_loss  Instances       Size
     67/100      1.66G      1.202     0.5689     0.9026         10        640: 100%|██████████| 2233/2
                 Class     Images  Instances      Box(P          R      mAP50  mAP50-95): 100%|███████
                   all       1547       9630      0.815      0.599      0.653      0.398

      Epoch    GPU_mem   box_loss   cls_loss   dfl_loss  Instances       Size
     68/100      1.66G      1.191     0.5615     0.8936          2        640: 100%|██████████| 2233/2
                 Class     Images  Instances      Box(P          R      mAP50  mAP50-95): 100%|███████
                   all       1547       9630      0.822      0.593      0.652      0.399

      Epoch    GPU_mem   box_loss   cls_loss   dfl_loss  Instances       Size
     69/100      1.66G      1.187     0.5591        0.9          6        640: 100%|██████████| 2233/2
                 Class     Images  Instances      Box(P          R      mAP50  mAP50-95): 100%|███████
                   all       1547       9630       0.81      0.601      0.653      0.398

      Epoch    GPU_mem   box_loss   cls_loss   dfl_loss  Instances       Size
     70/100      1.66G      1.183     0.5551     0.8934          3        640: 100%|██████████| 2233/2
                 Class     Images  Instances      Box(P          R      mAP50  mAP50-95): 100%|███████
                   all       1547       9630      0.813      0.596      0.653        0.4

      Epoch    GPU_mem   box_loss   cls_loss   dfl_loss  Instances       Size
     71/100      1.66G      1.178     0.5501     0.8986         13        640: 100%|██████████| 2233/2
                 Class     Images  Instances      Box(P          R      mAP50  mAP50-95): 100%|███████
                   all       1547       9630      0.813      0.594      0.653      0.399

      Epoch    GPU_mem   box_loss   cls_loss   dfl_loss  Instances       Size
     72/100      1.66G      1.194     0.5645      0.903          2        640: 100%|██████████| 2233/2
                 Class     Images  Instances      Box(P          R      mAP50  mAP50-95): 100%|███████
                   all       1547       9630       0.82      0.596      0.652      0.399

      Epoch    GPU_mem   box_loss   cls_loss   dfl_loss  Instances       Size
     73/100      1.66G       1.18     0.5523     0.8922          7        640: 100%|██████████| 2233/2
                 Class     Images  Instances      Box(P          R      mAP50  mAP50-95): 100%|███████
                   all       1547       9630      0.819      0.593      0.649      0.397

      Epoch    GPU_mem   box_loss   cls_loss   dfl_loss  Instances       Size
     74/100      1.66G      1.166     0.5412     0.8893         10        640: 100%|██████████| 2233/2
                 Class     Images  Instances      Box(P          R      mAP50  mAP50-95): 100%|███████
                   all       1547       9630      0.817      0.598      0.649      0.398

      Epoch    GPU_mem   box_loss   cls_loss   dfl_loss  Instances       Size
     75/100      1.66G      1.166     0.5436     0.8946         24        640: 100%|██████████| 2233/2
                 Class     Images  Instances      Box(P          R      mAP50  mAP50-95): 100%|███████
                   all       1547       9630      0.807      0.603      0.651      0.398

      Epoch    GPU_mem   box_loss   cls_loss   dfl_loss  Instances       Size
     76/100      1.66G      1.175     0.5462     0.8957          7        640: 100%|██████████| 2233/2
                 Class     Images  Instances      Box(P          R      mAP50  mAP50-95): 100%|███████
                   all       1547       9630      0.808      0.601       0.65      0.396

      Epoch    GPU_mem   box_loss   cls_loss   dfl_loss  Instances       Size
     77/100      1.66G      1.156     0.5325      0.887          6        640: 100%|██████████| 2233/2
                 Class     Images  Instances      Box(P          R      mAP50  mAP50-95): 100%|███████
                   all       1547       9630      0.815        0.6      0.652      0.397

      Epoch    GPU_mem   box_loss   cls_loss   dfl_loss  Instances       Size
     78/100      1.66G       1.16     0.5339     0.8887         19        640: 100%|██████████| 2233/2
                 Class     Images  Instances      Box(P          R      mAP50  mAP50-95): 100%|███████
                   all       1547       9630      0.822      0.602      0.653      0.399

      Epoch    GPU_mem   box_loss   cls_loss   dfl_loss  Instances       Size
     79/100      1.66G      1.155     0.5372     0.8816          9        640: 100%|██████████| 2233/2
                 Class     Images  Instances      Box(P          R      mAP50  mAP50-95): 100%|███████
                   all       1547       9630       0.82      0.605      0.654      0.398

      Epoch    GPU_mem   box_loss   cls_loss   dfl_loss  Instances       Size
     80/100      1.66G      1.169     0.5497     0.8882          7        640: 100%|██████████| 2233/2
                 Class     Images  Instances      Box(P          R      mAP50  mAP50-95): 100%|███████
                   all       1547       9630      0.823      0.604      0.654      0.398

      Epoch    GPU_mem   box_loss   cls_loss   dfl_loss  Instances       Size
     81/100      1.66G      1.154     0.5378      0.884          3        640: 100%|██████████| 2233/2
                 Class     Images  Instances      Box(P          R      mAP50  mAP50-95): 100%|███████
                   all       1547       9630      0.817      0.602      0.653      0.399

      Epoch    GPU_mem   box_loss   cls_loss   dfl_loss  Instances       Size
     82/100      1.66G      1.154     0.5334     0.8843          3        640: 100%|██████████| 2233/2
                 Class     Images  Instances      Box(P          R      mAP50  mAP50-95): 100%|███████
                   all       1547       9630      0.812      0.605      0.654      0.399

      Epoch    GPU_mem   box_loss   cls_loss   dfl_loss  Instances       Size
     83/100      1.66G      1.151     0.5403     0.8939         24        640: 100%|██████████| 2233/2
                 Class     Images  Instances      Box(P          R      mAP50  mAP50-95): 100%|███████
                   all       1547       9630      0.811      0.605      0.654      0.399

      Epoch    GPU_mem   box_loss   cls_loss   dfl_loss  Instances       Size
     84/100      1.66G      1.142     0.5285     0.8817         11        640: 100%|██████████| 2233/2
                 Class     Images  Instances      Box(P          R      mAP50  mAP50-95): 100%|███████
                   all       1547       9630      0.814      0.606      0.655        0.4

      Epoch    GPU_mem   box_loss   cls_loss   dfl_loss  Instances       Size
     85/100      1.66G      1.131     0.5286     0.8858          4        640: 100%|██████████| 2233/2
                 Class     Images  Instances      Box(P          R      mAP50  mAP50-95): 100%|███████
                   all       1547       9630      0.819      0.606      0.656        0.4

      Epoch    GPU_mem   box_loss   cls_loss   dfl_loss  Instances       Size
     86/100      1.66G      1.108     0.5146     0.8785          4        640: 100%|██████████| 2233/2
                 Class     Images  Instances      Box(P          R      mAP50  mAP50-95): 100%|███████
                   all       1547       9630       0.82      0.607      0.657      0.401

      Epoch    GPU_mem   box_loss   cls_loss   dfl_loss  Instances       Size
     87/100      1.66G      1.127     0.5338     0.8856          6        640: 100%|██████████| 2233/2
                 Class     Images  Instances      Box(P          R      mAP50  mAP50-95): 100%|███████
                   all       1547       9630      0.822      0.605      0.657      0.402

      Epoch    GPU_mem   box_loss   cls_loss   dfl_loss  Instances       Size
     88/100      1.66G      1.115     0.5185     0.8821         28        640: 100%|██████████| 2233/2
                 Class     Images  Instances      Box(P          R      mAP50  mAP50-95): 100%|███████
                   all       1547       9630      0.817      0.606      0.657      0.401

      Epoch    GPU_mem   box_loss   cls_loss   dfl_loss  Instances       Size
     89/100      1.66G      1.118     0.5237     0.8848         24        640: 100%|██████████| 2233/2
                 Class     Images  Instances      Box(P          R      mAP50  mAP50-95): 100%|███████
                   all       1547       9630      0.814      0.607      0.656        0.4

      Epoch    GPU_mem   box_loss   cls_loss   dfl_loss  Instances       Size
     90/100      1.66G      1.109     0.5125     0.8745          8        640: 100%|██████████| 2233/2
                 Class     Images  Instances      Box(P          R      mAP50  mAP50-95): 100%|███████
                   all       1547       9630      0.811      0.607      0.656      0.399
Closing dataloader mosaic

      Epoch    GPU_mem   box_loss   cls_loss   dfl_loss  Instances       Size
     91/100      1.66G      1.127     0.5303       0.87          2        640: 100%|██████████| 2233/2
                 Class     Images  Instances      Box(P          R      mAP50  mAP50-95): 100%|███████
                   all       1547       9630      0.813      0.606      0.655      0.399

      Epoch    GPU_mem   box_loss   cls_loss   dfl_loss  Instances       Size
     92/100      1.66G      1.117     0.5264     0.8732          2        640: 100%|██████████| 2233/2
                 Class     Images  Instances      Box(P          R      mAP50  mAP50-95): 100%|███████
                   all       1547       9630      0.813      0.606      0.656      0.398

      Epoch    GPU_mem   box_loss   cls_loss   dfl_loss  Instances       Size
     93/100      1.66G      1.099      0.515     0.8633         11        640: 100%|██████████| 2233/2
                 Class     Images  Instances      Box(P          R      mAP50  mAP50-95): 100%|███████
                   all       1547       9630      0.809      0.609      0.655      0.398

      Epoch    GPU_mem   box_loss   cls_loss   dfl_loss  Instances       Size
     94/100      1.66G      1.112     0.5234     0.8727         13        640: 100%|██████████| 2233/2
                 Class     Images  Instances      Box(P          R      mAP50  mAP50-95): 100%|███████
                   all       1547       9630      0.807      0.608      0.655      0.398

      Epoch    GPU_mem   box_loss   cls_loss   dfl_loss  Instances       Size
     95/100      1.66G      1.103     0.5177     0.8705          2        640: 100%|██████████| 2233/2
                 Class     Images  Instances      Box(P          R      mAP50  mAP50-95): 100%|███████
                   all       1547       9630      0.811      0.608      0.655      0.397

      Epoch    GPU_mem   box_loss   cls_loss   dfl_loss  Instances       Size
     96/100      1.66G      1.095       0.51      0.866          9        640: 100%|██████████| 2233/2
                 Class     Images  Instances      Box(P          R      mAP50  mAP50-95): 100%|███████
                   all       1547       9630       0.81      0.606      0.654      0.398

      Epoch    GPU_mem   box_loss   cls_loss   dfl_loss  Instances       Size
     97/100      1.66G      1.098     0.5112     0.8654          7        640: 100%|██████████| 2233/2
                 Class     Images  Instances      Box(P          R      mAP50  mAP50-95): 100%|███████
                   all       1547       9630      0.807      0.607      0.654      0.397

      Epoch    GPU_mem   box_loss   cls_loss   dfl_loss  Instances       Size
     98/100      1.66G      1.098      0.518     0.8693          1        640: 100%|██████████| 2233/2
                 Class     Images  Instances      Box(P          R      mAP50  mAP50-95): 100%|███████
                   all       1547       9630      0.806      0.607      0.654      0.397

      Epoch    GPU_mem   box_loss   cls_loss   dfl_loss  Instances       Size
     99/100      1.66G      1.081     0.5003     0.8625          6        640: 100%|██████████| 2233/2
                 Class     Images  Instances      Box(P          R      mAP50  mAP50-95): 100%|███████
                   all       1547       9630      0.811      0.604      0.653      0.397

      Epoch    GPU_mem   box_loss   cls_loss   dfl_loss  Instances       Size
    100/100      1.66G      1.072     0.5014     0.8658          8        640: 100%|██████████| 2233/2
                 Class     Images  Instances      Box(P          R      mAP50  mAP50-95): 100%|███████
                   all       1547       9630      0.813      0.604      0.655      0.397

100 epochs completed in 13.335 hours.
Optimizer stripped from .yolo-out-sds3/yolo11-c-sds-3/weights/last.pt, 40.5MB
Optimizer stripped from .yolo-out-sds3/yolo11-c-sds-3/weights/best.pt, 40.5MB

Validating .yolo-out-sds3/yolo11-c-sds-3/weights/best.pt...
Ultralytics 8.3.150 🚀 Python-3.13.2 torch-2.6.0+cu118 CUDA:0 (Tesla T4, 14913MiB)
                                                       CUDA:1 (Tesla T4, 14913MiB)
YOLO11m summary (fused): 125 layers, 20,033,887 parameters, 0 gradients, 67.7 GFLOPs
                 Class     Images  Instances      Box(P          R      mAP50  mAP50-95): 100%|███████
                   all       1547       9630      0.822      0.605      0.657      0.402
               swimmer       1286       6206      0.803      0.663      0.707      0.306
                  boat        915       2214       0.94      0.866      0.917      0.664
                jetski        320        320      0.793      0.853      0.868      0.555
life_saving_appliances        191        330      0.661      0.121      0.193     0.0896
                  buoy        352        560      0.912      0.521      0.602      0.394
Speed: 0.2ms preprocess, 6.2ms inference, 0.0ms loss, 1.2ms postprocess per image
Results saved to .yolo-out-sds3/yolo11-c-sds-3