Overriding model.yaml nc=80 with nc=1
WARNING ⚠️ no model scale passed. Assuming scale='m'.
Freezing layer 'model.20.dfl.conv.weight'
AMP: running Automatic Mixed Precision (AMP) checks...
AMP: checks passed ✅
train: Fast image access ✅ (ping: 0.0±0.0 ms, read: 1152.3±343.1 MB/s, size: 54.6 KB)
train: Scanning /data2/jd1/datasets/landing-pad-detection-2-v4/train/labels.cache... 884 images, 0 backgrounds, 0 corrupt: 100%|██████████| 884/884 [00:00
val: Fast image access ✅ (ping: 0.1±0.0 ms, read: 172.3±69.4 MB/s, size: 53.5 KB)
val: Scanning /data2/jd1/datasets/landing-pad-detection-2-v4/valid/labels.cache... 230 images, 0 backgrounds, 0 corrupt: 100%|██████████| 230/230 [00:00<?
Plotting labels to .yolo-out-lpd2/yolo11a2-lpd2-2/labels.jpg...
optimizer: 'optimizer=auto' found, ignoring 'lr0=0.01' and 'momentum=0.937' and determining best 'optimizer', 'lr0' and 'momentum' automatically...
optimizer: AdamW(lr=0.002, momentum=0.9) with parameter groups 95 weight(decay=0.0), 102 weight(decay=0.0005), 101 bias(decay=0.0)
Image sizes 640 train, 640 val
Using 16 dataloader workers
Logging results to .yolo-out-lpd2/yolo11a2-lpd2-2
Starting training for 100 epochs...

      Epoch    GPU_mem   box_loss   cls_loss   dfl_loss  Instances       Size
      1/100      5.76G      3.576      6.608      4.161          5        640: 100%|██████████| 56/56 [00:21<00:00,  2.59it/s]
                 Class     Images  Instances      Box(P          R      mAP50  mAP50-95): 100%|██████████| 15/15 [00:03<00:00,  4.06it/s]
                   all        230        243    0.00042      0.119   0.000238   7.62e-05

      Epoch    GPU_mem   box_loss   cls_loss   dfl_loss  Instances       Size
      2/100      6.19G      2.697      4.019      3.023          1        640: 100%|██████████| 56/56 [00:20<00:00,  2.69it/s]
                 Class     Images  Instances      Box(P          R      mAP50  mAP50-95): 100%|██████████| 15/15 [00:03<00:00,  4.03it/s]
                   all        230        243    0.00377      0.568     0.0436     0.0227

      Epoch    GPU_mem   box_loss   cls_loss   dfl_loss  Instances       Size
      3/100      6.19G      2.294      3.079      2.583          1        640: 100%|██████████| 56/56 [00:20<00:00,  2.70it/s]
                 Class     Images  Instances      Box(P          R      mAP50  mAP50-95): 100%|██████████| 15/15 [00:03<00:00,  3.96it/s]
                   all        230        243      0.443      0.494      0.427      0.235

      Epoch    GPU_mem   box_loss   cls_loss   dfl_loss  Instances       Size
      4/100      6.19G      2.038      2.318      2.279          3        640: 100%|██████████| 56/56 [00:20<00:00,  2.70it/s]
                 Class     Images  Instances      Box(P          R      mAP50  mAP50-95): 100%|██████████| 15/15 [00:03<00:00,  3.87it/s]
                   all        230        243      0.704      0.588      0.624      0.404

      Epoch    GPU_mem   box_loss   cls_loss   dfl_loss  Instances       Size
      5/100       6.2G      1.842      1.915      1.987          5        640: 100%|██████████| 56/56 [00:21<00:00,  2.66it/s]
                 Class     Images  Instances      Box(P          R      mAP50  mAP50-95): 100%|██████████| 15/15 [00:03<00:00,  3.80it/s]
                   all        230        243      0.797      0.461      0.527      0.339

      Epoch    GPU_mem   box_loss   cls_loss   dfl_loss  Instances       Size
      6/100       6.2G      1.866      1.797      2.058          5        640: 100%|██████████| 56/56 [00:21<00:00,  2.61it/s]
                 Class     Images  Instances      Box(P          R      mAP50  mAP50-95): 100%|██████████| 15/15 [00:04<00:00,  3.68it/s]
                   all        230        243      0.914      0.663      0.775      0.466

      Epoch    GPU_mem   box_loss   cls_loss   dfl_loss  Instances       Size
      7/100       6.2G      1.628      1.505      1.823          4        640: 100%|██████████| 56/56 [00:21<00:00,  2.64it/s]
                 Class     Images  Instances      Box(P          R      mAP50  mAP50-95): 100%|██████████| 15/15 [00:03<00:00,  3.86it/s]
                   all        230        243      0.912      0.675       0.75        0.5

      Epoch    GPU_mem   box_loss   cls_loss   dfl_loss  Instances       Size
      8/100       6.2G      1.646      1.383      1.781          3        640: 100%|██████████| 56/56 [00:21<00:00,  2.65it/s]
                 Class     Images  Instances      Box(P          R      mAP50  mAP50-95): 100%|██████████| 15/15 [00:03<00:00,  3.84it/s]
                   all        230        243      0.836      0.786      0.866      0.592

      Epoch    GPU_mem   box_loss   cls_loss   dfl_loss  Instances       Size
      9/100      6.24G      1.597      1.293      1.755          4        640: 100%|██████████| 56/56 [00:21<00:00,  2.65it/s]
                 Class     Images  Instances      Box(P          R      mAP50  mAP50-95): 100%|██████████| 15/15 [00:03<00:00,  3.83it/s]
                   all        230        243      0.872      0.704      0.842      0.566

      Epoch    GPU_mem   box_loss   cls_loss   dfl_loss  Instances       Size
     10/100      6.24G      1.447      1.209      1.668          3        640: 100%|██████████| 56/56 [00:21<00:00,  2.64it/s]
                 Class     Images  Instances      Box(P          R      mAP50  mAP50-95): 100%|██████████| 15/15 [00:03<00:00,  3.83it/s]
                   all        230        243      0.916      0.803      0.902      0.612

      Epoch    GPU_mem   box_loss   cls_loss   dfl_loss  Instances       Size
     11/100      6.24G      1.501      1.203      1.702          6        640: 100%|██████████| 56/56 [00:21<00:00,  2.61it/s]
                 Class     Images  Instances      Box(P          R      mAP50  mAP50-95): 100%|██████████| 15/15 [00:03<00:00,  3.84it/s]
                   all        230        243      0.926      0.823      0.907      0.625

      Epoch    GPU_mem   box_loss   cls_loss   dfl_loss  Instances       Size
     12/100      6.24G      1.376      1.079      1.548          2        640: 100%|██████████| 56/56 [00:21<00:00,  2.64it/s]
                 Class     Images  Instances      Box(P          R      mAP50  mAP50-95): 100%|██████████| 15/15 [00:03<00:00,  3.84it/s]
                   all        230        243      0.915      0.843      0.928      0.624

      Epoch    GPU_mem   box_loss   cls_loss   dfl_loss  Instances       Size
     13/100      6.24G      1.434      1.143      1.621          4        640: 100%|██████████| 56/56 [00:21<00:00,  2.64it/s]
                 Class     Images  Instances      Box(P          R      mAP50  mAP50-95): 100%|██████████| 15/15 [00:03<00:00,  3.85it/s]
                   all        230        243      0.795      0.815      0.883      0.551

      Epoch    GPU_mem   box_loss   cls_loss   dfl_loss  Instances       Size
     14/100      6.24G      1.318      1.048      1.574          4        640: 100%|██████████| 56/56 [00:21<00:00,  2.65it/s]
                 Class     Images  Instances      Box(P          R      mAP50  mAP50-95): 100%|██████████| 15/15 [00:03<00:00,  3.87it/s]
                   all        230        243      0.938      0.874       0.94      0.701

      Epoch    GPU_mem   box_loss   cls_loss   dfl_loss  Instances       Size
     15/100      6.24G      1.236     0.9713      1.475          3        640: 100%|██████████| 56/56 [00:21<00:00,  2.65it/s]
                 Class     Images  Instances      Box(P          R      mAP50  mAP50-95): 100%|██████████| 15/15 [00:03<00:00,  3.87it/s]
                   all        230        243      0.916       0.86      0.942      0.675

      Epoch    GPU_mem   box_loss   cls_loss   dfl_loss  Instances       Size
     16/100      6.24G      1.242     0.9671      1.511          3        640: 100%|██████████| 56/56 [00:21<00:00,  2.65it/s]
                 Class     Images  Instances      Box(P          R      mAP50  mAP50-95): 100%|██████████| 15/15 [00:03<00:00,  3.87it/s]
                   all        230        243      0.906      0.922       0.95        0.7

      Epoch    GPU_mem   box_loss   cls_loss   dfl_loss  Instances       Size
     17/100      6.24G      1.233     0.9292      1.466          2        640: 100%|██████████| 56/56 [00:21<00:00,  2.66it/s]
                 Class     Images  Instances      Box(P          R      mAP50  mAP50-95): 100%|██████████| 15/15 [00:03<00:00,  3.88it/s]
                   all        230        243      0.938       0.86      0.935      0.678

      Epoch    GPU_mem   box_loss   cls_loss   dfl_loss  Instances       Size
     18/100      6.24G      1.174     0.9327      1.446          3        640: 100%|██████████| 56/56 [00:21<00:00,  2.66it/s]
                 Class     Images  Instances      Box(P          R      mAP50  mAP50-95): 100%|██████████| 15/15 [00:03<00:00,  3.87it/s]
                   all        230        243      0.935      0.881      0.949        0.7

      Epoch    GPU_mem   box_loss   cls_loss   dfl_loss  Instances       Size
     19/100      6.24G      1.208     0.8957      1.455          2        640: 100%|██████████| 56/56 [00:21<00:00,  2.65it/s]
                 Class     Images  Instances      Box(P          R      mAP50  mAP50-95): 100%|██████████| 15/15 [00:03<00:00,  3.87it/s]
                   all        230        243      0.956      0.894      0.962      0.737

      Epoch    GPU_mem   box_loss   cls_loss   dfl_loss  Instances       Size
     20/100      6.24G      1.135     0.8223      1.423          2        640: 100%|██████████| 56/56 [00:21<00:00,  2.66it/s]
                 Class     Images  Instances      Box(P          R      mAP50  mAP50-95): 100%|██████████| 15/15 [00:03<00:00,  3.88it/s]
                   all        230        243      0.901      0.901      0.948      0.695

      Epoch    GPU_mem   box_loss   cls_loss   dfl_loss  Instances       Size
     21/100      6.24G      1.082     0.7989      1.342          2        640: 100%|██████████| 56/56 [00:21<00:00,  2.66it/s]
                 Class     Images  Instances      Box(P          R      mAP50  mAP50-95): 100%|██████████| 15/15 [00:03<00:00,  3.87it/s]
                   all        230        243      0.976      0.885      0.962      0.717

      Epoch    GPU_mem   box_loss   cls_loss   dfl_loss  Instances       Size
     22/100      6.24G      1.077     0.8175      1.371          2        640: 100%|██████████| 56/56 [00:21<00:00,  2.60it/s]
                 Class     Images  Instances      Box(P          R      mAP50  mAP50-95): 100%|██████████| 15/15 [00:03<00:00,  3.88it/s]
                   all        230        243      0.934      0.918      0.964      0.747

      Epoch    GPU_mem   box_loss   cls_loss   dfl_loss  Instances       Size
     23/100      6.24G      1.095     0.7792      1.365          3        640: 100%|██████████| 56/56 [00:21<00:00,  2.63it/s]
                 Class     Images  Instances      Box(P          R      mAP50  mAP50-95): 100%|██████████| 15/15 [00:03<00:00,  3.88it/s]
                   all        230        243      0.942      0.929      0.968      0.724

      Epoch    GPU_mem   box_loss   cls_loss   dfl_loss  Instances       Size
     24/100      6.24G      1.083     0.7852      1.338          5        640: 100%|██████████| 56/56 [00:21<00:00,  2.63it/s]
                 Class     Images  Instances      Box(P          R      mAP50  mAP50-95): 100%|██████████| 15/15 [00:03<00:00,  3.89it/s]
                   all        230        243      0.978      0.913      0.973      0.749

      Epoch    GPU_mem   box_loss   cls_loss   dfl_loss  Instances       Size
     25/100      6.24G      1.074     0.7388      1.292          5        640: 100%|██████████| 56/56 [00:21<00:00,  2.63it/s]
                 Class     Images  Instances      Box(P          R      mAP50  mAP50-95): 100%|██████████| 15/15 [00:03<00:00,  3.87it/s]
                   all        230        243      0.951       0.93      0.977      0.758

      Epoch    GPU_mem   box_loss   cls_loss   dfl_loss  Instances       Size
     26/100      6.24G      1.092     0.7756      1.368          4        640: 100%|██████████| 56/56 [00:21<00:00,  2.64it/s]
                 Class     Images  Instances      Box(P          R      mAP50  mAP50-95): 100%|██████████| 15/15 [00:03<00:00,  3.88it/s]
                   all        230        243      0.967      0.922      0.959      0.743

      Epoch    GPU_mem   box_loss   cls_loss   dfl_loss  Instances       Size
     27/100      6.24G       1.03     0.7412      1.296          3        640: 100%|██████████| 56/56 [00:21<00:00,  2.63it/s]
                 Class     Images  Instances      Box(P          R      mAP50  mAP50-95): 100%|██████████| 15/15 [00:03<00:00,  3.89it/s]
                   all        230        243      0.946      0.951      0.975       0.76

      Epoch    GPU_mem   box_loss   cls_loss   dfl_loss  Instances       Size
     28/100      6.24G      1.025     0.7284      1.332          4        640: 100%|██████████| 56/56 [00:21<00:00,  2.65it/s]
                 Class     Images  Instances      Box(P          R      mAP50  mAP50-95): 100%|██████████| 15/15 [00:03<00:00,  3.88it/s]
                   all        230        243       0.94      0.905      0.961       0.76

      Epoch    GPU_mem   box_loss   cls_loss   dfl_loss  Instances       Size
     29/100      6.28G      1.056     0.7395      1.312          2        640: 100%|██████████| 56/56 [00:21<00:00,  2.66it/s]
                 Class     Images  Instances      Box(P          R      mAP50  mAP50-95): 100%|██████████| 15/15 [00:03<00:00,  3.89it/s]
                   all        230        243      0.951      0.955      0.975      0.781

      Epoch    GPU_mem   box_loss   cls_loss   dfl_loss  Instances       Size
     30/100      6.29G     0.9987     0.6901      1.299          1        640: 100%|██████████| 56/56 [00:21<00:00,  2.65it/s]
                 Class     Images  Instances      Box(P          R      mAP50  mAP50-95): 100%|██████████| 15/15 [00:03<00:00,  3.88it/s]
                   all        230        243      0.956      0.963      0.979      0.785

      Epoch    GPU_mem   box_loss   cls_loss   dfl_loss  Instances       Size
     31/100      6.29G     0.9679     0.6656      1.252          4        640: 100%|██████████| 56/56 [00:21<00:00,  2.65it/s]
                 Class     Images  Instances      Box(P          R      mAP50  mAP50-95): 100%|██████████| 15/15 [00:03<00:00,  3.88it/s]
                   all        230        243      0.969      0.959      0.984      0.791

      Epoch    GPU_mem   box_loss   cls_loss   dfl_loss  Instances       Size
     32/100      6.29G      0.985     0.6556      1.266          2        640: 100%|██████████| 56/56 [00:21<00:00,  2.66it/s]
                 Class     Images  Instances      Box(P          R      mAP50  mAP50-95): 100%|██████████| 15/15 [00:03<00:00,  3.88it/s]
                   all        230        243      0.962       0.93      0.969       0.76

      Epoch    GPU_mem   box_loss   cls_loss   dfl_loss  Instances       Size
     33/100      6.29G     0.9804     0.6653      1.251          1        640: 100%|██████████| 56/56 [00:21<00:00,  2.66it/s]
                 Class     Images  Instances      Box(P          R      mAP50  mAP50-95): 100%|██████████| 15/15 [00:03<00:00,  3.87it/s]
                   all        230        243      0.949       0.93      0.966      0.746

      Epoch    GPU_mem   box_loss   cls_loss   dfl_loss  Instances       Size
     34/100      6.29G     0.9529     0.6494      1.251          3        640: 100%|██████████| 56/56 [00:21<00:00,  2.66it/s]
                 Class     Images  Instances      Box(P          R      mAP50  mAP50-95): 100%|██████████| 15/15 [00:03<00:00,  3.88it/s]
                   all        230        243      0.969      0.947      0.982      0.794

      Epoch    GPU_mem   box_loss   cls_loss   dfl_loss  Instances       Size
     35/100      6.29G     0.9196     0.6264      1.223          7        640: 100%|██████████| 56/56 [00:21<00:00,  2.66it/s]
                 Class     Images  Instances      Box(P          R      mAP50  mAP50-95): 100%|██████████| 15/15 [00:03<00:00,  3.89it/s]
                   all        230        243      0.983      0.959      0.982      0.806

      Epoch    GPU_mem   box_loss   cls_loss   dfl_loss  Instances       Size
     36/100      6.29G     0.8894     0.6096      1.196          1        640: 100%|██████████| 56/56 [00:21<00:00,  2.66it/s]
                 Class     Images  Instances      Box(P          R      mAP50  mAP50-95): 100%|██████████| 15/15 [00:03<00:00,  3.89it/s]
                   all        230        243      0.952      0.971      0.976      0.793

      Epoch    GPU_mem   box_loss   cls_loss   dfl_loss  Instances       Size
     37/100      6.29G     0.9255     0.6343      1.253          2        640: 100%|██████████| 56/56 [00:21<00:00,  2.66it/s]
                 Class     Images  Instances      Box(P          R      mAP50  mAP50-95): 100%|██████████| 15/15 [00:03<00:00,  3.89it/s]
                   all        230        243      0.983      0.951      0.987      0.809

      Epoch    GPU_mem   box_loss   cls_loss   dfl_loss  Instances       Size
     38/100      6.29G     0.8956     0.6032      1.221          3        640: 100%|██████████| 56/56 [00:21<00:00,  2.66it/s]
                 Class     Images  Instances      Box(P          R      mAP50  mAP50-95): 100%|██████████| 15/15 [00:03<00:00,  3.89it/s]
                   all        230        243      0.957      0.959      0.977      0.798

      Epoch    GPU_mem   box_loss   cls_loss   dfl_loss  Instances       Size
     39/100      6.29G     0.8968     0.6057      1.191          1        640: 100%|
                 Class     Images  Instances      Box(P          R      mAP50  mAP50
                   all        230        243      0.973      0.967      0.983      0.804

      Epoch    GPU_mem   box_loss   cls_loss   dfl_loss  Instances       Size
     40/100      6.29G      0.896     0.5901        1.2          2        640: 100%|
                 Class     Images  Instances      Box(P          R      mAP50  mAP50
                   all        230        243      0.963       0.96      0.988      0.771

      Epoch    GPU_mem   box_loss   cls_loss   dfl_loss  Instances       Size
     41/100      6.29G     0.8711     0.6048      1.181          2        640: 100%|██████████| 56/56 [00:21<00:00,  2.66it/s]
                 Class     Images  Instances      Box(P          R      mAP50  mAP50-95): 100%|██████████| 15/15 [00:03<00:00,  3.89it/s]
                   all        230        243      0.969      0.963      0.986      0.816

      Epoch    GPU_mem   box_loss   cls_loss   dfl_loss  Instances       Size
     42/100      6.29G     0.8953     0.5836      1.188          2        640: 100%|██████████| 56/56 [00:21<00:00,  2.66it/s]
                 Class     Images  Instances      Box(P          R      mAP50  mAP50-95): 100%|██████████| 15/15 [00:03<00:00,  3.89it/s]
                   all        230        243      0.979      0.971      0.981      0.808

      Epoch    GPU_mem   box_loss   cls_loss   dfl_loss  Instances       Size
     43/100      6.29G     0.8768     0.5794      1.216          1        640: 100%|██████████| 56/56 [00:21<00:00,  2.64it/s]
                 Class     Images  Instances      Box(P          R      mAP50  mAP50-95): 100%|██████████| 15/15 [00:03<00:00,  3.89it/s]
                   all        230        243      0.979      0.961      0.985       0.81

      Epoch    GPU_mem   box_loss   cls_loss   dfl_loss  Instances       Size
     44/100      6.29G     0.8871      0.581      1.171          1        640: 100%|██████████| 56/56 [00:21<00:00,  2.66it/s]
                 Class     Images  Instances      Box(P          R      mAP50  mAP50-95): 100%|██████████| 15/15 [00:03<00:00,  3.88it/s]
                   all        230        243      0.979       0.97       0.99      0.801

      Epoch    GPU_mem   box_loss   cls_loss   dfl_loss  Instances       Size
     45/100      6.29G      0.872     0.5552      1.167          5        640: 100%|██████████| 56/56 [00:21<00:00,  2.66it/s]
                 Class     Images  Instances      Box(P          R      mAP50  mAP50-95): 100%|██████████| 15/15 [00:03<00:00,  3.89it/s]
                   all        230        243      0.981      0.955      0.988      0.816

      Epoch    GPU_mem   box_loss   cls_loss   dfl_loss  Instances       Size
     46/100      6.29G     0.8389     0.5332      1.155          6        640: 100%|██████████| 56/56 [00:21<00:00,  2.64it/s]
                 Class     Images  Instances      Box(P          R      mAP50  mAP50-95): 100%|██████████| 15/15 [00:03<00:00,  3.88it/s]
                   all        230        243       0.98      0.959      0.989      0.804

      Epoch    GPU_mem   box_loss   cls_loss   dfl_loss  Instances       Size
     47/100      6.29G     0.8586     0.5556      1.127          4        640: 100%|██████████| 56/56 [00:21<00:00,  2.66it/s]
                 Class     Images  Instances      Box(P          R      mAP50  mAP50-95): 100%|██████████| 15/15 [00:03<00:00,  3.89it/s]
                   all        230        243      0.973      0.971      0.984      0.801

      Epoch    GPU_mem   box_loss   cls_loss   dfl_loss  Instances       Size
     48/100      6.29G     0.8819     0.5764      1.185          4        640: 100%|██████████| 56/56 [00:21<00:00,  2.65it/s]
                 Class     Images  Instances      Box(P          R      mAP50  mAP50-95): 100%|██████████| 15/15 [00:03<00:00,  3.89it/s]
                   all        230        243      0.983      0.973      0.986       0.79

      Epoch    GPU_mem   box_loss   cls_loss   dfl_loss  Instances       Size
     49/100      6.29G     0.8552      0.549      1.174          3        640: 100%|██████████| 56/56 [00:21<00:00,  2.66it/s]
                 Class     Images  Instances      Box(P          R      mAP50  mAP50-95): 100%|██████████| 15/15 [00:03<00:00,  3.89it/s]
                   all        230        243      0.975      0.982      0.993      0.827

      Epoch    GPU_mem   box_loss   cls_loss   dfl_loss  Instances       Size
     50/100      6.29G     0.8579      0.535      1.168          4        640: 100%|██████████| 56/56 [00:21<00:00,  2.66it/s]
                 Class     Images  Instances      Box(P          R      mAP50  mAP50-95): 100%|██████████| 15/15 [00:03<00:00,  3.89it/s]
                   all        230        243      0.987      0.971      0.989       0.83

      Epoch    GPU_mem   box_loss   cls_loss   dfl_loss  Instances       Size
     51/100      6.29G      0.798     0.5043      1.122          2        640: 100%|██████████| 56/56 [00:21<00:00,  2.66it/s]
                 Class     Images  Instances      Box(P          R      mAP50  mAP50-95): 100%|██████████| 15/15 [00:03<00:00,  3.89it/s]
                   all        230        243      0.972      0.967      0.987      0.821

      Epoch    GPU_mem   box_loss   cls_loss   dfl_loss  Instances       Size
     52/100      6.29G     0.7884     0.5073      1.117          2        640: 100%|██████████| 56/56 [00:21<00:00,  2.66it/s]
                 Class     Images  Instances      Box(P          R      mAP50  mAP50-95): 100%|██████████| 15/15 [00:03<00:00,  3.89it/s]
                   all        230        243      0.983      0.973       0.99       0.83

      Epoch    GPU_mem   box_loss   cls_loss   dfl_loss  Instances       Size
     53/100      6.29G     0.8023     0.5255       1.12          3        640: 100%|██████████| 56/56 [00:21<00:00,  2.63it/s]
                 Class     Images  Instances      Box(P          R      mAP50  mAP50-95): 100%|██████████| 15/15 [00:03<00:00,  3.89it/s]
                   all        230        243      0.971      0.974      0.987      0.822

      Epoch    GPU_mem   box_loss   cls_loss   dfl_loss  Instances       Size
     54/100      6.29G     0.8267     0.5241      1.104          5        640: 100%|██████████| 56/56 [00:21<00:00,  2.66it/s]
                 Class     Images  Instances      Box(P          R      mAP50  mAP50-95): 100%|██████████| 15/15 [00:03<00:00,  3.89it/s]
                   all        230        243      0.979      0.973      0.988      0.822

      Epoch    GPU_mem   box_loss   cls_loss   dfl_loss  Instances       Size
     55/100      6.29G     0.7634     0.4779       1.11          4        640: 100%|██████████| 56/56 [00:21<00:00,  2.64it/s]
                 Class     Images  Instances      Box(P          R      mAP50  mAP50-95): 100%|██████████| 15/15 [00:03<00:00,  3.90it/s]
                   all        230        243      0.978      0.967      0.985      0.821

      Epoch    GPU_mem   box_loss   cls_loss   dfl_loss  Instances       Size
     56/100      6.29G       0.78      0.494      1.096          0        640: 100%|██████████| 56/56 [00:21<00:00,  2.65it/s]
                 Class     Images  Instances      Box(P          R      mAP50  mAP50-95): 100%|██████████| 15/15 [00:03<00:00,  3.90it/s]
                   all        230        243      0.992      0.968      0.991       0.83

      Epoch    GPU_mem   box_loss   cls_loss   dfl_loss  Instances       Size
     57/100      6.29G     0.7787     0.4915      1.104          2        640: 100%|██████████| 56/56 [00:21<00:00,  2.64it/s]
                 Class     Images  Instances      Box(P          R      mAP50  mAP50-95): 100%|██████████| 15/15 [00:03<00:00,  3.90it/s]
                   all        230        243      0.979      0.973      0.989      0.836

      Epoch    GPU_mem   box_loss   cls_loss   dfl_loss  Instances       Size
     58/100      6.29G     0.7904     0.4917       1.11          3        640: 100%|██████████| 56/56 [00:21<00:00,  2.66it/s]
                 Class     Images  Instances      Box(P          R      mAP50  mAP50-95): 100%|██████████| 15/15 [00:03<00:00,  3.90it/s]
                   all        230        243      0.975      0.978      0.988      0.826

      Epoch    GPU_mem   box_loss   cls_loss   dfl_loss  Instances       Size
     59/100      6.29G     0.7544     0.4662      1.077          6        640: 100%|██████████| 56/56 [00:21<00:00,  2.66it/s]
                 Class     Images  Instances      Box(P          R      mAP50  mAP50-95): 100%|██████████| 15/15 [00:03<00:00,  3.89it/s]
                   all        230        243      0.979      0.981      0.993      0.838

      Epoch    GPU_mem   box_loss   cls_loss   dfl_loss  Instances       Size
     60/100      6.29G     0.7844     0.4904      1.104          0        640: 100%|██████████| 56/56 [00:21<00:00,  2.65it/s]
                 Class     Images  Instances      Box(P          R      mAP50  mAP50-95): 100%|██████████| 15/15 [00:03<00:00,  3.89it/s]
                   all        230        243      0.973      0.959       0.99      0.823

      Epoch    GPU_mem   box_loss   cls_loss   dfl_loss  Instances       Size
     61/100      6.29G     0.8066     0.4946      1.101          3        640: 100%|██████████| 56/56 [00:21<00:00,  2.66it/s]
                 Class     Images  Instances      Box(P          R      mAP50  mAP50-95): 100%|██████████| 15/15 [00:03<00:00,  3.90it/s]
                   all        230        243      0.967      0.975      0.988      0.828

      Epoch    GPU_mem   box_loss   cls_loss   dfl_loss  Instances       Size
     62/100      6.29G     0.7868      0.469      1.059          5        640: 100%|██████████| 56/56 [00:21<00:00,  2.64it/s]
                 Class     Images  Instances      Box(P          R      mAP50  mAP50-95): 100%|██████████| 15/15 [00:03<00:00,  3.89it/s]
                   all        230        243       0.99      0.979      0.991      0.811

      Epoch    GPU_mem   box_loss   cls_loss   dfl_loss  Instances       Size
     63/100      6.29G     0.7569     0.4884      1.122          1        640: 100%|██████████| 56/56 [00:21<00:00,  2.65it/s]
                 Class     Images  Instances      Box(P          R      mAP50  mAP50-95): 100%|██████████| 15/15 [00:03<00:00,  3.89it/s]
                   all        230        243      0.971      0.975      0.989      0.833

      Epoch    GPU_mem   box_loss   cls_loss   dfl_loss  Instances       Size
     64/100      6.29G     0.7354     0.4531      1.071          3        640: 100%|██████████| 56/56 [00:21<00:00,  2.66it/s]
                 Class     Images  Instances      Box(P          R      mAP50  mAP50-95): 100%|██████████| 15/15 [00:03<00:00,  3.89it/s]
                   all        230        243      0.983      0.979      0.991       0.83

      Epoch    GPU_mem   box_loss   cls_loss   dfl_loss  Instances       Size
     65/100      6.29G      0.776     0.4713      1.117          1        640: 100%|██████████| 56/56 [00:21<00:00,  2.66it/s]
                 Class     Images  Instances      Box(P          R      mAP50  mAP50-95): 100%|██████████| 15/15 [00:03<00:00,  3.90it/s]
                   all        230        243      0.987      0.973      0.991      0.825

      Epoch    GPU_mem   box_loss   cls_loss   dfl_loss  Instances       Size
     66/100      6.29G     0.7655     0.4601      1.097          1        640: 100%|██████████| 56/56 [00:21<00:00,  2.66it/s]
                 Class     Images  Instances      Box(P          R      mAP50  mAP50-95): 100%|██████████| 15/15 [00:03<00:00,  3.91it/s]
                   all        230        243       0.99      0.975      0.993      0.841

      Epoch    GPU_mem   box_loss   cls_loss   dfl_loss  Instances       Size
     67/100      6.29G      0.776     0.4685      1.106          3        640: 100%|██████████| 56/56 [00:21<00:00,  2.67it/s]
                 Class     Images  Instances      Box(P          R      mAP50  mAP50-95): 100%|██████████| 15/15 [00:03<00:00,  3.90it/s]
                   all        230        243      0.992      0.955      0.991      0.839

      Epoch    GPU_mem   box_loss   cls_loss   dfl_loss  Instances       Size
     68/100      6.29G     0.7629     0.4673       1.11          4        640: 100%|██████████| 56/56 [00:20<00:00,  2.67it/s]
                 Class     Images  Instances      Box(P          R      mAP50  mAP50-95): 100%|██████████| 15/15 [00:03<00:00,  3.90it/s]
                   all        230        243      0.987      0.969      0.991      0.848

      Epoch    GPU_mem   box_loss   cls_loss   dfl_loss  Instances       Size
     69/100      6.29G     0.7764      0.476      1.094          2        640: 100%|██████████| 56/56 [00:21<00:00,  2.67it/s]
                 Class     Images  Instances      Box(P          R      mAP50  mAP50-95): 100%|██████████| 15/15 [00:03<00:00,  3.90it/s]
                   all        230        243      0.989      0.975      0.991      0.838

      Epoch    GPU_mem   box_loss   cls_loss   dfl_loss  Instances       Size
     70/100      6.29G     0.7353     0.4607      1.065          5        640: 100%|██████████| 56/56 [00:21<00:00,  2.66it/s]
                 Class     Images  Instances      Box(P          R      mAP50  mAP50-95): 100%|██████████| 15/15 [00:03<00:00,  3.90it/s]
                   all        230        243      0.983      0.988      0.988      0.846

      Epoch    GPU_mem   box_loss   cls_loss   dfl_loss  Instances       Size
     71/100      6.29G      0.745     0.4614      1.082          3        640: 100%|██████████| 56/56 [00:21<00:00,  2.65it/s]
                 Class     Images  Instances      Box(P          R      mAP50  mAP50-95): 100%|██████████| 15/15 [00:03<00:00,  3.89it/s]
                   all        230        243      0.987      0.975       0.99      0.828

      Epoch    GPU_mem   box_loss   cls_loss   dfl_loss  Instances       Size
     72/100      6.29G     0.7262     0.4409      1.046          2        640: 100%|██████████| 56/56 [00:21<00:00,  2.64it/s]
                 Class     Images  Instances      Box(P          R      mAP50  mAP50-95): 100%|██████████| 15/15 [00:03<00:00,  3.90it/s]
                   all        230        243      0.994      0.971      0.993      0.834

      Epoch    GPU_mem   box_loss   cls_loss   dfl_loss  Instances       Size
     73/100      6.29G     0.7382      0.453      1.096          2        640: 100%|██████████| 56/56 [00:21<00:00,  2.64it/s]
                 Class     Images  Instances      Box(P          R      mAP50  mAP50-95): 100%|██████████| 15/15 [00:03<00:00,  3.90it/s]
                   all        230        243      0.987      0.979      0.991      0.844

      Epoch    GPU_mem   box_loss   cls_loss   dfl_loss  Instances       Size
     74/100      6.29G     0.7248     0.4322       1.06          3        640: 100%|██████████| 56/56 [00:21<00:00,  2.63it/s]
                 Class     Images  Instances      Box(P          R      mAP50  mAP50-95): 100%|██████████| 15/15 [00:03<00:00,  3.90it/s]
                   all        230        243      0.996      0.967      0.992      0.842

      Epoch    GPU_mem   box_loss   cls_loss   dfl_loss  Instances       Size
     75/100      6.29G     0.7422     0.4441      1.072          3        640: 100%|██████████| 56/56 [00:21<00:00,  2.63it/s]
                 Class     Images  Instances      Box(P          R      mAP50  mAP50-95): 100%|██████████| 15/15 [00:03<00:00,  3.89it/s]
                   all        230        243      0.983      0.976       0.99      0.856

      Epoch    GPU_mem   box_loss   cls_loss   dfl_loss  Instances       Size
     76/100      6.29G      0.717     0.4273      1.048          4        640: 100%|██████████| 56/56 [00:21<00:00,  2.61it/s]
                 Class     Images  Instances      Box(P          R      mAP50  mAP50-95): 100%|██████████| 15/15 [00:03<00:00,  3.88it/s]
                   all        230        243      0.979      0.973      0.992       0.84

      Epoch    GPU_mem   box_loss   cls_loss   dfl_loss  Instances       Size
     77/100      6.29G     0.7344     0.4286      1.069          2        640: 100%|██████████| 56/56 [00:21<00:00,  2.64it/s]
                 Class     Images  Instances      Box(P          R      mAP50  mAP50-95): 100%|██████████| 15/15 [00:03<00:00,  3.89it/s]
                   all        230        243      0.987      0.971      0.992      0.851

      Epoch    GPU_mem   box_loss   cls_loss   dfl_loss  Instances       Size
     78/100      6.29G     0.7169     0.4323      1.068          4        640: 100%|██████████| 56/56 [00:21<00:00,  2.64it/s]
                 Class     Images  Instances      Box(P          R      mAP50  mAP50-95): 100%|██████████| 15/15 [00:03<00:00,  3.89it/s]
                   all        230        243       0.99      0.979      0.991       0.85

      Epoch    GPU_mem   box_loss   cls_loss   dfl_loss  Instances       Size
     79/100      6.29G     0.6883     0.4129      1.025          2        640: 100%|██████████| 56/56 [00:21<00:00,  2.64it/s]
                 Class     Images  Instances      Box(P          R      mAP50  mAP50-95): 100%|██████████| 15/15 [00:03<00:00,  3.89it/s]
                   all        230        243      0.984      0.987      0.992      0.865

      Epoch    GPU_mem   box_loss   cls_loss   dfl_loss  Instances       Size
     80/100      6.29G     0.7011     0.4179      1.037          6        640: 100%|██████████| 56/56 [00:21<00:00,  2.63it/s]
                 Class     Images  Instances      Box(P          R      mAP50  mAP50-95): 100%|██████████| 15/15 [00:03<00:00,  3.88it/s]
                   all        230        243      0.992      0.975       0.99      0.861

      Epoch    GPU_mem   box_loss   cls_loss   dfl_loss  Instances       Size
     81/100      6.29G     0.6921      0.413      1.032          4        640: 100%|██████████| 56/56 [00:21<00:00,  2.61it/s]
                 Class     Images  Instances      Box(P          R      mAP50  mAP50-95): 100%|██████████| 15/15 [00:03<00:00,  3.88it/s]
                   all        230        243      0.982      0.979      0.992      0.861

      Epoch    GPU_mem   box_loss   cls_loss   dfl_loss  Instances       Size
     82/100      6.29G     0.6908      0.407      1.054          7        640: 100%|██████████| 56/56 [00:21<00:00,  2.63it/s]
                 Class     Images  Instances      Box(P          R      mAP50  mAP50-95): 100%|██████████| 15/15 [00:03<00:00,  3.87it/s]
                   all        230        243      0.992      0.976      0.992      0.854

      Epoch    GPU_mem   box_loss   cls_loss   dfl_loss  Instances       Size
     83/100      6.29G     0.6773     0.3931      1.042          5        640: 100%|██████████| 56/56 [00:21<00:00,  2.65it/s]
                 Class     Images  Instances      Box(P          R      mAP50  mAP50-95): 100%|██████████| 15/15 [00:03<00:00,  3.87it/s]
                   all        230        243      0.991      0.975      0.991      0.866

      Epoch    GPU_mem   box_loss   cls_loss   dfl_loss  Instances       Size
     84/100      6.29G     0.6788     0.4012      1.011          1        640: 100%|██████████| 56/56 [00:21<00:00,  2.66it/s]
                 Class     Images  Instances      Box(P          R      mAP50  mAP50-95): 100%|██████████| 15/15 [00:03<00:00,  3.87it/s]
                   all        230        243       0.99      0.984      0.991      0.871

      Epoch    GPU_mem   box_loss   cls_loss   dfl_loss  Instances       Size
     85/100      6.29G     0.6759     0.3929      1.003          7        640: 100%|██████████| 56/56 [00:21<00:00,  2.66it/s]
                 Class     Images  Instances      Box(P          R      mAP50  mAP50-95): 100%|██████████| 15/15 [00:03<00:00,  3.87it/s]
                   all        230        243      0.983      0.977      0.991      0.864

      Epoch    GPU_mem   box_loss   cls_loss   dfl_loss  Instances       Size
     86/100      6.29G      0.672     0.3966      1.013          5        640: 100%|██████████| 56/56 [00:21<00:00,  2.66it/s]
                 Class     Images  Instances      Box(P          R      mAP50  mAP50-95): 100%|██████████| 15/15 [00:03<00:00,  3.87it/s]
                   all        230        243      0.992      0.974      0.992      0.861

      Epoch    GPU_mem   box_loss   cls_loss   dfl_loss  Instances       Size
     87/100      6.29G     0.6939     0.4457       1.04          1        640: 100%|██████████| 56/56 [00:21<00:00,  2.66it/s]
                 Class     Images  Instances      Box(P          R      mAP50  mAP50-95): 100%|██████████| 15/15 [00:03<00:00,  3.87it/s]
                   all        230        243      0.992      0.977      0.993      0.864

      Epoch    GPU_mem   box_loss   cls_loss   dfl_loss  Instances       Size
     88/100      6.29G     0.6734      0.412      1.035          3        640: 100%|██████████| 56/56 [00:21<00:00,  2.63it/s]
                 Class     Images  Instances      Box(P          R      mAP50  mAP50-95): 100%|██████████| 15/15 [00:03<00:00,  3.87it/s]
                   all        230        243      0.983      0.978      0.991      0.863

      Epoch    GPU_mem   box_loss   cls_loss   dfl_loss  Instances       Size
     89/100      6.29G     0.6762     0.4061      1.036          3        640: 100%|██████████| 56/56 [00:21<00:00,  2.65it/s]
                 Class     Images  Instances      Box(P          R      mAP50  mAP50-95): 100%|██████████| 15/15 [00:03<00:00,  3.87it/s]
                   all        230        243       0.99      0.984      0.992      0.868

      Epoch    GPU_mem   box_loss   cls_loss   dfl_loss  Instances       Size
     90/100      6.29G     0.6538     0.3965      1.032          2        640: 100%|██████████| 56/56 [00:21<00:00,  2.65it/s]
                 Class     Images  Instances      Box(P          R      mAP50  mAP50-95): 100%|██████████| 15/15 [00:03<00:00,  3.87it/s]
                   all        230        243      0.988      0.983       0.99      0.868
Closing dataloader mosaic

      Epoch    GPU_mem   box_loss   cls_loss   dfl_loss  Instances       Size
     91/100      6.29G     0.6273     0.3497     0.9717          2        640: 100%|██████████| 56/56 [00:21<00:00,  2.62it/s]
                 Class     Images  Instances      Box(P          R      mAP50  mAP50-95): 100%|██████████| 15/15 [00:03<00:00,  3.87it/s]
                   all        230        243      0.991      0.975       0.99      0.869

      Epoch    GPU_mem   box_loss   cls_loss   dfl_loss  Instances       Size
     92/100      6.29G     0.6122     0.3416     0.9615          2        640: 100%|██████████| 56/56 [00:21<00:00,  2.64it/s]
                 Class     Images  Instances      Box(P          R      mAP50  mAP50-95): 100%|██████████| 15/15 [00:03<00:00,  3.87it/s]
                   all        230        243      0.986      0.975      0.989      0.865

      Epoch    GPU_mem   box_loss   cls_loss   dfl_loss  Instances       Size
     93/100      6.29G     0.5959     0.3319      0.967          2        640: 100%|██████████| 56/56 [00:21<00:00,  2.65it/s]
                 Class     Images  Instances      Box(P          R      mAP50  mAP50-95): 100%|██████████| 15/15 [00:03<00:00,  3.87it/s]
                   all        230        243      0.988      0.978      0.992       0.87

      Epoch    GPU_mem   box_loss   cls_loss   dfl_loss  Instances       Size
     94/100      6.29G     0.5771     0.3318      0.964          2        640: 100%|██████████| 56/56 [00:21<00:00,  2.67it/s]
                 Class     Images  Instances      Box(P          R      mAP50  mAP50-95): 100%|██████████| 15/15 [00:03<00:00,  3.88it/s]
                   all        230        243      0.992      0.978       0.99      0.871

      Epoch    GPU_mem   box_loss   cls_loss   dfl_loss  Instances       Size
     95/100      6.29G     0.6171     0.3355      0.961          2        640: 100%|██████████| 56/56 [00:21<00:00,  2.66it/s]
                 Class     Images  Instances      Box(P          R      mAP50  mAP50-95): 100%|██████████| 15/15 [00:03<00:00,  3.87it/s]
                   all        230        243      0.992      0.979      0.991      0.868

      Epoch    GPU_mem   box_loss   cls_loss   dfl_loss  Instances       Size
     96/100      6.29G     0.6092     0.3549     0.9704          2        640: 100%|██████████| 56/56 [00:21<00:00,  2.66it/s]
                 Class     Images  Instances      Box(P          R      mAP50  mAP50-95): 100%|██████████| 15/15 [00:03<00:00,  3.87it/s]
                   all        230        243      0.991      0.979      0.991      0.868

      Epoch    GPU_mem   box_loss   cls_loss   dfl_loss  Instances       Size
     97/100      6.29G     0.5912     0.3235     0.9414          2        640: 100%|██████████| 56/56 [00:21<00:00,  2.65it/s]
                 Class     Images  Instances      Box(P          R      mAP50  mAP50-95): 100%|██████████| 15/15 [00:03<00:00,  3.88it/s]
                   all        230        243      0.991      0.979      0.991      0.872

      Epoch    GPU_mem   box_loss   cls_loss   dfl_loss  Instances       Size
     98/100      6.29G     0.5894     0.3257     0.9302          1        640: 100%|██████████| 56/56 [00:21<00:00,  2.63it/s]
                 Class     Images  Instances      Box(P          R      mAP50  mAP50-95): 100%|██████████| 15/15 [00:03<00:00,  3.88it/s]
                   all        230        243      0.991      0.979      0.991      0.874

      Epoch    GPU_mem   box_loss   cls_loss   dfl_loss  Instances       Size
     99/100      6.29G     0.6275     0.3358     0.9697          2        640: 100%|██████████| 56/56 [00:21<00:00,  2.63it/s]
                 Class     Images  Instances      Box(P          R      mAP50  mAP50-95): 100%|██████████| 15/15 [00:03<00:00,  3.88it/s]
                   all        230        243      0.992      0.979      0.991      0.875

      Epoch    GPU_mem   box_loss   cls_loss   dfl_loss  Instances       Size
    100/100      6.29G     0.6131     0.3344     0.9471          2        640: 100%|██████████| 56/56 [00:21<00:00,  2.66it/s]
                 Class     Images  Instances      Box(P          R      mAP50  mAP50-95): 100%|██████████| 15/15 [00:03<00:00,  3.87it/s]
                   all        230        243      0.992      0.979      0.992      0.874

100 epochs completed in 0.711 hours.
Optimizer stripped from .yolo-out-lpd2/yolo11a2-lpd2-2/weights/last.pt, 27.5MB
Optimizer stripped from .yolo-out-lpd2/yolo11a2-lpd2-2/weights/best.pt, 27.5MB

Validating .yolo-out-lpd2/yolo11a2-lpd2-2/weights/best.pt...
Ultralytics 8.3.150 🚀 Python-3.13.2 torch-2.6.0+cu118 CUDA:0 (Tesla T4, 14913MiB)
                                                       CUDA:1 (Tesla T4, 14913MiB)
model summary (fused): 114 layers, 13,476,307 parameters, 0 gradients, 70.5 GFLOPs
                 Class     Images  Instances      Box(P          R      mAP50  mAP50-95): 100%|██████████| 15/15 [00:03<00:00,  3.89it/s]
                   all        230        243      0.992      0.979      0.991      0.875
Speed: 0.2ms preprocess, 13.4ms inference, 0.0ms loss, 0.9ms postprocess per image
Results saved to .yolo-out-lpd2/yolo11a2-lpd2-2
