Overriding model.yaml nc=80 with nc=8
WARNING ⚠️ no model scale passed. Assuming scale='m'.
Freezing layer 'model.23.dfl.conv.weight'
AMP: running Automatic Mixed Precision (AMP) checks...
AMP: checks passed ✅
train: Fast image access ✅ (ping: 0.0±0.0 ms, read: 693.5±551.2 MB/s, size: 48.5 KB)
train: Scanning /data2/jd1/datasets/kitti/labels/train.cache... 5985
val: Fast image access ✅ (ping: 0.1±0.0 ms, read: 169.5±25.4 MB/s, size: 43.5 KB)
val: Scanning /data2/jd1/datasets/kitti/labels/val.cache... 1496 ima
Plotting labels to yolo-kitti/YOLO11a-abl-branch-a-2/labels.jpg...
optimizer: 'optimizer=auto' found, ignoring 'lr0=0.01' and 'momentum=0.937' and determining best 'optimizer', 'lr0' and 'momentum' automatically...
optimizer: AdamW(lr=0.000833, momentum=0.9) with parameter groups 104 weight(decay=0.0), 111 weight(decay=0.0005), 110 bias(decay=0.0)
Image sizes 640 train, 640 val
Using 16 dataloader workers
Logging results to yolo-kitti/YOLO11a-abl-branch-a-2
Starting training for 100 epochs...

      Epoch    GPU_mem   box_loss   cls_loss   dfl_loss  Instances       Size
      1/100      11.9G      2.952      4.145      3.488          6
                 Class     Images  Instances      Box(P          R
                   all       1496       8128      0.444     0.0758     0.0548     0.0217

      Epoch    GPU_mem   box_loss   cls_loss   dfl_loss  Instances       Size
      2/100      11.4G      2.053      2.419      2.437          8
                 Class     Images  Instances      Box(P          R
                   all       1496       8128      0.313      0.187      0.156     0.0806

      Epoch    GPU_mem   box_loss   cls_loss   dfl_loss  Instances       Size
      3/100      12.7G      1.746      1.937      2.125          4
                 Class     Images  Instances      Box(P          R
                   all       1496       8128      0.381      0.264      0.238      0.134

      Epoch    GPU_mem   box_loss   cls_loss   dfl_loss  Instances       Size
      4/100      11.8G        1.6      1.719      1.967         14
                 Class     Images  Instances      Box(P          R
                   all       1496       8128      0.431      0.291       0.27      0.151

      Epoch    GPU_mem   box_loss   cls_loss   dfl_loss  Instances       Size
      5/100      11.3G      1.505      1.559      1.867          6
                 Class     Images  Instances      Box(P          R
                   all       1496       8128      0.515      0.368      0.356      0.205

      Epoch    GPU_mem   box_loss   cls_loss   dfl_loss  Instances       Size
      6/100        13G      1.437      1.444      1.793          5
                 Class     Images  Instances      Box(P          R
                   all       1496       8128      0.504      0.393      0.389      0.226

      Epoch    GPU_mem   box_loss   cls_loss   dfl_loss  Instances       Size
      7/100      13.4G      1.378      1.356       1.73         10
                 Class     Images  Instances      Box(P          R
                   all       1496       8128      0.492      0.454      0.444      0.264

      Epoch    GPU_mem   box_loss   cls_loss   dfl_loss  Instances       Size
      8/100      12.6G      1.338      1.288      1.695         13
                 Class     Images  Instances      Box(P          R
                   all       1496       8128      0.645      0.446      0.486      0.292

      Epoch    GPU_mem   box_loss   cls_loss   dfl_loss  Instances       Size
      9/100      11.7G      1.277      1.203      1.635         18
                 Class     Images  Instances      Box(P          R
                   all       1496       8128      0.534      0.496      0.508      0.303

      Epoch    GPU_mem   box_loss   cls_loss   dfl_loss  Instances       Size
     10/100      11.8G       1.26      1.168      1.612          9
                 Class     Images  Instances      Box(P          R
                   all       1496       8128      0.593       0.52      0.559      0.346

      Epoch    GPU_mem   box_loss   cls_loss   dfl_loss  Instances       Size
     11/100        12G      1.227      1.117      1.579          5
                 Class     Images  Instances      Box(P          R
                   all       1496       8128      0.645       0.47      0.543      0.344

      Epoch    GPU_mem   box_loss   cls_loss   dfl_loss  Instances       Size
     12/100      13.2G       1.21      1.093      1.571         16
                 Class     Images  Instances      Box(P          R
                   all       1496       8128      0.613      0.565      0.569      0.352

      Epoch    GPU_mem   box_loss   cls_loss   dfl_loss  Instances       Size
     13/100      11.6G      1.183      1.055      1.542          4
                 Class     Images  Instances      Box(P          R
                   all       1496       8128      0.662      0.575      0.625      0.405

      Epoch    GPU_mem   box_loss   cls_loss   dfl_loss  Instances       Size
     14/100      11.1G      1.161      1.025      1.527          7
                 Class     Images  Instances      Box(P          R
                   all       1496       8128      0.671      0.597      0.643      0.406

      Epoch    GPU_mem   box_loss   cls_loss   dfl_loss  Instances       Size
     15/100      11.7G      1.163      1.018      1.521          4
                 Class     Images  Instances      Box(P          R
                   all       1496       8128      0.748       0.58      0.674      0.431

      Epoch    GPU_mem   box_loss   cls_loss   dfl_loss  Instances       Size
     16/100      13.3G      1.121     0.9716      1.488          9
                 Class     Images  Instances      Box(P          R
                   all       1496       8128      0.695       0.58      0.664       0.43

      Epoch    GPU_mem   box_loss   cls_loss   dfl_loss  Instances       Size
     17/100      10.9G      1.117     0.9487      1.483         11
                 Class     Images  Instances      Box(P          R
                   all       1496       8128      0.693      0.622      0.684      0.451

      Epoch    GPU_mem   box_loss   cls_loss   dfl_loss  Instances       Size
     18/100      11.8G      1.101     0.9297      1.464         17
                 Class     Images  Instances      Box(P          R
                   all       1496       8128      0.709      0.632      0.703      0.457

      Epoch    GPU_mem   box_loss   cls_loss   dfl_loss  Instances       Size
     19/100      12.1G      1.097     0.9215      1.461          7
                 Class     Images  Instances      Box(P          R
                   all       1496       8128      0.718      0.648      0.715      0.462

      Epoch    GPU_mem   box_loss   cls_loss   dfl_loss  Instances       Size
     20/100      12.2G      1.082     0.8919      1.448          5
                 Class     Images  Instances      Box(P          R
                   all       1496       8128      0.798      0.633      0.736      0.478

      Epoch    GPU_mem   box_loss   cls_loss   dfl_loss  Instances       Size
     21/100      11.9G      1.062     0.8728      1.431         10
                 Class     Images  Instances      Box(P          R
                   all       1496       8128      0.721      0.664      0.732       0.49

      Epoch    GPU_mem   box_loss   cls_loss   dfl_loss  Instances       Size
     22/100      12.1G      1.048      0.862      1.422         16
                 Class     Images  Instances      Box(P          R
                   all       1496       8128      0.765      0.658      0.742      0.502

      Epoch    GPU_mem   box_loss   cls_loss   dfl_loss  Instances       Size
     23/100      12.6G      1.037     0.8469      1.407          5
                 Class     Images  Instances      Box(P          R
                   all       1496       8128      0.784      0.675       0.77      0.519

      Epoch    GPU_mem   box_loss   cls_loss   dfl_loss  Instances       Size
     24/100        12G      1.023     0.8315      1.397          6
                 Class     Images  Instances      Box(P          R
                   all       1496       8128      0.811      0.677      0.775      0.522

      Epoch    GPU_mem   box_loss   cls_loss   dfl_loss  Instances       Size
     25/100      12.2G      1.005     0.7996      1.385         14
                 Class     Images  Instances      Box(P          R
                   all       1496       8128       0.79      0.677      0.772      0.525

      Epoch    GPU_mem   box_loss   cls_loss   dfl_loss  Instances       Size
     26/100      10.6G      1.007      0.805      1.385          9
                 Class     Images  Instances      Box(P          R
                   all       1496       8128      0.776      0.682      0.767      0.525

      Epoch    GPU_mem   box_loss   cls_loss   dfl_loss  Instances       Size
     27/100      12.2G      1.002     0.7973      1.383         10
                 Class     Images  Instances      Box(P          R
                   all       1496       8128      0.762      0.694      0.779       0.53

      Epoch    GPU_mem   box_loss   cls_loss   dfl_loss  Instances       Size
     28/100      11.1G     0.9975     0.7846      1.378         13
                 Class     Images  Instances      Box(P          R
                   all       1496       8128      0.759      0.713       0.78      0.536

      Epoch    GPU_mem   box_loss   cls_loss   dfl_loss  Instances       Size
     29/100      11.2G     0.9927       0.78      1.366          8
                 Class     Images  Instances      Box(P          R
                   all       1496       8128      0.787      0.723      0.798      0.549

      Epoch    GPU_mem   box_loss   cls_loss   dfl_loss  Instances       Size
     30/100      11.9G     0.9763     0.7619      1.357         19
                 Class     Images  Instances      Box(P          R
                   all       1496       8128        0.8      0.713        0.8      0.558

      Epoch    GPU_mem   box_loss   cls_loss   dfl_loss  Instances       Size
     31/100      11.1G     0.9707     0.7501      1.353         16
                 Class     Images  Instances      Box(P          R
                   all       1496       8128      0.823      0.712      0.815      0.576

      Epoch    GPU_mem   box_loss   cls_loss   dfl_loss  Instances       Size
     32/100      13.6G     0.9605     0.7368      1.342          7
                 Class     Images  Instances      Box(P          R
                   all       1496       8128      0.773      0.728      0.809      0.567

      Epoch    GPU_mem   box_loss   cls_loss   dfl_loss  Instances       Size
     33/100      12.6G     0.9594     0.7445       1.35          3
                 Class     Images  Instances      Box(P          R
                   all       1496       8128      0.822      0.723      0.815      0.578

      Epoch    GPU_mem   box_loss   cls_loss   dfl_loss  Instances       Size
     34/100      12.2G     0.9358     0.7112      1.318          6
                 Class     Images  Instances      Box(P          R
                   all       1496       8128      0.803      0.738      0.824      0.583

      Epoch    GPU_mem   box_loss   cls_loss   dfl_loss  Instances       Size
     35/100      13.4G     0.9474      0.717      1.334         17
                 Class     Images  Instances      Box(P          R
                   all       1496       8128      0.812       0.73      0.821      0.575

      Epoch    GPU_mem   box_loss   cls_loss   dfl_loss  Instances       Size
     36/100      12.1G      0.936     0.7107      1.323          5
                 Class     Images  Instances      Box(P          R
                   all       1496       8128      0.804      0.763      0.834      0.589

      Epoch    GPU_mem   box_loss   cls_loss   dfl_loss  Instances       Size
     37/100        12G     0.9082     0.6885      1.301         20
                 Class     Images  Instances      Box(P          R
                   all       1496       8128      0.814      0.729      0.821      0.584

      Epoch    GPU_mem   box_loss   cls_loss   dfl_loss  Instances       Size
     38/100      13.3G     0.9143     0.6914      1.303          4
                 Class     Images  Instances      Box(P          R
                   all       1496       8128      0.787      0.785      0.844      0.595

      Epoch    GPU_mem   box_loss   cls_loss   dfl_loss  Instances       Size
     39/100      11.5G     0.9091      0.683        1.3          5
                 Class     Images  Instances      Box(P          R
                   all       1496       8128      0.818      0.777      0.842      0.599

      Epoch    GPU_mem   box_loss   cls_loss   dfl_loss  Instances       Size
     40/100      12.2G      0.901      0.675      1.291          8
                 Class     Images  Instances      Box(P          R
                   all       1496       8128      0.854      0.751      0.844      0.603

      Epoch    GPU_mem   box_loss   cls_loss   dfl_loss  Instances       Size
     41/100      11.4G     0.9123       0.68      1.305         19
                 Class     Images  Instances      Box(P          R
                   all       1496       8128      0.845      0.735      0.838      0.597

      Epoch    GPU_mem   box_loss   cls_loss   dfl_loss  Instances       Size
     42/100      11.9G     0.8931     0.6634      1.286          7
                 Class     Images  Instances      Box(P          R
                   all       1496       8128      0.831      0.772      0.843      0.606

      Epoch    GPU_mem   box_loss   cls_loss   dfl_loss  Instances       Size
     43/100      13.1G     0.8839     0.6557      1.281         21
                 Class     Images  Instances      Box(P          R
                   all       1496       8128      0.849      0.764      0.853      0.614

      Epoch    GPU_mem   box_loss   cls_loss   dfl_loss  Instances       Size
     44/100      11.8G     0.8798       0.65      1.272          1
                 Class     Images  Instances      Box(P          R
                   all       1496       8128      0.843      0.783      0.854      0.625

      Epoch    GPU_mem   box_loss   cls_loss   dfl_loss  Instances       Size
     45/100      12.6G     0.8717     0.6447      1.269          5
                 Class     Images  Instances      Box(P          R
                   all       1496       8128       0.82      0.777      0.855      0.625

      Epoch    GPU_mem   box_loss   cls_loss   dfl_loss  Instances       Size
     46/100      11.2G     0.8717     0.6379       1.27          6
                 Class     Images  Instances      Box(P          R
                   all       1496       8128      0.835        0.8      0.863      0.632

      Epoch    GPU_mem   box_loss   cls_loss   dfl_loss  Instances       Size
     47/100      11.4G     0.8605     0.6284      1.256         20
                 Class     Images  Instances      Box(P          R
                   all       1496       8128       0.84      0.792      0.865      0.634

      Epoch    GPU_mem   box_loss   cls_loss   dfl_loss  Instances       Size
     48/100      11.8G     0.8586     0.6228      1.258          9
                 Class     Images  Instances      Box(P          R
                   all       1496       8128       0.83      0.788      0.858      0.629

      Epoch    GPU_mem   box_loss   cls_loss   dfl_loss  Instances       Size
     49/100      12.7G      0.851     0.6201      1.257         14
                 Class     Images  Instances      Box(P          R
                   all       1496       8128      0.861      0.772      0.861      0.631

      Epoch    GPU_mem   box_loss   cls_loss   dfl_loss  Instances       Size
     50/100      11.8G     0.8497     0.6141      1.253         16
                 Class     Images  Instances      Box(P          R
                   all       1496       8128      0.807      0.797       0.86      0.629

      Epoch    GPU_mem   box_loss   cls_loss   dfl_loss  Instances       Size
     51/100      12.9G      0.842     0.6069      1.245          5
                 Class     Images  Instances      Box(P          R
                   all       1496       8128      0.831       0.81      0.872      0.637

      Epoch    GPU_mem   box_loss   cls_loss   dfl_loss  Instances       Size
     52/100      12.2G     0.8376     0.6069      1.245         10
                 Class     Images  Instances      Box(P          R
                   all       1496       8128      0.848      0.795      0.872      0.645

      Epoch    GPU_mem   box_loss   cls_loss   dfl_loss  Instances       Size
     53/100      12.2G     0.8338     0.5978      1.235          4
                 Class     Images  Instances      Box(P          R
                   all       1496       8128      0.843      0.793      0.868      0.638

      Epoch    GPU_mem   box_loss   cls_loss   dfl_loss  Instances       Size
     54/100      12.2G     0.8268     0.5895      1.231          2
                 Class     Images  Instances      Box(P          R
                   all       1496       8128      0.889      0.786      0.878      0.644

      Epoch    GPU_mem   box_loss   cls_loss   dfl_loss  Instances       Size
     55/100      12.5G     0.8133     0.5803      1.222          6
                 Class     Images  Instances      Box(P          R
                   all       1496       8128      0.848      0.819      0.881      0.646

      Epoch    GPU_mem   box_loss   cls_loss   dfl_loss  Instances       Size
     56/100      12.1G     0.8228     0.5862      1.225          5
                 Class     Images  Instances      Box(P          R
                   all       1496       8128      0.839      0.841      0.886      0.649

      Epoch    GPU_mem   box_loss   cls_loss   dfl_loss  Instances       Size
     57/100        12G     0.8176     0.5808       1.22         13
                 Class     Images  Instances      Box(P          R
                   all       1496       8128       0.86      0.815      0.882      0.654

      Epoch    GPU_mem   box_loss   cls_loss   dfl_loss  Instances       Size
     58/100      10.8G     0.8111     0.5719      1.217          9
                 Class     Images  Instances      Box(P          R
                   all       1496       8128      0.856      0.813      0.882      0.656

      Epoch    GPU_mem   box_loss   cls_loss   dfl_loss  Instances       Size
     59/100      11.7G     0.7943     0.5604      1.206         17
                 Class     Images  Instances      Box(P          R
                   all       1496       8128      0.865      0.818      0.888      0.658

      Epoch    GPU_mem   box_loss   cls_loss   dfl_loss  Instances       Size
     60/100        12G     0.7882     0.5595      1.205         15
                 Class     Images  Instances      Box(P          R
                   all       1496       8128      0.868       0.81      0.883      0.664

      Epoch    GPU_mem   box_loss   cls_loss   dfl_loss  Instances       Size
     61/100      11.8G     0.7917     0.5631      1.202         15
                 Class     Images  Instances      Box(P          R
                   all       1496       8128      0.849      0.828      0.882      0.661

      Epoch    GPU_mem   box_loss   cls_loss   dfl_loss  Instances       Size
     62/100      11.6G     0.7924     0.5603      1.206          2
                 Class     Images  Instances      Box(P          R
                   all       1496       8128      0.868       0.82      0.889      0.663

      Epoch    GPU_mem   box_loss   cls_loss   dfl_loss  Instances       Size
     63/100      12.1G     0.7821     0.5447      1.195          2
                 Class     Images  Instances      Box(P          R
                   all       1496       8128       0.86      0.819      0.887      0.664

      Epoch    GPU_mem   box_loss   cls_loss   dfl_loss  Instances       Size
     64/100      12.7G     0.7774     0.5485      1.196         17
                 Class     Images  Instances      Box(P          R
                   all       1496       8128      0.857      0.817      0.889      0.665

      Epoch    GPU_mem   box_loss   cls_loss   dfl_loss  Instances       Size
     65/100      12.1G     0.7824     0.5492      1.194         13
                 Class     Images  Instances      Box(P          R
                   all       1496       8128      0.912      0.795      0.889       0.67

      Epoch    GPU_mem   box_loss   cls_loss   dfl_loss  Instances       Size
     66/100      12.3G     0.7728     0.5489      1.188          9
                 Class     Images  Instances      Box(P          R
                   all       1496       8128      0.893      0.803       0.89      0.672

      Epoch    GPU_mem   box_loss   cls_loss   dfl_loss  Instances       Size
     67/100      13.2G     0.7681     0.5392      1.184         14
                 Class     Images  Instances      Box(P          R
                   all       1496       8128      0.874      0.844      0.897      0.674

      Epoch    GPU_mem   box_loss   cls_loss   dfl_loss  Instances       Size
     68/100      13.2G     0.7628     0.5358      1.181         22
                 Class     Images  Instances      Box(P          R
                   all       1496       8128      0.898       0.82      0.894      0.675

      Epoch    GPU_mem   box_loss   cls_loss   dfl_loss  Instances       Size
     69/100      12.7G     0.7619     0.5357      1.184          7
                 Class     Images  Instances      Box(P          R
                   all       1496       8128      0.868      0.854      0.901      0.674

      Epoch    GPU_mem   box_loss   cls_loss   dfl_loss  Instances       Size
     70/100      11.2G     0.7529     0.5235      1.179          4
                 Class     Images  Instances      Box(P          R
                   all       1496       8128      0.866      0.844      0.898      0.676

      Epoch    GPU_mem   box_loss   cls_loss   dfl_loss  Instances       Size
     71/100      11.5G     0.7593     0.5287      1.177         26
                 Class     Images  Instances      Box(P          R
                   all       1496       8128      0.888      0.837      0.898       0.68

      Epoch    GPU_mem   box_loss   cls_loss   dfl_loss  Instances       Size
     72/100      11.6G     0.7432     0.5179      1.166         15
                 Class     Images  Instances      Box(P          R
                   all       1496       8128      0.874      0.844      0.904      0.683

      Epoch    GPU_mem   box_loss   cls_loss   dfl_loss  Instances       Size
     73/100      11.9G     0.7458     0.5189      1.167          6
                 Class     Images  Instances      Box(P          R
                   all       1496       8128      0.882      0.827      0.895      0.679

      Epoch    GPU_mem   box_loss   cls_loss   dfl_loss  Instances       Size
     74/100      11.7G     0.7409     0.5125      1.159         11
                 Class     Images  Instances      Box(P          R
                   all       1496       8128      0.885      0.835      0.902      0.679

      Epoch    GPU_mem   box_loss   cls_loss   dfl_loss  Instances       Size
     75/100      11.4G     0.7412     0.5202      1.169          7
                 Class     Images  Instances      Box(P          R
                   all       1496       8128      0.885      0.836      0.908      0.687

      Epoch    GPU_mem   box_loss   cls_loss   dfl_loss  Instances       Size
     76/100      12.5G     0.7325      0.505      1.159          6
                 Class     Images  Instances      Box(P          R
                   all       1496       8128      0.879      0.844      0.906      0.688

      Epoch    GPU_mem   box_loss   cls_loss   dfl_loss  Instances       Size
     77/100      11.2G     0.7317     0.5054      1.155          6
                 Class     Images  Instances      Box(P          R
                   all       1496       8128      0.889      0.847      0.907      0.693

      Epoch    GPU_mem   box_loss   cls_loss   dfl_loss  Instances       Size
     78/100      11.2G     0.7291     0.5074      1.158         10
                 Class     Images  Instances      Box(P          R
                   all       1496       8128      0.895      0.837      0.907      0.692

      Epoch    GPU_mem   box_loss   cls_loss   dfl_loss  Instances       Size
     79/100      13.6G     0.7252     0.5054      1.152          2
                 Class     Images  Instances      Box(P          R
                   all       1496       8128       0.91      0.829      0.904      0.691

      Epoch    GPU_mem   box_loss   cls_loss   dfl_loss  Instances       Size
     80/100      11.6G     0.7304     0.5026      1.152         13
                 Class     Images  Instances      Box(P          R
                   all       1496       8128      0.893      0.835      0.901      0.688

      Epoch    GPU_mem   box_loss   cls_loss   dfl_loss  Instances       Size
     81/100      11.7G     0.7101     0.4863       1.14         18
                 Class     Images  Instances      Box(P          R
                   all       1496       8128      0.889      0.836        0.9       0.69

      Epoch    GPU_mem   box_loss   cls_loss   dfl_loss  Instances       Size
     82/100      12.9G     0.7236     0.5032      1.156          8
                 Class     Images  Instances      Box(P          R
                   all       1496       8128      0.889      0.846      0.901      0.691

      Epoch    GPU_mem   box_loss   cls_loss   dfl_loss  Instances       Size
     83/100        12G     0.7138     0.4933      1.145          2
                 Class     Images  Instances      Box(P          R
                   all       1496       8128      0.895      0.843      0.901      0.692

      Epoch    GPU_mem   box_loss   cls_loss   dfl_loss  Instances       Size
     84/100      12.6G     0.7028     0.4836      1.134         19
                 Class     Images  Instances      Box(P          R
                   all       1496       8128      0.866      0.855      0.904      0.693

      Epoch    GPU_mem   box_loss   cls_loss   dfl_loss  Instances       Size
     85/100      11.8G     0.7092     0.4943      1.139          5
                 Class     Images  Instances      Box(P          R
                   all       1496       8128      0.902      0.828      0.905      0.694

      Epoch    GPU_mem   box_loss   cls_loss   dfl_loss  Instances       Size
     86/100      11.5G     0.6964     0.4767      1.131          8
                 Class     Images  Instances      Box(P          R
                   all       1496       8128      0.913      0.825      0.906      0.698

      Epoch    GPU_mem   box_loss   cls_loss   dfl_loss  Instances       Size
     87/100      11.1G     0.7013      0.487      1.133         20
                 Class     Images  Instances      Box(P          R
                   all       1496       8128      0.914      0.825      0.907      0.695

      Epoch    GPU_mem   box_loss   cls_loss   dfl_loss  Instances       Size
     88/100      11.1G      0.689     0.4715      1.124          1
                 Class     Images  Instances      Box(P          R
                   all       1496       8128      0.897       0.84      0.905      0.692

      Epoch    GPU_mem   box_loss   cls_loss   dfl_loss  Instances       Size
     89/100      12.3G     0.6913     0.4777      1.126          2
                 Class     Images  Instances      Box(P          R
                   all       1496       8128      0.914      0.832      0.905      0.695

      Epoch    GPU_mem   box_loss   cls_loss   dfl_loss  Instances       Size
     90/100      12.6G     0.6895     0.4739      1.125         20
                 Class     Images  Instances      Box(P          R
                   all       1496       8128      0.912      0.829      0.905      0.695
Closing dataloader mosaic

      Epoch    GPU_mem   box_loss   cls_loss   dfl_loss  Instances       Size
     91/100       9.8G     0.6505     0.4246      1.105          5
                 Class     Images  Instances      Box(P          R
                   all       1496       8128      0.901      0.831      0.904       0.69

      Epoch    GPU_mem   box_loss   cls_loss   dfl_loss  Instances       Size
     92/100        10G     0.6333     0.4155      1.095          5
                 Class     Images  Instances      Box(P          R
                   all       1496       8128      0.904      0.829      0.901      0.688

      Epoch    GPU_mem   box_loss   cls_loss   dfl_loss  Instances       Size
     93/100      9.56G       0.63     0.4129      1.091          2
                 Class     Images  Instances      Box(P          R
                   all       1496       8128      0.912      0.825      0.903      0.689

      Epoch    GPU_mem   box_loss   cls_loss   dfl_loss  Instances       Size
     94/100      9.55G     0.6253     0.4121       1.09          3
                 Class     Images  Instances      Box(P          R
                   all       1496       8128      0.921      0.826      0.904      0.692

      Epoch    GPU_mem   box_loss   cls_loss   dfl_loss  Instances       Size
     95/100      9.55G     0.6235     0.4101      1.089          2
                 Class     Images  Instances      Box(P          R
                   all       1496       8128      0.912      0.828      0.906      0.695

      Epoch    GPU_mem   box_loss   cls_loss   dfl_loss  Instances       Size
     96/100      9.54G      0.619     0.4075      1.087          2
                 Class     Images  Instances      Box(P          R
                   all       1496       8128      0.918      0.826      0.905      0.694

      Epoch    GPU_mem   box_loss   cls_loss   dfl_loss  Instances       Size
     97/100      9.56G     0.6127     0.4041      1.082          8
                 Class     Images  Instances      Box(P          R
                   all       1496       8128        0.9      0.833      0.904      0.693

      Epoch    GPU_mem   box_loss   cls_loss   dfl_loss  Instances       Size
     98/100        10G     0.6098     0.4026      1.074          0
                 Class     Images  Instances      Box(P          R
                   all       1496       8128      0.895      0.844      0.905      0.694

      Epoch    GPU_mem   box_loss   cls_loss   dfl_loss  Instances       Size
     99/100      9.57G      0.601     0.3946       1.07         10
                 Class     Images  Instances      Box(P          R
                   all       1496       8128      0.901      0.845      0.906      0.696

      Epoch    GPU_mem   box_loss   cls_loss   dfl_loss  Instances       Size
    100/100        10G     0.6098     0.3971      1.074          1
                 Class     Images  Instances      Box(P          R
                   all       1496       8128      0.901      0.847      0.907      0.697

100 epochs completed in 8.727 hours.
Optimizer stripped from yolo-kitti/YOLO11a-abl-branch-a-2/weights/last.pt, 26.9MB
Optimizer stripped from yolo-kitti/YOLO11a-abl-branch-a-2/weights/best.pt, 26.9MB

Validating yolo-kitti/YOLO11a-abl-branch-a-2/weights/best.pt...
Ultralytics 8.3.150 🚀 Python-3.13.2 torch-2.6.0+cu118 CUDA:0 (Tesla T4, 14913MiB)
                                                       CUDA:1 (Tesla T4, 14913MiB)
model summary (fused): 125 layers, 13,119,720 parameters, 0 gradients, 91.8 GFLOPs
                 Class     Images  Instances      Box(P          R
                   all       1496       8128      0.912      0.825      0.906      0.698
                   car       1322       5716      0.951       0.94      0.979      0.848
                   van        419        555      0.909      0.916      0.956      0.811
                 truck        212        223      0.942      0.933      0.977      0.853
            pedestrian        377        921      0.915      0.686      0.855      0.519
        Person_sitting         17         36      0.853      0.556      0.703      0.431
               cyclist        252        352      0.926      0.779      0.871      0.612
                  tram         77        117      0.899      0.932      0.968       0.77
                  misc        158        208      0.904      0.861      0.936      0.739
Speed: 0.1ms preprocess, 8.2ms inference, 0.0ms loss, 1.3ms postprocess per image
Results saved to yolo-kitti/YOLO11a-abl-branch-a-2
