Overriding model.yaml nc=80 with nc=1
Freezing layer 'model.23.dfl.conv.weight'
AMP: running Automatic Mixed Precision (AMP) checks...
AMP: checks passed ✅
train: Fast image access ✅ (ping: 0.0±0.0 ms, read: 1179.7±494.7 MB/s, size: 75.1 KB)
train: Scanning /data2/jd1/datasets/medical-pills/labels/train.cache... 92 images, 0 backgrounds, 0 corrupt
val: Fast image access ✅ (ping: 0.1±0.0 ms, read: 297.2±50.5 MB/s, size: 80.0 KB)
val: Scanning /data2/jd1/datasets/medical-pills/labels/val.cache... 23 images, 0 backgrounds, 0 corrupt: 10
Plotting labels to .yolo-out-mp/yolo11-mp-3/labels.jpg...
optimizer: 'optimizer=auto' found, ignoring 'lr0=0.01' and 'momentum=0.937' and determining best 'optimizer', 'lr0' and 'momentum' automatically...
optimizer: AdamW(lr=0.002, momentum=0.9) with parameter groups 106 weight(decay=0.0), 113 weight(decay=0.0005), 112 bias(decay=0.0)
Image sizes 640 train, 640 val
Using 16 dataloader workers
Logging results to .yolo-out-mp/yolo11-mp-3
Starting training for 100 epochs...

      Epoch    GPU_mem   box_loss   cls_loss   dfl_loss  Instances       Size
      1/100      4.22G       5.95      3.755      4.264        295        640: 100%|██████████| 6/6 [00:02<
                 Class     Images  Instances      Box(P          R      mAP50  mAP50-95): 100%|██████████|
                   all         23        399          0          0          0          0

      Epoch    GPU_mem   box_loss   cls_loss   dfl_loss  Instances       Size
      2/100      4.38G      5.277      3.336      4.071        275        640: 100%|██████████| 6/6 [00:01<
                 Class     Images  Instances      Box(P          R      mAP50  mAP50-95): 100%|██████████|
                   all         23        399          0          0          0          0

      Epoch    GPU_mem   box_loss   cls_loss   dfl_loss  Instances       Size
      3/100      4.42G      3.512      1.994       3.47        173        640: 100%|██████████| 6/6 [00:01<
                 Class     Images  Instances      Box(P          R      mAP50  mAP50-95): 100%|██████████|
                   all         23        399          0          0          0          0

      Epoch    GPU_mem   box_loss   cls_loss   dfl_loss  Instances       Size
      4/100      4.45G       2.58      1.364      3.096        198        640: 100%|██████████| 6/6 [00:01<
                 Class     Images  Instances      Box(P          R      mAP50  mAP50-95): 100%|██████████|
                   all         23        399          0          0          0          0

      Epoch    GPU_mem   box_loss   cls_loss   dfl_loss  Instances       Size
      5/100      4.45G      2.291      1.162      2.889        213        640: 100%|██████████| 6/6 [00:01<
                 Class     Images  Instances      Box(P          R      mAP50  mAP50-95): 100%|██████████|
                   all         23        399          0          0          0          0

      Epoch    GPU_mem   box_loss   cls_loss   dfl_loss  Instances       Size
      6/100      4.52G      2.278      1.129      2.772        216        640: 100%|██████████| 6/6 [00:01<
                 Class     Images  Instances      Box(P          R      mAP50  mAP50-95): 100%|██████████|
                   all         23        399          0          0          0          0

      Epoch    GPU_mem   box_loss   cls_loss   dfl_loss  Instances       Size
      7/100      4.52G      2.072      1.102      2.542        259        640: 100%|██████████| 6/6 [00:01<
                 Class     Images  Instances      Box(P          R      mAP50  mAP50-95): 100%|██████████|
                   all         23        399          0          0          0          0

      Epoch    GPU_mem   box_loss   cls_loss   dfl_loss  Instances       Size
      8/100      4.52G      1.889       1.05      2.421        172        640: 100%|██████████| 6/6 [00:01<
                 Class     Images  Instances      Box(P          R      mAP50  mAP50-95): 100%|██████████|
                   all         23        399          0          0          0          0

      Epoch    GPU_mem   box_loss   cls_loss   dfl_loss  Instances       Size
      9/100      4.52G      1.894     0.9272      2.175        220        640: 100%|██████████| 6/6 [00:01<
                 Class     Images  Instances      Box(P          R      mAP50  mAP50-95): 100%|██████████|
                   all         23        399          0          0          0          0

      Epoch    GPU_mem   box_loss   cls_loss   dfl_loss  Instances       Size
     10/100      4.52G      1.839     0.9337      2.112        232        640: 100%|██████████| 6/6 [00:01<
                 Class     Images  Instances      Box(P          R      mAP50  mAP50-95): 100%|██████████|
                   all         23        399          0          0          0          0

      Epoch    GPU_mem   box_loss   cls_loss   dfl_loss  Instances       Size
     11/100      4.52G      1.839     0.8657      2.008        179        640: 100%|██████████| 6/6 [00:01<
                 Class     Images  Instances      Box(P          R      mAP50  mAP50-95): 100%|██████████|
                   all         23        399          0          0          0          0

      Epoch    GPU_mem   box_loss   cls_loss   dfl_loss  Instances       Size
     12/100      4.52G      1.719     0.8663      1.998        195        640: 100%|██████████| 6/6 [00:01<
                 Class     Images  Instances      Box(P          R      mAP50  mAP50-95): 100%|██████████|
                   all         23        399          0          0          0          0

      Epoch    GPU_mem   box_loss   cls_loss   dfl_loss  Instances       Size
     13/100      4.52G      1.951     0.8965      1.936        178        640: 100%|██████████| 6/6 [00:01<
                 Class     Images  Instances      Box(P          R      mAP50  mAP50-95): 100%|██████████|
                   all         23        399          0          0          0          0

      Epoch    GPU_mem   box_loss   cls_loss   dfl_loss  Instances       Size
     14/100      4.52G      1.782     0.8977      1.932        241        640: 100%|██████████| 6/6 [00:01<
                 Class     Images  Instances      Box(P          R      mAP50  mAP50-95): 100%|██████████|
                   all         23        399          0          0          0          0

      Epoch    GPU_mem   box_loss   cls_loss   dfl_loss  Instances       Size
     15/100      4.52G      1.779     0.8687      1.842        194        640: 100%|██████████| 6/6 [00:01<
                 Class     Images  Instances      Box(P          R      mAP50  mAP50-95): 100%|██████████|
                   all         23        399          0          0          0          0

      Epoch    GPU_mem   box_loss   cls_loss   dfl_loss  Instances       Size
     16/100      4.53G      1.763       0.85       1.83        230        640: 100%|██████████| 6/6 [00:01<
                 Class     Images  Instances      Box(P          R      mAP50  mAP50-95): 100%|██████████|
                   all         23        399          0          0          0          0

      Epoch    GPU_mem   box_loss   cls_loss   dfl_loss  Instances       Size
     17/100      4.53G      1.684     0.8096      1.672        291        640: 100%|██████████| 6/6 [00:01<
                 Class     Images  Instances      Box(P          R      mAP50  mAP50-95): 100%|██████████|
                   all         23        399     0.0935      0.278     0.0598     0.0149

      Epoch    GPU_mem   box_loss   cls_loss   dfl_loss  Instances       Size
     18/100      4.55G      1.617     0.8055      1.684        188        640: 100%|██████████| 6/6 [00:01<
                 Class     Images  Instances      Box(P          R      mAP50  mAP50-95): 100%|██████████|
                   all         23        399      0.124      0.935      0.856      0.343

      Epoch    GPU_mem   box_loss   cls_loss   dfl_loss  Instances       Size
     19/100      4.55G      1.694     0.8457      1.739        230        640: 100%|██████████| 6/6 [00:01<
                 Class     Images  Instances      Box(P          R      mAP50  mAP50-95): 100%|██████████|
                   all         23        399      0.977      0.794      0.936      0.566

      Epoch    GPU_mem   box_loss   cls_loss   dfl_loss  Instances       Size
     20/100      4.55G      1.538     0.7985      1.629        201        640: 100%|██████████| 6/6 [00:01<
                 Class     Images  Instances      Box(P          R      mAP50  mAP50-95): 100%|██████████|
                   all         23        399      0.969       0.87      0.946      0.456

      Epoch    GPU_mem   box_loss   cls_loss   dfl_loss  Instances       Size
     21/100      4.55G      1.453     0.7393      1.639        258        640: 100%|██████████| 6/6 [00:01<
                 Class     Images  Instances      Box(P          R      mAP50  mAP50-95): 100%|██████████|
                   all         23        399      0.961      0.873      0.948      0.448

      Epoch    GPU_mem   box_loss   cls_loss   dfl_loss  Instances       Size
     22/100      4.55G      1.512     0.7397       1.63        197        640: 100%|██████████| 6/6 [00:01<
                 Class     Images  Instances      Box(P          R      mAP50  mAP50-95): 100%|██████████|
                   all         23        399      0.947      0.867      0.952      0.527

      Epoch    GPU_mem   box_loss   cls_loss   dfl_loss  Instances       Size
     23/100      4.55G      1.457     0.7261      1.629        206        640: 100%|██████████| 6/6 [00:01<
                 Class     Images  Instances      Box(P          R      mAP50  mAP50-95): 100%|██████████|
                   all         23        399      0.966      0.915      0.962      0.622

      Epoch    GPU_mem   box_loss   cls_loss   dfl_loss  Instances       Size
     24/100      4.55G      1.504     0.7039      1.601        156        640: 100%|██████████| 6/6 [00:01<
                 Class     Images  Instances      Box(P          R      mAP50  mAP50-95): 100%|██████████|
                   all         23        399      0.967      0.932       0.97      0.617

      Epoch    GPU_mem   box_loss   cls_loss   dfl_loss  Instances       Size
     25/100      4.55G       1.49     0.6964      1.548        201        640: 100%|██████████| 6/6 [00:01<
                 Class     Images  Instances      Box(P          R      mAP50  mAP50-95): 100%|██████████|
                   all         23        399      0.959      0.935       0.97      0.663

      Epoch    GPU_mem   box_loss   cls_loss   dfl_loss  Instances       Size
     26/100      4.66G      1.371     0.6555      1.497        195        640: 100%|██████████| 6/6 [00:01<
                 Class     Images  Instances      Box(P          R      mAP50  mAP50-95): 100%|██████████|
                   all         23        399      0.983      0.937      0.972      0.628

      Epoch    GPU_mem   box_loss   cls_loss   dfl_loss  Instances       Size
     27/100      4.72G      1.382     0.6831      1.464        206        640: 100%|██████████| 6/6 [00:01<
                 Class     Images  Instances      Box(P          R      mAP50  mAP50-95): 100%|██████████|
                   all         23        399      0.972      0.941      0.971      0.601

      Epoch    GPU_mem   box_loss   cls_loss   dfl_loss  Instances       Size
     28/100      4.72G      1.377     0.6672      1.475        149        640: 100%|██████████| 6/6 [00:01<
                 Class     Images  Instances      Box(P          R      mAP50  mAP50-95): 100%|██████████|
                   all         23        399      0.982      0.933      0.969      0.671

      Epoch    GPU_mem   box_loss   cls_loss   dfl_loss  Instances       Size
     29/100      4.72G      1.373     0.6797      1.518        147        640: 100%|██████████| 6/6 [00:01<
                 Class     Images  Instances      Box(P          R      mAP50  mAP50-95): 100%|██████████|
                   all         23        399      0.973      0.942      0.972       0.58

      Epoch    GPU_mem   box_loss   cls_loss   dfl_loss  Instances       Size
     30/100      4.73G      1.439     0.6687      1.511        258        640: 100%|██████████| 6/6 [00:01<
                 Class     Images  Instances      Box(P          R      mAP50  mAP50-95): 100%|██████████|
                   all         23        399      0.974      0.935      0.969      0.614

      Epoch    GPU_mem   box_loss   cls_loss   dfl_loss  Instances       Size
     31/100      4.73G      1.354     0.6739      1.442        234        640: 100%|██████████| 6/6 [00:01<
                 Class     Images  Instances      Box(P          R      mAP50  mAP50-95): 100%|██████████|
                   all         23        399      0.965      0.935      0.968      0.636

      Epoch    GPU_mem   box_loss   cls_loss   dfl_loss  Instances       Size
     32/100      4.74G      1.281     0.6172      1.374        158        640: 100%|██████████| 6/6 [00:01<
                 Class     Images  Instances      Box(P          R      mAP50  mAP50-95): 100%|██████████|
                   all         23        399      0.979      0.952      0.974      0.634

      Epoch    GPU_mem   box_loss   cls_loss   dfl_loss  Instances       Size
     33/100      4.74G      1.319     0.6217      1.373        266        640: 100%|██████████| 6/6 [00:01<
                 Class     Images  Instances      Box(P          R      mAP50  mAP50-95): 100%|██████████|
                   all         23        399      0.964      0.948      0.973      0.645

      Epoch    GPU_mem   box_loss   cls_loss   dfl_loss  Instances       Size
     34/100      4.85G      1.371     0.6445       1.47        134        640: 100%|██████████| 6/6 [00:01<
                 Class     Images  Instances      Box(P          R      mAP50  mAP50-95): 100%|██████████|
                   all         23        399      0.977      0.944      0.974      0.626

      Epoch    GPU_mem   box_loss   cls_loss   dfl_loss  Instances       Size
     35/100      4.99G      1.322     0.6082      1.395        180        640: 100%|██████████| 6/6 [00:01<
                 Class     Images  Instances      Box(P          R      mAP50  mAP50-95): 100%|██████████|
                   all         23        399      0.977      0.951      0.981      0.634

      Epoch    GPU_mem   box_loss   cls_loss   dfl_loss  Instances       Size
     36/100      4.99G      1.252     0.5951      1.325        189        640: 100%|██████████| 6/6 [00:01<
                 Class     Images  Instances      Box(P          R      mAP50  mAP50-95): 100%|██████████|
                   all         23        399      0.972      0.954      0.982       0.65

      Epoch    GPU_mem   box_loss   cls_loss   dfl_loss  Instances       Size
     37/100      4.99G      1.325     0.6045      1.384        233        640: 100%|██████████| 6/6 [00:01<
                 Class     Images  Instances      Box(P          R      mAP50  mAP50-95): 100%|██████████|
                   all         23        399       0.97      0.959      0.986      0.656

      Epoch    GPU_mem   box_loss   cls_loss   dfl_loss  Instances       Size
     38/100      4.99G      1.234     0.5925      1.354        147        640: 100%|██████████| 6/6 [00:01<
                 Class     Images  Instances      Box(P          R      mAP50  mAP50-95): 100%|██████████|
                   all         23        399      0.977       0.96      0.982      0.687

      Epoch    GPU_mem   box_loss   cls_loss   dfl_loss  Instances       Size
     39/100      4.99G      1.197     0.5916       1.35        193        640: 100%|██████████| 6/6 [00:01<
                 Class     Images  Instances      Box(P          R      mAP50  mAP50-95): 100%|██████████|
                   all         23        399      0.974      0.947      0.972        0.6

      Epoch    GPU_mem   box_loss   cls_loss   dfl_loss  Instances       Size
     40/100      4.99G      1.192     0.5787      1.347        212        640: 100%|██████████| 6/6 [00:01<
                 Class     Images  Instances      Box(P          R      mAP50  mAP50-95): 100%|██████████|
                   all         23        399      0.975      0.957      0.973      0.722

      Epoch    GPU_mem   box_loss   cls_loss   dfl_loss  Instances       Size
     41/100      4.99G      1.217     0.5802      1.311        229        640: 100%|██████████| 6/6 [00:01<
                 Class     Images  Instances      Box(P          R      mAP50  mAP50-95): 100%|██████████|
                   all         23        399      0.967       0.96      0.979      0.702

      Epoch    GPU_mem   box_loss   cls_loss   dfl_loss  Instances       Size
     42/100      4.99G      1.182     0.5912      1.393        161        640: 100%|██████████| 6/6 [00:01<
                 Class     Images  Instances      Box(P          R      mAP50  mAP50-95): 100%|██████████|
                   all         23        399      0.963      0.972      0.983      0.597

      Epoch    GPU_mem   box_loss   cls_loss   dfl_loss  Instances       Size
     43/100      4.99G      1.194     0.5746      1.302        198        640: 100%|██████████| 6/6 [00:01<
                 Class     Images  Instances      Box(P          R      mAP50  mAP50-95): 100%|██████████|
                   all         23        399      0.972      0.975       0.99      0.701

      Epoch    GPU_mem   box_loss   cls_loss   dfl_loss  Instances       Size
     44/100      4.99G      1.168     0.5602      1.292        179        640: 100%|██████████| 6/6 [00:01<
                 Class     Images  Instances      Box(P          R      mAP50  mAP50-95): 100%|██████████|
                   all         23        399       0.97      0.977       0.99      0.648

      Epoch    GPU_mem   box_loss   cls_loss   dfl_loss  Instances       Size
     45/100      4.99G       1.21     0.5566      1.277        222        640: 100%|██████████| 6/6 [00:01<
                 Class     Images  Instances      Box(P          R      mAP50  mAP50-95): 100%|██████████|
                   all         23        399      0.968      0.972      0.989      0.714

      Epoch    GPU_mem   box_loss   cls_loss   dfl_loss  Instances       Size
     46/100      4.99G      1.142     0.5456      1.234        163        640: 100%|██████████| 6/6 [00:01<
                 Class     Images  Instances      Box(P          R      mAP50  mAP50-95): 100%|██████████|
                   all         23        399      0.987      0.963       0.99      0.725

      Epoch    GPU_mem   box_loss   cls_loss   dfl_loss  Instances       Size
     47/100      4.99G      1.144      0.562      1.291        174        640: 100%|██████████| 6/6 [00:01<
                 Class     Images  Instances      Box(P          R      mAP50  mAP50-95): 100%|██████████|
                   all         23        399      0.982      0.957      0.991      0.689

      Epoch    GPU_mem   box_loss   cls_loss   dfl_loss  Instances       Size
     48/100      4.99G      1.171     0.5703      1.287        125        640: 100%|██████████| 6/6 [00:01<
                 Class     Images  Instances      Box(P          R      mAP50  mAP50-95): 100%|██████████|
                   all         23        399      0.968      0.979      0.992      0.725

      Epoch    GPU_mem   box_loss   cls_loss   dfl_loss  Instances       Size
     49/100      4.99G      1.112     0.5457      1.276        207        640: 100%|██████████| 6/6 [00:01<
                 Class     Images  Instances      Box(P          R      mAP50  mAP50-95): 100%|██████████|
                   all         23        399      0.965      0.975      0.992       0.72

      Epoch    GPU_mem   box_loss   cls_loss   dfl_loss  Instances       Size
     50/100      4.99G       1.13     0.5366       1.22        188        640: 100%|██████████| 6/6 [00:01<
                 Class     Images  Instances      Box(P          R      mAP50  mAP50-95): 100%|██████████|
                   all         23        399      0.975      0.962       0.99       0.73

      Epoch    GPU_mem   box_loss   cls_loss   dfl_loss  Instances       Size
     51/100      4.99G      1.076     0.5265        1.2        188        640: 100%|██████████| 6/6 [00:01<
                 Class     Images  Instances      Box(P          R      mAP50  mAP50-95): 100%|██████████|
                   all         23        399      0.961       0.98      0.991      0.739

      Epoch    GPU_mem   box_loss   cls_loss   dfl_loss  Instances       Size
     52/100      4.99G      1.094     0.5338      1.249        204        640: 100%|██████████| 6/6 [00:01<
                 Class     Images  Instances      Box(P          R      mAP50  mAP50-95): 100%|██████████|
                   all         23        399      0.972      0.973      0.991      0.723

      Epoch    GPU_mem   box_loss   cls_loss   dfl_loss  Instances       Size
     53/100      4.99G      1.081     0.5218      1.235        280        640: 100%|██████████| 6/6 [00:01<
                 Class     Images  Instances      Box(P          R      mAP50  mAP50-95): 100%|██████████|
                   all         23        399       0.97      0.983      0.992      0.717

      Epoch    GPU_mem   box_loss   cls_loss   dfl_loss  Instances       Size
     54/100      4.99G      1.044     0.5111      1.204        149        640: 100%|██████████| 6/6 [00:01<
                 Class     Images  Instances      Box(P          R      mAP50  mAP50-95): 100%|██████████|
                   all         23        399      0.973      0.982      0.993      0.752

      Epoch    GPU_mem   box_loss   cls_loss   dfl_loss  Instances       Size
     55/100      4.99G      1.061      0.516      1.187        231        640: 100%|██████████| 6/6 [00:01<
                 Class     Images  Instances      Box(P          R      mAP50  mAP50-95): 100%|██████████|
                   all         23        399      0.968      0.987      0.993      0.739

      Epoch    GPU_mem   box_loss   cls_loss   dfl_loss  Instances       Size
     56/100      4.99G      1.068     0.5234      1.233        280        640: 100%|██████████| 6/6 [00:01<
                 Class     Images  Instances      Box(P          R      mAP50  mAP50-95): 100%|██████████|
                   all         23        399      0.981      0.985      0.992      0.728

      Epoch    GPU_mem   box_loss   cls_loss   dfl_loss  Instances       Size
     57/100      4.99G      1.056     0.5107      1.211        243        640: 100%|██████████| 6/6 [00:01<
                 Class     Images  Instances      Box(P          R      mAP50  mAP50-95): 100%|██████████|
                   all         23        399       0.98      0.987      0.992      0.742

      Epoch    GPU_mem   box_loss   cls_loss   dfl_loss  Instances       Size
     58/100      4.99G      1.062     0.5172      1.213        163        640: 100%|██████████| 6/6 [00:01<
                 Class     Images  Instances      Box(P          R      mAP50  mAP50-95): 100%|██████████|
                   all         23        399      0.979      0.985      0.994      0.756

      Epoch    GPU_mem   box_loss   cls_loss   dfl_loss  Instances       Size
     59/100      4.99G      1.034     0.4958      1.188        151        640: 100%|██████████| 6/6 [00:01<
                 Class     Images  Instances      Box(P          R      mAP50  mAP50-95): 100%|██████████|
                   all         23        399       0.98      0.984      0.993      0.751

      Epoch    GPU_mem   box_loss   cls_loss   dfl_loss  Instances       Size
     60/100      4.99G      1.033     0.4865      1.176        237        640: 100%|██████████| 6/6 [00:01<
                 Class     Images  Instances      Box(P          R      mAP50  mAP50-95): 100%|██████████|
                   all         23        399      0.984       0.98      0.991      0.743

      Epoch    GPU_mem   box_loss   cls_loss   dfl_loss  Instances       Size
     61/100      4.99G      1.073     0.5094      1.218        263        640: 100%|██████████| 6/6 [00:01<
                 Class     Images  Instances      Box(P          R      mAP50  mAP50-95): 100%|██████████|
                   all         23        399       0.99      0.977      0.992      0.748

      Epoch    GPU_mem   box_loss   cls_loss   dfl_loss  Instances       Size
     62/100      4.99G      1.048        0.5      1.205        221        640: 100%|██████████| 6/6 [00:01<
                 Class     Images  Instances      Box(P          R      mAP50  mAP50-95): 100%|██████████|
                   all         23        399       0.98      0.984      0.993      0.754

      Epoch    GPU_mem   box_loss   cls_loss   dfl_loss  Instances       Size
     63/100      4.99G     0.9886     0.4872      1.183        134        640: 100%|██████████| 6/6 [00:01<
                 Class     Images  Instances      Box(P          R      mAP50  mAP50-95): 100%|██████████|
                   all         23        399      0.975      0.981      0.992      0.755

      Epoch    GPU_mem   box_loss   cls_loss   dfl_loss  Instances       Size
     64/100      4.99G      1.027     0.4973      1.208        195        640: 100%|██████████| 6/6 [00:01<
                 Class     Images  Instances      Box(P          R      mAP50  mAP50-95): 100%|██████████|
                   all         23        399      0.975      0.987      0.993      0.754

      Epoch    GPU_mem   box_loss   cls_loss   dfl_loss  Instances       Size
     65/100      4.99G      1.004     0.4803      1.161        197        640: 100%|██████████| 6/6 [00:01<
                 Class     Images  Instances      Box(P          R      mAP50  mAP50-95): 100%|██████████|
                   all         23        399       0.99      0.977      0.993      0.764

      Epoch    GPU_mem   box_loss   cls_loss   dfl_loss  Instances       Size
     66/100      4.99G     0.9678     0.4874        1.2        148        640: 100%|██████████| 6/6 [00:01<
                 Class     Images  Instances      Box(P          R      mAP50  mAP50-95): 100%|██████████|
                   all         23        399      0.979      0.977      0.992      0.733

      Epoch    GPU_mem   box_loss   cls_loss   dfl_loss  Instances       Size
     67/100      4.99G      1.025     0.4894      1.185        250        640: 100%|██████████| 6/6 [00:01<
                 Class     Images  Instances      Box(P          R      mAP50  mAP50-95): 100%|██████████|
                   all         23        399      0.975      0.982       0.99       0.75

      Epoch    GPU_mem   box_loss   cls_loss   dfl_loss  Instances       Size
     68/100      4.99G     0.9894     0.4816      1.155        126        640: 100%|██████████| 6/6 [00:01<
                 Class     Images  Instances      Box(P          R      mAP50  mAP50-95): 100%|██████████|
                   all         23        399      0.982       0.98      0.992      0.764

      Epoch    GPU_mem   box_loss   cls_loss   dfl_loss  Instances       Size
     69/100      4.99G     0.9802     0.4753      1.155        225        640: 100%|██████████| 6/6 [00:01<
                 Class     Images  Instances      Box(P          R      mAP50  mAP50-95): 100%|██████████|
                   all         23        399      0.978      0.982      0.993      0.751

      Epoch    GPU_mem   box_loss   cls_loss   dfl_loss  Instances       Size
     70/100      4.99G     0.9668     0.4747      1.179        133        640: 100%|██████████| 6/6 [00:01<
                 Class     Images  Instances      Box(P          R      mAP50  mAP50-95): 100%|██████████|
                   all         23        399      0.978      0.985      0.992      0.764

      Epoch    GPU_mem   box_loss   cls_loss   dfl_loss  Instances       Size
     71/100      4.99G     0.9756     0.4757      1.155        239        640: 100%|██████████| 6/6 [00:01<
                 Class     Images  Instances      Box(P          R      mAP50  mAP50-95): 100%|██████████|
                   all         23        399      0.977      0.987      0.992      0.764

      Epoch    GPU_mem   box_loss   cls_loss   dfl_loss  Instances       Size
     72/100      4.99G     0.9722     0.4687      1.164        175        640: 100%|██████████| 6/6 [00:01<
                 Class     Images  Instances      Box(P          R      mAP50  mAP50-95): 100%|██████████|
                   all         23        399      0.975      0.987      0.992      0.766

      Epoch    GPU_mem   box_loss   cls_loss   dfl_loss  Instances       Size
     73/100      4.99G      0.952     0.4632      1.154        205        640: 100%|██████████| 6/6 [00:01<
                 Class     Images  Instances      Box(P          R      mAP50  mAP50-95): 100%|██████████|
                   all         23        399      0.985      0.982      0.992      0.765

      Epoch    GPU_mem   box_loss   cls_loss   dfl_loss  Instances       Size
     74/100      4.99G     0.9273     0.4599      1.148        232        640: 100%|██████████| 6/6 [00:01<
                 Class     Images  Instances      Box(P          R      mAP50  mAP50-95): 100%|██████████|
                   all         23        399      0.984      0.982      0.992      0.764

      Epoch    GPU_mem   box_loss   cls_loss   dfl_loss  Instances       Size
     75/100      4.99G     0.9247     0.4462      1.139        193        640: 100%|██████████| 6/6 [00:01<
                 Class     Images  Instances      Box(P          R      mAP50  mAP50-95): 100%|██████████|
                   all         23        399      0.985      0.985      0.992       0.77

      Epoch    GPU_mem   box_loss   cls_loss   dfl_loss  Instances       Size
     76/100      4.99G      0.936     0.4597      1.166        162        640: 100%|██████████| 6/6 [00:01<
                 Class     Images  Instances      Box(P          R      mAP50  mAP50-95): 100%|██████████|
                   all         23        399      0.985      0.985      0.992      0.772

      Epoch    GPU_mem   box_loss   cls_loss   dfl_loss  Instances       Size
     77/100      4.99G     0.9274     0.4473      1.139        246        640: 100%|██████████| 6/6 [00:01<
                 Class     Images  Instances      Box(P          R      mAP50  mAP50-95): 100%|██████████|
                   all         23        399      0.987      0.979      0.992      0.781

      Epoch    GPU_mem   box_loss   cls_loss   dfl_loss  Instances       Size
     78/100      4.99G     0.9172     0.4482      1.136        154        640: 100%|██████████| 6/6 [00:01<
                 Class     Images  Instances      Box(P          R      mAP50  mAP50-95): 100%|██████████|
                   all         23        399       0.99      0.982      0.992      0.759

      Epoch    GPU_mem   box_loss   cls_loss   dfl_loss  Instances       Size
     79/100      4.99G     0.9483     0.4696      1.162        174        640: 100%|██████████| 6/6 [00:01<
                 Class     Images  Instances      Box(P          R      mAP50  mAP50-95): 100%|██████████|
                   all         23        399      0.985      0.983      0.991      0.765

      Epoch    GPU_mem   box_loss   cls_loss   dfl_loss  Instances       Size
     80/100      4.99G     0.9332     0.4514      1.127        203        640: 100%|██████████| 6/6 [00:01<
                 Class     Images  Instances      Box(P          R      mAP50  mAP50-95): 100%|██████████|
                   all         23        399      0.989      0.985      0.991      0.769

      Epoch    GPU_mem   box_loss   cls_loss   dfl_loss  Instances       Size
     81/100      4.99G     0.9131     0.4442      1.159        187        640: 100%|██████████| 6/6 [00:01<
                 Class     Images  Instances      Box(P          R      mAP50  mAP50-95): 100%|██████████|
                   all         23        399      0.988      0.985      0.991      0.768

      Epoch    GPU_mem   box_loss   cls_loss   dfl_loss  Instances       Size
     82/100      4.99G     0.9041      0.432      1.137        189        640: 100%|██████████| 6/6 [00:01<
                 Class     Images  Instances      Box(P          R      mAP50  mAP50-95): 100%|██████████|
                   all         23        399       0.99      0.982      0.991      0.772

      Epoch    GPU_mem   box_loss   cls_loss   dfl_loss  Instances       Size
     83/100      4.99G     0.9022     0.4337       1.12        189        640: 100%|██████████| 6/6 [00:01<
                 Class     Images  Instances      Box(P          R      mAP50  mAP50-95): 100%|██████████|
                   all         23        399      0.992      0.981      0.991      0.777

      Epoch    GPU_mem   box_loss   cls_loss   dfl_loss  Instances       Size
     84/100      4.99G     0.9396     0.4415      1.139        141        640: 100%|██████████| 6/6 [00:01<
                 Class     Images  Instances      Box(P          R      mAP50  mAP50-95): 100%|██████████|
                   all         23        399      0.989      0.982      0.991       0.77

      Epoch    GPU_mem   box_loss   cls_loss   dfl_loss  Instances       Size
     85/100      4.99G     0.9043     0.4378      1.125        136        640: 100%|██████████| 6/6 [00:01<
                 Class     Images  Instances      Box(P          R      mAP50  mAP50-95): 100%|██████████|
                   all         23        399      0.986      0.982      0.991      0.766

      Epoch    GPU_mem   box_loss   cls_loss   dfl_loss  Instances       Size
     86/100      4.99G     0.9273     0.4564      1.173        178        640: 100%|██████████| 6/6 [00:01<
                 Class     Images  Instances      Box(P          R      mAP50  mAP50-95): 100%|██████████|
                   all         23        399       0.99      0.982      0.991      0.779

      Epoch    GPU_mem   box_loss   cls_loss   dfl_loss  Instances       Size
     87/100      4.99G     0.9122     0.4539      1.159        245        640: 100%|██████████| 6/6 [00:01<
                 Class     Images  Instances      Box(P          R      mAP50  mAP50-95): 100%|██████████|
                   all         23        399      0.986      0.982      0.991      0.773

      Epoch    GPU_mem   box_loss   cls_loss   dfl_loss  Instances       Size
     88/100      4.99G     0.9032     0.4363      1.129        221        640: 100%|██████████| 6/6 [00:01<
                 Class     Images  Instances      Box(P          R      mAP50  mAP50-95): 100%|██████████|
                   all         23        399      0.988       0.98       0.99      0.778

      Epoch    GPU_mem   box_loss   cls_loss   dfl_loss  Instances       Size
     89/100      4.99G     0.9101     0.4396      1.136        179        640: 100%|██████████| 6/6 [00:01<
                 Class     Images  Instances      Box(P          R      mAP50  mAP50-95): 100%|██████████|
                   all         23        399      0.988       0.98      0.991      0.778

      Epoch    GPU_mem   box_loss   cls_loss   dfl_loss  Instances       Size
     90/100      4.99G     0.8939     0.4373      1.117        167        640: 100%|██████████| 6/6 [00:01<
                 Class     Images  Instances      Box(P          R      mAP50  mAP50-95): 100%|██████████|
                   all         23        399       0.99      0.982      0.991      0.779
Closing dataloader mosaic

      Epoch    GPU_mem   box_loss   cls_loss   dfl_loss  Instances       Size
     91/100      4.99G     0.9016     0.4879      1.125        105        640: 100%|██████████| 6/6 [00:02<
                 Class     Images  Instances      Box(P          R      mAP50  mAP50-95): 100%|██████████|
                   all         23        399      0.985      0.985      0.991      0.775

      Epoch    GPU_mem   box_loss   cls_loss   dfl_loss  Instances       Size
     92/100      4.99G     0.8875     0.4676      1.168        101        640: 100%|██████████| 6/6 [00:02<
                 Class     Images  Instances      Box(P          R      mAP50  mAP50-95): 100%|██████████|
                   all         23        399      0.986      0.987       0.99      0.766

      Epoch    GPU_mem   box_loss   cls_loss   dfl_loss  Instances       Size
     93/100      4.99G     0.9011     0.4597      1.179        102        640: 100%|██████████| 6/6 [00:01<
                 Class     Images  Instances      Box(P          R      mAP50  mAP50-95): 100%|██████████|
                   all         23        399      0.985      0.987       0.99      0.772

      Epoch    GPU_mem   box_loss   cls_loss   dfl_loss  Instances       Size
     94/100      4.99G      0.883     0.4452      1.115        101        640: 100%|██████████| 6/6 [00:01<
                 Class     Images  Instances      Box(P          R      mAP50  mAP50-95): 100%|██████████|
                   all         23        399      0.985      0.987       0.99      0.777

      Epoch    GPU_mem   box_loss   cls_loss   dfl_loss  Instances       Size
     95/100      4.99G     0.8818     0.4435      1.126        104        640: 100%|██████████| 6/6 [00:01<
                 Class     Images  Instances      Box(P          R      mAP50  mAP50-95): 100%|██████████|
                   all         23        399      0.983      0.987      0.991      0.779

      Epoch    GPU_mem   box_loss   cls_loss   dfl_loss  Instances       Size
     96/100      4.99G     0.8484     0.4343      1.122        103        640: 100%|██████████| 6/6 [00:01<
                 Class     Images  Instances      Box(P          R      mAP50  mAP50-95): 100%|██████████|
                   all         23        399      0.984       0.99      0.991      0.777

      Epoch    GPU_mem   box_loss   cls_loss   dfl_loss  Instances       Size
     97/100      4.99G     0.8377     0.4177      1.082        100        640: 100%|██████████| 6/6 [00:01<
                 Class     Images  Instances      Box(P          R      mAP50  mAP50-95): 100%|██████████|
                   all         23        399      0.983       0.99      0.991      0.781

      Epoch    GPU_mem   box_loss   cls_loss   dfl_loss  Instances       Size
     98/100      4.99G     0.8473     0.4293      1.082         99        640: 100%|██████████| 6/6 [00:01<
                 Class     Images  Instances      Box(P          R      mAP50  mAP50-95): 100%|██████████|
                   all         23        399      0.985       0.99      0.991      0.784

      Epoch    GPU_mem   box_loss   cls_loss   dfl_loss  Instances       Size
     99/100      4.99G     0.8238     0.4125      1.048        107        640: 100%|██████████| 6/6 [00:01<
                 Class     Images  Instances      Box(P          R      mAP50  mAP50-95): 100%|██████████|
                   all         23        399      0.985       0.99      0.991      0.783

      Epoch    GPU_mem   box_loss   cls_loss   dfl_loss  Instances       Size
    100/100      4.99G     0.8707     0.4366      1.145         99        640: 100%|██████████| 6/6 [00:01<
                 Class     Images  Instances      Box(P          R      mAP50  mAP50-95): 100%|██████████|
                   all         23        399      0.987      0.989      0.992      0.783

100 epochs completed in 0.080 hours.
Optimizer stripped from .yolo-out-mp/yolo11-mp-3/weights/last.pt, 40.5MB
Optimizer stripped from .yolo-out-mp/yolo11-mp-3/weights/best.pt, 40.5MB

Validating .yolo-out-mp/yolo11-mp-3/weights/best.pt...
Ultralytics 8.3.150 🚀 Python-3.13.2 torch-2.6.0+cu118 CUDA:0 (Tesla T4, 14913MiB)
                                                       CUDA:1 (Tesla T4, 14913MiB)
YOLO11m summary (fused): 125 layers, 20,030,803 parameters, 0 gradients, 67.6 GFLOPs
                 Class     Images  Instances      Box(P          R      mAP50  mAP50-95): 100%|██████████|
                   all         23        399      0.984       0.99      0.991      0.784
Speed: 0.1ms preprocess, 7.7ms inference, 0.0ms loss, 1.0ms postprocess per image
Results saved to .yolo-out-mp/yolo11-mp-3
