Overriding model.yaml nc=80 with nc=8
WARNING ⚠️ no model scale passed. Assuming scale='m'.
Freezing layer 'model.20.dfl.conv.weight'
AMP: running Automatic Mixed Precision (AMP) checks...
AMP: checks passed ✅
train: Fast image access ✅ (ping: 0.1±0.1 ms, read: 150.2±66.1 MB/s, size: 48.5 KB)
train: Scanning /data2/jd1/datasets/kitti/labels/train.cache... 5985 images, 0 backgrounds, 0 corrupt: 100%|██████████| 5985/5985 [00:00<?, ?it/s]
val: Fast image access ✅ (ping: 0.0±0.0 ms, read: 416.3±315.7 MB/s, size: 43.5 KB)
val: Scanning /data2/jd1/datasets/kitti/labels/val.cache... 1496 images, 0 backgrounds, 0 corrupt: 100%|██████████| 1496/1496 [00:00<?, ?it/s]
Plotting labels to yolo-kitti/yolo11a-kitti-2/labels.jpg...
optimizer: 'optimizer=auto' found, ignoring 'lr0=0.01' and 'momentum=0.937' and determining best 'optimizer', 'lr0' and 'momentum' automatically...
optimizer: AdamW(lr=0.000833, momentum=0.9) with parameter groups 95 weight(decay=0.0), 102 weight(decay=0.0005), 101 bias(decay=0.0)
Image sizes 640 train, 640 val
Using 16 dataloader workers
Logging results to yolo-kitti/yolo11a-kitti-2
Starting training for 100 epochs...

      Epoch    GPU_mem   box_loss   cls_loss   dfl_loss  Instances       Size
      1/100      5.78G      3.072      3.676      3.271          6        640: 100%|██████████| 375/375 [02:32<00:00,  2.45it/s]
                 Class     Images  Instances      Box(P          R      mAP50  mAP50-95): 100%|██████████| 94/94 [00:11<00:00,  7.86it/s]
                   all       1496       8128      0.324      0.123     0.0718     0.0292

      Epoch    GPU_mem   box_loss   cls_loss   dfl_loss  Instances       Size
      2/100      6.03G       2.06      2.067      2.118          8        640: 100%|██████████| 375/375 [02:30<00:00,  2.49it/s]
                 Class     Images  Instances      Box(P          R      mAP50  mAP50-95): 100%|██████████| 94/94 [00:11<00:00,  7.95it/s]
                   all       1496       8128      0.466      0.183      0.177     0.0945

      Epoch    GPU_mem   box_loss   cls_loss   dfl_loss  Instances       Size
      3/100      6.03G      1.746      1.665      1.823          4        640: 100%|██████████| 375/375 [02:29<00:00,  2.51it/s]
                 Class     Images  Instances      Box(P          R      mAP50  mAP50-95): 100%|██████████| 94/94 [00:11<00:00,  7.98it/s]
                   all       1496       8128      0.404      0.288      0.266      0.145

      Epoch    GPU_mem   box_loss   cls_loss   dfl_loss  Instances       Size
      4/100      6.03G      1.596       1.49      1.691         14        640: 100%|██████████| 375/375 [02:27<00:00,  2.54it/s]
                 Class     Images  Instances      Box(P          R      mAP50  mAP50-95): 100%|██████████| 94/94 [00:11<00:00,  8.05it/s]
                   all       1496       8128      0.331      0.342      0.316      0.179

      Epoch    GPU_mem   box_loss   cls_loss   dfl_loss  Instances       Size
      5/100      6.03G      1.491      1.337      1.603          6        640: 100%|██████████| 375/375 [02:27<00:00,  2.54it/s]
                 Class     Images  Instances      Box(P          R      mAP50  mAP50-95): 100%|██████████| 94/94 [00:11<00:00,  8.04it/s]
                   all       1496       8128      0.612      0.364      0.386      0.225

      Epoch    GPU_mem   box_loss   cls_loss   dfl_loss  Instances       Size
      6/100      6.04G      1.428      1.243      1.543          5        640: 100%|██████████| 375/375 [02:28<00:00,  2.53it/s]
                 Class     Images  Instances      Box(P          R      mAP50  mAP50-95): 100%|██████████| 94/94 [00:11<00:00,  7.91it/s]
                   all       1496       8128      0.616      0.389      0.429      0.251

      Epoch    GPU_mem   box_loss   cls_loss   dfl_loss  Instances       Size
      7/100      6.06G       1.36      1.166      1.491         10        640: 100%|██████████| 375/375 [02:27<00:00,  2.54it/s]
                 Class     Images  Instances      Box(P          R      mAP50  mAP50-95): 100%|██████████| 94/94 [00:11<00:00,  8.10it/s]
                   all       1496       8128      0.478      0.493      0.473      0.278

      Epoch    GPU_mem   box_loss   cls_loss   dfl_loss  Instances       Size
      8/100      6.06G      1.314       1.11      1.463         13        640: 100%|██████████| 375/375 [02:27<00:00,  2.55it/s]
                 Class     Images  Instances      Box(P          R      mAP50  mAP50-95): 100%|██████████| 94/94 [00:11<00:00,  8.08it/s]
                   all       1496       8128      0.556      0.518      0.533      0.321

      Epoch    GPU_mem   box_loss   cls_loss   dfl_loss  Instances       Size
      9/100      6.06G       1.26      1.045      1.417         18        640: 100%|██████████| 375/375 [02:26<00:00,  2.55it/s]
                 Class     Images  Instances      Box(P          R      mAP50  mAP50-95): 100%|██████████| 94/94 [00:11<00:00,  8.06it/s]
                   all       1496       8128      0.622      0.494      0.542      0.339

      Epoch    GPU_mem   box_loss   cls_loss   dfl_loss  Instances       Size
     10/100      6.06G      1.239      1.008      1.399          9        640: 100%|██████████| 375/375 [02:27<00:00,  2.55it/s]
                 Class     Images  Instances      Box(P          R      mAP50  mAP50-95): 100%|██████████| 94/94 [00:11<00:00,  8.08it/s]
                   all       1496       8128      0.618      0.532      0.576       0.36

      Epoch    GPU_mem   box_loss   cls_loss   dfl_loss  Instances       Size
     11/100      6.06G      1.209     0.9673      1.373          5        640: 100%|██████████| 375/375 [02:27<00:00,  2.55it/s]
                 Class     Images  Instances      Box(P          R      mAP50  mAP50-95): 100%|██████████| 94/94 [00:11<00:00,  8.06it/s]
                   all       1496       8128      0.626       0.53      0.584      0.361

      Epoch    GPU_mem   box_loss   cls_loss   dfl_loss  Instances       Size
     12/100      6.06G      1.191     0.9471      1.366         16        640: 100%|██████████| 375/375 [02:26<00:00,  2.55it/s]
                 Class     Images  Instances      Box(P          R      mAP50  mAP50-95): 100%|██████████| 94/94 [00:11<00:00,  8.04it/s]
                   all       1496       8128      0.679      0.565      0.629        0.4

      Epoch    GPU_mem   box_loss   cls_loss   dfl_loss  Instances       Size
     13/100      6.06G      1.168     0.9119      1.347          4        640: 100%|██████████| 375/375 [02:26<00:00,  2.56it/s]
                 Class     Images  Instances      Box(P          R      mAP50  mAP50-95): 100%|██████████| 94/94 [00:11<00:00,  8.11it/s]
                   all       1496       8128      0.756      0.548       0.64      0.408

      Epoch    GPU_mem   box_loss   cls_loss   dfl_loss  Instances       Size
     14/100      6.06G      1.138     0.8926      1.333          7        640: 100%|██████████| 375/375 [02:26<00:00,  2.55it/s]
                 Class     Images  Instances      Box(P          R      mAP50  mAP50-95): 100%|██████████| 94/94 [00:11<00:00,  7.95it/s]
                   all       1496       8128      0.756      0.567      0.645      0.421

      Epoch    GPU_mem   box_loss   cls_loss   dfl_loss  Instances       Size
     15/100      6.06G      1.132     0.8745      1.324          4        640: 100%|██████████| 375/375 [02:28<00:00,  2.53it/s]
                 Class     Images  Instances      Box(P          R      mAP50  mAP50-95): 100%|██████████| 94/94 [00:11<00:00,  8.19it/s]
                   all       1496       8128      0.663      0.638      0.684      0.445

      Epoch    GPU_mem   box_loss   cls_loss   dfl_loss  Instances       Size
     16/100      6.34G      1.098     0.8446      1.302          9        640: 100%|██████████| 375/375 [02:27<00:00,  2.55it/s]
                 Class     Images  Instances      Box(P          R      mAP50  mAP50-95): 100%|██████████| 94/94 [00:11<00:00,  8.14it/s]
                   all       1496       8128       0.69      0.619      0.671      0.441

      Epoch    GPU_mem   box_loss   cls_loss   dfl_loss  Instances       Size
     17/100      6.34G      1.099     0.8268      1.299         11        640: 100%|██████████| 375/375 [02:27<00:00,  2.55it/s]
                 Class     Images  Instances      Box(P          R      mAP50  mAP50-95): 100%|██████████| 94/94 [00:11<00:00,  8.20it/s]
                   all       1496       8128      0.719      0.663      0.722      0.469

      Epoch    GPU_mem   box_loss   cls_loss   dfl_loss  Instances       Size
     18/100      6.34G      1.073     0.8086      1.282         17        640: 100%|██████████| 375/375 [02:27<00:00,  2.54it/s]
                 Class     Images  Instances      Box(P          R      mAP50  mAP50-95): 100%|██████████| 94/94 [00:11<00:00,  8.21it/s]
                   all       1496       8128      0.718      0.678       0.73      0.476

      Epoch    GPU_mem   box_loss   cls_loss   dfl_loss  Instances       Size
     19/100      6.34G      1.073     0.8038      1.279          7        640: 100%|██████████| 375/375 [02:27<00:00,  2.54it/s]
                 Class     Images  Instances      Box(P          R      mAP50  mAP50-95): 100%|██████████| 94/94 [00:11<00:00,  8.18it/s]
                   all       1496       8128      0.795      0.649      0.735      0.486

      Epoch    GPU_mem   box_loss   cls_loss   dfl_loss  Instances       Size
     20/100      6.34G      1.057     0.7796       1.27          5        640: 100%|██████████| 375/375 [02:27<00:00,  2.54it/s]
                 Class     Images  Instances      Box(P          R      mAP50  mAP50-95): 100%|██████████| 94/94 [00:11<00:00,  8.17it/s]
                   all       1496       8128      0.781      0.657      0.741      0.488

      Epoch    GPU_mem   box_loss   cls_loss   dfl_loss  Instances       Size
     21/100      6.34G      1.032      0.758      1.251         10        640: 100%|██████████| 375/375 [02:27<00:00,  2.54it/s]
                 Class     Images  Instances      Box(P          R      mAP50  mAP50-95): 100%|██████████| 94/94 [00:11<00:00,  8.18it/s]
                   all       1496       8128      0.771      0.675      0.744      0.496

      Epoch    GPU_mem   box_loss   cls_loss   dfl_loss  Instances       Size
     22/100      6.34G       1.02     0.7496      1.246         16        640: 100%|██████████| 375/375 [02:27<00:00,  2.54it/s]
                 Class     Images  Instances      Box(P          R      mAP50  mAP50-95): 100%|██████████| 94/94 [00:11<00:00,  8.21it/s]
                   all       1496       8128      0.761      0.709      0.775      0.517

      Epoch    GPU_mem   box_loss   cls_loss   dfl_loss  Instances       Size
     23/100      6.34G      1.009     0.7403      1.238          5        640: 100%|██████████| 375/375 [02:27<00:00,  2.55it/s]
                 Class     Images  Instances      Box(P          R      mAP50  mAP50-95): 100%|██████████| 94/94 [00:11<00:00,  8.22it/s]
                   all       1496       8128      0.746      0.716      0.776       0.52

      Epoch    GPU_mem   box_loss   cls_loss   dfl_loss  Instances       Size
     24/100      6.34G      1.005     0.7267      1.229          6        640: 100%|██████████| 375/375 [02:26<00:00,  2.56it/s]
                 Class     Images  Instances      Box(P          R      mAP50  mAP50-95): 100%|██████████| 94/94 [00:11<00:00,  8.23it/s]
                   all       1496       8128       0.75      0.705      0.788       0.53

      Epoch    GPU_mem   box_loss   cls_loss   dfl_loss  Instances       Size
     25/100      6.34G     0.9835     0.7088      1.223         14        640: 100%|██████████| 375/375 [02:26<00:00,  2.56it/s]
                 Class     Images  Instances      Box(P          R      mAP50  mAP50-95): 100%|██████████| 94/94 [00:11<00:00,  8.23it/s]
                   all       1496       8128      0.792      0.716      0.792       0.54

      Epoch    GPU_mem   box_loss   cls_loss   dfl_loss  Instances       Size
     26/100      6.34G      0.987     0.7067      1.223          9        640: 100%|██████████| 375/375 [02:26<00:00,  2.55it/s]
                 Class     Images  Instances      Box(P          R      mAP50  mAP50-95): 100%|██████████| 94/94 [00:12<00:00,  7.83it/s]
                   all       1496       8128       0.78      0.735      0.798      0.556

      Epoch    GPU_mem   box_loss   cls_loss   dfl_loss  Instances       Size
     27/100      6.34G     0.9777     0.7044      1.221         10        640: 100%|██████████| 375/375 [02:27<00:00,  2.53it/s]
                 Class     Images  Instances      Box(P          R      mAP50  mAP50-95): 100%|██████████| 94/94 [00:11<00:00,  8.20it/s]
                   all       1496       8128      0.801      0.715      0.804      0.544

      Epoch    GPU_mem   box_loss   cls_loss   dfl_loss  Instances       Size
     28/100      6.34G      0.974     0.6918      1.208         13        640: 100%|██████████| 375/375 [02:26<00:00,  2.56it/s]
                 Class     Images  Instances      Box(P          R      mAP50  mAP50-95): 100%|██████████| 94/94 [00:11<00:00,  8.24it/s]
                   all       1496       8128      0.764      0.734      0.806      0.559

      Epoch    GPU_mem   box_loss   cls_loss   dfl_loss  Instances       Size
     29/100      6.34G     0.9695     0.6848      1.202          8        640: 100%|██████████| 375/375 [02:27<00:00,  2.55it/s]
                 Class     Images  Instances      Box(P          R      mAP50  mAP50-95): 100%|██████████| 94/94 [00:11<00:00,  8.24it/s]
                   all       1496       8128      0.821      0.734       0.82      0.565

      Epoch    GPU_mem   box_loss   cls_loss   dfl_loss  Instances       Size
     30/100      6.34G     0.9515     0.6758      1.196         19        640: 100%|██████████| 375/375 [02:26<00:00,  2.56it/s]
                 Class     Images  Instances      Box(P          R      mAP50  mAP50-95): 100%|██████████| 94/94 [00:11<00:00,  8.20it/s]
                   all       1496       8128      0.832      0.703      0.801      0.558

      Epoch    GPU_mem   box_loss   cls_loss   dfl_loss  Instances       Size
     31/100      6.34G     0.9427     0.6651      1.188         16        640: 100%|██████████| 375/375 [02:27<00:00,  2.54it/s]
                 Class     Images  Instances      Box(P          R      mAP50  mAP50-95): 100%|██████████| 94/94 [00:11<00:00,  8.21it/s]
                   all       1496       8128      0.797      0.747      0.821      0.576

      Epoch    GPU_mem   box_loss   cls_loss   dfl_loss  Instances       Size
     32/100      6.34G     0.9362     0.6576      1.189          7        640: 100%|██████████| 375/375 [02:27<00:00,  2.55it/s]
                 Class     Images  Instances      Box(P          R      mAP50  mAP50-95): 100%|██████████| 94/94 [00:11<00:00,  8.24it/s]
                   all       1496       8128      0.779      0.754      0.823      0.582

      Epoch    GPU_mem   box_loss   cls_loss   dfl_loss  Instances       Size
     33/100      6.34G     0.9373     0.6586       1.19          3        640: 100%|██████████| 375/375 [02:27<00:00,  2.55it/s]
                 Class     Images  Instances      Box(P          R      mAP50  mAP50-95): 100%|██████████| 94/94 [00:11<00:00,  8.20it/s]
                   all       1496       8128      0.765      0.778      0.832      0.588

      Epoch    GPU_mem   box_loss   cls_loss   dfl_loss  Instances       Size
     34/100      6.34G     0.9159     0.6327      1.168          6        640: 100%|██████████| 375/375 [02:26<00:00,  2.56it/s]
                 Class     Images  Instances      Box(P          R      mAP50  mAP50-95): 100%|██████████| 94/94 [00:11<00:00,  8.23it/s]
                   all       1496       8128       0.85      0.739      0.838      0.594

      Epoch    GPU_mem   box_loss   cls_loss   dfl_loss  Instances       Size
     35/100      6.34G     0.9169     0.6366      1.177         17        640: 100%|██████████| 375/375 [02:27<00:00,  2.55it/s]
                 Class     Images  Instances      Box(P          R      mAP50  mAP50-95): 100%|██████████| 94/94 [00:11<00:00,  8.23it/s]
                   all       1496       8128      0.828      0.745      0.832      0.594

      Epoch    GPU_mem   box_loss   cls_loss   dfl_loss  Instances       Size
     36/100      6.38G     0.9143      0.634      1.173          5        640: 100%|██████████| 375/375 [02:27<00:00,  2.55it/s]
                 Class     Images  Instances      Box(P          R      mAP50  mAP50-95): 100%|██████████| 94/94 [00:11<00:00,  8.23it/s]
                   all       1496       8128      0.829      0.772      0.844      0.604

      Epoch    GPU_mem   box_loss   cls_loss   dfl_loss  Instances       Size
     37/100      6.38G     0.8865     0.6093      1.152         20        640: 100%|██████████| 375/375 [02:27<00:00,  2.55it/s]
                 Class     Images  Instances      Box(P          R      mAP50  mAP50-95): 100%|██████████| 94/94 [00:11<00:00,  8.24it/s]
                   all       1496       8128      0.815      0.752      0.823      0.592

      Epoch    GPU_mem   box_loss   cls_loss   dfl_loss  Instances       Size
     38/100      6.38G      0.889     0.6108      1.152          4        640: 100%|██████████| 375/375 [02:26<00:00,  2.56it/s]
                 Class     Images  Instances      Box(P          R      mAP50  mAP50-95): 100%|██████████| 94/94 [00:11<00:00,  8.26it/s]
                   all       1496       8128      0.778      0.799      0.843      0.612

      Epoch    GPU_mem   box_loss   cls_loss   dfl_loss  Instances       Size
     39/100      6.38G     0.8835     0.6051      1.149          5        640: 100%|██████████| 375/375 [02:26<00:00,  2.56it/s]
                 Class     Images  Instances      Box(P          R      mAP50  mAP50-95): 100%|██████████| 94/94 [00:11<00:00,  8.23it/s]
                   all       1496       8128      0.804      0.775      0.841      0.607

      Epoch    GPU_mem   box_loss   cls_loss   dfl_loss  Instances       Size
     40/100      6.38G     0.8793     0.6028      1.149          8        640: 100%|██████████| 375/375 [02:27<00:00,  2.55it/s]
                 Class     Images  Instances      Box(P          R      mAP50  mAP50-95): 100%|██████████| 94/94 [00:11<00:00,  8.24it/s]
                   all       1496       8128      0.821      0.756      0.848      0.614

      Epoch    GPU_mem   box_loss   cls_loss   dfl_loss  Instances       Size
     41/100      6.38G     0.8843     0.6004      1.153         19        640: 100%|██████████| 375/375 [02:27<00:00,  2.54it/s]
                 Class     Images  Instances      Box(P          R      mAP50  mAP50-95): 100%|██████████| 94/94 [00:11<00:00,  8.23it/s]
                   all       1496       8128      0.812      0.771      0.849      0.615

      Epoch    GPU_mem   box_loss   cls_loss   dfl_loss  Instances       Size
     42/100      6.38G     0.8691      0.591      1.139          7        640: 100%|██████████| 375/375 [02:28<00:00,  2.53it/s]
                 Class     Images  Instances      Box(P          R      mAP50  mAP50-95): 100%|██████████| 94/94 [00:11<00:00,  8.19it/s]
                   all       1496       8128      0.812      0.786      0.854      0.619

      Epoch    GPU_mem   box_loss   cls_loss   dfl_loss  Instances       Size
     43/100      6.38G     0.8606     0.5848      1.136         21        640: 100%|██████████| 375/375 [02:27<00:00,  2.55it/s]
                 Class     Images  Instances      Box(P          R      mAP50  mAP50-95): 100%|██████████| 94/94 [00:11<00:00,  8.25it/s]
                   all       1496       8128      0.817      0.815      0.865      0.622

      Epoch    GPU_mem   box_loss   cls_loss   dfl_loss  Instances       Size
     44/100      6.38G     0.8575     0.5792       1.13          1        640: 100%|██████████| 375/375 [02:27<00:00,  2.55it/s]
                 Class     Images  Instances      Box(P          R      mAP50  mAP50-95): 100%|██████████| 94/94 [00:11<00:00,  8.24it/s]
                   all       1496       8128      0.885      0.772      0.868      0.636

      Epoch    GPU_mem   box_loss   cls_loss   dfl_loss  Instances       Size
     45/100      6.38G     0.8455     0.5723      1.122          5        640: 100%|██████████| 375/375 [02:28<00:00,  2.53it/s]
                 Class     Images  Instances      Box(P          R      mAP50  mAP50-95): 100%|██████████| 94/94 [00:11<00:00,  8.25it/s]
                   all       1496       8128      0.853      0.783      0.863      0.631

      Epoch    GPU_mem   box_loss   cls_loss   dfl_loss  Instances       Size
     46/100      6.38G     0.8489     0.5707      1.126          6        640: 100%|██████████| 375/375 [02:27<00:00,  2.55it/s]
                 Class     Images  Instances      Box(P          R      mAP50  mAP50-95): 100%|██████████| 94/94 [00:11<00:00,  8.23it/s]
                   all       1496       8128      0.852      0.777      0.857      0.629

      Epoch    GPU_mem   box_loss   cls_loss   dfl_loss  Instances       Size
     47/100      6.38G     0.8368     0.5628      1.116         20        640: 100%|██████████| 375/375 [02:28<00:00,  2.53it/s]
                 Class     Images  Instances      Box(P          R      mAP50  mAP50-95): 100%|██████████| 94/94 [00:11<00:00,  8.26it/s]
                   all       1496       8128      0.842      0.818      0.878      0.639

      Epoch    GPU_mem   box_loss   cls_loss   dfl_loss  Instances       Size
     48/100      6.38G     0.8358     0.5544      1.116          9        640: 100%|██████████| 375/375 [02:28<00:00,  2.53it/s]
                 Class     Images  Instances      Box(P          R      mAP50  mAP50-95): 100%|██████████| 94/94 [00:11<00:00,  8.24it/s]
                   all       1496       8128      0.873      0.805      0.877      0.641

      Epoch    GPU_mem   box_loss   cls_loss   dfl_loss  Instances       Size
     49/100      6.38G     0.8268     0.5543      1.113         14        640: 100%|██████████| 375/375 [02:27<00:00,  2.55it/s]
                 Class     Images  Instances      Box(P          R      mAP50  mAP50-95): 100%|██████████| 94/94 [00:11<00:00,  8.21it/s]
                   all       1496       8128      0.845      0.795      0.861      0.636

      Epoch    GPU_mem   box_loss   cls_loss   dfl_loss  Instances       Size
     50/100      6.38G     0.8228      0.547      1.111         16        640: 100%|██████████| 375/375 [02:28<00:00,  2.53it/s]
                 Class     Images  Instances      Box(P          R      mAP50  mAP50-95): 100%|██████████| 94/94 [00:11<00:00,  7.99it/s]
                   all       1496       8128      0.867      0.794      0.871      0.642

      Epoch    GPU_mem   box_loss   cls_loss   dfl_loss  Instances       Size
     51/100      6.38G     0.8166     0.5437      1.109          5        640: 100%|██████████| 375/375 [02:26<00:00,  2.56it/s]
                 Class     Images  Instances      Box(P          R      mAP50  mAP50-95): 100%|██████████| 94/94 [00:11<00:00,  8.23it/s]
                   all       1496       8128      0.888      0.789      0.873      0.652

      Epoch    GPU_mem   box_loss   cls_loss   dfl_loss  Instances       Size
     52/100      6.38G     0.8136     0.5446      1.108         10        640: 100%|██████████| 375/375 [02:26<00:00,  2.56it/s]
                 Class     Images  Instances      Box(P          R      mAP50  mAP50-95): 100%|██████████| 94/94 [00:11<00:00,  8.25it/s]
                   all       1496       8128      0.855      0.829      0.879      0.656

      Epoch    GPU_mem   box_loss   cls_loss   dfl_loss  Instances       Size
     53/100      6.38G     0.8097     0.5372        1.1          4        640: 100%|██████████| 375/375 [02:26<00:00,  2.56it/s]
                 Class     Images  Instances      Box(P          R      mAP50  mAP50-95): 100%|██████████| 94/94 [00:11<00:00,  8.23it/s]
                   all       1496       8128      0.848      0.828      0.876      0.654

      Epoch    GPU_mem   box_loss   cls_loss   dfl_loss  Instances       Size
     54/100      6.38G     0.8023     0.5292      1.098          2        640: 100%|██████████| 375/375 [02:26<00:00,  2.57it/s]
                 Class     Images  Instances      Box(P          R      mAP50  mAP50-95): 100%|██████████| 94/94 [00:11<00:00,  8.23it/s]
                   all       1496       8128      0.847      0.831      0.879      0.654

      Epoch    GPU_mem   box_loss   cls_loss   dfl_loss  Instances       Size
     55/100      6.38G     0.7946     0.5236      1.089          6        640: 100%|██████████| 375/375 [02:26<00:00,  2.56it/s]
                 Class     Images  Instances      Box(P          R      mAP50  mAP50-95): 100%|██████████| 94/94 [00:11<00:00,  8.27it/s]
                   all       1496       8128      0.882      0.789      0.878      0.653

      Epoch    GPU_mem   box_loss   cls_loss   dfl_loss  Instances       Size
     56/100      6.38G     0.7964     0.5253       1.09          5        640: 100%|██████████| 375/375 [02:26<00:00,  2.56it/s]
                 Class     Images  Instances      Box(P          R      mAP50  mAP50-95): 100%|██████████| 94/94 [00:11<00:00,  8.27it/s]
                   all       1496       8128      0.874      0.818       0.89      0.658

      Epoch    GPU_mem   box_loss   cls_loss   dfl_loss  Instances       Size
     57/100      6.38G      0.795     0.5211      1.092         13        640: 100%|██████████| 375/375 [02:27<00:00,  2.54it/s]
                 Class     Images  Instances      Box(P          R      mAP50  mAP50-95): 100%|██████████| 94/94 [00:11<00:00,  8.25it/s]
                   all       1496       8128      0.889      0.804      0.884      0.658

      Epoch    GPU_mem   box_loss   cls_loss   dfl_loss  Instances       Size
     58/100      6.38G     0.7827     0.5113      1.082          9        640: 100%|██████████| 375/375 [02:27<00:00,  2.55it/s]
                 Class     Images  Instances      Box(P          R      mAP50  mAP50-95): 100%|██████████| 94/94 [00:11<00:00,  8.23it/s]
                   all       1496       8128      0.875      0.813      0.888       0.66

      Epoch    GPU_mem   box_loss   cls_loss   dfl_loss  Instances       Size
     59/100      6.38G     0.7698     0.5052      1.076         17        640: 100%|██████████| 375/375 [02:27<00:00,  2.54it/s]
                 Class     Images  Instances      Box(P          R      mAP50  mAP50-95): 100%|██████████| 94/94 [00:12<00:00,  7.50it/s]
                   all       1496       8128      0.876      0.811      0.883      0.665

      Epoch    GPU_mem   box_loss   cls_loss   dfl_loss  Instances       Size
     60/100      6.38G     0.7682     0.5046       1.08         15        640: 100%|██████████| 375/375 [02:29<00:00,  2.51it/s]
                 Class     Images  Instances      Box(P          R      mAP50  mAP50-95): 100%|██████████| 94/94 [00:12<00:00,  7.48it/s]
                   all       1496       8128      0.878      0.829      0.889      0.671

      Epoch    GPU_mem   box_loss   cls_loss   dfl_loss  Instances       Size
     61/100      6.38G     0.7669     0.5067      1.073         15        640: 100%|██████████| 375/375 [02:29<00:00,  2.51it/s]
                 Class     Images  Instances      Box(P          R      mAP50  mAP50-95): 100%|██████████| 94/94 [00:11<00:00,  8.17it/s]
                   all       1496       8128      0.848      0.833      0.884       0.67

      Epoch    GPU_mem   box_loss   cls_loss   dfl_loss  Instances       Size
     62/100      6.38G     0.7682     0.5026      1.075          2        640: 100%|██████████| 375/375 [02:27<00:00,  2.55it/s]
                 Class     Images  Instances      Box(P          R      mAP50  mAP50-95): 100%|██████████| 94/94 [00:11<00:00,  8.24it/s]
                   all       1496       8128      0.855      0.823      0.886      0.673

      Epoch    GPU_mem   box_loss   cls_loss   dfl_loss  Instances       Size
     63/100      6.38G     0.7546     0.4911      1.067          2        640: 100%|██████████| 375/375 [02:26<00:00,  2.56it/s]
                 Class     Images  Instances      Box(P          R      mAP50  mAP50-95): 100%|██████████| 94/94 [00:11<00:00,  8.21it/s]
                   all       1496       8128      0.886        0.8      0.882      0.672

      Epoch    GPU_mem   box_loss   cls_loss   dfl_loss  Instances       Size
     64/100      6.38G     0.7523     0.4929      1.067         17        640: 100%|██████████| 375/375 [02:26<00:00,  2.55it/s]
                 Class     Images  Instances      Box(P          R      mAP50  mAP50-95): 100%|██████████| 94/94 [00:11<00:00,  8.26it/s]
                   all       1496       8128      0.877      0.822      0.892      0.676

      Epoch    GPU_mem   box_loss   cls_loss   dfl_loss  Instances       Size
     65/100      6.38G     0.7591     0.4963      1.067         13        640: 100%|██████████| 375/375 [02:27<00:00,  2.55it/s]
                 Class     Images  Instances      Box(P          R      mAP50  mAP50-95): 100%|██████████| 94/94 [00:11<00:00,  8.25it/s]
                   all       1496       8128      0.892      0.824      0.894      0.679

      Epoch    GPU_mem   box_loss   cls_loss   dfl_loss  Instances       Size
     66/100      6.38G     0.7498      0.493       1.06          9        640: 100%|██████████| 375/375 [02:26<00:00,  2.55it/s]
                 Class     Images  Instances      Box(P          R      mAP50  mAP50-95): 100%|██████████| 94/94 [00:11<00:00,  8.24it/s]
                   all       1496       8128      0.893      0.817      0.894      0.679

      Epoch    GPU_mem   box_loss   cls_loss   dfl_loss  Instances       Size
     67/100      6.38G     0.7398      0.486      1.059         14        640: 100%|██████████| 375/375 [02:26<00:00,  2.55it/s]
                 Class     Images  Instances      Box(P          R      mAP50  mAP50-95): 100%|██████████| 94/94 [00:11<00:00,  8.24it/s]
                   all       1496       8128      0.889       0.82      0.892      0.677

      Epoch    GPU_mem   box_loss   cls_loss   dfl_loss  Instances       Size
     68/100      6.38G     0.7405     0.4817      1.053         22        640: 100%|██████████| 375/375 [02:27<00:00,  2.55it/s]
                 Class     Images  Instances      Box(P          R      mAP50  mAP50-95): 100%|██████████| 94/94 [00:11<00:00,  8.24it/s]
                   all       1496       8128      0.891      0.838      0.899      0.682

      Epoch    GPU_mem   box_loss   cls_loss   dfl_loss  Instances       Size
     69/100      6.38G     0.7404      0.485      1.059          7        640: 100%|██████████| 375/375 [02:26<00:00,  2.55it/s]
                 Class     Images  Instances      Box(P          R      mAP50  mAP50-95): 100%|██████████| 94/94 [00:11<00:00,  8.24it/s]
                   all       1496       8128      0.908      0.821      0.899      0.678

      Epoch    GPU_mem   box_loss   cls_loss   dfl_loss  Instances       Size
     70/100      6.38G     0.7276      0.474      1.054          4        640: 100%|██████████| 375/375 [02:27<00:00,  2.55it/s]
                 Class     Images  Instances      Box(P          R      mAP50  mAP50-95): 100%|██████████| 94/94 [00:11<00:00,  8.22it/s]
                   all       1496       8128      0.881      0.855        0.9      0.688

      Epoch    GPU_mem   box_loss   cls_loss   dfl_loss  Instances       Size
     71/100      6.38G     0.7351     0.4748       1.05         26        640: 100%|██████████| 375/375 [02:28<00:00,  2.53it/s]
                 Class     Images  Instances      Box(P          R      mAP50  mAP50-95): 100%|██████████| 94/94 [00:11<00:00,  8.25it/s]
                   all       1496       8128      0.884      0.838      0.905      0.691

      Epoch    GPU_mem   box_loss   cls_loss   dfl_loss  Instances       Size
     72/100      6.38G     0.7206     0.4685      1.045         15        640: 100%|██████████| 375/375 [02:27<00:00,  2.54it/s]
                 Class     Images  Instances      Box(P          R      mAP50  mAP50-95): 100%|██████████| 94/94 [00:11<00:00,  8.23it/s]
                   all       1496       8128      0.895      0.828      0.903       0.69

      Epoch    GPU_mem   box_loss   cls_loss   dfl_loss  Instances       Size
     73/100      6.38G     0.7189     0.4678      1.042          6        640: 100%|██████████| 375/375 [02:26<00:00,  2.55it/s]
                 Class     Images  Instances      Box(P          R      mAP50  mAP50-95): 100%|██████████| 94/94 [00:11<00:00,  8.23it/s]
                   all       1496       8128      0.865      0.855      0.904      0.689

      Epoch    GPU_mem   box_loss   cls_loss   dfl_loss  Instances       Size
     74/100      6.38G     0.7127     0.4629       1.04         11        640: 100%|██████████| 375/375 [02:27<00:00,  2.55it/s]
                 Class     Images  Instances      Box(P          R      mAP50  mAP50-95): 100%|██████████| 94/94 [00:11<00:00,  8.26it/s]
                   all       1496       8128      0.843      0.855      0.897      0.687

      Epoch    GPU_mem   box_loss   cls_loss   dfl_loss  Instances       Size
     75/100      6.38G      0.719     0.4691      1.049          7        640: 100%|██████████| 375/375 [02:26<00:00,  2.55it/s]
                 Class     Images  Instances      Box(P          R      mAP50  mAP50-95): 100%|██████████| 94/94 [00:11<00:00,  8.25it/s]
                   all       1496       8128      0.887      0.824      0.898      0.687

      Epoch    GPU_mem   box_loss   cls_loss   dfl_loss  Instances       Size
     76/100      6.38G      0.706     0.4541      1.035          6        640: 100%|██████████| 375/375 [02:26<00:00,  2.56it/s]
                 Class     Images  Instances      Box(P          R      mAP50  mAP50-95): 100%|██████████| 94/94 [00:11<00:00,  8.22it/s]
                   all       1496       8128      0.868      0.855        0.9      0.689

      Epoch    GPU_mem   box_loss   cls_loss   dfl_loss  Instances       Size
     77/100      6.38G     0.7067     0.4566      1.033          6        640: 100%|██████████| 375/375 [02:27<00:00,  2.55it/s]
                 Class     Images  Instances      Box(P          R      mAP50  mAP50-95): 100%|██████████| 94/94 [00:11<00:00,  8.22it/s]
                   all       1496       8128      0.878      0.848        0.9      0.692

      Epoch    GPU_mem   box_loss   cls_loss   dfl_loss  Instances       Size
     78/100      6.38G     0.7058     0.4596      1.038         10        640: 100%|██████████| 375/375 [02:26<00:00,  2.55it/s]
                 Class     Images  Instances      Box(P          R      mAP50  mAP50-95): 100%|██████████| 94/94 [00:11<00:00,  8.23it/s]
                   all       1496       8128      0.895       0.85      0.899       0.69

      Epoch    GPU_mem   box_loss   cls_loss   dfl_loss  Instances       Size
     79/100      6.38G     0.7018     0.4574      1.034          2        640: 100%|██████████| 375/375 [02:27<00:00,  2.55it/s]
                 Class     Images  Instances      Box(P          R      mAP50  mAP50-95): 100%|██████████| 94/94 [00:11<00:00,  8.23it/s]
                   all       1496       8128      0.897      0.843      0.901      0.691

      Epoch    GPU_mem   box_loss   cls_loss   dfl_loss  Instances       Size
     80/100      6.38G      0.704     0.4535      1.032         13        640: 100%|██████████| 375/375 [02:26<00:00,  2.55it/s]
                 Class     Images  Instances      Box(P          R      mAP50  mAP50-95): 100%|██████████| 94/94 [00:11<00:00,  8.24it/s]
                   all       1496       8128      0.888      0.854      0.903      0.693

      Epoch    GPU_mem   box_loss   cls_loss   dfl_loss  Instances       Size
     81/100      6.38G     0.6847     0.4403      1.025         18        640: 100%|██████████| 375/375 [02:26<00:00,  2.56it/s]
                 Class     Images  Instances      Box(P          R      mAP50  mAP50-95): 100%|██████████| 94/94 [00:11<00:00,  8.27it/s]
                   all       1496       8128      0.897      0.841      0.901      0.694

      Epoch    GPU_mem   box_loss   cls_loss   dfl_loss  Instances       Size
     82/100      6.38G     0.7031     0.4555      1.037          8        640: 100%|██████████| 375/375 [02:26<00:00,  2.56it/s]
                 Class     Images  Instances      Box(P          R      mAP50  mAP50-95): 100%|██████████| 94/94 [00:11<00:00,  8.26it/s]
                   all       1496       8128      0.908      0.843      0.904      0.698

      Epoch    GPU_mem   box_loss   cls_loss   dfl_loss  Instances       Size
     83/100      6.38G     0.6883     0.4438      1.028          2        640: 100%|██████████| 375/375 [02:27<00:00,  2.53it/s]
                 Class     Images  Instances      Box(P          R      mAP50  mAP50-95): 100%|██████████| 94/94 [00:11<00:00,  8.15it/s]
                   all       1496       8128      0.905       0.83      0.903      0.703

      Epoch    GPU_mem   box_loss   cls_loss   dfl_loss  Instances       Size
     84/100      6.38G      0.678     0.4386      1.019         19        640: 100%|██████████| 375/375 [02:26<00:00,  2.56it/s]
                 Class     Images  Instances      Box(P          R      mAP50  mAP50-95): 100%|██████████| 94/94 [00:11<00:00,  8.26it/s]
                   all       1496       8128      0.896      0.843      0.905      0.703

      Epoch    GPU_mem   box_loss   cls_loss   dfl_loss  Instances       Size
     85/100      6.38G     0.6888     0.4469      1.026          5        640: 100%|██████████| 375/375 [02:26<00:00,  2.56it/s]
                 Class     Images  Instances      Box(P          R      mAP50  mAP50-95): 100%|██████████| 94/94 [00:11<00:00,  8.27it/s]
                   all       1496       8128      0.901      0.843      0.906      0.702

      Epoch    GPU_mem   box_loss   cls_loss   dfl_loss  Instances       Size
     86/100      6.38G     0.6747     0.4328      1.017          8        640: 100%|██████████| 375/375 [02:26<00:00,  2.56it/s]
                 Class     Images  Instances      Box(P          R      mAP50  mAP50-95): 100%|██████████| 94/94 [00:11<00:00,  8.26it/s]
                   all       1496       8128      0.893      0.843      0.906      0.701

      Epoch    GPU_mem   box_loss   cls_loss   dfl_loss  Instances       Size
     87/100      6.38G     0.6773     0.4374      1.016         20        640: 100%|██████████| 375/375 [02:26<00:00,  2.55it/s]
                 Class     Images  Instances      Box(P          R      mAP50  mAP50-95): 100%|██████████| 94/94 [00:11<00:00,  8.27it/s]
                   all       1496       8128       0.89      0.854      0.909      0.704

      Epoch    GPU_mem   box_loss   cls_loss   dfl_loss  Instances       Size
     88/100      6.38G      0.664     0.4285      1.013          1        640: 100%|██████████| 375/375 [02:26<00:00,  2.56it/s]
                 Class     Images  Instances      Box(P          R      mAP50  mAP50-95): 100%|██████████| 94/94 [00:11<00:00,  8.26it/s]
                   all       1496       8128      0.899      0.858      0.908      0.703

      Epoch    GPU_mem   box_loss   cls_loss   dfl_loss  Instances       Size
     89/100      6.38G     0.6641     0.4331      1.009          2        640: 100%|██████████| 375/375 [02:26<00:00,  2.56it/s]
                 Class     Images  Instances      Box(P          R      mAP50  mAP50-95): 100%|██████████| 94/94 [00:11<00:00,  8.27it/s]
                   all       1496       8128      0.884      0.868      0.911      0.704

      Epoch    GPU_mem   box_loss   cls_loss   dfl_loss  Instances       Size
     90/100      6.38G     0.6638     0.4289      1.011         20        640: 100%|██████████| 375/375 [02:26<00:00,  2.55it/s]
                 Class     Images  Instances      Box(P          R      mAP50  mAP50-95): 100%|██████████| 94/94 [00:11<00:00,  8.25it/s]
                   all       1496       8128      0.898      0.849      0.906        0.7
Closing dataloader mosaic

      Epoch    GPU_mem   box_loss   cls_loss   dfl_loss  Instances       Size
     91/100      6.38G     0.6358     0.3944     0.9943          5        640: 100%|██████████| 375/375 [02:24<00:00,  2.59it/s]
                 Class     Images  Instances      Box(P          R      mAP50  mAP50-95): 100%|██████████| 94/94 [00:11<00:00,  8.19it/s]
                   all       1496       8128      0.891      0.853      0.907      0.698

      Epoch    GPU_mem   box_loss   cls_loss   dfl_loss  Instances       Size
     92/100      6.38G     0.6191     0.3849      0.988          5        640: 100%|██████████| 375/375 [02:24<00:00,  2.59it/s]
                 Class     Images  Instances      Box(P          R      mAP50  mAP50-95): 100%|██████████| 94/94 [00:11<00:00,  8.20it/s]
                   all       1496       8128      0.895      0.839      0.904      0.698

      Epoch    GPU_mem   box_loss   cls_loss   dfl_loss  Instances       Size
     93/100      6.38G     0.6168     0.3834     0.9847          2        640: 100%|██████████| 375/375 [02:24<00:00,  2.59it/s]
                 Class     Images  Instances      Box(P          R      mAP50  mAP50-95): 100%|██████████| 94/94 [00:11<00:00,  8.19it/s]
                   all       1496       8128      0.892      0.842      0.904      0.698

      Epoch    GPU_mem   box_loss   cls_loss   dfl_loss  Instances       Size
     94/100      6.38G     0.6136     0.3835     0.9841          3        640: 100%|██████████| 375/375 [02:24<00:00,  2.59it/s]
                 Class     Images  Instances      Box(P          R      mAP50  mAP50-95): 100%|██████████| 94/94 [00:11<00:00,  8.20it/s]
                   all       1496       8128      0.889      0.849      0.905        0.7

      Epoch    GPU_mem   box_loss   cls_loss   dfl_loss  Instances       Size
     95/100      6.38G     0.6106     0.3821     0.9864          2        640: 100%|██████████| 375/375 [02:24<00:00,  2.59it/s]
                 Class     Images  Instances      Box(P          R      mAP50  mAP50-95): 100%|██████████| 94/94 [00:11<00:00,  8.21it/s]
                   all       1496       8128      0.882      0.851      0.904      0.703

      Epoch    GPU_mem   box_loss   cls_loss   dfl_loss  Instances       Size
     96/100      6.38G     0.6039     0.3781     0.9814          2        640: 100%|██████████| 375/375 [02:24<00:00,  2.59it/s]
                 Class     Images  Instances      Box(P          R      mAP50  mAP50-95): 100%|██████████| 94/94 [00:11<00:00,  8.22it/s]
                   all       1496       8128      0.875      0.863      0.905      0.702

      Epoch    GPU_mem   box_loss   cls_loss   dfl_loss  Instances       Size
     97/100      6.38G     0.5988      0.374     0.9785          8        640: 100%|██████████| 375/375 [02:26<00:00,  2.56it/s]
                 Class     Images  Instances      Box(P          R      mAP50  mAP50-95): 100%|██████████| 94/94 [00:11<00:00,  8.17it/s]
                   all       1496       8128      0.881      0.854      0.905      0.702

      Epoch    GPU_mem   box_loss   cls_loss   dfl_loss  Instances       Size
     98/100      6.38G     0.5931     0.3727     0.9682          0        640: 100%|██████████| 375/375 [02:25<00:00,  2.57it/s]
                 Class     Images  Instances      Box(P          R      mAP50  mAP50-95): 100%|██████████| 94/94 [00:11<00:00,  8.19it/s]
                   all       1496       8128      0.884      0.853      0.904      0.702

      Epoch    GPU_mem   box_loss   cls_loss   dfl_loss  Instances       Size
     99/100      6.38G     0.5849     0.3658     0.9678         10        640: 100%|██████████| 375/375 [02:24<00:00,  2.59it/s]
                 Class     Images  Instances      Box(P          R      mAP50  mAP50-95): 100%|██████████| 94/94 [00:11<00:00,  8.20it/s]
                   all       1496       8128      0.892      0.846      0.905      0.702

      Epoch    GPU_mem   box_loss   cls_loss   dfl_loss  Instances       Size
    100/100      6.38G      0.588      0.369     0.9679          1        640: 100%|██████████| 375/375 [02:24<00:00,  2.59it/s]
                 Class     Images  Instances      Box(P          R      mAP50  mAP50-95): 100%|██████████| 94/94 [00:11<00:00,  8.18it/s]
                   all       1496       8128      0.884      0.858      0.905      0.703

100 epochs completed in 4.424 hours.
Optimizer stripped from yolo-kitti/yolo11a-kitti-2/weights/last.pt, 27.4MB
Optimizer stripped from yolo-kitti/yolo11a-kitti-2/weights/best.pt, 27.4MB

Validating yolo-kitti/yolo11a-kitti-2/weights/best.pt...
Ultralytics 8.3.150 🚀 Python-3.13.2 torch-2.6.0+cu118 CUDA:0 (Tesla T4, 14913MiB)
                                                       CUDA:1 (Tesla T4, 14913MiB)
model summary (fused): 114 layers, 13,479,016 parameters, 0 gradients, 70.5 GFLOPs
                 Class     Images  Instances      Box(P          R      mAP50  mAP50-95): 100%|██████████| 94/94 [00:11<00:00,  8.16it/s]
                   all       1496       8128      0.893      0.857      0.909      0.704
                   car       1322       5716      0.937      0.953      0.981      0.847
                   van        419        555      0.912      0.941      0.963      0.812
                 truck        212        223      0.959      0.945      0.981      0.868
            pedestrian        377        921      0.875      0.731      0.837      0.503
        Person_sitting         17         36      0.748      0.661      0.705      0.443
               cyclist        252        352      0.883      0.792      0.866       0.61
                  tram         77        117      0.917      0.946      0.979      0.803
                  misc        158        208      0.916      0.886      0.957      0.748
Speed: 0.1ms preprocess, 4.2ms inference, 0.0ms loss, 0.9ms postprocess per image
Results saved to yolo-kitti/yolo11a-kitti-2
