Overriding model.yaml nc=80 with nc=1
WARNING ⚠️ no model scale passed. Assuming scale='m'.
Freezing layer 'model.20.dfl.conv.weight'
AMP: running Automatic Mixed Precision (AMP) checks...
AMP: checks passed ✅
train: Fast image access ✅ (ping: 0.0±0.0 ms, read: 1133.7±414.5 MB/s, size: 78.2 KB)
train: Scanning /data2/jd1/datasets/medical-pills/labels/train.cache... 92 images, 0 backgrounds, 0 corru
val: Fast image access ✅ (ping: 0.1±0.0 ms, read: 274.3±58.8 MB/s, size: 71.9 KB)
val: Scanning /data2/jd1/datasets/medical-pills/labels/val.cache... 23 images, 0 backgrounds, 0 corrupt:
Plotting labels to .yolo-out-mp/yolo11-mp-abl-b-1/labels.jpg...
optimizer: 'optimizer=auto' found, ignoring 'lr0=0.01' and 'momentum=0.937' and determining best 'optimizer', 'lr0' and 'momentum' automatically...
optimizer: AdamW(lr=0.002, momentum=0.9) with parameter groups 95 weight(decay=0.0), 102 weight(decay=0.0005), 101 bias(decay=0.0)
Image sizes 640 train, 640 val
Using 16 dataloader workers
Logging results to .yolo-out-mp/yolo11-mp-abl-b-1
Starting training for 100 epochs...

      Epoch    GPU_mem   box_loss   cls_loss   dfl_loss  Instances       Size
      1/100      6.07G      3.454      4.083      4.348        295        640: 100%|██████████| 6/6 [00:0
                 Class     Images  Instances      Box(P          R      mAP50  mAP50-95): 100%|██████████
                   all         23        399          0          0          0          0

      Epoch    GPU_mem   box_loss   cls_loss   dfl_loss  Instances       Size
      2/100      6.16G       3.32      3.751      4.301        275        640: 100%|██████████| 6/6 [00:0
                 Class     Images  Instances      Box(P          R      mAP50  mAP50-95): 100%|██████████
                   all         23        399          0          0          0          0

      Epoch    GPU_mem   box_loss   cls_loss   dfl_loss  Instances       Size
      3/100      6.17G      2.959      2.423      4.079        173        640: 100%|██████████| 6/6 [00:0
                 Class     Images  Instances      Box(P          R      mAP50  mAP50-95): 100%|██████████
                   all         23        399          0          0          0          0

      Epoch    GPU_mem   box_loss   cls_loss   dfl_loss  Instances       Size
      4/100      6.18G      2.735      1.809      3.901        198        640: 100%|██████████| 6/6 [00:0
                 Class     Images  Instances      Box(P          R      mAP50  mAP50-95): 100%|██████████
                   all         23        399          0          0          0          0

      Epoch    GPU_mem   box_loss   cls_loss   dfl_loss  Instances       Size
      5/100      6.21G      2.342      1.665      3.605        213        640: 100%|██████████| 6/6 [00:0
                 Class     Images  Instances      Box(P          R      mAP50  mAP50-95): 100%|██████████
                   all         23        399          0          0          0          0

      Epoch    GPU_mem   box_loss   cls_loss   dfl_loss  Instances       Size
      6/100      6.23G      2.251      1.548      3.289        216        640: 100%|██████████| 6/6 [00:0
                 Class     Images  Instances      Box(P          R      mAP50  mAP50-95): 100%|██████████
                   all         23        399          0          0          0          0

      Epoch    GPU_mem   box_loss   cls_loss   dfl_loss  Instances       Size
      7/100      6.23G      2.071      1.484      3.072        259        640: 100%|██████████| 6/6 [00:0
                 Class     Images  Instances      Box(P          R      mAP50  mAP50-95): 100%|██████████
                   all         23        399          0          0          0          0

      Epoch    GPU_mem   box_loss   cls_loss   dfl_loss  Instances       Size
      8/100      6.23G      1.992      1.364      2.992        172        640: 100%|██████████| 6/6 [00:0
                 Class     Images  Instances      Box(P          R      mAP50  mAP50-95): 100%|██████████
                   all         23        399          0          0          0          0

      Epoch    GPU_mem   box_loss   cls_loss   dfl_loss  Instances       Size
      9/100      6.23G       1.91      1.195      2.674        220        640: 100%|██████████| 6/6 [00:0
                 Class     Images  Instances      Box(P          R      mAP50  mAP50-95): 100%|██████████
                   all         23        399          0          0          0          0

      Epoch    GPU_mem   box_loss   cls_loss   dfl_loss  Instances       Size
     10/100      6.23G      1.912      1.225      2.594        232        640: 100%|██████████| 6/6 [00:0
                 Class     Images  Instances      Box(P          R      mAP50  mAP50-95): 100%|██████████
                   all         23        399          0          0          0          0

      Epoch    GPU_mem   box_loss   cls_loss   dfl_loss  Instances       Size
     11/100      6.23G      1.842      1.122      2.472        179        640: 100%|██████████| 6/6 [00:0
                 Class     Images  Instances      Box(P          R      mAP50  mAP50-95): 100%|██████████
                   all         23        399          0          0          0          0

      Epoch    GPU_mem   box_loss   cls_loss   dfl_loss  Instances       Size
     12/100      6.27G      1.858      1.143      2.518        195        640: 100%|██████████| 6/6 [00:0
                 Class     Images  Instances      Box(P          R      mAP50  mAP50-95): 100%|██████████
                   all         23        399          0          0          0          0

      Epoch    GPU_mem   box_loss   cls_loss   dfl_loss  Instances       Size
     13/100      6.27G      1.829      1.056      2.289        178        640: 100%|██████████| 6/6 [00:0
                 Class     Images  Instances      Box(P          R      mAP50  mAP50-95): 100%|██████████
                   all         23        399          0          0          0          0

      Epoch    GPU_mem   box_loss   cls_loss   dfl_loss  Instances       Size
     14/100      6.28G      1.802      1.082      2.355        241        640: 100%|██████████| 6/6 [00:0
                 Class     Images  Instances      Box(P          R      mAP50  mAP50-95): 100%|██████████
                   all         23        399          0          0          0          0

      Epoch    GPU_mem   box_loss   cls_loss   dfl_loss  Instances       Size
     15/100      6.28G      1.802      1.026      2.361        194        640: 100%|██████████| 6/6 [00:0
                 Class     Images  Instances      Box(P          R      mAP50  mAP50-95): 100%|██████████
                   all         23        399          0          0          0          0

      Epoch    GPU_mem   box_loss   cls_loss   dfl_loss  Instances       Size
     16/100      6.28G      1.765      1.026      2.291        230        640: 100%|██████████| 6/6 [00:0
                 Class     Images  Instances      Box(P          R      mAP50  mAP50-95): 100%|██████████
                   all         23        399     0.0161      0.155    0.00943    0.00211

      Epoch    GPU_mem   box_loss   cls_loss   dfl_loss  Instances       Size
     17/100      6.28G      1.717     0.9846      2.208        291        640: 100%|██████████| 6/6 [00:0
                 Class     Images  Instances      Box(P          R      mAP50  mAP50-95): 100%|██████████
                   all         23        399     0.0774      0.875      0.729      0.325

      Epoch    GPU_mem   box_loss   cls_loss   dfl_loss  Instances       Size
     18/100      6.28G      1.851      1.025      2.362        188        640: 100%|██████████| 6/6 [00:0
                 Class     Images  Instances      Box(P          R      mAP50  mAP50-95): 100%|██████████
                   all         23        399     0.0743       0.95      0.905      0.365

      Epoch    GPU_mem   box_loss   cls_loss   dfl_loss  Instances       Size
     19/100      6.28G      1.733      1.062      2.214        230        640: 100%|██████████| 6/6 [00:0
                 Class     Images  Instances      Box(P          R      mAP50  mAP50-95): 100%|██████████
                   all         23        399      0.992      0.645      0.931      0.406

      Epoch    GPU_mem   box_loss   cls_loss   dfl_loss  Instances       Size
     20/100      6.28G      1.658     0.9659      2.146        201        640: 100%|██████████| 6/6 [00:0
                 Class     Images  Instances      Box(P          R      mAP50  mAP50-95): 100%|██████████
                   all         23        399      0.991      0.869      0.958      0.556

      Epoch    GPU_mem   box_loss   cls_loss   dfl_loss  Instances       Size
     21/100      6.28G      1.715     0.9733      2.193        258        640: 100%|██████████| 6/6 [00:0
                 Class     Images  Instances      Box(P          R      mAP50  mAP50-95): 100%|██████████
                   all         23        399      0.973      0.882      0.954       0.45

      Epoch    GPU_mem   box_loss   cls_loss   dfl_loss  Instances       Size
     22/100      6.28G      1.648     0.9489      2.088        197        640: 100%|██████████| 6/6 [00:0
                 Class     Images  Instances      Box(P          R      mAP50  mAP50-95): 100%|██████████
                   all         23        399      0.968      0.902      0.951      0.441

      Epoch    GPU_mem   box_loss   cls_loss   dfl_loss  Instances       Size
     23/100      6.57G       1.59      0.904      2.108        206        640: 100%|██████████| 6/6 [00:0
                 Class     Images  Instances      Box(P          R      mAP50  mAP50-95): 100%|██████████
                   all         23        399      0.965      0.905      0.963      0.559

      Epoch    GPU_mem   box_loss   cls_loss   dfl_loss  Instances       Size
     24/100      6.57G      1.607     0.8987      2.062        156        640: 100%|██████████| 6/6 [00:0
                 Class     Images  Instances      Box(P          R      mAP50  mAP50-95): 100%|██████████
                   all         23        399      0.967      0.895      0.948      0.498

      Epoch    GPU_mem   box_loss   cls_loss   dfl_loss  Instances       Size
     25/100      6.57G      1.576     0.8793       2.01        201        640: 100%|██████████| 6/6 [00:0
                 Class     Images  Instances      Box(P          R      mAP50  mAP50-95): 100%|██████████
                   all         23        399       0.96      0.895       0.96      0.523

      Epoch    GPU_mem   box_loss   cls_loss   dfl_loss  Instances       Size
     26/100      6.57G       1.73     0.9096      2.213        195        640: 100%|██████████| 6/6 [00:0
                 Class     Images  Instances      Box(P          R      mAP50  mAP50-95): 100%|██████████
                   all         23        399      0.942      0.811      0.894      0.282

      Epoch    GPU_mem   box_loss   cls_loss   dfl_loss  Instances       Size
     27/100      6.57G      1.727     0.9245      2.123        206        640: 100%|██████████| 6/6 [00:0
                 Class     Images  Instances      Box(P          R      mAP50  mAP50-95): 100%|██████████
                   all         23        399      0.963      0.856      0.918      0.355

      Epoch    GPU_mem   box_loss   cls_loss   dfl_loss  Instances       Size
     28/100      6.57G      1.602     0.9486      2.086        149        640: 100%|██████████| 6/6 [00:0
                 Class     Images  Instances      Box(P          R      mAP50  mAP50-95): 100%|██████████
                   all         23        399      0.972      0.905      0.968      0.576

      Epoch    GPU_mem   box_loss   cls_loss   dfl_loss  Instances       Size
     29/100      6.57G      1.564     0.9251      2.017        147        640: 100%|██████████| 6/6 [00:0
                 Class     Images  Instances      Box(P          R      mAP50  mAP50-95): 100%|██████████
                   all         23        399      0.977      0.905      0.967      0.557

      Epoch    GPU_mem   box_loss   cls_loss   dfl_loss  Instances       Size
     30/100      6.61G      1.573     0.8492      2.026        258        640: 100%|██████████| 6/6 [00:0
                 Class     Images  Instances      Box(P          R      mAP50  mAP50-95): 100%|██████████
                   all         23        399      0.957      0.897      0.963      0.569

      Epoch    GPU_mem   box_loss   cls_loss   dfl_loss  Instances       Size
     31/100      6.61G      1.452     0.8628      1.944        234        640: 100%|██████████| 6/6 [00:0
                 Class     Images  Instances      Box(P          R      mAP50  mAP50-95): 100%|██████████
                   all         23        399      0.974      0.925      0.973      0.633

      Epoch    GPU_mem   box_loss   cls_loss   dfl_loss  Instances       Size
     32/100      6.61G      1.493     0.7953      1.966        158        640: 100%|██████████| 6/6 [00:0
                 Class     Images  Instances      Box(P          R      mAP50  mAP50-95): 100%|██████████
                   all         23        399      0.967      0.927      0.972      0.639

      Epoch    GPU_mem   box_loss   cls_loss   dfl_loss  Instances       Size
     33/100      6.61G      1.396     0.8006       1.86        266        640: 100%|██████████| 6/6 [00:0
                 Class     Images  Instances      Box(P          R      mAP50  mAP50-95): 100%|██████████
                   all         23        399       0.98       0.92      0.981      0.626

      Epoch    GPU_mem   box_loss   cls_loss   dfl_loss  Instances       Size
     34/100      6.62G      1.473     0.8164      1.971        134        640: 100%|██████████| 6/6 [00:0
                 Class     Images  Instances      Box(P          R      mAP50  mAP50-95): 100%|██████████
                   all         23        399      0.978       0.94      0.984      0.619

      Epoch    GPU_mem   box_loss   cls_loss   dfl_loss  Instances       Size
     35/100      6.62G      1.341     0.7383      1.851        180        640: 100%|██████████| 6/6 [00:0
                 Class     Images  Instances      Box(P          R      mAP50  mAP50-95): 100%|██████████
                   all         23        399      0.977      0.949      0.986      0.667

      Epoch    GPU_mem   box_loss   cls_loss   dfl_loss  Instances       Size
     36/100      6.64G      1.319     0.7379      1.821        189        640: 100%|██████████| 6/6 [00:0
                 Class     Images  Instances      Box(P          R      mAP50  mAP50-95): 100%|██████████
                   all         23        399       0.98      0.955      0.988      0.688

      Epoch    GPU_mem   box_loss   cls_loss   dfl_loss  Instances       Size
     37/100      6.66G      1.358     0.7309      1.844        233        640: 100%|██████████| 6/6 [00:0
                 Class     Images  Instances      Box(P          R      mAP50  mAP50-95): 100%|██████████
                   all         23        399      0.972      0.963      0.989      0.697

      Epoch    GPU_mem   box_loss   cls_loss   dfl_loss  Instances       Size
     38/100      6.66G      1.348     0.7416      1.851        147        640: 100%|██████████| 6/6 [00:0
                 Class     Images  Instances      Box(P          R      mAP50  mAP50-95): 100%|██████████
                   all         23        399      0.964      0.945      0.985       0.67

      Epoch    GPU_mem   box_loss   cls_loss   dfl_loss  Instances       Size
     39/100      6.66G      1.325      0.737      1.821        193        640: 100%|██████████| 6/6 [00:0
                 Class     Images  Instances      Box(P          R      mAP50  mAP50-95): 100%|██████████
                   all         23        399      0.975       0.94      0.987      0.668

      Epoch    GPU_mem   box_loss   cls_loss   dfl_loss  Instances       Size
     40/100      6.66G      1.344     0.7474      1.878        212        640: 100%|██████████| 6/6 [00:0
                 Class     Images  Instances      Box(P          R      mAP50  mAP50-95): 100%|██████████
                   all         23        399      0.975      0.955      0.989      0.669

      Epoch    GPU_mem   box_loss   cls_loss   dfl_loss  Instances       Size
     41/100      6.66G      1.334      0.731      1.823        229        640: 100%|██████████| 6/6 [00:0
                 Class     Images  Instances      Box(P          R      mAP50  mAP50-95): 100%|██████████
                   all         23        399      0.969      0.951      0.988      0.713

      Epoch    GPU_mem   box_loss   cls_loss   dfl_loss  Instances       Size
     42/100      6.66G      1.306      0.742      1.879        161        640: 100%|██████████| 6/6 [00:0
                 Class     Images  Instances      Box(P          R      mAP50  mAP50-95): 100%|██████████
                   all         23        399      0.972      0.959      0.987      0.682

      Epoch    GPU_mem   box_loss   cls_loss   dfl_loss  Instances       Size
     43/100      6.66G      1.252      0.691      1.775        198        640: 100%|██████████| 6/6 [00:0
                 Class     Images  Instances      Box(P          R      mAP50  mAP50-95): 100%|██████████
                   all         23        399       0.97      0.963      0.988      0.699

      Epoch    GPU_mem   box_loss   cls_loss   dfl_loss  Instances       Size
     44/100      6.66G      1.235      0.668      1.727        179        640: 100%|██████████| 6/6 [00:0
                 Class     Images  Instances      Box(P          R      mAP50  mAP50-95): 100%|██████████
                   all         23        399      0.978      0.952      0.989      0.669

      Epoch    GPU_mem   box_loss   cls_loss   dfl_loss  Instances       Size
     45/100      6.66G      1.254     0.6438      1.724        222        640: 100%|██████████| 6/6 [00:0
                 Class     Images  Instances      Box(P          R      mAP50  mAP50-95): 100%|██████████
                   all         23        399      0.975       0.96      0.989      0.682

      Epoch    GPU_mem   box_loss   cls_loss   dfl_loss  Instances       Size
     46/100      6.66G      1.225     0.6617      1.689        163        640: 100%|██████████| 6/6 [00:0
                 Class     Images  Instances      Box(P          R      mAP50  mAP50-95): 100%|██████████
                   all         23        399      0.954      0.972      0.989      0.722

      Epoch    GPU_mem   box_loss   cls_loss   dfl_loss  Instances       Size
     47/100      6.66G      1.234     0.6816      1.687        174        640: 100%|██████████| 6/6 [00:0
                 Class     Images  Instances      Box(P          R      mAP50  mAP50-95): 100%|██████████
                   all         23        399      0.962      0.963      0.988      0.729

      Epoch    GPU_mem   box_loss   cls_loss   dfl_loss  Instances       Size
     48/100      6.66G      1.203     0.6591      1.683        125        640: 100%|██████████| 6/6 [00:0
                 Class     Images  Instances      Box(P          R      mAP50  mAP50-95): 100%|██████████
                   all         23        399      0.976      0.955      0.988      0.708

      Epoch    GPU_mem   box_loss   cls_loss   dfl_loss  Instances       Size
     49/100      6.66G      1.164     0.6473      1.682        207        640: 100%|██████████| 6/6 [00:0
                 Class     Images  Instances      Box(P          R      mAP50  mAP50-95): 100%|██████████
                   all         23        399      0.987      0.937      0.988      0.712

      Epoch    GPU_mem   box_loss   cls_loss   dfl_loss  Instances       Size
     50/100      6.66G      1.147     0.6189      1.609        188        640: 100%|██████████| 6/6 [00:0
                 Class     Images  Instances      Box(P          R      mAP50  mAP50-95): 100%|██████████
                   all         23        399      0.975      0.966      0.991       0.72

      Epoch    GPU_mem   box_loss   cls_loss   dfl_loss  Instances       Size
     51/100      6.66G       1.16     0.6405       1.64        188        640: 100%|██████████| 6/6 [00:0
                 Class     Images  Instances      Box(P          R      mAP50  mAP50-95): 100%|██████████
                   all         23        399      0.974      0.956       0.99      0.721

      Epoch    GPU_mem   box_loss   cls_loss   dfl_loss  Instances       Size
     52/100      6.66G      1.204     0.6703      1.686        204        640: 100%|██████████| 6/6 [00:0
                 Class     Images  Instances      Box(P          R      mAP50  mAP50-95): 100%|██████████
                   all         23        399      0.966      0.967      0.991      0.721

      Epoch    GPU_mem   box_loss   cls_loss   dfl_loss  Instances       Size
     53/100      6.66G      1.163     0.6396      1.658        280        640: 100%|██████████| 6/6 [00:0
                 Class     Images  Instances      Box(P          R      mAP50  mAP50-95): 100%|██████████
                   all         23        399      0.977      0.961       0.99      0.714

      Epoch    GPU_mem   box_loss   cls_loss   dfl_loss  Instances       Size
     54/100      6.66G      1.138     0.6161      1.617        149        640: 100%|██████████| 6/6 [00:0
                 Class     Images  Instances      Box(P          R      mAP50  mAP50-95): 100%|██████████
                   all         23        399      0.978      0.962       0.99      0.717

      Epoch    GPU_mem   box_loss   cls_loss   dfl_loss  Instances       Size
     55/100      6.66G      1.116     0.5878      1.596        231        640: 100%|██████████| 6/6 [00:0
                 Class     Images  Instances      Box(P          R      mAP50  mAP50-95): 100%|██████████
                   all         23        399      0.982      0.962       0.99      0.733

      Epoch    GPU_mem   box_loss   cls_loss   dfl_loss  Instances       Size
     56/100      6.66G      1.189     0.6341      1.644        280        640: 100%|██████████| 6/6 [00:0
                 Class     Images  Instances      Box(P          R      mAP50  mAP50-95): 100%|██████████
                   all         23        399      0.981      0.965      0.991      0.733

      Epoch    GPU_mem   box_loss   cls_loss   dfl_loss  Instances       Size
     57/100      6.66G      1.109     0.6078      1.599        243        640: 100%|██████████| 6/6 [00:0
                 Class     Images  Instances      Box(P          R      mAP50  mAP50-95): 100%|██████████
                   all         23        399      0.982      0.974      0.991      0.709

      Epoch    GPU_mem   box_loss   cls_loss   dfl_loss  Instances       Size
     58/100      6.66G      1.103     0.6147      1.608        163        640: 100%|██████████| 6/6 [00:0
                 Class     Images  Instances      Box(P          R      mAP50  mAP50-95): 100%|██████████
                   all         23        399      0.982      0.975       0.99      0.681

      Epoch    GPU_mem   box_loss   cls_loss   dfl_loss  Instances       Size
     59/100      6.66G      1.139     0.5913      1.571        151        640: 100%|██████████| 6/6 [00:0
                 Class     Images  Instances      Box(P          R      mAP50  mAP50-95): 100%|██████████
                   all         23        399      0.978      0.972       0.99      0.706

      Epoch    GPU_mem   box_loss   cls_loss   dfl_loss  Instances       Size
     60/100      6.66G      1.106     0.5868      1.562        237        640: 100%|██████████| 6/6 [00:0
                 Class     Images  Instances      Box(P          R      mAP50  mAP50-95): 100%|██████████
                   all         23        399       0.98      0.982      0.992       0.73

      Epoch    GPU_mem   box_loss   cls_loss   dfl_loss  Instances       Size
     61/100      6.66G      1.154     0.6124      1.621        263        640: 100%|██████████| 6/6 [00:0
                 Class     Images  Instances      Box(P          R      mAP50  mAP50-95): 100%|██████████
                   all         23        399      0.985      0.974      0.992      0.746

      Epoch    GPU_mem   box_loss   cls_loss   dfl_loss  Instances       Size
     62/100      6.66G      1.078     0.5942      1.558        221        640: 100%|██████████| 6/6 [00:0
                 Class     Images  Instances      Box(P          R      mAP50  mAP50-95): 100%|██████████
                   all         23        399      0.981      0.987      0.991       0.76

      Epoch    GPU_mem   box_loss   cls_loss   dfl_loss  Instances       Size
     63/100      6.66G      1.036     0.5706      1.524        134        640: 100%|██████████| 6/6 [00:0
                 Class     Images  Instances      Box(P          R      mAP50  mAP50-95): 100%|██████████
                   all         23        399       0.98      0.977      0.992      0.757

      Epoch    GPU_mem   box_loss   cls_loss   dfl_loss  Instances       Size
     64/100      6.66G       1.11     0.5962      1.611        195        640: 100%|██████████| 6/6 [00:0
                 Class     Images  Instances      Box(P          R      mAP50  mAP50-95): 100%|██████████
                   all         23        399       0.98      0.973      0.992      0.743

      Epoch    GPU_mem   box_loss   cls_loss   dfl_loss  Instances       Size
     65/100      6.66G      1.087     0.5741      1.516        197        640: 100%|██████████| 6/6 [00:0
                 Class     Images  Instances      Box(P          R      mAP50  mAP50-95): 100%|██████████
                   all         23        399      0.982      0.975      0.992      0.758

      Epoch    GPU_mem   box_loss   cls_loss   dfl_loss  Instances       Size
     66/100      6.66G      1.051     0.5884      1.599        148        640: 100%|██████████| 6/6 [00:0
                 Class     Images  Instances      Box(P          R      mAP50  mAP50-95): 100%|██████████
                   all         23        399      0.955      0.982       0.99      0.728

      Epoch    GPU_mem   box_loss   cls_loss   dfl_loss  Instances       Size
     67/100      6.66G      1.062     0.5678      1.524        250        640: 100%|██████████| 6/6 [00:0
                 Class     Images  Instances      Box(P          R      mAP50  mAP50-95): 100%|██████████
                   all         23        399      0.958      0.985      0.991      0.724

      Epoch    GPU_mem   box_loss   cls_loss   dfl_loss  Instances       Size
     68/100      6.66G      1.053     0.5673      1.521        126        640: 100%|██████████| 6/6 [00:0
                 Class     Images  Instances      Box(P          R      mAP50  mAP50-95): 100%|██████████
                   all         23        399      0.956       0.98      0.991      0.744

      Epoch    GPU_mem   box_loss   cls_loss   dfl_loss  Instances       Size
     69/100      6.66G      1.053     0.5491      1.512        225        640: 100%|██████████| 6/6 [00:0
                 Class     Images  Instances      Box(P          R      mAP50  mAP50-95): 100%|██████████
                   all         23        399      0.954      0.984      0.991      0.743

      Epoch    GPU_mem   box_loss   cls_loss   dfl_loss  Instances       Size
     70/100      6.66G      1.051     0.5663      1.542        133        640: 100%|██████████| 6/6 [00:0
                 Class     Images  Instances      Box(P          R      mAP50  mAP50-95): 100%|██████████
                   all         23        399      0.977      0.978      0.992       0.76

      Epoch    GPU_mem   box_loss   cls_loss   dfl_loss  Instances       Size
     71/100      6.66G      1.011     0.5442      1.454        239        640: 100%|██████████| 6/6 [00:0
                 Class     Images  Instances      Box(P          R      mAP50  mAP50-95): 100%|██████████
                   all         23        399      0.978      0.977      0.992       0.76

      Epoch    GPU_mem   box_loss   cls_loss   dfl_loss  Instances       Size
     72/100      6.66G      1.042     0.5558      1.516        175        640: 100%|██████████| 6/6 [00:0
                 Class     Images  Instances      Box(P          R      mAP50  mAP50-95): 100%|██████████
                   all         23        399      0.985      0.972      0.992      0.758

      Epoch    GPU_mem   box_loss   cls_loss   dfl_loss  Instances       Size
     73/100      6.66G      1.002     0.5377      1.479        205        640: 100%|██████████| 6/6 [00:0
                 Class     Images  Instances      Box(P          R      mAP50  mAP50-95): 100%|██████████
                   all         23        399      0.988       0.97      0.992      0.747

      Epoch    GPU_mem   box_loss   cls_loss   dfl_loss  Instances       Size
     74/100      6.66G     0.9853     0.5384      1.483        232        640: 100%|██████████| 6/6 [00:0
                 Class     Images  Instances      Box(P          R      mAP50  mAP50-95): 100%|██████████
                   all         23        399      0.985       0.97      0.992      0.756

      Epoch    GPU_mem   box_loss   cls_loss   dfl_loss  Instances       Size
     75/100      6.66G     0.9768     0.5235      1.486        193        640: 100%|██████████| 6/6 [00:0
                 Class     Images  Instances      Box(P          R      mAP50  mAP50-95): 100%|██████████
                   all         23        399      0.977      0.978      0.993      0.765

      Epoch    GPU_mem   box_loss   cls_loss   dfl_loss  Instances       Size
     76/100      6.66G     0.9935      0.545      1.485        162        640: 100%|██████████| 6/6 [00:0
                 Class     Images  Instances      Box(P          R      mAP50  mAP50-95): 100%|██████████
                   all         23        399      0.968      0.988      0.993      0.767

      Epoch    GPU_mem   box_loss   cls_loss   dfl_loss  Instances       Size
     77/100      6.66G     0.9824     0.5241      1.463        246        640: 100%|██████████| 6/6 [00:0
                 Class     Images  Instances      Box(P          R      mAP50  mAP50-95): 100%|██████████
                   all         23        399       0.98      0.982      0.993      0.762

      Epoch    GPU_mem   box_loss   cls_loss   dfl_loss  Instances       Size
     78/100      6.66G     0.9795     0.5254      1.482        154        640: 100%|██████████| 6/6 [00:0
                 Class     Images  Instances      Box(P          R      mAP50  mAP50-95): 100%|██████████
                   all         23        399      0.976      0.987      0.994      0.764

      Epoch    GPU_mem   box_loss   cls_loss   dfl_loss  Instances       Size
     79/100      6.66G     0.9925     0.5398      1.475        174        640: 100%|██████████| 6/6 [00:0
                 Class     Images  Instances      Box(P          R      mAP50  mAP50-95): 100%|██████████
                   all         23        399      0.968       0.99      0.993      0.765

      Epoch    GPU_mem   box_loss   cls_loss   dfl_loss  Instances       Size
     80/100      6.66G     0.9786     0.5253      1.457        203        640: 100%|██████████| 6/6 [00:0
                 Class     Images  Instances      Box(P          R      mAP50  mAP50-95): 100%|██████████
                   all         23        399      0.975      0.987      0.993      0.765

      Epoch    GPU_mem   box_loss   cls_loss   dfl_loss  Instances       Size
     81/100      6.66G     0.9397     0.5234      1.471        187        640: 100%|██████████| 6/6 [00:0
                 Class     Images  Instances      Box(P          R      mAP50  mAP50-95): 100%|██████████
                   all         23        399      0.975      0.985      0.993      0.771

      Epoch    GPU_mem   box_loss   cls_loss   dfl_loss  Instances       Size
     82/100      6.66G     0.9335     0.5139      1.463        189        640: 100%|██████████| 6/6 [00:0
                 Class     Images  Instances      Box(P          R      mAP50  mAP50-95): 100%|██████████
                   all         23        399      0.973      0.988      0.992      0.767

      Epoch    GPU_mem   box_loss   cls_loss   dfl_loss  Instances       Size
     83/100      6.66G     0.9435     0.5105      1.469        189        640: 100%|██████████| 6/6 [00:0
                 Class     Images  Instances      Box(P          R      mAP50  mAP50-95): 100%|██████████
                   all         23        399       0.97       0.99      0.992      0.763

      Epoch    GPU_mem   box_loss   cls_loss   dfl_loss  Instances       Size
     84/100      6.66G     0.9741     0.5152      1.457        141        640: 100%|██████████| 6/6 [00:0
                 Class     Images  Instances      Box(P          R      mAP50  mAP50-95): 100%|██████████
                   all         23        399      0.977      0.977      0.992      0.766

      Epoch    GPU_mem   box_loss   cls_loss   dfl_loss  Instances       Size
     85/100      6.66G     0.9705     0.5193      1.466        136        640: 100%|██████████| 6/6 [00:0
                 Class     Images  Instances      Box(P          R      mAP50  mAP50-95): 100%|██████████
                   all         23        399      0.974      0.977      0.992      0.763

      Epoch    GPU_mem   box_loss   cls_loss   dfl_loss  Instances       Size
     86/100      6.66G     0.9805     0.5408      1.491        178        640: 100%|██████████| 6/6 [00:0
                 Class     Images  Instances      Box(P          R      mAP50  mAP50-95): 100%|██████████
                   all         23        399      0.975      0.982      0.993      0.774

      Epoch    GPU_mem   box_loss   cls_loss   dfl_loss  Instances       Size
     87/100      6.66G     0.9709     0.5309       1.49        245        640: 100%|██████████| 6/6 [00:0
                 Class     Images  Instances      Box(P          R      mAP50  mAP50-95): 100%|██████████
                   all         23        399      0.975      0.982      0.993      0.772

      Epoch    GPU_mem   box_loss   cls_loss   dfl_loss  Instances       Size
     88/100      6.66G     0.9397     0.5054      1.441        221        640: 100%|██████████| 6/6 [00:0
                 Class     Images  Instances      Box(P          R      mAP50  mAP50-95): 100%|██████████
                   all         23        399      0.975      0.987      0.992      0.772

      Epoch    GPU_mem   box_loss   cls_loss   dfl_loss  Instances       Size
     89/100      6.66G     0.9363     0.5049      1.439        179        640: 100%|██████████| 6/6 [00:0
                 Class     Images  Instances      Box(P          R      mAP50  mAP50-95): 100%|██████████
                   all         23        399      0.975      0.985      0.993      0.773

      Epoch    GPU_mem   box_loss   cls_loss   dfl_loss  Instances       Size
     90/100      6.66G     0.9304      0.504      1.443        167        640: 100%|██████████| 6/6 [00:0
                 Class     Images  Instances      Box(P          R      mAP50  mAP50-95): 100%|██████████
                   all         23        399      0.975      0.983      0.993       0.77
Closing dataloader mosaic

      Epoch    GPU_mem   box_loss   cls_loss   dfl_loss  Instances       Size
     91/100      6.66G     0.9261     0.5481      1.421        105        640: 100%|██████████| 6/6 [00:0
                 Class     Images  Instances      Box(P          R      mAP50  mAP50-95): 100%|██████████
                   all         23        399      0.975      0.985      0.993      0.767

      Epoch    GPU_mem   box_loss   cls_loss   dfl_loss  Instances       Size
     92/100      6.66G     0.9185     0.5302      1.452        101        640: 100%|██████████| 6/6 [00:0
                 Class     Images  Instances      Box(P          R      mAP50  mAP50-95): 100%|██████████
                   all         23        399      0.975      0.983      0.993      0.766

      Epoch    GPU_mem   box_loss   cls_loss   dfl_loss  Instances       Size
     93/100      6.66G     0.9345     0.5222      1.447        102        640: 100%|██████████| 6/6 [00:0
                 Class     Images  Instances      Box(P          R      mAP50  mAP50-95): 100%|██████████
                   all         23        399      0.982      0.975      0.993      0.772

      Epoch    GPU_mem   box_loss   cls_loss   dfl_loss  Instances       Size
     94/100      6.66G     0.9006     0.5073      1.395        101        640: 100%|██████████| 6/6 [00:0
                 Class     Images  Instances      Box(P          R      mAP50  mAP50-95): 100%|██████████
                   all         23        399      0.976      0.985      0.993      0.776

      Epoch    GPU_mem   box_loss   cls_loss   dfl_loss  Instances       Size
     95/100      6.66G     0.8882      0.503      1.402        104        640: 100%|██████████| 6/6 [00:0
                 Class     Images  Instances      Box(P          R      mAP50  mAP50-95): 100%|██████████
                   all         23        399      0.975      0.985      0.993      0.778

      Epoch    GPU_mem   box_loss   cls_loss   dfl_loss  Instances       Size
     96/100      6.66G     0.8703     0.4971      1.411        103        640: 100%|██████████| 6/6 [00:0
                 Class     Images  Instances      Box(P          R      mAP50  mAP50-95): 100%|██████████
                   all         23        399      0.978      0.985      0.993      0.776

      Epoch    GPU_mem   box_loss   cls_loss   dfl_loss  Instances       Size
     97/100      6.66G     0.8485     0.4685      1.345        100        640: 100%|██████████| 6/6 [00:0
                 Class     Images  Instances      Box(P          R      mAP50  mAP50-95): 100%|██████████
                   all         23        399       0.98      0.981      0.993      0.776

      Epoch    GPU_mem   box_loss   cls_loss   dfl_loss  Instances       Size
     98/100      6.66G     0.8564     0.4793      1.356         99        640: 100%|██████████| 6/6 [00:0
                 Class     Images  Instances      Box(P          R      mAP50  mAP50-95): 100%|██████████
                   all         23        399      0.979       0.98      0.993      0.779

      Epoch    GPU_mem   box_loss   cls_loss   dfl_loss  Instances       Size
     99/100      6.66G     0.8338     0.4626      1.361        107        640: 100%|██████████| 6/6 [00:0
                 Class     Images  Instances      Box(P          R      mAP50  mAP50-95): 100%|██████████
                   all         23        399       0.97       0.99      0.993      0.778

      Epoch    GPU_mem   box_loss   cls_loss   dfl_loss  Instances       Size
    100/100      6.66G     0.8939     0.5008      1.405         99        640: 100%|██████████| 6/6 [00:0
                 Class     Images  Instances      Box(P          R      mAP50  mAP50-95): 100%|██████████
                   all         23        399      0.979       0.98      0.993      0.781

100 epochs completed in 0.095 hours.
Optimizer stripped from .yolo-out-mp/yolo11-mp-abl-b-1/weights/last.pt, 27.4MB
Optimizer stripped from .yolo-out-mp/yolo11-mp-abl-b-1/weights/best.pt, 27.4MB

Validating .yolo-out-mp/yolo11-mp-abl-b-1/weights/best.pt...
Ultralytics 8.3.150 🚀 Python-3.13.2 torch-2.6.0+cu118 CUDA:0 (Tesla T4, 14913MiB)
                                                       CUDA:1 (Tesla T4, 14913MiB)
model summary (fused): 114 layers, 13,476,307 parameters, 0 gradients, 70.5 GFLOPs
                 Class     Images  Instances      Box(P          R      mAP50  mAP50-95): 100%|██████████
                   all         23        399      0.979       0.98      0.993      0.781
Speed: 0.1ms preprocess, 7.9ms inference, 0.0ms loss, 0.8ms postprocess per image
Results saved to .yolo-out-mp/yolo11-mp-abl-b-1
