Overriding model.yaml nc=80 with nc=1
WARNING ⚠️ no model scale passed. Assuming scale='m'.
Freezing layer 'model.23.dfl.conv.weight'
AMP: running Automatic Mixed Precision (AMP) checks...
AMP: checks passed ✅
train: Fast image access ✅ (ping: 0.0±0.0 ms, read: 297.5±348.8 MB/s, size: 40.1 KB)
train: Scanning /data2/jd1/datasets/lpr/train/labels.cache... 7057 images, 5 backgrounds, 0 corrupt: 100%|██████████| 7057/7057 [00:00<?, ?i
val: Fast image access ✅ (ping: 0.1±0.0 ms, read: 113.2±26.2 MB/s, size: 29.9 KB)
val: Scanning /data2/jd1/datasets/lpr/valid/labels.cache... 2048 images, 3 backgrounds, 0 corrupt: 100%|██████████| 2048/2048 [00:00<?, ?it/
Plotting labels to .yolo-out-lpr/yolo11-lpr-abl-branch-a-1/labels.jpg...
optimizer: 'optimizer=auto' found, ignoring 'lr0=0.01' and 'momentum=0.937' and determining best 'optimizer', 'lr0' and 'momentum' automatically...
optimizer: SGD(lr=0.01, momentum=0.9) with parameter groups 104 weight(decay=0.0), 111 weight(decay=0.0005), 110 bias(decay=0.0)
Image sizes 640 train, 640 val
Using 16 dataloader workers
Logging results to .yolo-out-lpr/yolo11-lpr-abl-branch-a-1
Starting training for 100 epochs...

      Epoch    GPU_mem   box_loss   cls_loss   dfl_loss  Instances       Size
      1/100      9.46G      3.299      4.984      4.331          1        640: 100%|██████████| 442/442 [05:29<00:00,  1.34it/s]
                 Class     Images  Instances      Box(P          R      mAP50  mAP50-95): 100%|██████████| 128/128 [00:46<00:00,  2.76it/s]
                   all       2048       2195      0.204      0.249      0.132     0.0321

      Epoch    GPU_mem   box_loss   cls_loss   dfl_loss  Instances       Size
      2/100      9.57G      2.286      2.646      3.063          3        640: 100%|██████████| 442/442 [05:26<00:00,  1.35it/s]
                 Class     Images  Instances      Box(P          R      mAP50  mAP50-95): 100%|██████████| 128/128 [00:44<00:00,  2.89it/s]
                   all       2048       2195      0.691      0.572      0.634       0.31

      Epoch    GPU_mem   box_loss   cls_loss   dfl_loss  Instances       Size
      3/100      9.56G      1.732      1.554       2.39          4        640: 100%|██████████| 442/442 [05:20<00:00,  1.38it/s]
                 Class     Images  Instances      Box(P          R      mAP50  mAP50-95): 100%|██████████| 128/128 [00:45<00:00,  2.82it/s]
                   all       2048       2195      0.837      0.622      0.686      0.405

      Epoch    GPU_mem   box_loss   cls_loss   dfl_loss  Instances       Size
      4/100      9.57G      1.577      1.219      2.117          1        640: 100%|██████████| 442/442 [05:19<00:00,  1.38it/s]
                 Class     Images  Instances      Box(P          R      mAP50  mAP50-95): 100%|██████████| 128/128 [00:44<00:00,  2.89it/s]
                   all       2048       2195      0.904      0.789      0.853      0.524

      Epoch    GPU_mem   box_loss   cls_loss   dfl_loss  Instances       Size
      5/100      9.53G      1.466      1.013      1.971          1        640: 100%|██████████| 442/442 [05:21<00:00,  1.37it/s]
                 Class     Images  Instances      Box(P          R      mAP50  mAP50-95): 100%|██████████| 128/128 [00:43<00:00,  2.92it/s]
                   all       2048       2195       0.93        0.8      0.865      0.539

      Epoch    GPU_mem   box_loss   cls_loss   dfl_loss  Instances       Size
      6/100      9.56G      1.426     0.9553      1.913          1        640: 100%|██████████| 442/442 [05:20<00:00,  1.38it/s]
                 Class     Images  Instances      Box(P          R      mAP50  mAP50-95): 100%|██████████| 128/128 [00:45<00:00,  2.84it/s]
                   all       2048       2195      0.886      0.793       0.84      0.529

      Epoch    GPU_mem   box_loss   cls_loss   dfl_loss  Instances       Size
      7/100      9.54G      1.391     0.8784      1.869          2        640: 100%|██████████| 442/442 [05:18<00:00,  1.39it/s]
                 Class     Images  Instances      Box(P          R      mAP50  mAP50-95): 100%|██████████| 128/128 [00:44<00:00,  2.86it/s]
                   all       2048       2195      0.962      0.846      0.902      0.577

      Epoch    GPU_mem   box_loss   cls_loss   dfl_loss  Instances       Size
      8/100      9.55G      1.351      0.862      1.816          1        640: 100%|██████████| 442/442 [05:21<00:00,  1.37it/s]
                 Class     Images  Instances      Box(P          R      mAP50  mAP50-95): 100%|██████████| 128/128 [00:43<00:00,  2.95it/s]
                   all       2048       2195      0.961      0.834      0.897      0.581

      Epoch    GPU_mem   box_loss   cls_loss   dfl_loss  Instances       Size
      9/100      9.53G      1.335     0.8103      1.796          2        640: 100%|██████████| 442/442 [05:19<00:00,  1.38it/s]
                 Class     Images  Instances      Box(P          R      mAP50  mAP50-95): 100%|██████████| 128/128 [00:44<00:00,  2.86it/s]
                   all       2048       2195      0.935       0.81      0.873      0.567

      Epoch    GPU_mem   box_loss   cls_loss   dfl_loss  Instances       Size
     10/100      9.56G      1.318     0.7805      1.769          1        640: 100%|██████████| 442/442 [05:19<00:00,  1.38it/s]
                 Class     Images  Instances      Box(P          R      mAP50  mAP50-95): 100%|██████████| 128/128 [00:44<00:00,  2.89it/s]
                   all       2048       2195      0.959      0.868      0.916      0.596

      Epoch    GPU_mem   box_loss   cls_loss   dfl_loss  Instances       Size
     11/100      9.53G      1.321     0.7714      1.758          1        640: 100%|██████████| 442/442 [05:20<00:00,  1.38it/s]
                 Class     Images  Instances      Box(P          R      mAP50  mAP50-95): 100%|██████████| 128/128 [00:44<00:00,  2.90it/s]
                   all       2048       2195      0.957      0.848      0.912      0.607

      Epoch    GPU_mem   box_loss   cls_loss   dfl_loss  Instances       Size
     12/100      9.55G        1.3     0.7341      1.741          3        640: 100%|██████████| 442/442 [05:19<00:00,  1.38it/s]
                 Class     Images  Instances      Box(P          R      mAP50  mAP50-95): 100%|██████████| 128/128 [00:44<00:00,  2.86it/s]
                   all       2048       2195       0.96      0.827      0.899       0.59

      Epoch    GPU_mem   box_loss   cls_loss   dfl_loss  Instances       Size
     13/100      9.56G      1.307     0.7264      1.738          4        640: 100%|██████████| 442/442 [05:19<00:00,  1.38it/s]
                 Class     Images  Instances      Box(P          R      mAP50  mAP50-95): 100%|██████████| 128/128 [00:43<00:00,  2.93it/s]
                   all       2048       2195      0.972      0.865      0.923      0.611

      Epoch    GPU_mem   box_loss   cls_loss   dfl_loss  Instances       Size
     14/100      9.49G      1.269      0.693      1.719          1        640: 100%|██████████| 442/442 [05:21<00:00,  1.37it/s]
                 Class     Images  Instances      Box(P          R      mAP50  mAP50-95): 100%|██████████| 128/128 [00:44<00:00,  2.90it/s]
                   all       2048       2195      0.973      0.857      0.916      0.599

      Epoch    GPU_mem   box_loss   cls_loss   dfl_loss  Instances       Size
     15/100      9.54G      1.262     0.6885      1.716          1        640: 100%|██████████| 442/442 [05:19<00:00,  1.38it/s]
                 Class     Images  Instances      Box(P          R      mAP50  mAP50-95): 100%|██████████| 128/128 [00:44<00:00,  2.86it/s]
                   all       2048       2195      0.972      0.853      0.926      0.613

      Epoch    GPU_mem   box_loss   cls_loss   dfl_loss  Instances       Size
     16/100      9.57G       1.27     0.7062      1.715          3        640: 100%|██████████| 442/442 [05:19<00:00,  1.38it/s]
                 Class     Images  Instances      Box(P          R      mAP50  mAP50-95): 100%|██████████| 128/128 [00:43<00:00,  2.95it/s]
                   all       2048       2195      0.971      0.853      0.926       0.62

      Epoch    GPU_mem   box_loss   cls_loss   dfl_loss  Instances       Size
     17/100      9.54G      1.273     0.6975      1.706          4        640: 100%|██████████| 442/442 [05:22<00:00,  1.37it/s]
                 Class     Images  Instances      Box(P          R      mAP50  mAP50-95): 100%|██████████| 128/128 [00:44<00:00,  2.88it/s]
                   all       2048       2195      0.955      0.887      0.932      0.627

      Epoch    GPU_mem   box_loss   cls_loss   dfl_loss  Instances       Size
     18/100      9.56G       1.26     0.6896      1.704          4        640: 100%|██████████| 442/442 [05:19<00:00,  1.38it/s]
                 Class     Images  Instances      Box(P          R      mAP50  mAP50-95): 100%|██████████| 128/128 [00:44<00:00,  2.86it/s]
                   all       2048       2195       0.97      0.869      0.932      0.625

      Epoch    GPU_mem   box_loss   cls_loss   dfl_loss  Instances       Size
     19/100      9.53G      1.253     0.6704      1.698          1        640: 100%|██████████| 442/442 [05:20<00:00,  1.38it/s]
                 Class     Images  Instances      Box(P          R      mAP50  mAP50-95): 100%|██████████| 128/128 [00:42<00:00,  3.01it/s]
                   all       2048       2195      0.971      0.876      0.932      0.624

      Epoch    GPU_mem   box_loss   cls_loss   dfl_loss  Instances       Size
     20/100      9.55G      1.255     0.6577      1.684          1        640: 100%|██████████| 442/442 [05:21<00:00,  1.37it/s]
                 Class     Images  Instances      Box(P          R      mAP50  mAP50-95): 100%|██████████| 128/128 [00:44<00:00,  2.86it/s]
                   all       2048       2195      0.977      0.884      0.939      0.629

      Epoch    GPU_mem   box_loss   cls_loss   dfl_loss  Instances       Size
     21/100      9.54G      1.249     0.6534      1.689          2        640: 100%|██████████| 442/442 [05:17<00:00,  1.39it/s]
                 Class     Images  Instances      Box(P          R      mAP50  mAP50-95): 100%|██████████| 128/128 [00:44<00:00,  2.86it/s]
                   all       2048       2195       0.98      0.872      0.936       0.63

      Epoch    GPU_mem   box_loss   cls_loss   dfl_loss  Instances       Size
     22/100      9.49G       1.24     0.6501      1.667          1        640: 100%|██████████| 442/442 [05:20<00:00,  1.38it/s]
                 Class     Images  Instances      Box(P          R      mAP50  mAP50-95): 100%|██████████| 128/128 [00:42<00:00,  3.03it/s]
                   all       2048       2195       0.98      0.871      0.935      0.627

      Epoch    GPU_mem   box_loss   cls_loss   dfl_loss  Instances       Size
     23/100      9.53G      1.229     0.6283      1.677          2        640: 100%|██████████| 442/442 [05:20<00:00,  1.38it/s]
                 Class     Images  Instances      Box(P          R      mAP50  mAP50-95): 100%|██████████| 128/128 [00:44<00:00,  2.87it/s]
                   all       2048       2195      0.982      0.877      0.938      0.636

      Epoch    GPU_mem   box_loss   cls_loss   dfl_loss  Instances       Size
     24/100      9.56G      1.225      0.632      1.665          2        640: 100%|██████████| 442/442 [05:18<00:00,  1.39it/s]
                 Class     Images  Instances      Box(P          R      mAP50  mAP50-95): 100%|██████████| 128/128 [00:44<00:00,  2.86it/s]
                   all       2048       2195      0.978      0.891      0.937      0.638

      Epoch    GPU_mem   box_loss   cls_loss   dfl_loss  Instances       Size
     25/100      9.55G      1.223     0.6249      1.679          2        640: 100%|██████████| 442/442 [05:19<00:00,  1.38it/s]
                 Class     Images  Instances      Box(P          R      mAP50  mAP50-95): 100%|██████████| 128/128 [00:43<00:00,  2.97it/s]
                   all       2048       2195      0.977      0.885      0.938      0.634

      Epoch    GPU_mem   box_loss   cls_loss   dfl_loss  Instances       Size
     26/100      9.56G      1.242     0.6231      1.685          2        640: 100%|██████████| 442/442 [05:21<00:00,  1.38it/s]
                 Class     Images  Instances      Box(P          R      mAP50  mAP50-95): 100%|██████████| 128/128 [00:46<00:00,  2.76it/s]
                   all       2048       2195      0.972      0.886      0.935      0.624

      Epoch    GPU_mem   box_loss   cls_loss   dfl_loss  Instances       Size
     27/100      9.54G      1.214     0.6138      1.649          2        640: 100%|██████████| 442/442 [05:19<00:00,  1.38it/s]
                 Class     Images  Instances      Box(P          R      mAP50  mAP50-95): 100%|██████████| 128/128 [00:44<00:00,  2.90it/s]
                   all       2048       2195      0.975      0.882      0.941      0.642

      Epoch    GPU_mem   box_loss   cls_loss   dfl_loss  Instances       Size
     28/100      9.49G       1.22     0.6133      1.654          1        640: 100%|██████████| 442/442 [05:20<00:00,  1.38it/s]
                 Class     Images  Instances      Box(P          R      mAP50  mAP50-95): 100%|██████████| 128/128 [00:44<00:00,  2.91it/s]
                   all       2048       2195      0.972      0.883      0.939      0.642

      Epoch    GPU_mem   box_loss   cls_loss   dfl_loss  Instances       Size
     29/100      9.46G      1.221     0.6111      1.661          1        640: 100%|██████████| 442/442 [05:19<00:00,  1.39it/s]
                 Class     Images  Instances      Box(P          R      mAP50  mAP50-95): 100%|██████████| 128/128 [00:44<00:00,  2.87it/s]
                   all       2048       2195      0.973      0.886      0.939      0.646

      Epoch    GPU_mem   box_loss   cls_loss   dfl_loss  Instances       Size
     30/100      9.55G      1.229     0.6141      1.649          3        640: 100%|██████████| 442/442 [05:19<00:00,  1.38it/s]
                 Class     Images  Instances      Box(P          R      mAP50  mAP50-95): 100%|██████████| 128/128 [00:42<00:00,  2.99it/s]
                   all       2048       2195       0.98      0.888      0.944      0.646

      Epoch    GPU_mem   box_loss   cls_loss   dfl_loss  Instances       Size
     31/100      9.47G      1.202     0.6087      1.635          1        640: 100%|██████████| 442/442 [05:21<00:00,  1.37it/s]
                 Class     Images  Instances      Box(P          R      mAP50  mAP50-95): 100%|██████████| 128/128 [00:45<00:00,  2.80it/s]
                   all       2048       2195      0.983       0.89      0.944      0.646

      Epoch    GPU_mem   box_loss   cls_loss   dfl_loss  Instances       Size
     32/100      9.55G      1.206     0.5854      1.632          1        640: 100%|██████████| 442/442 [05:21<00:00,  1.38it/s]
                 Class     Images  Instances      Box(P          R      mAP50  mAP50-95): 100%|██████████| 128/128 [00:46<00:00,  2.77it/s]
                   all       2048       2195      0.973      0.899      0.944      0.642

      Epoch    GPU_mem   box_loss   cls_loss   dfl_loss  Instances       Size
     33/100      9.46G      1.192      0.589      1.621          3        640: 100%|██████████| 442/442 [05:20<00:00,  1.38it/s]
                 Class     Images  Instances      Box(P          R      mAP50  mAP50-95): 100%|██████████| 128/128 [00:43<00:00,  2.97it/s]
                   all       2048       2195      0.976       0.89      0.944       0.65

      Epoch    GPU_mem   box_loss   cls_loss   dfl_loss  Instances       Size
     34/100      9.56G      1.204      0.594      1.631          4        640: 100%|██████████| 442/442 [05:20<00:00,  1.38it/s]
                 Class     Images  Instances      Box(P          R      mAP50  mAP50-95): 100%|██████████| 128/128 [00:44<00:00,  2.87it/s]
                   all       2048       2195      0.989      0.885      0.944      0.652

      Epoch    GPU_mem   box_loss   cls_loss   dfl_loss  Instances       Size
     35/100      9.53G      1.204     0.5842      1.629          1        640: 100%|██████████| 442/442 [05:18<00:00,  1.39it/s]
                 Class     Images  Instances      Box(P          R      mAP50  mAP50-95): 100%|██████████| 128/128 [00:44<00:00,  2.87it/s]
                   all       2048       2195      0.977      0.898      0.944      0.649

      Epoch    GPU_mem   box_loss   cls_loss   dfl_loss  Instances       Size
     36/100      9.49G      1.184     0.5846      1.618          4        640: 100%|██████████| 442/442 [05:21<00:00,  1.37it/s]
                 Class     Images  Instances      Box(P          R      mAP50  mAP50-95): 100%|██████████| 128/128 [00:42<00:00,  3.03it/s]
                   all       2048       2195      0.978      0.903      0.946      0.652

      Epoch    GPU_mem   box_loss   cls_loss   dfl_loss  Instances       Size
     37/100      9.53G      1.174     0.5711      1.616          2        640: 100%|██████████| 442/442 [05:21<00:00,  1.38it/s]
                 Class     Images  Instances      Box(P          R      mAP50  mAP50-95): 100%|██████████| 128/128 [00:44<00:00,  2.86it/s]
                   all       2048       2195      0.975        0.9      0.945      0.653

      Epoch    GPU_mem   box_loss   cls_loss   dfl_loss  Instances       Size
     38/100      9.55G      1.175     0.5801      1.607          1        640: 100%|██████████| 442/442 [05:18<00:00,  1.39it/s]
                 Class     Images  Instances      Box(P          R      mAP50  mAP50-95): 100%|██████████| 128/128 [00:44<00:00,  2.85it/s]
                   all       2048       2195      0.982       0.89      0.945      0.651

      Epoch    GPU_mem   box_loss   cls_loss   dfl_loss  Instances       Size
     39/100      9.54G      1.186      0.563      1.625          4        640: 100%|██████████| 442/442 [05:21<00:00,  1.37it/s]
                 Class     Images  Instances      Box(P          R      mAP50  mAP50-95): 100%|██████████| 128/128 [00:42<00:00,  3.03it/s]
                   all       2048       2195      0.979      0.906      0.946      0.652

      Epoch    GPU_mem   box_loss   cls_loss   dfl_loss  Instances       Size
     40/100      9.55G      1.187     0.5659      1.619          1        640: 100%|██████████| 442/442 [05:21<00:00,  1.37it/s]
                 Class     Images  Instances      Box(P          R      mAP50  mAP50-95): 100%|██████████| 128/128 [00:44<00:00,  2.87it/s]
                   all       2048       2195      0.979      0.897      0.947      0.658

      Epoch    GPU_mem   box_loss   cls_loss   dfl_loss  Instances       Size
     41/100      9.53G      1.173     0.5602      1.591          0        640: 100%|██████████| 442/442 [05:18<00:00,  1.39it/s]
                 Class     Images  Instances      Box(P          R      mAP50  mAP50-95): 100%|██████████| 128/128 [00:44<00:00,  2.87it/s]
                   all       2048       2195      0.979      0.899       0.95      0.659

      Epoch    GPU_mem   box_loss   cls_loss   dfl_loss  Instances       Size
     42/100      9.56G      1.173     0.5688      1.601          2        640: 100%|██████████| 442/442 [05:21<00:00,  1.37it/s]
                 Class     Images  Instances      Box(P          R      mAP50  mAP50-95): 100%|██████████| 128/128 [00:43<00:00,  2.95it/s]
                   all       2048       2195      0.975      0.905      0.946      0.654

      Epoch    GPU_mem   box_loss   cls_loss   dfl_loss  Instances       Size
     43/100      9.53G       1.18     0.5612      1.601          2        640: 100%|██████████| 442/442 [05:21<00:00,  1.38it/s]
                 Class     Images  Instances      Box(P          R      mAP50  mAP50-95): 100%|██████████| 128/128 [00:44<00:00,  2.86it/s]
                   all       2048       2195       0.98      0.907      0.949      0.659

      Epoch    GPU_mem   box_loss   cls_loss   dfl_loss  Instances       Size
     44/100      9.49G      1.165     0.5501      1.599          1        640: 100%|██████████| 442/442 [05:19<00:00,  1.38it/s]
                 Class     Images  Instances      Box(P          R      mAP50  mAP50-95): 100%|██████████| 128/128 [00:43<00:00,  2.92it/s]
                   all       2048       2195      0.981      0.908      0.949      0.661

      Epoch    GPU_mem   box_loss   cls_loss   dfl_loss  Instances       Size
     45/100      9.46G      1.158     0.5441      1.593          0        640: 100%|██████████| 442/442 [05:22<00:00,  1.37it/s]
                 Class     Images  Instances      Box(P          R      mAP50  mAP50-95): 100%|██████████| 128/128 [00:44<00:00,  2.90it/s]
                   all       2048       2195      0.979      0.908      0.946      0.661

      Epoch    GPU_mem   box_loss   cls_loss   dfl_loss  Instances       Size
     46/100      9.58G      1.169     0.5455       1.59          2        640: 100%|██████████| 442/442 [05:18<00:00,  1.39it/s]
                 Class     Images  Instances      Box(P          R      mAP50  mAP50-95): 100%|██████████| 128/128 [00:44<00:00,  2.87it/s]
                   all       2048       2195      0.971      0.906       0.95      0.664

      Epoch    GPU_mem   box_loss   cls_loss   dfl_loss  Instances       Size
     47/100      9.54G      1.162     0.5444      1.577          2        640: 100%|██████████| 442/442 [05:19<00:00,  1.38it/s]
                 Class     Images  Instances      Box(P          R      mAP50  mAP50-95): 100%|██████████| 128/128 [00:42<00:00,  3.00it/s]
                   all       2048       2195      0.978      0.907      0.948      0.658

      Epoch    GPU_mem   box_loss   cls_loss   dfl_loss  Instances       Size
     48/100      9.55G      1.148     0.5376      1.579          5        640: 100%|██████████| 442/442 [05:22<00:00,  1.37it/s]
                 Class     Images  Instances      Box(P          R      mAP50  mAP50-95): 100%|██████████| 128/128 [00:44<00:00,  2.86it/s]
                   all       2048       2195      0.985      0.897      0.949      0.659

      Epoch    GPU_mem   box_loss   cls_loss   dfl_loss  Instances       Size
     49/100      9.53G      1.151     0.5364      1.585          2        640: 100%|██████████| 442/442 [05:18<00:00,  1.39it/s]
                 Class     Images  Instances      Box(P          R      mAP50  mAP50-95): 100%|██████████| 128/128 [00:44<00:00,  2.88it/s]
                   all       2048       2195      0.983      0.909      0.949      0.665

      Epoch    GPU_mem   box_loss   cls_loss   dfl_loss  Instances       Size
     50/100      9.56G      1.131     0.5316      1.565          4        640: 100%|██████████| 442/442 [05:20<00:00,  1.38it/s]
                 Class     Images  Instances      Box(P          R      mAP50  mAP50-95): 100%|██████████| 128/128 [00:42<00:00,  3.04it/s]
                   all       2048       2195      0.986      0.908      0.952      0.667

      Epoch    GPU_mem   box_loss   cls_loss   dfl_loss  Instances       Size
     51/100      9.53G       1.16     0.5315      1.589          3        640: 100%|██████████| 442/442 [05:21<00:00,  1.38it/s]
                 Class     Images  Instances      Box(P          R      mAP50  mAP50-95): 100%|██████████| 128/128 [00:46<00:00,  2.77it/s]
                   all       2048       2195      0.982      0.904      0.951      0.666

      Epoch    GPU_mem   box_loss   cls_loss   dfl_loss  Instances       Size
     52/100      9.33G      1.165     0.5365      1.586          1        640: 100%|██████████| 442/442 [05:18<00:00,  1.39it/s]
                 Class     Images  Instances      Box(P          R      mAP50  mAP50-95): 100%|██████████| 128/128 [00:44<00:00,  2.87it/s]
                   all       2048       2195      0.983      0.909      0.952      0.666

      Epoch    GPU_mem   box_loss   cls_loss   dfl_loss  Instances       Size
     53/100      9.46G      1.146     0.5251      1.584          4        640: 100%|██████████| 442/442 [05:21<00:00,  1.38it/s]
                 Class     Images  Instances      Box(P          R      mAP50  mAP50-95): 100%|██████████| 128/128 [00:42<00:00,  3.02it/s]
                   all       2048       2195      0.989      0.901      0.953      0.669

      Epoch    GPU_mem   box_loss   cls_loss   dfl_loss  Instances       Size
     54/100      9.55G      1.145      0.524      1.578          1        640: 100%|██████████| 442/442 [05:20<00:00,  1.38it/s]
                 Class     Images  Instances      Box(P          R      mAP50  mAP50-95): 100%|██████████| 128/128 [00:44<00:00,  2.87it/s]
                   all       2048       2195      0.989      0.897      0.953       0.67

      Epoch    GPU_mem   box_loss   cls_loss   dfl_loss  Instances       Size
     55/100      9.54G      1.155     0.5289      1.568          4        640: 100%|██████████| 442/442 [05:19<00:00,  1.38it/s]
                 Class     Images  Instances      Box(P          R      mAP50  mAP50-95): 100%|██████████| 128/128 [00:44<00:00,  2.89it/s]
                   all       2048       2195      0.986      0.897      0.952      0.667

      Epoch    GPU_mem   box_loss   cls_loss   dfl_loss  Instances       Size
     56/100      9.57G      1.145     0.5212      1.573          3        640: 100%|██████████| 442/442 [05:21<00:00,  1.38it/s]
                 Class     Images  Instances      Box(P          R      mAP50  mAP50-95): 100%|██████████| 128/128 [00:43<00:00,  2.94it/s]
                   all       2048       2195      0.981      0.907      0.954      0.671

      Epoch    GPU_mem   box_loss   cls_loss   dfl_loss  Instances       Size
     57/100      9.53G      1.134      0.513       1.56          0        640: 100%|██████████| 442/442 [05:20<00:00,  1.38it/s]
                 Class     Images  Instances      Box(P          R      mAP50  mAP50-95): 100%|██████████| 128/128 [00:44<00:00,  2.86it/s]
                   all       2048       2195      0.985      0.909      0.954      0.671

      Epoch    GPU_mem   box_loss   cls_loss   dfl_loss  Instances       Size
     58/100      9.56G      1.138     0.5184      1.567          1        640: 100%|██████████| 442/442 [05:19<00:00,  1.38it/s]
                 Class     Images  Instances      Box(P          R      mAP50  mAP50-95): 100%|██████████| 128/128 [00:43<00:00,  2.96it/s]
                   all       2048       2195      0.976      0.913      0.954      0.669

      Epoch    GPU_mem   box_loss   cls_loss   dfl_loss  Instances       Size
     59/100      9.53G      1.128     0.5079      1.557          2        640: 100%|██████████| 442/442 [05:22<00:00,  1.37it/s]
                 Class     Images  Instances      Box(P          R      mAP50  mAP50-95): 100%|██████████| 128/128 [00:44<00:00,  2.88it/s]
                   all       2048       2195      0.982      0.911      0.956      0.674

      Epoch    GPU_mem   box_loss   cls_loss   dfl_loss  Instances       Size
     60/100      9.58G      1.136     0.5252      1.552          3        640: 100%|██████████| 442/442 [05:18<00:00,  1.39it/s]
                 Class     Images  Instances      Box(P          R      mAP50  mAP50-95): 100%|██████████| 128/128 [00:44<00:00,  2.86it/s]
                   all       2048       2195      0.975       0.92      0.953      0.669

      Epoch    GPU_mem   box_loss   cls_loss   dfl_loss  Instances       Size
     61/100      9.54G       1.13     0.4951      1.563          1        640: 100%|██████████| 442/442 [05:20<00:00,  1.38it/s]
                 Class     Images  Instances      Box(P          R      mAP50  mAP50-95): 100%|██████████| 128/128 [00:42<00:00,  3.04it/s]
                   all       2048       2195      0.978      0.915      0.956      0.674

      Epoch    GPU_mem   box_loss   cls_loss   dfl_loss  Instances       Size
     62/100      9.55G      1.115     0.5064      1.544          2        640: 100%|██████████| 442/442 [05:21<00:00,  1.37it/s]
                 Class     Images  Instances      Box(P          R      mAP50  mAP50-95): 100%|██████████| 128/128 [00:44<00:00,  2.86it/s]
                   all       2048       2195      0.978      0.913      0.954      0.674

      Epoch    GPU_mem   box_loss   cls_loss   dfl_loss  Instances       Size
     63/100      9.53G      1.121      0.502      1.537          1        640: 100%|██████████| 442/442 [05:18<00:00,  1.39it/s]
                 Class     Images  Instances      Box(P          R      mAP50  mAP50-95): 100%|██████████| 128/128 [00:44<00:00,  2.87it/s]
                   all       2048       2195      0.979      0.915      0.955      0.678

      Epoch    GPU_mem   box_loss   cls_loss   dfl_loss  Instances       Size
     64/100      9.56G      1.114     0.5046      1.551          3        640: 100%|██████████| 442/442 [05:22<00:00,  1.37it/s]
                 Class     Images  Instances      Box(P          R      mAP50  mAP50-95): 100%|██████████| 128/128 [00:42<00:00,  3.03it/s]
                   all       2048       2195      0.978      0.918      0.955      0.673

      Epoch    GPU_mem   box_loss   cls_loss   dfl_loss  Instances       Size
     65/100      9.56G      1.129     0.5015      1.544          2        640: 100%|██████████| 442/442 [05:20<00:00,  1.38it/s]
                 Class     Images  Instances      Box(P          R      mAP50  mAP50-95): 100%|██████████| 128/128 [00:44<00:00,  2.87it/s]
                   all       2048       2195      0.981      0.912      0.955      0.674

      Epoch    GPU_mem   box_loss   cls_loss   dfl_loss  Instances       Size
     66/100       9.5G      1.108     0.4909      1.534          1        640: 100%|██████████| 442/442 [05:18<00:00,  1.39it/s]
                 Class     Images  Instances      Box(P          R      mAP50  mAP50-95): 100%|██████████| 128/128 [00:44<00:00,  2.89it/s]
                   all       2048       2195      0.981      0.918      0.955      0.672

      Epoch    GPU_mem   box_loss   cls_loss   dfl_loss  Instances       Size
     67/100      9.56G      1.107     0.4845       1.53          4        640: 100%|██████████| 442/442 [05:21<00:00,  1.38it/s]
                 Class     Images  Instances      Box(P          R      mAP50  mAP50-95): 100%|██████████| 128/128 [00:43<00:00,  2.94it/s]
                   all       2048       2195      0.978       0.92      0.955      0.672

      Epoch    GPU_mem   box_loss   cls_loss   dfl_loss  Instances       Size
     68/100      9.55G      1.087     0.4797      1.534          1        640: 100%|██████████| 442/442 [05:20<00:00,  1.38it/s]
                 Class     Images  Instances      Box(P          R      mAP50  mAP50-95): 100%|██████████| 128/128 [00:44<00:00,  2.86it/s]
                   all       2048       2195      0.979      0.914      0.954      0.674

      Epoch    GPU_mem   box_loss   cls_loss   dfl_loss  Instances       Size
     69/100      9.53G      1.102     0.4924      1.517          1        640: 100%|██████████| 442/442 [05:20<00:00,  1.38it/s]
                 Class     Images  Instances      Box(P          R      mAP50  mAP50-95): 100%|██████████| 128/128 [00:43<00:00,  2.93it/s]
                   all       2048       2195      0.979      0.918      0.956      0.676

      Epoch    GPU_mem   box_loss   cls_loss   dfl_loss  Instances       Size
     70/100      9.59G      1.102     0.4854      1.535          1        640: 100%|██████████| 442/442 [05:21<00:00,  1.38it/s]
                 Class     Images  Instances      Box(P          R      mAP50  mAP50-95): 100%|██████████| 128/128 [00:44<00:00,  2.88it/s]
                   all       2048       2195      0.981      0.916      0.956      0.675

      Epoch    GPU_mem   box_loss   cls_loss   dfl_loss  Instances       Size
     71/100      9.54G      1.094     0.4821      1.527          4        640: 100%|██████████| 442/442 [05:18<00:00,  1.39it/s]
                 Class     Images  Instances      Box(P          R      mAP50  mAP50-95): 100%|██████████| 128/128 [00:44<00:00,  2.86it/s]
                   all       2048       2195      0.984       0.91      0.954      0.676

      Epoch    GPU_mem   box_loss   cls_loss   dfl_loss  Instances       Size
     72/100      9.49G        1.1     0.4788      1.537          1        640: 100%|██████████| 442/442 [05:21<00:00,  1.37it/s]
                 Class     Images  Instances      Box(P          R      mAP50  mAP50-95): 100%|██████████| 128/128 [00:42<00:00,  3.00it/s]
                   all       2048       2195      0.984      0.914      0.957      0.679

      Epoch    GPU_mem   box_loss   cls_loss   dfl_loss  Instances       Size
     73/100      9.53G      1.097     0.4774      1.517          1        640: 100%|██████████| 442/442 [05:22<00:00,  1.37it/s]
                 Class     Images  Instances      Box(P          R      mAP50  mAP50-95): 100%|██████████| 128/128 [00:44<00:00,  2.88it/s]
                   all       2048       2195      0.985      0.913      0.956      0.677

      Epoch    GPU_mem   box_loss   cls_loss   dfl_loss  Instances       Size
     74/100      9.56G       1.08     0.4696      1.504          4        640: 100%|██████████| 442/442 [05:19<00:00,  1.38it/s]
                 Class     Images  Instances      Box(P          R      mAP50  mAP50-95): 100%|██████████| 128/128 [00:44<00:00,  2.88it/s]
                   all       2048       2195       0.98      0.919      0.957      0.678

      Epoch    GPU_mem   box_loss   cls_loss   dfl_loss  Instances       Size
     75/100      9.46G      1.078     0.4691      1.514          1        640: 100%|██████████| 442/442 [05:21<00:00,  1.37it/s]
                 Class     Images  Instances      Box(P          R      mAP50  mAP50-95): 100%|██████████| 128/128 [00:42<00:00,  3.03it/s]
                   all       2048       2195      0.982      0.919      0.957      0.677

      Epoch    GPU_mem   box_loss   cls_loss   dfl_loss  Instances       Size
     76/100      9.55G      1.087      0.472      1.515          2        640: 100%|██████████| 442/442 [05:21<00:00,  1.37it/s]
                 Class     Images  Instances      Box(P          R      mAP50  mAP50-95): 100%|██████████| 128/128 [00:44<00:00,  2.86it/s]
                   all       2048       2195      0.981      0.914      0.958      0.679

      Epoch    GPU_mem   box_loss   cls_loss   dfl_loss  Instances       Size
     77/100      9.46G      1.076     0.4655      1.523          2        640: 100%|██████████| 442/442 [05:19<00:00,  1.38it/s]
                 Class     Images  Instances      Box(P          R      mAP50  mAP50-95): 100%|██████████| 128/128 [00:44<00:00,  2.87it/s]
                   all       2048       2195      0.978      0.915      0.956      0.678

      Epoch    GPU_mem   box_loss   cls_loss   dfl_loss  Instances       Size
     78/100      9.55G      1.083     0.4627       1.51          1        640: 100%|██████████| 442/442 [05:21<00:00,  1.37it/s]
                 Class     Images  Instances      Box(P          R      mAP50  mAP50-95): 100%|██████████| 128/128 [00:42<00:00,  3.02it/s]
                   all       2048       2195      0.979      0.919      0.958       0.68

      Epoch    GPU_mem   box_loss   cls_loss   dfl_loss  Instances       Size
     79/100      9.54G       1.08     0.4682      1.508          1        640: 100%|██████████| 442/442 [05:20<00:00,  1.38it/s]
                 Class     Images  Instances      Box(P          R      mAP50  mAP50-95): 100%|██████████| 128/128 [00:44<00:00,  2.87it/s]
                   all       2048       2195      0.979      0.919      0.957       0.68

      Epoch    GPU_mem   box_loss   cls_loss   dfl_loss  Instances       Size
     80/100      9.55G      1.079     0.4667        1.5          2        640: 100%|██████████| 442/442 [05:19<00:00,  1.38it/s]
                 Class     Images  Instances      Box(P          R      mAP50  mAP50-95): 100%|██████████| 128/128 [00:44<00:00,  2.88it/s]
                   all       2048       2195      0.981      0.917      0.958      0.678

      Epoch    GPU_mem   box_loss   cls_loss   dfl_loss  Instances       Size
     81/100      9.53G      1.065     0.4584      1.502          3        640: 100%|██████████| 442/442 [05:22<00:00,  1.37it/s]
                 Class     Images  Instances      Box(P          R      mAP50  mAP50-95): 100%|██████████| 128/128 [00:43<00:00,  2.96it/s]
                   all       2048       2195      0.982      0.917      0.958      0.681

      Epoch    GPU_mem   box_loss   cls_loss   dfl_loss  Instances       Size
     82/100      9.57G      1.069     0.4552      1.497          2        640: 100%|██████████| 442/442 [05:22<00:00,  1.37it/s]
                 Class     Images  Instances      Box(P          R      mAP50  mAP50-95): 100%|██████████| 128/128 [00:44<00:00,  2.88it/s]
                   all       2048       2195      0.985      0.917      0.958       0.68

      Epoch    GPU_mem   box_loss   cls_loss   dfl_loss  Instances       Size
     83/100      9.53G       1.07     0.4545      1.489          1        640: 100%|██████████| 442/442 [05:20<00:00,  1.38it/s]
                 Class     Images  Instances      Box(P          R      mAP50  mAP50-95): 100%|██████████| 128/128 [00:43<00:00,  2.92it/s]
                   all       2048       2195       0.98      0.922      0.959      0.682

      Epoch    GPU_mem   box_loss   cls_loss   dfl_loss  Instances       Size
     84/100      9.55G      1.056     0.4504      1.485          2        640: 100%|██████████| 442/442 [05:23<00:00,  1.36it/s]
                 Class     Images  Instances      Box(P          R      mAP50  mAP50-95): 100%|██████████| 128/128 [00:45<00:00,  2.84it/s]
                   all       2048       2195      0.985      0.916       0.96      0.681

      Epoch    GPU_mem   box_loss   cls_loss   dfl_loss  Instances       Size
     85/100      9.53G      1.044     0.4405       1.49          1        640: 100%|██████████| 442/442 [05:21<00:00,  1.38it/s]
                 Class     Images  Instances      Box(P          R      mAP50  mAP50-95): 100%|██████████| 128/128 [00:44<00:00,  2.88it/s]
                   all       2048       2195      0.985      0.916      0.958      0.682

      Epoch    GPU_mem   box_loss   cls_loss   dfl_loss  Instances       Size
     86/100      9.55G      1.058     0.4471      1.485          3        640: 100%|██████████| 442/442 [05:20<00:00,  1.38it/s]
                 Class     Images  Instances      Box(P          R      mAP50  mAP50-95): 100%|██████████| 128/128 [00:43<00:00,  2.92it/s]
                   all       2048       2195      0.985      0.916      0.957      0.681

      Epoch    GPU_mem   box_loss   cls_loss   dfl_loss  Instances       Size
     87/100      9.54G      1.051     0.4412      1.473          4        640: 100%|██████████| 442/442 [05:22<00:00,  1.37it/s]
                 Class     Images  Instances      Box(P          R      mAP50  mAP50-95): 100%|██████████| 128/128 [00:44<00:00,  2.90it/s]
                   all       2048       2195       0.98      0.919      0.958       0.68

      Epoch    GPU_mem   box_loss   cls_loss   dfl_loss  Instances       Size
     88/100      9.56G      1.046      0.443       1.47          1        640: 100%|██████████| 442/442 [05:20<00:00,  1.38it/s]
                 Class     Images  Instances      Box(P          R      mAP50  mAP50-95): 100%|██████████| 128/128 [00:44<00:00,  2.87it/s]
                   all       2048       2195       0.98      0.921      0.959       0.68

      Epoch    GPU_mem   box_loss   cls_loss   dfl_loss  Instances       Size
     89/100      9.53G      1.036     0.4343      1.473          2        640: 100%|██████████| 442/442 [05:21<00:00,  1.37it/s]
                 Class     Images  Instances      Box(P          R      mAP50  mAP50-95): 100%|██████████| 128/128 [00:43<00:00,  2.96it/s]
                   all       2048       2195      0.979      0.922      0.957      0.681

      Epoch    GPU_mem   box_loss   cls_loss   dfl_loss  Instances       Size
     90/100      9.49G      1.046      0.442      1.469          1        640: 100%|██████████| 442/442 [05:23<00:00,  1.36it/s]
                 Class     Images  Instances      Box(P          R      mAP50  mAP50-95): 100%|██████████| 128/128 [00:44<00:00,  2.88it/s]
                   all       2048       2195      0.979       0.92       0.96      0.682
Closing dataloader mosaic

      Epoch    GPU_mem   box_loss   cls_loss   dfl_loss  Instances       Size
     91/100      9.46G      1.032     0.3867      1.465          1        640: 100%|██████████| 442/442 [05:16<00:00,  1.39it/s]
                 Class     Images  Instances      Box(P          R      mAP50  mAP50-95): 100%|██████████| 128/128 [00:44<00:00,  2.85it/s]
                   all       2048       2195       0.98      0.918      0.959      0.682

      Epoch    GPU_mem   box_loss   cls_loss   dfl_loss  Instances       Size
     92/100      9.49G      1.029     0.3807      1.463          1        640: 100%|██████████| 442/442 [05:19<00:00,  1.38it/s]
                 Class     Images  Instances      Box(P          R      mAP50  mAP50-95): 100%|██████████| 128/128 [00:42<00:00,  3.02it/s]
                   all       2048       2195      0.981      0.919      0.959      0.683

      Epoch    GPU_mem   box_loss   cls_loss   dfl_loss  Instances       Size
     93/100      9.46G       1.02     0.3824      1.461          1        640: 100%|██████████| 442/442 [05:20<00:00,  1.38it/s]
                 Class     Images  Instances      Box(P          R      mAP50  mAP50-95): 100%|██████████| 128/128 [00:44<00:00,  2.87it/s]
                   all       2048       2195       0.98      0.919      0.959      0.683

      Epoch    GPU_mem   box_loss   cls_loss   dfl_loss  Instances       Size
     94/100      9.49G      1.009     0.3688      1.446          1        640: 100%|██████████| 442/442 [05:18<00:00,  1.39it/s]
                 Class     Images  Instances      Box(P          R      mAP50  mAP50-95): 100%|██████████| 128/128 [00:44<00:00,  2.86it/s]
                   all       2048       2195      0.985      0.916      0.958      0.683

      Epoch    GPU_mem   box_loss   cls_loss   dfl_loss  Instances       Size
     95/100      9.47G     0.9945     0.3709      1.424          1        640: 100%|██████████| 442/442 [05:19<00:00,  1.38it/s]
                 Class     Images  Instances      Box(P          R      mAP50  mAP50-95): 100%|██████████| 128/128 [00:42<00:00,  3.01it/s]
                   all       2048       2195      0.985      0.913      0.957      0.684

      Epoch    GPU_mem   box_loss   cls_loss   dfl_loss  Instances       Size
     96/100      9.49G      1.005     0.3709      1.451          1        640: 100%|██████████| 442/442 [05:18<00:00,  1.39it/s]
                 Class     Images  Instances      Box(P          R      mAP50  mAP50-95): 100%|██████████| 128/128 [00:44<00:00,  2.86it/s]
                   all       2048       2195      0.984      0.913      0.957      0.684

      Epoch    GPU_mem   box_loss   cls_loss   dfl_loss  Instances       Size
     97/100      9.46G     0.9963     0.3659       1.43          1        640: 100%|██████████| 442/442 [05:18<00:00,  1.39it/s]
                 Class     Images  Instances      Box(P          R      mAP50  mAP50-95): 100%|██████████| 128/128 [00:45<00:00,  2.80it/s]
                   all       2048       2195      0.983      0.915      0.958      0.685

      Epoch    GPU_mem   box_loss   cls_loss   dfl_loss  Instances       Size
     98/100      9.49G     0.9883     0.3667      1.427          1        640: 100%|██████████| 442/442 [05:20<00:00,  1.38it/s]
                 Class     Images  Instances      Box(P          R      mAP50  mAP50-95): 100%|██████████| 128/128 [00:44<00:00,  2.91it/s]
                   all       2048       2195      0.982      0.918      0.958      0.683

      Epoch    GPU_mem   box_loss   cls_loss   dfl_loss  Instances       Size
     99/100      9.46G       0.99     0.3649      1.422          1        640: 100%|██████████| 442/442 [05:16<00:00,  1.39it/s]
                 Class     Images  Instances      Box(P          R      mAP50  mAP50-95): 100%|██████████| 128/128 [00:44<00:00,  2.85it/s]
                   all       2048       2195      0.979      0.922      0.958      0.684

      Epoch    GPU_mem   box_loss   cls_loss   dfl_loss  Instances       Size
    100/100      9.49G     0.9816     0.3628      1.413          1        640: 100%|██████████| 442/442 [05:18<00:00,  1.39it/s]
                 Class     Images  Instances      Box(P          R      mAP50  mAP50-95): 100%|██████████| 128/128 [00:42<00:00,  3.01it/s]
                   all       2048       2195      0.977      0.922      0.958      0.684

100 epochs completed in 10.153 hours.
Optimizer stripped from .yolo-out-lpr/yolo11-lpr-abl-branch-a-1/weights/last.pt, 27.3MB
Optimizer stripped from .yolo-out-lpr/yolo11-lpr-abl-branch-a-1/weights/best.pt, 27.3MB

Validating .yolo-out-lpr/yolo11-lpr-abl-branch-a-1/weights/best.pt...
Ultralytics 8.3.150 🚀 Python-3.13.2 torch-2.6.0+cu118 CUDA:0 (Tesla T4, 14913MiB)
                                                       CUDA:1 (Tesla T4, 14913MiB)
model summary (fused): 125 layers, 13,118,355 parameters, 0 gradients, 91.7 GFLOPs
                 Class     Images  Instances      Box(P          R      mAP50  mAP50-95): 100%|██████████| 128/128 [00:41<00:00,  3.11it/s]
                   all       2048       2195      0.983      0.915      0.958      0.685
Speed: 0.1ms preprocess, 16.8ms inference, 0.0ms loss, 1.1ms postprocess per image
Results saved to .yolo-out-lpr/yolo11-lpr-abl-branch-a-1
