Overriding model.yaml nc=80 with nc=5
WARNING ⚠️ no model scale passed. Assuming scale='m'.
Freezing layer 'model.23.dfl.conv.weight'
AMP: running Automatic Mixed Precision (AMP) checks...
AMP: checks passed ✅
train: Fast image access ✅ (ping: 0.1±0.1 ms, read: 1301.8±333.3 MB/s, size: 486.5 KB)
train: Scanning /data2/jd1/datasets/sds-ds/sds/labels/train.cache... 8930 images
val: Fast image access ✅ (ping: 0.1±0.0 ms, read: 855.0±546.5 MB/s, size: 374.3 KB)
val: Scanning /data2/jd1/datasets/sds-ds/sds/labels/val.cache... 1547 images, 0 
Plotting labels to .yolo-out-sds3/yolo11a-sds-2/labels.jpg...
optimizer: 'optimizer=auto' found, ignoring 'lr0=0.01' and 'momentum=0.937' and determining best 'optimizer', 'lr0' and 'momentum' automatically...
optimizer: SGD(lr=0.01, momentum=0.9) with parameter groups 104 weight(decay=0.0), 111 weight(decay=0.0005), 110 bias(decay=0.0)
Image sizes 640 train, 640 val
Using 16 dataloader workers
Logging results to .yolo-out-sds3/yolo11a-sds-2
Starting training for 100 epochs...

      Epoch    GPU_mem   box_loss   cls_loss   dfl_loss  Instances       Size
      1/100      3.46G      3.945      5.662      4.152          2        640: 1
                 Class     Images  Instances      Box(P          R      mAP50  m
                   all       1547       9630      0.392      0.153      0.104     0.0325

      Epoch    GPU_mem   box_loss   cls_loss   dfl_loss  Instances       Size
      2/100      3.86G      2.598      2.739      2.196         17        640: 1
                 Class     Images  Instances      Box(P          R      mAP50  m
                   all       1547       9630      0.526       0.28      0.251      0.105

      Epoch    GPU_mem   box_loss   cls_loss   dfl_loss  Instances       Size
      3/100      3.86G      2.256      2.125       1.89         19        640: 1
                 Class     Images  Instances      Box(P          R      mAP50  m
                   all       1547       9630      0.651      0.387      0.365      0.177

      Epoch    GPU_mem   box_loss   cls_loss   dfl_loss  Instances       Size
      4/100      3.86G      2.103      1.719      1.767          6        640: 1
                 Class     Images  Instances      Box(P          R      mAP50  m
                   all       1547       9630      0.721      0.442      0.467      0.235

      Epoch    GPU_mem   box_loss   cls_loss   dfl_loss  Instances       Size
      5/100      4.05G      1.987      1.481      1.688          2        640: 1
                 Class     Images  Instances      Box(P          R      mAP50  m
                   all       1547       9630      0.703      0.471      0.505      0.264

      Epoch    GPU_mem   box_loss   cls_loss   dfl_loss  Instances       Size
      6/100      4.05G      1.898      1.353      1.628         22        640: 1
                 Class     Images  Instances      Box(P          R      mAP50  m
                   all       1547       9630      0.738      0.514      0.559      0.287

      Epoch    GPU_mem   box_loss   cls_loss   dfl_loss  Instances       Size
      7/100      4.05G      1.845      1.236      1.577          5        640: 1
                 Class     Images  Instances      Box(P          R      mAP50  m
                   all       1547       9630      0.815      0.547      0.599      0.308

      Epoch    GPU_mem   box_loss   cls_loss   dfl_loss  Instances       Size
      8/100      4.06G      1.807      1.194      1.552          4        640: 1
                 Class     Images  Instances      Box(P          R      mAP50  m
                   all       1547       9630      0.762      0.571      0.655      0.339

      Epoch    GPU_mem   box_loss   cls_loss   dfl_loss  Instances       Size
      9/100      4.06G      1.783      1.144       1.55          9        640: 1
                 Class     Images  Instances      Box(P          R      mAP50  m
                   all       1547       9630      0.786       0.57      0.642       0.34

      Epoch    GPU_mem   box_loss   cls_loss   dfl_loss  Instances       Size
     10/100      4.25G      1.758      1.105       1.53          4        640: 1
                 Class     Images  Instances      Box(P          R      mAP50  m
                   all       1547       9630      0.719      0.569       0.65      0.348

      Epoch    GPU_mem   box_loss   cls_loss   dfl_loss  Instances       Size
     11/100      4.25G      1.741      1.082      1.511          8        640: 1
                 Class     Images  Instances      Box(P          R      mAP50  m
                   all       1547       9630      0.786      0.574      0.639      0.333

      Epoch    GPU_mem   box_loss   cls_loss   dfl_loss  Instances       Size
     12/100      4.25G      1.711      1.044      1.497         25        640: 1
                 Class     Images  Instances      Box(P          R      mAP50  m
                   all       1547       9630      0.795      0.618      0.659      0.362

      Epoch    GPU_mem   box_loss   cls_loss   dfl_loss  Instances       Size
     13/100      4.25G      1.701      1.037      1.486          1        640: 1
                 Class     Images  Instances      Box(P          R      mAP50  m
                   all       1547       9630      0.778      0.619      0.696      0.378

      Epoch    GPU_mem   box_loss   cls_loss   dfl_loss  Instances       Size
     14/100      4.25G      1.705      1.037      1.499         29        640: 1
                 Class     Images  Instances      Box(P          R      mAP50  m
                   all       1547       9630       0.79      0.646      0.708      0.384

      Epoch    GPU_mem   box_loss   cls_loss   dfl_loss  Instances       Size
     15/100      4.25G       1.66     0.9885      1.468          6        640: 1
                 Class     Images  Instances      Box(P          R      mAP50  m
                   all       1547       9630      0.833      0.623      0.706       0.39

      Epoch    GPU_mem   box_loss   cls_loss   dfl_loss  Instances       Size
     16/100      4.26G      1.651     0.9796      1.453          6        640: 1
                 Class     Images  Instances      Box(P          R      mAP50  m
                   all       1547       9630      0.711      0.691      0.738        0.4

      Epoch    GPU_mem   box_loss   cls_loss   dfl_loss  Instances       Size
     17/100      4.26G      1.645      0.954       1.46          3        640: 1
                 Class     Images  Instances      Box(P          R      mAP50  m
                   all       1547       9630      0.823      0.648      0.747      0.409

      Epoch    GPU_mem   box_loss   cls_loss   dfl_loss  Instances       Size
     18/100      4.47G      1.622     0.9514      1.447          6        640: 1
                 Class     Images  Instances      Box(P          R      mAP50  m
                   all       1547       9630      0.825      0.661      0.746      0.409

      Epoch    GPU_mem   box_loss   cls_loss   dfl_loss  Instances       Size
     19/100      4.47G      1.617     0.9313      1.431          7        640: 1
                 Class     Images  Instances      Box(P          R      mAP50  m
                   all       1547       9630      0.793      0.681      0.759      0.415

      Epoch    GPU_mem   box_loss   cls_loss   dfl_loss  Instances       Size
     20/100      4.47G      1.606     0.9175      1.421          7        640: 1
                 Class     Images  Instances      Box(P          R      mAP50  m
                   all       1547       9630      0.806      0.681      0.735      0.404

      Epoch    GPU_mem   box_loss   cls_loss   dfl_loss  Instances       Size
     21/100      4.47G      1.602     0.9285      1.417          5        640: 1
                 Class     Images  Instances      Box(P          R      mAP50  m
                   all       1547       9630        0.8      0.691      0.741      0.419

      Epoch    GPU_mem   box_loss   cls_loss   dfl_loss  Instances       Size
     22/100      4.47G      1.579     0.8998      1.408          5        640: 1
                 Class     Images  Instances      Box(P          R      mAP50  m
                   all       1547       9630      0.832      0.697      0.751      0.418

      Epoch    GPU_mem   box_loss   cls_loss   dfl_loss  Instances       Size
     23/100      4.47G      1.588     0.9151      1.408         12        640: 1
                 Class     Images  Instances      Box(P          R      mAP50  m
                   all       1547       9630      0.814        0.7      0.755       0.41

      Epoch    GPU_mem   box_loss   cls_loss   dfl_loss  Instances       Size
     24/100      4.47G      1.579     0.8942      1.401          6        640: 1
                 Class     Images  Instances      Box(P          R      mAP50  m
                   all       1547       9630       0.83      0.699      0.757      0.427

      Epoch    GPU_mem   box_loss   cls_loss   dfl_loss  Instances       Size
     25/100      4.47G      1.577     0.8883      1.405         18        640: 1
                 Class     Images  Instances      Box(P          R      mAP50  m
                   all       1547       9630      0.824        0.7      0.758      0.426

      Epoch    GPU_mem   box_loss   cls_loss   dfl_loss  Instances       Size
     26/100      4.47G       1.56     0.8757      1.397          7        640: 1
                 Class     Images  Instances      Box(P          R      mAP50  m
                   all       1547       9630      0.757      0.728      0.741      0.413

      Epoch    GPU_mem   box_loss   cls_loss   dfl_loss  Instances       Size
     27/100      4.47G      1.548     0.8769      1.393          9        640: 1
                 Class     Images  Instances      Box(P          R      mAP50  m
                   all       1547       9630      0.832      0.715      0.767      0.435

      Epoch    GPU_mem   box_loss   cls_loss   dfl_loss  Instances       Size
     28/100      4.47G       1.53     0.8544      1.378         11        640: 1
                 Class     Images  Instances      Box(P          R      mAP50  m
                   all       1547       9630      0.813       0.71       0.76       0.43

      Epoch    GPU_mem   box_loss   cls_loss   dfl_loss  Instances       Size
     29/100      4.47G      1.524     0.8472      1.374          7        640: 1
                 Class     Images  Instances      Box(P          R      mAP50  m
                   all       1547       9630      0.832      0.731       0.78      0.439

      Epoch    GPU_mem   box_loss   cls_loss   dfl_loss  Instances       Size
     30/100      4.47G      1.528     0.8465      1.372         11        640: 1
                 Class     Images  Instances      Box(P          R      mAP50  m
                   all       1547       9630      0.816      0.721      0.769      0.433

      Epoch    GPU_mem   box_loss   cls_loss   dfl_loss  Instances       Size
     31/100      4.47G      1.508     0.8187      1.369          1        640: 1
                 Class     Images  Instances      Box(P          R      mAP50  m
                   all       1547       9630      0.811       0.74      0.782      0.444

      Epoch    GPU_mem   box_loss   cls_loss   dfl_loss  Instances       Size
     32/100      4.47G      1.522     0.8414      1.361         15        640: 1
                 Class     Images  Instances      Box(P          R      mAP50  m
                   all       1547       9630      0.827      0.756      0.788      0.455

      Epoch    GPU_mem   box_loss   cls_loss   dfl_loss  Instances       Size
     33/100      4.47G      1.505     0.8369      1.359         12        640: 1
                 Class     Images  Instances      Box(P          R      mAP50  m
                   all       1547       9630      0.824      0.728       0.76      0.435

      Epoch    GPU_mem   box_loss   cls_loss   dfl_loss  Instances       Size
     34/100      4.47G      1.503     0.8298      1.367          4        640: 1
                 Class     Images  Instances      Box(P          R      mAP50  m
                   all       1547       9630      0.833      0.731      0.777       0.45

      Epoch    GPU_mem   box_loss   cls_loss   dfl_loss  Instances       Size
     35/100      4.47G      1.518     0.8229      1.364         37        640: 1
                 Class     Images  Instances      Box(P          R      mAP50  m
                   all       1547       9630      0.836      0.756      0.794      0.454

      Epoch    GPU_mem   box_loss   cls_loss   dfl_loss  Instances       Size
     36/100      4.47G      1.488     0.8091      1.352         21        640: 1
                 Class     Images  Instances      Box(P          R      mAP50  m
                   all       1547       9630      0.836      0.752      0.794      0.453

      Epoch    GPU_mem   box_loss   cls_loss   dfl_loss  Instances       Size
     37/100      4.47G      1.493     0.8231      1.354          6        640: 1
                 Class     Images  Instances      Box(P          R      mAP50  m
                   all       1547       9630      0.842      0.742       0.79      0.449

      Epoch    GPU_mem   box_loss   cls_loss   dfl_loss  Instances       Size
     38/100      4.47G      1.484     0.8064      1.343         20        640: 1
                 Class     Images  Instances      Box(P          R      mAP50  m
                   all       1547       9630      0.845      0.753      0.794      0.453

      Epoch    GPU_mem   box_loss   cls_loss   dfl_loss  Instances       Size
     39/100      4.47G      1.477     0.7973      1.336          4        640: 1
                 Class     Images  Instances      Box(P          R      mAP50  m
                   all       1547       9630      0.848       0.73      0.788      0.452

      Epoch    GPU_mem   box_loss   cls_loss   dfl_loss  Instances       Size
     40/100      4.47G      1.468     0.7931      1.344          4        640: 1
                 Class     Images  Instances      Box(P          R      mAP50  m
                   all       1547       9630      0.862      0.754      0.801       0.46

      Epoch    GPU_mem   box_loss   cls_loss   dfl_loss  Instances       Size
     41/100      4.47G      1.473     0.7954      1.345          2        640: 1
                 Class     Images  Instances      Box(P          R      mAP50  m
                   all       1547       9630      0.875      0.725      0.793      0.457

      Epoch    GPU_mem   box_loss   cls_loss   dfl_loss  Instances       Size
     42/100      4.47G       1.46      0.786      1.345          7        640: 1
                 Class     Images  Instances      Box(P          R      mAP50  m
                   all       1547       9630      0.847       0.75      0.798      0.458

      Epoch    GPU_mem   box_loss   cls_loss   dfl_loss  Instances       Size
     43/100      4.47G      1.455     0.7819      1.321          0        640: 1
                 Class     Images  Instances      Box(P          R      mAP50  m
                   all       1547       9630      0.854      0.733      0.784      0.451

      Epoch    GPU_mem   box_loss   cls_loss   dfl_loss  Instances       Size
     44/100      4.47G      1.457     0.7777      1.329          2        640: 1
                 Class     Images  Instances      Box(P          R      mAP50  m
                   all       1547       9630      0.871      0.726      0.804      0.459

      Epoch    GPU_mem   box_loss   cls_loss   dfl_loss  Instances       Size
     45/100      4.47G      1.452     0.7748       1.32          7        640: 1
                 Class     Images  Instances      Box(P          R      mAP50  m
                   all       1547       9630      0.865      0.735      0.804      0.462

      Epoch    GPU_mem   box_loss   cls_loss   dfl_loss  Instances       Size
     46/100      4.47G      1.435     0.7481      1.312          6        640: 1
                 Class     Images  Instances      Box(P          R      mAP50  m
                   all       1547       9630      0.866      0.746      0.799      0.463

      Epoch    GPU_mem   box_loss   cls_loss   dfl_loss  Instances       Size
     47/100      4.47G      1.424     0.7553      1.316          7        640: 1
                 Class     Images  Instances      Box(P          R      mAP50  m
                   all       1547       9630      0.875      0.743      0.802      0.462

      Epoch    GPU_mem   box_loss   cls_loss   dfl_loss  Instances       Size
     48/100      4.47G      1.432     0.7498      1.309          8        640: 1
                 Class     Images  Instances      Box(P          R      mAP50  m
                   all       1547       9630       0.87      0.755       0.81      0.467

      Epoch    GPU_mem   box_loss   cls_loss   dfl_loss  Instances       Size
     49/100      4.47G      1.427     0.7434      1.321         19        640: 1
                 Class     Images  Instances      Box(P          R      mAP50  m
                   all       1547       9630      0.849      0.761      0.811      0.468

      Epoch    GPU_mem   box_loss   cls_loss   dfl_loss  Instances       Size
     50/100      4.47G      1.426     0.7507      1.314          8        640: 1
                 Class     Images  Instances      Box(P          R      mAP50  m
                   all       1547       9630      0.858      0.738      0.797      0.464

      Epoch    GPU_mem   box_loss   cls_loss   dfl_loss  Instances       Size
     51/100      4.47G      1.412      0.745      1.303         13        640: 1
                 Class     Images  Instances      Box(P          R      mAP50  m
                   all       1547       9630      0.869      0.752      0.809      0.469

      Epoch    GPU_mem   box_loss   cls_loss   dfl_loss  Instances       Size
     52/100      4.47G      1.401     0.7355      1.288         16        640: 1
                 Class     Images  Instances      Box(P          R      mAP50  m
                   all       1547       9630      0.864      0.748      0.804      0.468

      Epoch    GPU_mem   box_loss   cls_loss   dfl_loss  Instances       Size
     53/100      4.47G      1.399     0.7329      1.294         12        640: 1
                 Class     Images  Instances      Box(P          R      mAP50  m
                   all       1547       9630      0.878      0.751        0.8      0.468

      Epoch    GPU_mem   box_loss   cls_loss   dfl_loss  Instances       Size
     54/100      4.47G      1.415     0.7428        1.3          2        640: 1
                 Class     Images  Instances      Box(P          R      mAP50  m
                   all       1547       9630      0.884      0.747      0.815      0.476

      Epoch    GPU_mem   box_loss   cls_loss   dfl_loss  Instances       Size
     55/100      4.47G      1.388      0.726      1.288         17        640: 1
                 Class     Images  Instances      Box(P          R      mAP50  m
                   all       1547       9630      0.863       0.75      0.809       0.47

      Epoch    GPU_mem   box_loss   cls_loss   dfl_loss  Instances       Size
     56/100      4.47G      1.389     0.7273       1.29         10        640: 1
                 Class     Images  Instances      Box(P          R      mAP50  m
                   all       1547       9630      0.882      0.739      0.812      0.468

      Epoch    GPU_mem   box_loss   cls_loss   dfl_loss  Instances       Size
     57/100      4.47G      1.377     0.7259      1.281          1        640: 1
                 Class     Images  Instances      Box(P          R      mAP50  m
                   all       1547       9630      0.871      0.743      0.808      0.469

      Epoch    GPU_mem   box_loss   cls_loss   dfl_loss  Instances       Size
     58/100      4.49G       1.39     0.7217      1.286          6        640: 1
                 Class     Images  Instances      Box(P          R      mAP50  m
                   all       1547       9630      0.872      0.746      0.807      0.471

      Epoch    GPU_mem   box_loss   cls_loss   dfl_loss  Instances       Size
     59/100       4.5G      1.362      0.703       1.27         15        640: 1
                 Class     Images  Instances      Box(P          R      mAP50  m
                   all       1547       9630      0.863      0.734      0.798      0.468

      Epoch    GPU_mem   box_loss   cls_loss   dfl_loss  Instances       Size
     60/100       4.5G      1.366       0.71      1.268          5        640: 1
                 Class     Images  Instances      Box(P          R      mAP50  m
                   all       1547       9630      0.873      0.743      0.798       0.47

      Epoch    GPU_mem   box_loss   cls_loss   dfl_loss  Instances       Size
     61/100       4.5G      1.365     0.7001      1.279          5        640: 1
                 Class     Images  Instances      Box(P          R      mAP50  m
                   all       1547       9630      0.858      0.745      0.789      0.464

      Epoch    GPU_mem   box_loss   cls_loss   dfl_loss  Instances       Size
     62/100       4.5G      1.362     0.7141       1.27         11        640: 1
                 Class     Images  Instances      Box(P          R      mAP50  m
                   all       1547       9630      0.876      0.735      0.793      0.462

      Epoch    GPU_mem   box_loss   cls_loss   dfl_loss  Instances       Size
     63/100      4.71G      1.357     0.7029      1.265         11        640: 1
                 Class     Images  Instances      Box(P          R      mAP50  m
                   all       1547       9630      0.851      0.744      0.794      0.464

      Epoch    GPU_mem   box_loss   cls_loss   dfl_loss  Instances       Size
     64/100      4.71G      1.347     0.6921      1.258         10        640: 1
                 Class     Images  Instances      Box(P          R      mAP50  m
                   all       1547       9630      0.844      0.736      0.788      0.461

      Epoch    GPU_mem   box_loss   cls_loss   dfl_loss  Instances       Size
     65/100      4.71G      1.358      0.699      1.266         34        640: 1
                 Class     Images  Instances      Box(P          R      mAP50  m
                   all       1547       9630      0.841      0.737      0.787      0.461

      Epoch    GPU_mem   box_loss   cls_loss   dfl_loss  Instances       Size
     66/100      4.71G      1.345     0.6909       1.26         16        640: 1
                 Class     Images  Instances      Box(P          R      mAP50  m
                   all       1547       9630      0.859      0.743      0.795      0.464

      Epoch    GPU_mem   box_loss   cls_loss   dfl_loss  Instances       Size
     67/100      4.71G       1.33     0.6854      1.259         10        640: 1
                 Class     Images  Instances      Box(P          R      mAP50  m
                   all       1547       9630      0.869      0.743      0.799      0.464

      Epoch    GPU_mem   box_loss   cls_loss   dfl_loss  Instances       Size
     68/100      4.71G      1.325     0.6789      1.257          2        640: 1
                 Class     Images  Instances      Box(P          R      mAP50  m
                   all       1547       9630      0.876      0.739      0.801      0.469

      Epoch    GPU_mem   box_loss   cls_loss   dfl_loss  Instances       Size
     69/100      4.71G      1.318     0.6746       1.25          6        640: 1
                 Class     Images  Instances      Box(P          R      mAP50  m
                   all       1547       9630      0.882       0.74      0.803       0.47

      Epoch    GPU_mem   box_loss   cls_loss   dfl_loss  Instances       Size
     70/100      4.71G      1.316     0.6723       1.25          3        640: 1
                 Class     Images  Instances      Box(P          R      mAP50  m
                   all       1547       9630      0.876      0.747      0.804       0.47

      Epoch    GPU_mem   box_loss   cls_loss   dfl_loss  Instances       Size
     71/100      4.71G      1.305     0.6552      1.251         13        640: 1
                 Class     Images  Instances      Box(P          R      mAP50  m
                   all       1547       9630      0.873      0.747      0.801      0.469

      Epoch    GPU_mem   box_loss   cls_loss   dfl_loss  Instances       Size
     72/100      4.71G      1.316     0.6815      1.256          2        640: 1
                 Class     Images  Instances      Box(P          R      mAP50  m
                   all       1547       9630       0.86      0.754        0.8      0.468

      Epoch    GPU_mem   box_loss   cls_loss   dfl_loss  Instances       Size
     73/100      4.71G      1.298     0.6597      1.235          7        640: 1
                 Class     Images  Instances      Box(P          R      mAP50  m
                   all       1547       9630      0.863      0.755      0.807      0.469

      Epoch    GPU_mem   box_loss   cls_loss   dfl_loss  Instances       Size
     74/100      4.71G      1.291     0.6521      1.236         10        640: 1
                 Class     Images  Instances      Box(P          R      mAP50  m
                   all       1547       9630      0.852      0.755      0.804      0.469

      Epoch    GPU_mem   box_loss   cls_loss   dfl_loss  Instances       Size
     75/100      4.71G      1.302     0.6611       1.23         24        640: 1
                 Class     Images  Instances      Box(P          R      mAP50  m
                   all       1547       9630      0.856      0.753      0.804      0.469

      Epoch    GPU_mem   box_loss   cls_loss   dfl_loss  Instances       Size
     76/100      4.71G      1.294     0.6554      1.235          7        640: 1
                 Class     Images  Instances      Box(P          R      mAP50  m
                   all       1547       9630      0.853      0.752      0.799      0.468

      Epoch    GPU_mem   box_loss   cls_loss   dfl_loss  Instances       Size
     77/100      4.71G      1.281     0.6389      1.226          6        640: 1
                 Class     Images  Instances      Box(P          R      mAP50  m
                   all       1547       9630      0.854       0.75        0.8      0.468

      Epoch    GPU_mem   box_loss   cls_loss   dfl_loss  Instances       Size
     78/100      4.71G      1.281     0.6457      1.228         19        640: 1
                 Class     Images  Instances      Box(P          R      mAP50  m
                   all       1547       9630      0.857      0.754      0.806      0.471

      Epoch    GPU_mem   box_loss   cls_loss   dfl_loss  Instances       Size
     79/100      4.71G      1.277     0.6415      1.216          9        640: 1
                 Class     Images  Instances      Box(P          R      mAP50  m
                   all       1547       9630      0.851      0.755      0.808      0.473

      Epoch    GPU_mem   box_loss   cls_loss   dfl_loss  Instances       Size
     80/100      4.71G      1.284     0.6518      1.226          7        640: 1
                 Class     Images  Instances      Box(P          R      mAP50  m
                   all       1547       9630      0.853      0.757       0.81      0.473

      Epoch    GPU_mem   box_loss   cls_loss   dfl_loss  Instances       Size
     81/100      4.71G      1.272     0.6387      1.213          3        640: 1
                 Class     Images  Instances      Box(P          R      mAP50  m
                   all       1547       9630      0.859      0.756      0.809      0.471

      Epoch    GPU_mem   box_loss   cls_loss   dfl_loss  Instances       Size
     82/100      4.71G      1.274     0.6383      1.221          3        640: 1
                 Class     Images  Instances      Box(P          R      mAP50  m
                   all       1547       9630      0.861      0.758      0.809      0.471

      Epoch    GPU_mem   box_loss   cls_loss   dfl_loss  Instances       Size
     83/100      4.71G      1.271     0.6437      1.229         24        640: 1
                 Class     Images  Instances      Box(P          R      mAP50  m
                   all       1547       9630      0.857      0.758      0.806      0.471

      Epoch    GPU_mem   box_loss   cls_loss   dfl_loss  Instances       Size
     84/100      4.71G      1.255     0.6302      1.213         11        640: 1
                 Class     Images  Instances      Box(P          R      mAP50  m
                   all       1547       9630      0.859       0.76      0.807      0.471

      Epoch    GPU_mem   box_loss   cls_loss   dfl_loss  Instances       Size
     85/100      4.71G      1.263     0.6304      1.211          4        640: 1
                 Class     Images  Instances      Box(P          R      mAP50  m
                   all       1547       9630      0.856      0.761      0.805       0.47

      Epoch    GPU_mem   box_loss   cls_loss   dfl_loss  Instances       Size
     86/100      4.71G      1.241     0.6231      1.197          4        640: 1
                 Class     Images  Instances      Box(P          R      mAP50  m
                   all       1547       9630      0.861      0.759      0.806      0.471

      Epoch    GPU_mem   box_loss   cls_loss   dfl_loss  Instances       Size
     87/100      4.71G      1.243     0.6396      1.209          6        640: 1
                 Class     Images  Instances      Box(P          R      mAP50  m
                   all       1547       9630      0.866       0.76      0.808      0.471

      Epoch    GPU_mem   box_loss   cls_loss   dfl_loss  Instances       Size
     88/100      4.71G      1.233     0.6176      1.192         28        640: 1
                 Class     Images  Instances      Box(P          R      mAP50  m
                   all       1547       9630      0.865       0.76      0.809      0.471

      Epoch    GPU_mem   box_loss   cls_loss   dfl_loss  Instances       Size
     89/100      4.71G      1.233      0.622      1.203         24        640: 1
                 Class     Images  Instances      Box(P          R      mAP50  m
                   all       1547       9630      0.854      0.762      0.807       0.47

      Epoch    GPU_mem   box_loss   cls_loss   dfl_loss  Instances       Size
     90/100      4.71G      1.225     0.6076      1.184          8        640: 1
                 Class     Images  Instances      Box(P          R      mAP50  m
                   all       1547       9630      0.857       0.76      0.807       0.47
Closing dataloader mosaic

      Epoch    GPU_mem   box_loss   cls_loss   dfl_loss  Instances       Size
     91/100      4.71G      1.205     0.6071        1.2          2        640: 1
                 Class     Images  Instances      Box(P          R      mAP50  m
                   all       1547       9630      0.863       0.76      0.807      0.469

      Epoch    GPU_mem   box_loss   cls_loss   dfl_loss  Instances       Size
     92/100      4.71G      1.189     0.6003      1.193          2        640: 1
                 Class     Images  Instances      Box(P          R      mAP50  m
                   all       1547       9630      0.866       0.76      0.808      0.468

      Epoch    GPU_mem   box_loss   cls_loss   dfl_loss  Instances       Size
     93/100      4.71G       1.18     0.5911      1.187         11        640: 1
                 Class     Images  Instances      Box(P          R      mAP50  m
                   all       1547       9630      0.862      0.758      0.806      0.466

      Epoch    GPU_mem   box_loss   cls_loss   dfl_loss  Instances       Size
     94/100      4.71G      1.176     0.5946      1.184         13        640: 1
                 Class     Images  Instances      Box(P          R      mAP50  m
                   all       1547       9630      0.864      0.758      0.804      0.466

      Epoch    GPU_mem   box_loss   cls_loss   dfl_loss  Instances       Size
     95/100      4.71G      1.168     0.5945      1.184          2        640: 1
                 Class     Images  Instances      Box(P          R      mAP50  m
                   all       1547       9630      0.866      0.758      0.805      0.466

      Epoch    GPU_mem   box_loss   cls_loss   dfl_loss  Instances       Size
     96/100      4.71G      1.163     0.5876      1.173          9        640: 1
                 Class     Images  Instances      Box(P          R      mAP50  m
                   all       1547       9630      0.866      0.758      0.806      0.466

      Epoch    GPU_mem   box_loss   cls_loss   dfl_loss  Instances       Size
     97/100      4.71G      1.174     0.5887      1.189          7        640: 1
                 Class     Images  Instances      Box(P          R      mAP50  m
                   all       1547       9630      0.865      0.758      0.806      0.466

      Epoch    GPU_mem   box_loss   cls_loss   dfl_loss  Instances       Size
     98/100      4.71G      1.158     0.5887      1.171          1        640: 1
                 Class     Images  Instances      Box(P          R      mAP50  m
                   all       1547       9630      0.865      0.759      0.806      0.466

      Epoch    GPU_mem   box_loss   cls_loss   dfl_loss  Instances       Size
     99/100      4.71G      1.146     0.5773      1.167          6        640: 1
                 Class     Images  Instances      Box(P          R      mAP50  m
                   all       1547       9630      0.866      0.759      0.805      0.466

      Epoch    GPU_mem   box_loss   cls_loss   dfl_loss  Instances       Size
    100/100      4.71G      1.144      0.578      1.167          8        640: 1
                 Class     Images  Instances      Box(P          R      mAP50  m
                   all       1547       9630      0.867      0.757      0.806      0.467

100 epochs completed in 15.103 hours.
Optimizer stripped from .yolo-out-sds3/yolo11a-sds-2/weights/last.pt, 27.2MB
Optimizer stripped from .yolo-out-sds3/yolo11a-sds-2/weights/best.pt, 27.2MB

Validating .yolo-out-sds3/yolo11a-sds-2/weights/best.pt...
Ultralytics 8.3.150 🚀 Python-3.13.2 torch-2.6.0+cu118 CUDA:0 (Tesla T4, 14913MiB)
                                                       CUDA:1 (Tesla T4, 14913MiB)
model summary (fused): 125 layers, 13,119,135 parameters, 0 gradients, 91.7 GFLOPs
                 Class     Images  Instances      Box(P          R      mAP50  m
                   all       1547       9630      0.884      0.747      0.816      0.477
               swimmer       1286       6206      0.848      0.825      0.833       0.38
                  boat        915       2214      0.925      0.954      0.945      0.691
                jetski        320        320      0.801      0.787      0.804       0.49
life_saving_appliances        191        330      0.931      0.427       0.65      0.311
                  buoy        352        560      0.917      0.741      0.847      0.512
Speed: 0.2ms preprocess, 12.6ms inference, 0.0ms loss, 1.1ms postprocess per image
Results saved to .yolo-out-sds3/yolo11a-sds-2