Overriding model.yaml nc=80 with nc=8
Freezing layer 'model.23.dfl.conv.weight'
AMP: running Automatic Mixed Precision (AMP) checks...
AMP: checks passed ✅
train: Fast image access ✅ (ping: 0.1±0.0 ms, read: 182.1±16.7 MB/s, size: 50.5 KB)
train: Scanning /data2/jd1/datasets/kitti/labels/train.cache... 5985 images, 0 backgrounds, 0 corrupt: 100%|██████████| 5985/5985 [00:00<?, ?it/s]
val: Fast image access ✅ (ping: 0.0±0.0 ms, read: 754.0±261.4 MB/s, size: 52.3 KB)
val: Scanning /data2/jd1/datasets/kitti/labels/val.cache... 1496 images, 0 backgrounds, 0 corrupt: 100%|██████████| 1496/1496 [00:00<?, ?it/s]
Plotting labels to yolo-kitti/yolo11-kitti-3/labels.jpg...
optimizer: 'optimizer=auto' found, ignoring 'lr0=0.01' and 'momentum=0.937' and determining best 'optimizer', 'lr0' and 'momentum' automatically...
optimizer: AdamW(lr=0.000833, momentum=0.9) with parameter groups 106 weight(decay=0.0), 113 weight(decay=0.0005), 112 bias(decay=0.0)
Image sizes 640 train, 640 val
Using 16 dataloader workers
Logging results to yolo-kitti/yolo11-kitti-3
Starting training for 100 epochs...

      Epoch    GPU_mem   box_loss   cls_loss   dfl_loss  Instances       Size
      1/100      4.29G      3.241      3.331       2.97          6        640: 100%|██████████| 375/375 [01:57<00:00,  3.19it/s]
                 Class     Images  Instances      Box(P          R      mAP50  mAP50-95): 100%|██████████| 94/94 [00:10<00:00,  9.32it/s]
                   all       1496       8128      0.536      0.113      0.088     0.0371

      Epoch    GPU_mem   box_loss   cls_loss   dfl_loss  Instances       Size
      2/100      4.36G      2.055      1.694      1.683          8        640: 100%|██████████| 375/375 [01:55<00:00,  3.24it/s]
                 Class     Images  Instances      Box(P          R      mAP50  mAP50-95): 100%|██████████| 94/94 [00:10<00:00,  9.25it/s]
                   all       1496       8128      0.523      0.169       0.19     0.0961

      Epoch    GPU_mem   box_loss   cls_loss   dfl_loss  Instances       Size
      3/100      4.44G      1.734      1.371      1.456          4        640: 100%|██████████| 375/375 [01:55<00:00,  3.26it/s]
                 Class     Images  Instances      Box(P          R      mAP50  mAP50-95): 100%|██████████| 94/94 [00:10<00:00,  9.30it/s]
                   all       1496       8128      0.494       0.28      0.281      0.146

      Epoch    GPU_mem   box_loss   cls_loss   dfl_loss  Instances       Size
      4/100      4.44G      1.569      1.228      1.351         14        640: 100%|██████████| 375/375 [01:53<00:00,  3.30it/s]
                 Class     Images  Instances      Box(P          R      mAP50  mAP50-95): 100%|██████████| 94/94 [00:11<00:00,  8.34it/s]
                   all       1496       8128      0.501      0.315      0.331      0.178

      Epoch    GPU_mem   box_loss   cls_loss   dfl_loss  Instances       Size
      5/100       4.5G      1.464      1.111      1.284          6        640: 100%|██████████| 375/375 [01:54<00:00,  3.28it/s]
                 Class     Images  Instances      Box(P          R      mAP50  mAP50-95): 100%|██████████| 94/94 [00:10<00:00,  9.19it/s]
                   all       1496       8128      0.701      0.348      0.404       0.22

      Epoch    GPU_mem   box_loss   cls_loss   dfl_loss  Instances       Size
      6/100       4.5G      1.398      1.037      1.242          5        640: 100%|██████████| 375/375 [01:52<00:00,  3.32it/s]
                 Class     Images  Instances      Box(P          R      mAP50  mAP50-95): 100%|██████████| 94/94 [00:10<00:00,  9.39it/s]
                   all       1496       8128      0.679      0.417      0.477      0.265

      Epoch    GPU_mem   box_loss   cls_loss   dfl_loss  Instances       Size
      7/100      4.55G      1.328     0.9803      1.205         10        640: 100%|██████████| 375/375 [01:53<00:00,  3.31it/s]
                 Class     Images  Instances      Box(P          R      mAP50  mAP50-95): 100%|██████████| 94/94 [00:10<00:00,  9.35it/s]
                   all       1496       8128      0.616       0.44       0.49      0.277

      Epoch    GPU_mem   box_loss   cls_loss   dfl_loss  Instances       Size
      8/100      4.55G      1.295     0.9393      1.189         13        640: 100%|██████████| 375/375 [01:52<00:00,  3.33it/s]
                 Class     Images  Instances      Box(P          R      mAP50  mAP50-95): 100%|██████████| 94/94 [00:10<00:00,  9.33it/s]
                   all       1496       8128      0.541        0.5      0.506      0.291

      Epoch    GPU_mem   box_loss   cls_loss   dfl_loss  Instances       Size
      9/100      4.55G      1.232      0.887      1.156         18        640: 100%|██████████| 375/375 [01:53<00:00,  3.32it/s]
                 Class     Images  Instances      Box(P          R      mAP50  mAP50-95): 100%|██████████| 94/94 [00:10<00:00,  9.38it/s]
                   all       1496       8128      0.672      0.505      0.567      0.333

      Epoch    GPU_mem   box_loss   cls_loss   dfl_loss  Instances       Size
     10/100      4.55G      1.211     0.8539      1.144          9        640: 100%|██████████| 375/375 [01:52<00:00,  3.32it/s]
                 Class     Images  Instances      Box(P          R      mAP50  mAP50-95): 100%|██████████| 94/94 [00:10<00:00,  9.29it/s]
                   all       1496       8128      0.654      0.501      0.561      0.329

      Epoch    GPU_mem   box_loss   cls_loss   dfl_loss  Instances       Size
     11/100      4.55G      1.184     0.8288      1.132          5        640: 100%|██████████| 375/375 [01:54<00:00,  3.28it/s]
                 Class     Images  Instances      Box(P          R      mAP50  mAP50-95): 100%|██████████| 94/94 [00:10<00:00,  9.13it/s]
                   all       1496       8128      0.694      0.545      0.612      0.369

      Epoch    GPU_mem   box_loss   cls_loss   dfl_loss  Instances       Size
     12/100      4.55G      1.172     0.8178      1.127         16        640: 100%|██████████| 375/375 [01:52<00:00,  3.33it/s]
                 Class     Images  Instances      Box(P          R      mAP50  mAP50-95): 100%|██████████| 94/94 [00:10<00:00,  9.25it/s]
                   all       1496       8128      0.663      0.549      0.621      0.379

      Epoch    GPU_mem   box_loss   cls_loss   dfl_loss  Instances       Size
     13/100      4.55G      1.143     0.7878      1.111          4        640: 100%|██████████| 375/375 [01:53<00:00,  3.31it/s]
                 Class     Images  Instances      Box(P          R      mAP50  mAP50-95): 100%|██████████| 94/94 [00:10<00:00,  9.38it/s]
                   all       1496       8128      0.712      0.573      0.639      0.388

      Epoch    GPU_mem   box_loss   cls_loss   dfl_loss  Instances       Size
     14/100      4.55G      1.118     0.7773      1.104          7        640: 100%|██████████| 375/375 [01:53<00:00,  3.32it/s]
                 Class     Images  Instances      Box(P          R      mAP50  mAP50-95): 100%|██████████| 94/94 [00:10<00:00,  9.39it/s]
                   all       1496       8128      0.686      0.603      0.654       0.41

      Epoch    GPU_mem   box_loss   cls_loss   dfl_loss  Instances       Size
     15/100      4.55G      1.119     0.7652      1.097          4        640: 100%|██████████| 375/375 [01:52<00:00,  3.32it/s]
                 Class     Images  Instances      Box(P          R      mAP50  mAP50-95): 100%|██████████| 94/94 [00:09<00:00,  9.45it/s]
                   all       1496       8128      0.732      0.588      0.665      0.404

      Epoch    GPU_mem   box_loss   cls_loss   dfl_loss  Instances       Size
     16/100      4.55G      1.082     0.7416      1.085          9        640: 100%|██████████| 375/375 [01:52<00:00,  3.34it/s]
                 Class     Images  Instances      Box(P          R      mAP50  mAP50-95): 100%|██████████| 94/94 [00:09<00:00,  9.44it/s]
                   all       1496       8128      0.674      0.626      0.677      0.425

      Epoch    GPU_mem   box_loss   cls_loss   dfl_loss  Instances       Size
     17/100      4.55G      1.074     0.7225      1.079         11        640: 100%|██████████| 375/375 [01:52<00:00,  3.34it/s]
                 Class     Images  Instances      Box(P          R      mAP50  mAP50-95): 100%|██████████| 94/94 [00:10<00:00,  9.09it/s]
                   all       1496       8128      0.764      0.612      0.705      0.443

      Epoch    GPU_mem   box_loss   cls_loss   dfl_loss  Instances       Size
     18/100      4.55G       1.06     0.7097       1.07         17        640: 100%|██████████| 375/375 [01:52<00:00,  3.33it/s]
                 Class     Images  Instances      Box(P          R      mAP50  mAP50-95): 100%|██████████| 94/94 [00:09<00:00,  9.45it/s]
                   all       1496       8128      0.739      0.646      0.707      0.445

      Epoch    GPU_mem   box_loss   cls_loss   dfl_loss  Instances       Size
     19/100      4.55G       1.05     0.7076      1.066          7        640: 100%|██████████| 375/375 [01:52<00:00,  3.32it/s]
                 Class     Images  Instances      Box(P          R      mAP50  mAP50-95): 100%|██████████| 94/94 [00:09<00:00,  9.48it/s]
                   all       1496       8128      0.749      0.644      0.717      0.455

      Epoch    GPU_mem   box_loss   cls_loss   dfl_loss  Instances       Size
     20/100      4.55G      1.044     0.6888      1.065          5        640: 100%|██████████| 375/375 [01:52<00:00,  3.33it/s]
                 Class     Images  Instances      Box(P          R      mAP50  mAP50-95): 100%|██████████| 94/94 [00:09<00:00,  9.47it/s]
                   all       1496       8128      0.756      0.639      0.732      0.473

      Epoch    GPU_mem   box_loss   cls_loss   dfl_loss  Instances       Size
     21/100      4.55G      1.016     0.6743      1.051         10        640: 100%|██████████| 375/375 [01:52<00:00,  3.32it/s]
                 Class     Images  Instances      Box(P          R      mAP50  mAP50-95): 100%|██████████| 94/94 [00:09<00:00,  9.48it/s]
                   all       1496       8128      0.751      0.667      0.732      0.473

      Epoch    GPU_mem   box_loss   cls_loss   dfl_loss  Instances       Size
     22/100      4.55G      1.008     0.6644      1.049         16        640: 100%|██████████| 375/375 [01:52<00:00,  3.34it/s]
                 Class     Images  Instances      Box(P          R      mAP50  mAP50-95): 100%|██████████| 94/94 [00:09<00:00,  9.44it/s]
                   all       1496       8128      0.792      0.652      0.744      0.484

      Epoch    GPU_mem   box_loss   cls_loss   dfl_loss  Instances       Size
     23/100      4.55G     0.9876     0.6546      1.042          5        640: 100%|██████████| 375/375 [01:53<00:00,  3.31it/s]
                 Class     Images  Instances      Box(P          R      mAP50  mAP50-95): 100%|██████████| 94/94 [00:10<00:00,  9.31it/s]
                   all       1496       8128      0.801       0.68      0.766      0.494

      Epoch    GPU_mem   box_loss   cls_loss   dfl_loss  Instances       Size
     24/100      4.55G     0.9828      0.644      1.035          6        640: 100%|██████████| 375/375 [01:52<00:00,  3.33it/s]
                 Class     Images  Instances      Box(P          R      mAP50  mAP50-95): 100%|██████████| 94/94 [00:09<00:00,  9.40it/s]
                   all       1496       8128      0.786      0.679      0.761      0.499

      Epoch    GPU_mem   box_loss   cls_loss   dfl_loss  Instances       Size
     25/100      4.55G     0.9652     0.6289       1.03         14        640: 100%|██████████| 375/375 [01:52<00:00,  3.32it/s]
                 Class     Images  Instances      Box(P          R      mAP50  mAP50-95): 100%|██████████| 94/94 [00:09<00:00,  9.47it/s]
                   all       1496       8128      0.813      0.683      0.769      0.503

      Epoch    GPU_mem   box_loss   cls_loss   dfl_loss  Instances       Size
     26/100      4.55G     0.9722     0.6286       1.03          9        640: 100%|██████████| 375/375 [01:52<00:00,  3.34it/s]
                 Class     Images  Instances      Box(P          R      mAP50  mAP50-95): 100%|██████████| 94/94 [00:09<00:00,  9.46it/s]
                   all       1496       8128      0.811      0.687      0.778      0.512

      Epoch    GPU_mem   box_loss   cls_loss   dfl_loss  Instances       Size
     27/100      4.55G     0.9621     0.6226      1.025         10        640: 100%|██████████| 375/375 [01:53<00:00,  3.31it/s]
                 Class     Images  Instances      Box(P          R      mAP50  mAP50-95): 100%|██████████| 94/94 [00:09<00:00,  9.40it/s]
                   all       1496       8128      0.766      0.702      0.765      0.504

      Epoch    GPU_mem   box_loss   cls_loss   dfl_loss  Instances       Size
     28/100      4.55G     0.9505     0.6144      1.019         13        640: 100%|██████████| 375/375 [01:53<00:00,  3.32it/s]
                 Class     Images  Instances      Box(P          R      mAP50  mAP50-95): 100%|██████████| 94/94 [00:09<00:00,  9.47it/s]
                   all       1496       8128      0.815      0.682      0.772      0.515

      Epoch    GPU_mem   box_loss   cls_loss   dfl_loss  Instances       Size
     29/100      4.55G     0.9512     0.6118      1.015          8        640: 100%|██████████| 375/375 [01:53<00:00,  3.32it/s]
                 Class     Images  Instances      Box(P          R      mAP50  mAP50-95): 100%|██████████| 94/94 [00:10<00:00,  9.26it/s]
                   all       1496       8128      0.762      0.729      0.787      0.532

      Epoch    GPU_mem   box_loss   cls_loss   dfl_loss  Instances       Size
     30/100      4.55G     0.9317     0.6016      1.012         19        640: 100%|██████████| 375/375 [01:54<00:00,  3.29it/s]
                 Class     Images  Instances      Box(P          R      mAP50  mAP50-95): 100%|██████████| 94/94 [00:10<00:00,  9.40it/s]
                   all       1496       8128      0.849      0.716      0.799      0.539

      Epoch    GPU_mem   box_loss   cls_loss   dfl_loss  Instances       Size
     31/100      4.55G     0.9272     0.5948      1.009         16        640: 100%|██████████| 375/375 [01:53<00:00,  3.31it/s]
                 Class     Images  Instances      Box(P          R      mAP50  mAP50-95): 100%|██████████| 94/94 [00:09<00:00,  9.43it/s]
                   all       1496       8128      0.802       0.74      0.804      0.542

      Epoch    GPU_mem   box_loss   cls_loss   dfl_loss  Instances       Size
     32/100      4.55G     0.9177     0.5831      1.001          7        640: 100%|██████████| 375/375 [01:53<00:00,  3.32it/s]
                 Class     Images  Instances      Box(P          R      mAP50  mAP50-95): 100%|██████████| 94/94 [00:09<00:00,  9.44it/s]
                   all       1496       8128      0.786      0.734      0.801      0.539

      Epoch    GPU_mem   box_loss   cls_loss   dfl_loss  Instances       Size
     33/100      4.55G     0.9215     0.5886      1.006          3        640: 100%|██████████| 375/375 [01:52<00:00,  3.33it/s]
                 Class     Images  Instances      Box(P          R      mAP50  mAP50-95): 100%|██████████| 94/94 [00:09<00:00,  9.42it/s]
                   all       1496       8128      0.804      0.739      0.807      0.547

      Epoch    GPU_mem   box_loss   cls_loss   dfl_loss  Instances       Size
     34/100      4.55G     0.8956     0.5665     0.9898          6        640: 100%|██████████| 375/375 [01:52<00:00,  3.33it/s]
                 Class     Images  Instances      Box(P          R      mAP50  mAP50-95): 100%|██████████| 94/94 [00:09<00:00,  9.42it/s]
                   all       1496       8128      0.817      0.735      0.803       0.55

      Epoch    GPU_mem   box_loss   cls_loss   dfl_loss  Instances       Size
     35/100      4.55G     0.9069     0.5701     0.9998         17        640: 100%|██████████| 375/375 [01:52<00:00,  3.33it/s]
                 Class     Images  Instances      Box(P          R      mAP50  mAP50-95): 100%|██████████| 94/94 [00:09<00:00,  9.49it/s]
                   all       1496       8128      0.837      0.718      0.804      0.554

      Epoch    GPU_mem   box_loss   cls_loss   dfl_loss  Instances       Size
     36/100      4.55G     0.8946     0.5695     0.9958          5        640: 100%|██████████| 375/375 [01:52<00:00,  3.33it/s]
                 Class     Images  Instances      Box(P          R      mAP50  mAP50-95): 100%|██████████| 94/94 [00:09<00:00,  9.47it/s]
                   all       1496       8128      0.873      0.718      0.819      0.562

      Epoch    GPU_mem   box_loss   cls_loss   dfl_loss  Instances       Size
     37/100      4.55G     0.8667     0.5467     0.9841         20        640: 100%|██████████| 375/375 [01:55<00:00,  3.26it/s]
                 Class     Images  Instances      Box(P          R      mAP50  mAP50-95): 100%|██████████| 94/94 [00:10<00:00,  8.64it/s]
                   all       1496       8128      0.848      0.731      0.819      0.565

      Epoch    GPU_mem   box_loss   cls_loss   dfl_loss  Instances       Size
     38/100      4.55G     0.8704     0.5536     0.9823          4        640: 100%|██████████| 375/375 [01:52<00:00,  3.32it/s]
                 Class     Images  Instances      Box(P          R      mAP50  mAP50-95): 100%|██████████| 94/94 [00:09<00:00,  9.45it/s]
                   all       1496       8128      0.869      0.732      0.829      0.573

      Epoch    GPU_mem   box_loss   cls_loss   dfl_loss  Instances       Size
     39/100      4.55G     0.8651     0.5438     0.9767          5        640: 100%|██████████| 375/375 [01:52<00:00,  3.32it/s]
                 Class     Images  Instances      Box(P          R      mAP50  mAP50-95): 100%|██████████| 94/94 [00:09<00:00,  9.42it/s]
                   all       1496       8128      0.867       0.75      0.832      0.576

      Epoch    GPU_mem   box_loss   cls_loss   dfl_loss  Instances       Size
     40/100      4.55G     0.8627      0.543     0.9827          8        640: 100%|██████████| 375/375 [01:52<00:00,  3.34it/s]
                 Class     Images  Instances      Box(P          R      mAP50  mAP50-95): 100%|██████████| 94/94 [00:09<00:00,  9.43it/s]
                   all       1496       8128      0.856      0.755      0.836      0.582

      Epoch    GPU_mem   box_loss   cls_loss   dfl_loss  Instances       Size
     41/100      4.55G     0.8604     0.5404     0.9775         19        640: 100%|██████████| 375/375 [01:54<00:00,  3.28it/s]
                 Class     Images  Instances      Box(P          R      mAP50  mAP50-95): 100%|██████████| 94/94 [00:10<00:00,  8.86it/s]
                   all       1496       8128      0.825       0.75      0.831      0.576

      Epoch    GPU_mem   box_loss   cls_loss   dfl_loss  Instances       Size
     42/100      4.55G     0.8546     0.5326     0.9731          7        640: 100%|██████████| 375/375 [01:54<00:00,  3.29it/s]
                 Class     Images  Instances      Box(P          R      mAP50  mAP50-95): 100%|██████████| 94/94 [00:09<00:00,  9.45it/s]
                   all       1496       8128      0.829       0.77      0.837      0.588

      Epoch    GPU_mem   box_loss   cls_loss   dfl_loss  Instances       Size
     43/100      4.55G      0.846     0.5308     0.9707         21        640: 100%|██████████| 375/375 [01:52<00:00,  3.33it/s]
                 Class     Images  Instances      Box(P          R      mAP50  mAP50-95): 100%|██████████| 94/94 [00:09<00:00,  9.44it/s]
                   all       1496       8128      0.839       0.77      0.833      0.584

      Epoch    GPU_mem   box_loss   cls_loss   dfl_loss  Instances       Size
     44/100      4.55G     0.8351     0.5206     0.9652          1        640: 100%|██████████| 375/375 [01:53<00:00,  3.31it/s]
                 Class     Images  Instances      Box(P          R      mAP50  mAP50-95): 100%|██████████| 94/94 [00:10<00:00,  9.26it/s]
                   all       1496       8128      0.818      0.782       0.84      0.587

      Epoch    GPU_mem   box_loss   cls_loss   dfl_loss  Instances       Size
     45/100      4.55G     0.8317     0.5183     0.9648          5        640: 100%|██████████| 375/375 [01:53<00:00,  3.32it/s]
                 Class     Images  Instances      Box(P          R      mAP50  mAP50-95): 100%|██████████| 94/94 [00:09<00:00,  9.47it/s]
                   all       1496       8128      0.836      0.779      0.839      0.589

      Epoch    GPU_mem   box_loss   cls_loss   dfl_loss  Instances       Size
     46/100      4.55G     0.8282     0.5138     0.9624          6        640: 100%|██████████| 375/375 [01:53<00:00,  3.30it/s]
                 Class     Images  Instances      Box(P          R      mAP50  mAP50-95): 100%|██████████| 94/94 [00:09<00:00,  9.42it/s]
                   all       1496       8128      0.858      0.775      0.843      0.599

      Epoch    GPU_mem   box_loss   cls_loss   dfl_loss  Instances       Size
     47/100      4.55G     0.8194     0.5107      0.959         20        640: 100%|██████████| 375/375 [01:53<00:00,  3.30it/s]
                 Class     Images  Instances      Box(P          R      mAP50  mAP50-95): 100%|██████████| 94/94 [00:09<00:00,  9.43it/s]
                   all       1496       8128      0.873      0.767      0.846      0.606

      Epoch    GPU_mem   box_loss   cls_loss   dfl_loss  Instances       Size
     48/100      4.55G     0.8143     0.5038     0.9583          9        640: 100%|██████████| 375/375 [01:52<00:00,  3.34it/s]
                 Class     Images  Instances      Box(P          R      mAP50  mAP50-95): 100%|██████████| 94/94 [00:09<00:00,  9.48it/s]
                   all       1496       8128      0.883      0.777      0.852      0.599

      Epoch    GPU_mem   box_loss   cls_loss   dfl_loss  Instances       Size
     49/100      4.55G     0.8063        0.5     0.9552         14        640: 100%|██████████| 375/375 [01:52<00:00,  3.33it/s]
                 Class     Images  Instances      Box(P          R      mAP50  mAP50-95): 100%|██████████| 94/94 [00:09<00:00,  9.46it/s]
                   all       1496       8128      0.858      0.779       0.85      0.599

      Epoch    GPU_mem   box_loss   cls_loss   dfl_loss  Instances       Size
     50/100      4.55G        0.8     0.4938     0.9523         16        640: 100%|██████████| 375/375 [01:52<00:00,  3.33it/s]
                 Class     Images  Instances      Box(P          R      mAP50  mAP50-95): 100%|██████████| 94/94 [00:09<00:00,  9.49it/s]
                   all       1496       8128      0.865      0.775      0.851      0.604

      Epoch    GPU_mem   box_loss   cls_loss   dfl_loss  Instances       Size
     51/100      4.55G     0.7933     0.4882     0.9515          5        640: 100%|██████████| 375/375 [01:53<00:00,  3.29it/s]
                 Class     Images  Instances      Box(P          R      mAP50  mAP50-95): 100%|██████████| 94/94 [00:09<00:00,  9.46it/s]
                   all       1496       8128      0.854      0.781      0.855       0.61

      Epoch    GPU_mem   box_loss   cls_loss   dfl_loss  Instances       Size
     52/100      4.55G     0.7956      0.496     0.9521         10        640: 100%|██████████| 375/375 [01:52<00:00,  3.33it/s]
                 Class     Images  Instances      Box(P          R      mAP50  mAP50-95): 100%|██████████| 94/94 [00:09<00:00,  9.44it/s]
                   all       1496       8128      0.893      0.778      0.859      0.612

      Epoch    GPU_mem   box_loss   cls_loss   dfl_loss  Instances       Size
     53/100      4.55G     0.7906     0.4863     0.9466          4        640: 100%|██████████| 375/375 [01:53<00:00,  3.30it/s]
                 Class     Images  Instances      Box(P          R      mAP50  mAP50-95): 100%|██████████| 94/94 [00:09<00:00,  9.46it/s]
                   all       1496       8128      0.883      0.796      0.869      0.615

      Epoch    GPU_mem   box_loss   cls_loss   dfl_loss  Instances       Size
     54/100      4.55G     0.7782     0.4797     0.9444          2        640: 100%|██████████| 375/375 [01:52<00:00,  3.33it/s]
                 Class     Images  Instances      Box(P          R      mAP50  mAP50-95): 100%|██████████| 94/94 [00:09<00:00,  9.48it/s]
                   all       1496       8128      0.875      0.795      0.867       0.62

      Epoch    GPU_mem   box_loss   cls_loss   dfl_loss  Instances       Size
     55/100      4.55G     0.7744      0.477     0.9399          6        640: 100%|██████████| 375/375 [01:52<00:00,  3.35it/s]
                 Class     Images  Instances      Box(P          R      mAP50  mAP50-95): 100%|██████████| 94/94 [00:09<00:00,  9.48it/s]
                   all       1496       8128      0.892      0.779      0.868      0.622

      Epoch    GPU_mem   box_loss   cls_loss   dfl_loss  Instances       Size
     56/100      4.55G     0.7766     0.4778      0.939          5        640: 100%|██████████| 375/375 [01:52<00:00,  3.33it/s]
                 Class     Images  Instances      Box(P          R      mAP50  mAP50-95): 100%|██████████| 94/94 [00:09<00:00,  9.47it/s]
                   all       1496       8128       0.87      0.798       0.87      0.621

      Epoch    GPU_mem   box_loss   cls_loss   dfl_loss  Instances       Size
     57/100      4.55G     0.7683     0.4713     0.9388         13        640: 100%|██████████| 375/375 [01:52<00:00,  3.34it/s]
                 Class     Images  Instances      Box(P          R      mAP50  mAP50-95): 100%|██████████| 94/94 [00:09<00:00,  9.46it/s]
                   all       1496       8128      0.898      0.793      0.876      0.625

      Epoch    GPU_mem   box_loss   cls_loss   dfl_loss  Instances       Size
     58/100      4.55G     0.7622     0.4671     0.9354          9        640: 100%|██████████| 375/375 [01:52<00:00,  3.32it/s]
                 Class     Images  Instances      Box(P          R      mAP50  mAP50-95): 100%|██████████| 94/94 [00:09<00:00,  9.48it/s]
                   all       1496       8128      0.907      0.795      0.871      0.622

      Epoch    GPU_mem   box_loss   cls_loss   dfl_loss  Instances       Size
     59/100      4.55G     0.7464     0.4601     0.9306         17        640: 100%|██████████| 375/375 [01:52<00:00,  3.35it/s]
                 Class     Images  Instances      Box(P          R      mAP50  mAP50-95): 100%|██████████| 94/94 [00:09<00:00,  9.44it/s]
                   all       1496       8128      0.872       0.81      0.875      0.628

      Epoch    GPU_mem   box_loss   cls_loss   dfl_loss  Instances       Size
     60/100      4.55G     0.7433     0.4599     0.9321         15        640: 100%|██████████| 375/375 [01:52<00:00,  3.33it/s]
                 Class     Images  Instances      Box(P          R      mAP50  mAP50-95): 100%|██████████| 94/94 [00:09<00:00,  9.47it/s]
                   all       1496       8128      0.888      0.802      0.873       0.63

      Epoch    GPU_mem   box_loss   cls_loss   dfl_loss  Instances       Size
     61/100      4.55G     0.7476     0.4637     0.9299         15        640: 100%|██████████| 375/375 [01:53<00:00,  3.32it/s]
                 Class     Images  Instances      Box(P          R      mAP50  mAP50-95): 100%|██████████| 94/94 [00:09<00:00,  9.43it/s]
                   all       1496       8128      0.893      0.804      0.876      0.636

      Epoch    GPU_mem   box_loss   cls_loss   dfl_loss  Instances       Size
     62/100      4.55G     0.7473     0.4613     0.9268          2        640: 100%|██████████| 375/375 [01:52<00:00,  3.33it/s]
                 Class     Images  Instances      Box(P          R      mAP50  mAP50-95): 100%|██████████| 94/94 [00:09<00:00,  9.45it/s]
                   all       1496       8128      0.896      0.783      0.874      0.637

      Epoch    GPU_mem   box_loss   cls_loss   dfl_loss  Instances       Size
     63/100      4.55G     0.7377     0.4541       0.92          2        640: 100%|██████████| 375/375 [01:52<00:00,  3.33it/s]
                 Class     Images  Instances      Box(P          R      mAP50  mAP50-95): 100%|██████████| 94/94 [00:09<00:00,  9.45it/s]
                   all       1496       8128       0.89      0.813      0.879      0.636

      Epoch    GPU_mem   box_loss   cls_loss   dfl_loss  Instances       Size
     64/100      4.55G     0.7444     0.4603     0.9279         17        640: 100%|██████████| 375/375 [01:55<00:00,  3.25it/s]
                 Class     Images  Instances      Box(P          R      mAP50  mAP50-95): 100%|██████████| 94/94 [00:11<00:00,  8.48it/s]
                   all       1496       8128      0.892      0.793      0.877       0.63

      Epoch    GPU_mem   box_loss   cls_loss   dfl_loss  Instances       Size
     65/100      4.55G     0.7476     0.4624     0.9248         13        640: 100%|██████████| 375/375 [01:55<00:00,  3.25it/s]
                 Class     Images  Instances      Box(P          R      mAP50  mAP50-95): 100%|██████████| 94/94 [00:11<00:00,  8.50it/s]
                   all       1496       8128      0.884       0.81      0.876      0.628

      Epoch    GPU_mem   box_loss   cls_loss   dfl_loss  Instances       Size
     66/100      4.55G     0.7343     0.4575     0.9202          9        640: 100%|██████████| 375/375 [01:53<00:00,  3.29it/s]
                 Class     Images  Instances      Box(P          R      mAP50  mAP50-95): 100%|██████████| 94/94 [00:09<00:00,  9.41it/s]
                   all       1496       8128       0.89      0.819      0.883      0.639

      Epoch    GPU_mem   box_loss   cls_loss   dfl_loss  Instances       Size
     67/100      4.55G     0.7277     0.4537     0.9187         14        640: 100%|██████████| 375/375 [01:53<00:00,  3.29it/s]
                 Class     Images  Instances      Box(P          R      mAP50  mAP50-95): 100%|██████████| 94/94 [00:09<00:00,  9.43it/s]
                   all       1496       8128      0.886      0.825      0.886      0.647

      Epoch    GPU_mem   box_loss   cls_loss   dfl_loss  Instances       Size
     68/100      4.55G     0.7253     0.4534     0.9174         22        640: 100%|██████████| 375/375 [01:53<00:00,  3.30it/s]
                 Class     Images  Instances      Box(P          R      mAP50  mAP50-95): 100%|██████████| 94/94 [00:09<00:00,  9.49it/s]
                   all       1496       8128      0.901      0.787      0.877       0.64

      Epoch    GPU_mem   box_loss   cls_loss   dfl_loss  Instances       Size
     69/100      4.55G     0.7296     0.4586     0.9206          7        640: 100%|██████████| 375/375 [01:53<00:00,  3.32it/s]
                 Class     Images  Instances      Box(P          R      mAP50  mAP50-95): 100%|██████████| 94/94 [00:10<00:00,  9.36it/s]
                   all       1496       8128      0.903      0.797      0.883      0.644

      Epoch    GPU_mem   box_loss   cls_loss   dfl_loss  Instances       Size
     70/100      4.55G      0.713     0.4453     0.9152          4        640: 100%|██████████| 375/375 [01:54<00:00,  3.29it/s]
                 Class     Images  Instances      Box(P          R      mAP50  mAP50-95): 100%|██████████| 94/94 [00:09<00:00,  9.49it/s]
                   all       1496       8128      0.909      0.809      0.876      0.643

      Epoch    GPU_mem   box_loss   cls_loss   dfl_loss  Instances       Size
     71/100      4.55G     0.7201     0.4469     0.9127         26        640: 100%|██████████| 375/375 [01:52<00:00,  3.33it/s]
                 Class     Images  Instances      Box(P          R      mAP50  mAP50-95): 100%|██████████| 94/94 [00:09<00:00,  9.46it/s]
                   all       1496       8128      0.905      0.815      0.888       0.65

      Epoch    GPU_mem   box_loss   cls_loss   dfl_loss  Instances       Size
     72/100      4.55G     0.7098     0.4426     0.9107         15        640: 100%|██████████| 375/375 [01:52<00:00,  3.34it/s]
                 Class     Images  Instances      Box(P          R      mAP50  mAP50-95): 100%|██████████| 94/94 [00:09<00:00,  9.45it/s]
                   all       1496       8128       0.87      0.829      0.881      0.647

      Epoch    GPU_mem   box_loss   cls_loss   dfl_loss  Instances       Size
     73/100      4.55G      0.706     0.4424      0.908          6        640: 100%|██████████| 375/375 [01:52<00:00,  3.32it/s]
                 Class     Images  Instances      Box(P          R      mAP50  mAP50-95): 100%|██████████| 94/94 [00:09<00:00,  9.45it/s]
                   all       1496       8128      0.932      0.797      0.886      0.648

      Epoch    GPU_mem   box_loss   cls_loss   dfl_loss  Instances       Size
     74/100      4.55G     0.6991     0.4361     0.9056         11        640: 100%|██████████| 375/375 [01:52<00:00,  3.33it/s]
                 Class     Images  Instances      Box(P          R      mAP50  mAP50-95): 100%|██████████| 94/94 [00:09<00:00,  9.45it/s]
                   all       1496       8128      0.899       0.82      0.888      0.649

      Epoch    GPU_mem   box_loss   cls_loss   dfl_loss  Instances       Size
     75/100      4.55G     0.7074     0.4444     0.9114          7        640: 100%|██████████| 375/375 [01:52<00:00,  3.34it/s]
                 Class     Images  Instances      Box(P          R      mAP50  mAP50-95): 100%|██████████| 94/94 [00:09<00:00,  9.44it/s]
                   all       1496       8128      0.903      0.805      0.886      0.648

      Epoch    GPU_mem   box_loss   cls_loss   dfl_loss  Instances       Size
     76/100      4.55G     0.6937     0.4327     0.9047          6        640: 100%|██████████| 375/375 [01:52<00:00,  3.33it/s]
                 Class     Images  Instances      Box(P          R      mAP50  mAP50-95): 100%|██████████| 94/94 [00:09<00:00,  9.48it/s]
                   all       1496       8128      0.877      0.829      0.884      0.654

      Epoch    GPU_mem   box_loss   cls_loss   dfl_loss  Instances       Size
     77/100      4.55G     0.6953     0.4342     0.9006          6        640: 100%|██████████| 375/375 [01:52<00:00,  3.34it/s]
                 Class     Images  Instances      Box(P          R      mAP50  mAP50-95): 100%|██████████| 94/94 [00:09<00:00,  9.47it/s]
                   all       1496       8128      0.921       0.82      0.895      0.659

      Epoch    GPU_mem   box_loss   cls_loss   dfl_loss  Instances       Size
     78/100      4.55G     0.6954     0.4343     0.9034         10        640: 100%|██████████| 375/375 [01:52<00:00,  3.33it/s]
                 Class     Images  Instances      Box(P          R      mAP50  mAP50-95): 100%|██████████| 94/94 [00:09<00:00,  9.41it/s]
                   all       1496       8128       0.91      0.816      0.895      0.661

      Epoch    GPU_mem   box_loss   cls_loss   dfl_loss  Instances       Size
     79/100      4.55G     0.6893     0.4319     0.9035          2        640: 100%|██████████| 375/375 [01:52<00:00,  3.34it/s]
                 Class     Images  Instances      Box(P          R      mAP50  mAP50-95): 100%|██████████| 94/94 [00:09<00:00,  9.48it/s]
                   all       1496       8128      0.915      0.813      0.893      0.659

      Epoch    GPU_mem   box_loss   cls_loss   dfl_loss  Instances       Size
     80/100      4.55G     0.6892     0.4283     0.8994         13        640: 100%|██████████| 375/375 [01:52<00:00,  3.32it/s]
                 Class     Images  Instances      Box(P          R      mAP50  mAP50-95): 100%|██████████| 94/94 [00:09<00:00,  9.46it/s]
                   all       1496       8128      0.904      0.826      0.895      0.661

      Epoch    GPU_mem   box_loss   cls_loss   dfl_loss  Instances       Size
     81/100      4.61G     0.6706     0.4194      0.896         18        640: 100%|██████████| 375/375 [01:52<00:00,  3.33it/s]
                 Class     Images  Instances      Box(P          R      mAP50  mAP50-95): 100%|██████████| 94/94 [00:10<00:00,  9.33it/s]
                   all       1496       8128      0.914      0.812      0.894       0.66

      Epoch    GPU_mem   box_loss   cls_loss   dfl_loss  Instances       Size
     82/100      4.61G     0.6838     0.4294     0.9009          8        640: 100%|██████████| 375/375 [01:52<00:00,  3.33it/s]
                 Class     Images  Instances      Box(P          R      mAP50  mAP50-95): 100%|██████████| 94/94 [00:09<00:00,  9.43it/s]
                   all       1496       8128      0.917      0.809      0.898      0.664

      Epoch    GPU_mem   box_loss   cls_loss   dfl_loss  Instances       Size
     83/100      4.61G     0.6797     0.4237     0.8982          2        640: 100%|██████████| 375/375 [01:53<00:00,  3.31it/s]
                 Class     Images  Instances      Box(P          R      mAP50  mAP50-95): 100%|██████████| 94/94 [00:09<00:00,  9.47it/s]
                   all       1496       8128      0.887       0.83      0.893      0.662

      Epoch    GPU_mem   box_loss   cls_loss   dfl_loss  Instances       Size
     84/100      4.61G     0.6643     0.4147     0.8932         19        640: 100%|██████████| 375/375 [01:53<00:00,  3.31it/s]
                 Class     Images  Instances      Box(P          R      mAP50  mAP50-95): 100%|██████████| 94/94 [00:09<00:00,  9.47it/s]
                   all       1496       8128      0.931      0.804      0.895      0.665

      Epoch    GPU_mem   box_loss   cls_loss   dfl_loss  Instances       Size
     85/100      4.61G     0.6725     0.4217     0.8963          5        640: 100%|██████████| 375/375 [01:52<00:00,  3.33it/s]
                 Class     Images  Instances      Box(P          R      mAP50  mAP50-95): 100%|██████████| 94/94 [00:09<00:00,  9.48it/s]
                   all       1496       8128      0.919      0.815      0.893      0.663

      Epoch    GPU_mem   box_loss   cls_loss   dfl_loss  Instances       Size
     86/100      4.61G     0.6562     0.4105      0.891          8        640: 100%|██████████| 375/375 [01:52<00:00,  3.32it/s]
                 Class     Images  Instances      Box(P          R      mAP50  mAP50-95): 100%|██████████| 94/94 [00:09<00:00,  9.41it/s]
                   all       1496       8128      0.903      0.813      0.892      0.664

      Epoch    GPU_mem   box_loss   cls_loss   dfl_loss  Instances       Size
     87/100      4.61G     0.6633     0.4157     0.8901         20        640: 100%|██████████| 375/375 [01:52<00:00,  3.33it/s]
                 Class     Images  Instances      Box(P          R      mAP50  mAP50-95): 100%|██████████| 94/94 [00:09<00:00,  9.49it/s]
                   all       1496       8128      0.911       0.83      0.895      0.666

      Epoch    GPU_mem   box_loss   cls_loss   dfl_loss  Instances       Size
     88/100      4.61G     0.6519     0.4072     0.8883          1        640: 100%|██████████| 375/375 [01:53<00:00,  3.31it/s]
                 Class     Images  Instances      Box(P          R      mAP50  mAP50-95): 100%|██████████| 94/94 [00:09<00:00,  9.47it/s]
                   all       1496       8128      0.889      0.836      0.895      0.666

      Epoch    GPU_mem   box_loss   cls_loss   dfl_loss  Instances       Size
     89/100      4.61G     0.6484     0.4088     0.8876          2        640: 100%|██████████| 375/375 [01:52<00:00,  3.33it/s]
                 Class     Images  Instances      Box(P          R      mAP50  mAP50-95): 100%|██████████| 94/94 [00:10<00:00,  8.96it/s]
                   all       1496       8128      0.898      0.825      0.892      0.663

      Epoch    GPU_mem   box_loss   cls_loss   dfl_loss  Instances       Size
     90/100      4.61G     0.6494     0.4081      0.888         20        640: 100%|██████████| 375/375 [01:52<00:00,  3.33it/s]
                 Class     Images  Instances      Box(P          R      mAP50  mAP50-95): 100%|██████████| 94/94 [00:09<00:00,  9.44it/s]
                   all       1496       8128      0.889      0.837      0.895      0.665
Closing dataloader mosaic

      Epoch    GPU_mem   box_loss   cls_loss   dfl_loss  Instances       Size
     91/100      4.61G     0.6277     0.3829     0.8753          5        640: 100%|██████████| 375/375 [01:52<00:00,  3.34it/s]
                 Class     Images  Instances      Box(P          R      mAP50  mAP50-95): 100%|██████████| 94/94 [00:09<00:00,  9.42it/s]
                   all       1496       8128      0.899      0.832      0.897      0.665

      Epoch    GPU_mem   box_loss   cls_loss   dfl_loss  Instances       Size
     92/100      4.61G     0.6133     0.3754     0.8716          5        640: 100%|██████████| 375/375 [01:52<00:00,  3.33it/s]
                 Class     Images  Instances      Box(P          R      mAP50  mAP50-95): 100%|██████████| 94/94 [00:09<00:00,  9.42it/s]
                   all       1496       8128      0.901      0.823      0.893      0.661

      Epoch    GPU_mem   box_loss   cls_loss   dfl_loss  Instances       Size
     93/100      4.61G     0.6109     0.3727     0.8662          2        640: 100%|██████████| 375/375 [01:52<00:00,  3.34it/s]
                 Class     Images  Instances      Box(P          R      mAP50  mAP50-95): 100%|██████████| 94/94 [00:09<00:00,  9.42it/s]
                   all       1496       8128       0.91      0.816      0.891      0.663

      Epoch    GPU_mem   box_loss   cls_loss   dfl_loss  Instances       Size
     94/100      4.61G     0.6074     0.3728     0.8689          3        640: 100%|██████████| 375/375 [01:51<00:00,  3.35it/s]
                 Class     Images  Instances      Box(P          R      mAP50  mAP50-95): 100%|██████████| 94/94 [00:09<00:00,  9.44it/s]
                   all       1496       8128      0.916      0.821      0.898      0.666

      Epoch    GPU_mem   box_loss   cls_loss   dfl_loss  Instances       Size
     95/100      4.61G     0.6018     0.3714     0.8673          2        640: 100%|██████████| 375/375 [01:52<00:00,  3.32it/s]
                 Class     Images  Instances      Box(P          R      mAP50  mAP50-95): 100%|██████████| 94/94 [00:11<00:00,  8.42it/s]
                   all       1496       8128      0.915      0.817      0.894      0.665

      Epoch    GPU_mem   box_loss   cls_loss   dfl_loss  Instances       Size
     96/100      4.61G     0.5973     0.3688     0.8673          2        640: 100%|██████████| 375/375 [01:52<00:00,  3.34it/s]
                 Class     Images  Instances      Box(P          R      mAP50  mAP50-95): 100%|██████████| 94/94 [00:10<00:00,  9.39it/s]
                   all       1496       8128      0.909       0.82      0.895      0.668

      Epoch    GPU_mem   box_loss   cls_loss   dfl_loss  Instances       Size
     97/100      4.61G     0.5913      0.365     0.8654          8        640: 100%|██████████| 375/375 [01:51<00:00,  3.35it/s]
                 Class     Images  Instances      Box(P          R      mAP50  mAP50-95): 100%|██████████| 94/94 [00:10<00:00,  9.38it/s]
                   all       1496       8128      0.927      0.808      0.895      0.669

      Epoch    GPU_mem   box_loss   cls_loss   dfl_loss  Instances       Size
     98/100      4.61G     0.5882     0.3646     0.8593          0        640: 100%|██████████| 375/375 [01:52<00:00,  3.34it/s]
                 Class     Images  Instances      Box(P          R      mAP50  mAP50-95): 100%|██████████| 94/94 [00:09<00:00,  9.44it/s]
                   all       1496       8128      0.922       0.81      0.895      0.669

      Epoch    GPU_mem   box_loss   cls_loss   dfl_loss  Instances       Size
     99/100      4.61G     0.5809     0.3592     0.8598         10        640: 100%|██████████| 375/375 [01:53<00:00,  3.31it/s]
                 Class     Images  Instances      Box(P          R      mAP50  mAP50-95): 100%|██████████| 94/94 [00:09<00:00,  9.47it/s]
                   all       1496       8128      0.925      0.811      0.895       0.67

      Epoch    GPU_mem   box_loss   cls_loss   dfl_loss  Instances       Size
    100/100      4.61G     0.5813     0.3589     0.8622          1        640: 100%|██████████| 375/375 [01:53<00:00,  3.31it/s]
                 Class     Images  Instances      Box(P          R      mAP50  mAP50-95): 100%|██████████| 94/94 [00:10<00:00,  9.40it/s]
                   all       1496       8128       0.92      0.813      0.895      0.669

100 epochs completed in 3.444 hours.
Optimizer stripped from yolo-kitti/yolo11-kitti-3/weights/last.pt, 40.5MB
Optimizer stripped from yolo-kitti/yolo11-kitti-3/weights/best.pt, 40.5MB

Validating yolo-kitti/yolo11-kitti-3/weights/best.pt...
Ultralytics 8.3.150 🚀 Python-3.13.2 torch-2.6.0+cu118 CUDA:0 (Tesla T4, 14913MiB)
                                                       CUDA:1 (Tesla T4, 14913MiB)
YOLO11m summary (fused): 125 layers, 20,036,200 parameters, 0 gradients, 67.7 GFLOPs
                 Class     Images  Instances      Box(P          R      mAP50  mAP50-95): 100%|██████████| 94/94 [00:10<00:00,  8.86it/s]
                   all       1496       8128      0.927       0.81      0.895       0.67
                   car       1322       5716      0.956      0.911       0.97      0.825
                   van        419        555      0.937      0.883      0.935      0.775
                 truck        212        223      0.984      0.915       0.98      0.842
            pedestrian        377        921      0.931      0.629        0.8       0.47
        Person_sitting         17         36      0.833      0.639      0.754      0.434
               cyclist        252        352      0.928      0.731      0.832      0.552
                  tram         77        117      0.948      0.949      0.975      0.773
                  misc        158        208      0.902      0.822      0.911      0.689
Speed: 0.1ms preprocess, 3.6ms inference, 0.0ms loss, 0.9ms postprocess per image
Results saved to yolo-kitti/yolo11-kitti-3
