Overriding model.yaml nc=80 with nc=1
WARNING ⚠️ no model scale passed. Assuming scale='m'.
Freezing layer 'model.23.dfl.conv.weight'
AMP: running Automatic Mixed Precision (AMP) checks...
AMP: checks passed ✅
train: Fast image access ✅ (ping: 0.1±0.1 ms, read: 418.1±217.4 MB/s, size: 54.6 KB)
train: Scanning /data2/jd1/datasets/landing-pad-detection-2-v4/train/labels.cache... 884 images, 0 backgrounds, 0 corrupt: 100%|██████████| 884/884
val: Fast image access ✅ (ping: 0.0±0.0 ms, read: 977.7±529.7 MB/s, size: 53.5 KB)
val: Scanning /data2/jd1/datasets/landing-pad-detection-2-v4/valid/labels.cache... 230 images, 0 backgrounds, 0 corrupt: 100%|██████████| 230/230 [
Plotting labels to .yolo-out-lpd2/yolo11a-lpd2-2/labels.jpg...
optimizer: 'optimizer=auto' found, ignoring 'lr0=0.01' and 'momentum=0.937' and determining best 'optimizer', 'lr0' and 'momentum' automatically...
optimizer: AdamW(lr=0.002, momentum=0.9) with parameter groups 104 weight(decay=0.0), 111 weight(decay=0.0005), 110 bias(decay=0.0)
Image sizes 640 train, 640 val
Using 16 dataloader workers
Logging results to .yolo-out-lpd2/yolo11a-lpd2-2
Starting training for 100 epochs...

      Epoch    GPU_mem   box_loss   cls_loss   dfl_loss  Instances       Size
      1/100      9.46G      3.537      5.965      4.219          5        640: 100%|██████████| 56/56 [00:36<00:00,  1.55it/s]
                 Class     Images  Instances      Box(P          R      mAP50  mAP50-95): 100%|██████████| 15/15 [00:05<00:00,  2.60it/s]
                   all        230        243          0          0          0          0

      Epoch    GPU_mem   box_loss   cls_loss   dfl_loss  Instances       Size
      2/100      9.47G      2.723      4.426      3.231          1        640: 100%|██████████| 56/56 [00:35<00:00,  1.57it/s]
                 Class     Images  Instances      Box(P          R      mAP50  mAP50-95): 100%|██████████| 15/15 [00:06<00:00,  2.46it/s]
                   all        230        243      0.044      0.399     0.0622     0.0357

      Epoch    GPU_mem   box_loss   cls_loss   dfl_loss  Instances       Size
      3/100      9.52G      2.313      3.535      2.815          1        640: 100%|██████████| 56/56 [00:35<00:00,  1.57it/s]
                 Class     Images  Instances      Box(P          R      mAP50  mAP50-95): 100%|██████████| 15/15 [00:06<00:00,  2.39it/s]
                   all        230        243      0.594      0.416      0.449      0.217

      Epoch    GPU_mem   box_loss   cls_loss   dfl_loss  Instances       Size
      4/100      9.52G      2.164      2.797      2.577          3        640: 100%|██████████| 56/56 [00:35<00:00,  1.56it/s]
                 Class     Images  Instances      Box(P          R      mAP50  mAP50-95): 100%|██████████| 15/15 [00:06<00:00,  2.37it/s]
                   all        230        243       0.58      0.461      0.486      0.315

      Epoch    GPU_mem   box_loss   cls_loss   dfl_loss  Instances       Size
      5/100      9.52G      1.966      2.316       2.39          5        640: 100%|██████████| 56/56 [00:36<00:00,  1.55it/s]
                 Class     Images  Instances      Box(P          R      mAP50  mAP50-95): 100%|██████████| 15/15 [00:06<00:00,  2.29it/s]
                   all        230        243       0.49      0.568      0.517      0.318

      Epoch    GPU_mem   box_loss   cls_loss   dfl_loss  Instances       Size
      6/100      9.59G      1.904      2.024      2.279          5        640: 100%|██████████| 56/56 [00:36<00:00,  1.53it/s]
                 Class     Images  Instances      Box(P          R      mAP50  mAP50-95): 100%|██████████| 15/15 [00:06<00:00,  2.29it/s]
                   all        230        243      0.887      0.675      0.753      0.485

      Epoch    GPU_mem   box_loss   cls_loss   dfl_loss  Instances       Size
      7/100      9.52G      1.696      1.677      2.108          4        640: 100%|██████████| 56/56 [00:36<00:00,  1.54it/s]
                 Class     Images  Instances      Box(P          R      mAP50  mAP50-95): 100%|██████████| 15/15 [00:06<00:00,  2.29it/s]
                   all        230        243       0.86        0.7      0.768      0.533

      Epoch    GPU_mem   box_loss   cls_loss   dfl_loss  Instances       Size
      8/100      9.52G      1.707      1.593       1.97          3        640: 100%|██████████| 56/56 [00:36<00:00,  1.54it/s]
                 Class     Images  Instances      Box(P          R      mAP50  mAP50-95): 100%|██████████| 15/15 [00:06<00:00,  2.29it/s]
                   all        230        243      0.934      0.675      0.763      0.546

      Epoch    GPU_mem   box_loss   cls_loss   dfl_loss  Instances       Size
      9/100      9.52G      1.647      1.456      1.995          4        640: 100%|██████████| 56/56 [00:36<00:00,  1.54it/s]
                 Class     Images  Instances      Box(P          R      mAP50  mAP50-95): 100%|██████████| 15/15 [00:06<00:00,  2.30it/s]
                   all        230        243      0.848      0.712      0.787      0.524

      Epoch    GPU_mem   box_loss   cls_loss   dfl_loss  Instances       Size
     10/100       9.6G      1.518      1.449      1.915          3        640: 100%|██████████| 56/56 [00:36<00:00,  1.54it/s]
                 Class     Images  Instances      Box(P          R      mAP50  mAP50-95): 100%|██████████| 15/15 [00:06<00:00,  2.30it/s]
                   all        230        243      0.819      0.725      0.813      0.558

      Epoch    GPU_mem   box_loss   cls_loss   dfl_loss  Instances       Size
     11/100      9.58G      1.537      1.386      1.905          6        640: 100%|██████████| 56/56 [00:36<00:00,  1.55it/s]
                 Class     Images  Instances      Box(P          R      mAP50  mAP50-95): 100%|██████████| 15/15 [00:06<00:00,  2.31it/s]
                   all        230        243        0.9      0.794      0.857      0.612

      Epoch    GPU_mem   box_loss   cls_loss   dfl_loss  Instances       Size
     12/100      9.52G       1.48      1.314      1.809          2        640: 100%|██████████| 56/56 [00:36<00:00,  1.55it/s]
                 Class     Images  Instances      Box(P          R      mAP50  mAP50-95): 100%|██████████| 15/15 [00:06<00:00,  2.31it/s]
                   all        230        243      0.919      0.811      0.885      0.637

      Epoch    GPU_mem   box_loss   cls_loss   dfl_loss  Instances       Size
     13/100      9.52G      1.506      1.365      1.813          4        640: 100%|██████████| 56/56 [00:36<00:00,  1.55it/s]
                 Class     Images  Instances      Box(P          R      mAP50  mAP50-95): 100%|██████████| 15/15 [00:06<00:00,  2.37it/s]
                   all        230        243      0.815      0.716      0.775      0.554

      Epoch    GPU_mem   box_loss   cls_loss   dfl_loss  Instances       Size
     14/100      9.52G      1.411      1.229      1.793          4        640: 100%|██████████| 56/56 [00:35<00:00,  1.56it/s]
                 Class     Images  Instances      Box(P          R      mAP50  mAP50-95): 100%|██████████| 15/15 [00:06<00:00,  2.37it/s]
                   all        230        243      0.932      0.788      0.887       0.61

      Epoch    GPU_mem   box_loss   cls_loss   dfl_loss  Instances       Size
     15/100      9.59G      1.378      1.199      1.706          3        640: 100%|██████████| 56/56 [00:35<00:00,  1.56it/s]
                 Class     Images  Instances      Box(P          R      mAP50  mAP50-95): 100%|██████████| 15/15 [00:06<00:00,  2.37it/s]
                   all        230        243      0.951      0.831      0.912      0.677

      Epoch    GPU_mem   box_loss   cls_loss   dfl_loss  Instances       Size
     16/100      9.52G      1.396      1.146       1.74          3        640: 100%|██████████| 56/56 [00:35<00:00,  1.56it/s]
                 Class     Images  Instances      Box(P          R      mAP50  mAP50-95): 100%|██████████| 15/15 [00:06<00:00,  2.38it/s]
                   all        230        243      0.915      0.844      0.908      0.681

      Epoch    GPU_mem   box_loss   cls_loss   dfl_loss  Instances       Size
     17/100      9.52G      1.323      1.062      1.663          2        640: 100%|██████████| 56/56 [00:35<00:00,  1.56it/s]
                 Class     Images  Instances      Box(P          R      mAP50  mAP50-95): 100%|██████████| 15/15 [00:06<00:00,  2.38it/s]
                   all        230        243      0.871       0.53      0.604      0.439

      Epoch    GPU_mem   box_loss   cls_loss   dfl_loss  Instances       Size
     18/100      9.59G      1.265      1.013       1.65          3        640: 100%|██████████| 56/56 [00:35<00:00,  1.56it/s]
                 Class     Images  Instances      Box(P          R      mAP50  mAP50-95): 100%|██████████| 15/15 [00:06<00:00,  2.38it/s]
                   all        230        243      0.938      0.865      0.918      0.694

      Epoch    GPU_mem   box_loss   cls_loss   dfl_loss  Instances       Size
     19/100      9.52G      1.267       1.01      1.662          2        640: 100%|██████████| 56/56 [00:36<00:00,  1.55it/s]
                 Class     Images  Instances      Box(P          R      mAP50  mAP50-95): 100%|██████████| 15/15 [00:06<00:00,  2.37it/s]
                   all        230        243      0.949      0.837      0.903      0.685

      Epoch    GPU_mem   box_loss   cls_loss   dfl_loss  Instances       Size
     20/100      9.52G      1.234      1.011      1.657          2        640: 100%|██████████| 56/56 [00:35<00:00,  1.56it/s]
                 Class     Images  Instances      Box(P          R      mAP50  mAP50-95): 100%|██████████| 15/15 [00:06<00:00,  2.37it/s]
                   all        230        243      0.896      0.802      0.883      0.662

      Epoch    GPU_mem   box_loss   cls_loss   dfl_loss  Instances       Size
     21/100      9.59G      1.191     0.9391      1.596          2        640: 100%|██████████| 56/56 [00:36<00:00,  1.55it/s]
                 Class     Images  Instances      Box(P          R      mAP50  mAP50-95): 100%|██████████| 15/15 [00:06<00:00,  2.38it/s]
                   all        230        243      0.958       0.85      0.923      0.701

      Epoch    GPU_mem   box_loss   cls_loss   dfl_loss  Instances       Size
     22/100      9.52G      1.191      0.938      1.587          2        640: 100%|██████████| 56/56 [00:35<00:00,  1.56it/s]
                 Class     Images  Instances      Box(P          R      mAP50  mAP50-95): 100%|██████████| 15/15 [00:06<00:00,  2.38it/s]
                   all        230        243      0.984      0.897      0.932      0.714

      Epoch    GPU_mem   box_loss   cls_loss   dfl_loss  Instances       Size
     23/100      9.52G      1.234     0.9322      1.604          3        640: 100%|██████████| 56/56 [00:35<00:00,  1.56it/s]
                 Class     Images  Instances      Box(P          R      mAP50  mAP50-95): 100%|██████████| 15/15 [00:06<00:00,  2.37it/s]
                   all        230        243      0.949      0.848      0.902      0.676

      Epoch    GPU_mem   box_loss   cls_loss   dfl_loss  Instances       Size
     24/100      9.59G      1.172      0.869       1.55          5        640: 100%|██████████| 56/56 [00:35<00:00,  1.56it/s]
                 Class     Images  Instances      Box(P          R      mAP50  mAP50-95): 100%|██████████| 15/15 [00:06<00:00,  2.37it/s]
                   all        230        243      0.951      0.881      0.934      0.727

      Epoch    GPU_mem   box_loss   cls_loss   dfl_loss  Instances       Size
     25/100      9.52G      1.198     0.8885      1.569          5        640: 100%|██████████| 56/56 [00:35<00:00,  1.57it/s]
                 Class     Images  Instances      Box(P          R      mAP50  mAP50-95): 100%|██████████| 15/15 [00:06<00:00,  2.38it/s]
                   all        230        243      0.983      0.889      0.941      0.716

      Epoch    GPU_mem   box_loss   cls_loss   dfl_loss  Instances       Size
     26/100      9.52G      1.175     0.8623      1.553          4        640: 100%|██████████| 56/56 [00:35<00:00,  1.56it/s]
                 Class     Images  Instances      Box(P          R      mAP50  mAP50-95): 100%|██████████| 15/15 [00:06<00:00,  2.37it/s]
                   all        230        243      0.967      0.872      0.923      0.717

      Epoch    GPU_mem   box_loss   cls_loss   dfl_loss  Instances       Size
     27/100      9.59G       1.11     0.8001      1.534          3        640: 100%|██████████| 56/56 [00:35<00:00,  1.56it/s]
                 Class     Images  Instances      Box(P          R      mAP50  mAP50-95): 100%|██████████| 15/15 [00:06<00:00,  2.37it/s]
                   all        230        243      0.953      0.905      0.939      0.731

      Epoch    GPU_mem   box_loss   cls_loss   dfl_loss  Instances       Size
     28/100      9.52G      1.118     0.8144      1.525          4        640: 100%|██████████| 56/56 [00:35<00:00,  1.56it/s]
                 Class     Images  Instances      Box(P          R      mAP50  mAP50-95): 100%|██████████| 15/15 [00:06<00:00,  2.38it/s]
                   all        230        243      0.939      0.885      0.929      0.728

      Epoch    GPU_mem   box_loss   cls_loss   dfl_loss  Instances       Size
     29/100      9.52G      1.182     0.8564       1.55          2        640: 100%|██████████| 56/56 [00:35<00:00,  1.56it/s]
                 Class     Images  Instances      Box(P          R      mAP50  mAP50-95): 100%|██████████| 15/15 [00:06<00:00,  2.37it/s]
                   all        230        243      0.961      0.918      0.941      0.735

      Epoch    GPU_mem   box_loss   cls_loss   dfl_loss  Instances       Size
     30/100      9.59G      1.103     0.8361      1.502          1        640: 100%|██████████| 56/56 [00:35<00:00,  1.57it/s]
                 Class     Images  Instances      Box(P          R      mAP50  mAP50-95): 100%|██████████| 15/15 [00:06<00:00,  2.37it/s]
                   all        230        243      0.951      0.886      0.938      0.742

      Epoch    GPU_mem   box_loss   cls_loss   dfl_loss  Instances       Size
     31/100      9.52G      1.038     0.7856      1.471          4        640: 100%|██████████| 56/56 [00:35<00:00,  1.57it/s]
                 Class     Images  Instances      Box(P          R      mAP50  mAP50-95): 100%|██████████| 15/15 [00:06<00:00,  2.38it/s]
                   all        230        243      0.963      0.881      0.933      0.743

      Epoch    GPU_mem   box_loss   cls_loss   dfl_loss  Instances       Size
     32/100      9.59G      1.081     0.7436      1.475          2        640: 100%|██████████| 56/56 [00:35<00:00,  1.57it/s]
                 Class     Images  Instances      Box(P          R      mAP50  mAP50-95): 100%|██████████| 15/15 [00:06<00:00,  2.37it/s]
                   all        230        243       0.94      0.906      0.936       0.73

      Epoch    GPU_mem   box_loss   cls_loss   dfl_loss  Instances       Size
     33/100      9.52G      1.069     0.7616      1.439          1        640: 100%|██████████| 56/56 [00:35<00:00,  1.57it/s]
                 Class     Images  Instances      Box(P          R      mAP50  mAP50-95): 100%|██████████| 15/15 [00:06<00:00,  2.37it/s]
                   all        230        243      0.953      0.909      0.939      0.736

      Epoch    GPU_mem   box_loss   cls_loss   dfl_loss  Instances       Size
     34/100      9.59G      1.022     0.7065      1.438          3        640: 100%|██████████| 56/56 [00:35<00:00,  1.56it/s]
                 Class     Images  Instances      Box(P          R      mAP50  mAP50-95): 100%|██████████| 15/15 [00:06<00:00,  2.37it/s]
                   all        230        243      0.968      0.901       0.94      0.761

      Epoch    GPU_mem   box_loss   cls_loss   dfl_loss  Instances       Size
     35/100      9.59G      1.003     0.6793      1.388          7        640: 100%|██████████| 56/56 [00:35<00:00,  1.57it/s]
                 Class     Images  Instances      Box(P          R      mAP50  mAP50-95): 100%|██████████| 15/15 [00:06<00:00,  2.37it/s]
                   all        230        243      0.962      0.893      0.943      0.754

      Epoch    GPU_mem   box_loss   cls_loss   dfl_loss  Instances       Size
     36/100       9.6G     0.9993     0.7065      1.385          1        640: 100%|██████████| 56/56 [00:35<00:00,  1.57it/s]
                 Class     Images  Instances      Box(P          R      mAP50  mAP50-95): 100%|██████████| 15/15 [00:06<00:00,  2.37it/s]
                   all        230        243       0.96        0.9      0.942      0.751

      Epoch    GPU_mem   box_loss   cls_loss   dfl_loss  Instances       Size
     37/100      9.52G      1.057     0.7154      1.462          2        640: 100%|██████████| 56/56 [00:35<00:00,  1.56it/s]
                 Class     Images  Instances      Box(P          R      mAP50  mAP50-95): 100%|██████████| 15/15 [00:06<00:00,  2.37it/s]
                   all        230        243      0.982      0.908      0.945      0.767

      Epoch    GPU_mem   box_loss   cls_loss   dfl_loss  Instances       Size
     38/100      9.59G      1.004     0.6925      1.402          3        640: 100%|██████████| 56/56 [00:36<00:00,  1.55it/s]
                 Class     Images  Instances      Box(P          R      mAP50  mAP50-95): 100%|██████████| 15/15 [00:06<00:00,  2.32it/s]
                   all        230        243      0.969      0.906      0.951      0.755

      Epoch    GPU_mem   box_loss   cls_loss   dfl_loss  Instances       Size
     39/100      9.59G      1.028     0.6892       1.37          1        640: 100%|██████████| 56/56 [00:35<00:00,  1.57it/s]
                 Class     Images  Instances      Box(P          R      mAP50  mAP50-95): 100%|██████████| 15/15 [00:06<00:00,  2.38it/s]
                   all        230        243       0.97      0.923      0.951      0.766

      Epoch    GPU_mem   box_loss   cls_loss   dfl_loss  Instances       Size
     40/100      9.59G     0.9634     0.6648      1.348          2        640: 100%|██████████| 56/56 [00:35<00:00,  1.56it/s]
                 Class     Images  Instances      Box(P          R      mAP50  mAP50-95): 100%|██████████| 15/15 [00:06<00:00,  2.38it/s]
                   all        230        243      0.961      0.909      0.947      0.762

      Epoch    GPU_mem   box_loss   cls_loss   dfl_loss  Instances       Size
     41/100      9.52G     0.9846     0.6684      1.364          2        640: 100%|██████████| 56/56 [00:35<00:00,  1.57it/s]
                 Class     Images  Instances      Box(P          R      mAP50  mAP50-95): 100%|██████████| 15/15 [00:06<00:00,  2.38it/s]
                   all        230        243      0.934      0.929      0.945      0.763

      Epoch    GPU_mem   box_loss   cls_loss   dfl_loss  Instances       Size
     42/100      9.59G      1.005      0.639      1.337          2        640: 100%|██████████| 56/56 [00:35<00:00,  1.56it/s]
                 Class     Images  Instances      Box(P          R      mAP50  mAP50-95): 100%|██████████| 15/15 [00:06<00:00,  2.38it/s]
                   all        230        243      0.973      0.926      0.948      0.762

      Epoch    GPU_mem   box_loss   cls_loss   dfl_loss  Instances       Size
     43/100      9.59G     0.9865     0.6297      1.382          1        640: 100%|██████████| 56/56 [00:35<00:00,  1.56it/s]
                 Class     Images  Instances      Box(P          R      mAP50  mAP50-95): 100%|██████████| 15/15 [00:06<00:00,  2.38it/s]
                   all        230        243      0.952      0.922      0.949      0.774

      Epoch    GPU_mem   box_loss   cls_loss   dfl_loss  Instances       Size
     44/100      9.52G     0.9717     0.6439       1.36          1        640: 100%|██████████| 56/56 [00:35<00:00,  1.56it/s]
                 Class     Images  Instances      Box(P          R      mAP50  mAP50-95): 100%|██████████| 15/15 [00:06<00:00,  2.38it/s]
                   all        230        243       0.96      0.926      0.947      0.765

      Epoch    GPU_mem   box_loss   cls_loss   dfl_loss  Instances       Size
     45/100      9.58G     0.9802     0.6289      1.333          5        640: 100%|██████████| 56/56 [00:35<00:00,  1.56it/s]
                 Class     Images  Instances      Box(P          R      mAP50  mAP50-95): 100%|██████████| 15/15 [00:06<00:00,  2.38it/s]
                   all        230        243      0.966      0.922      0.954      0.776

      Epoch    GPU_mem   box_loss   cls_loss   dfl_loss  Instances       Size
     46/100      9.52G     0.9355        0.6       1.33          6        640: 100%|██████████| 56/56 [00:35<00:00,  1.56it/s]
                 Class     Images  Instances      Box(P          R      mAP50  mAP50-95): 100%|██████████| 15/15 [00:06<00:00,  2.39it/s]
                   all        230        243      0.953      0.921      0.951      0.776

      Epoch    GPU_mem   box_loss   cls_loss   dfl_loss  Instances       Size
     47/100      9.59G     0.9356     0.6273      1.327          4        640: 100%|██████████| 56/56 [00:35<00:00,  1.56it/s]
                 Class     Images  Instances      Box(P          R      mAP50  mAP50-95): 100%|██████████| 15/15 [00:06<00:00,  2.38it/s]
                   all        230        243      0.969      0.897      0.948      0.771

      Epoch    GPU_mem   box_loss   cls_loss   dfl_loss  Instances       Size
     48/100      9.59G     0.9975     0.6207      1.344          4        640: 100%|██████████| 56/56 [00:35<00:00,  1.56it/s]
                 Class     Images  Instances      Box(P          R      mAP50  mAP50-95): 100%|██████████| 15/15 [00:06<00:00,  2.38it/s]
                   all        230        243      0.983      0.922      0.955      0.777

      Epoch    GPU_mem   box_loss   cls_loss   dfl_loss  Instances       Size
     49/100      9.52G      0.967     0.6071      1.335          3        640: 100%|██████████| 56/56 [00:35<00:00,  1.56it/s]
                 Class     Images  Instances      Box(P          R      mAP50  mAP50-95): 100%|██████████| 15/15 [00:06<00:00,  2.39it/s]
                   all        230        243      0.962      0.929      0.952      0.786

      Epoch    GPU_mem   box_loss   cls_loss   dfl_loss  Instances       Size
     50/100      9.52G     0.9658     0.5954      1.298          4        640: 100%|██████████| 56/56 [00:35<00:00,  1.56it/s]
                 Class     Images  Instances      Box(P          R      mAP50  mAP50-95): 100%|██████████| 15/15 [00:06<00:00,  2.38it/s]
                   all        230        243      0.964      0.889      0.948      0.774

      Epoch    GPU_mem   box_loss   cls_loss   dfl_loss  Instances       Size
     51/100      9.52G     0.8966     0.5708      1.264          2        640: 100%|██████████| 56/56 [00:35<00:00,  1.56it/s]
                 Class     Images  Instances      Box(P          R      mAP50  mAP50-95): 100%|██████████| 15/15 [00:06<00:00,  2.38it/s]
                   all        230        243      0.978      0.914      0.958      0.773

      Epoch    GPU_mem   box_loss   cls_loss   dfl_loss  Instances       Size
     52/100      9.52G     0.9011     0.5578      1.276          2        640: 100%|██████████| 56/56 [00:35<00:00,  1.57it/s]
                 Class     Images  Instances      Box(P          R      mAP50  mAP50-95): 100%|██████████| 15/15 [00:06<00:00,  2.38it/s]
                   all        230        243      0.946      0.922      0.952      0.777

      Epoch    GPU_mem   box_loss   cls_loss   dfl_loss  Instances       Size
     53/100      9.59G     0.8959     0.5679      1.244          3        640: 100%|██████████| 56/56 [00:35<00:00,  1.57it/s]
                 Class     Images  Instances      Box(P          R      mAP50  mAP50-95): 100%|██████████| 15/15 [00:06<00:00,  2.38it/s]
                   all        230        243      0.965      0.926      0.951      0.785

      Epoch    GPU_mem   box_loss   cls_loss   dfl_loss  Instances       Size
     54/100      9.52G     0.8989     0.5529      1.246          5        640: 100%|██████████| 56/56 [00:35<00:00,  1.56it/s]
                 Class     Images  Instances      Box(P          R      mAP50  mAP50-95): 100%|██████████| 15/15 [00:06<00:00,  2.38it/s]
                   all        230        243      0.979      0.922      0.954      0.794

      Epoch    GPU_mem   box_loss   cls_loss   dfl_loss  Instances       Size
     55/100      9.36G     0.8646     0.5272      1.256          4        640: 100%|██████████| 56/56 [00:35<00:00,  1.56it/s]
                 Class     Images  Instances      Box(P          R      mAP50  mAP50-95): 100%|██████████| 15/15 [00:06<00:00,  2.38it/s]
                   all        230        243      0.981      0.926      0.954      0.788

      Epoch    GPU_mem   box_loss   cls_loss   dfl_loss  Instances       Size
     56/100      9.52G     0.8748     0.5401      1.251          0        640: 100%|██████████| 56/56 [00:35<00:00,  1.56it/s]
                 Class     Images  Instances      Box(P          R      mAP50  mAP50-95): 100%|██████████| 15/15 [00:06<00:00,  2.38it/s]
                   all        230        243      0.988      0.909      0.956      0.785

      Epoch    GPU_mem   box_loss   cls_loss   dfl_loss  Instances       Size
     57/100      9.52G     0.9054     0.5599      1.258          2        640: 100%|██████████| 56/56 [00:36<00:00,  1.55it/s]
                 Class     Images  Instances      Box(P          R      mAP50  mAP50-95): 100%|██████████| 15/15 [00:06<00:00,  2.38it/s]
                   all        230        243      0.966      0.935      0.952       0.79

      Epoch    GPU_mem   box_loss   cls_loss   dfl_loss  Instances       Size
     58/100      9.59G     0.8913     0.5395      1.251          3        640: 100%|██████████| 56/56 [00:35<00:00,  1.56it/s]
                 Class     Images  Instances      Box(P          R      mAP50  mAP50-95): 100%|██████████| 15/15 [00:06<00:00,  2.38it/s]
                   all        230        243      0.986      0.918      0.959      0.798

      Epoch    GPU_mem   box_loss   cls_loss   dfl_loss  Instances       Size
     59/100      9.52G     0.8334     0.5136      1.228          6        640: 100%|██████████| 56/56 [00:35<00:00,  1.56it/s]
                 Class     Images  Instances      Box(P          R      mAP50  mAP50-95): 100%|██████████| 15/15 [00:06<00:00,  2.38it/s]
                   all        230        243      0.965      0.917      0.946      0.786

      Epoch    GPU_mem   box_loss   cls_loss   dfl_loss  Instances       Size
     60/100      9.52G     0.8862     0.5392      1.244          0        640: 100%|██████████| 56/56 [00:35<00:00,  1.57it/s]
                 Class     Images  Instances      Box(P          R      mAP50  mAP50-95): 100%|██████████| 15/15 [00:06<00:00,  2.37it/s]
                   all        230        243       0.97      0.923      0.953      0.789

      Epoch    GPU_mem   box_loss   cls_loss   dfl_loss  Instances       Size
     61/100      9.59G     0.8721       0.53      1.229          3        640: 100%|██████████| 56/56 [00:35<00:00,  1.56it/s]
                 Class     Images  Instances      Box(P          R      mAP50  mAP50-95): 100%|██████████| 15/15 [00:06<00:00,  2.36it/s]
                   all        230        243      0.983      0.929      0.959      0.797

      Epoch    GPU_mem   box_loss   cls_loss   dfl_loss  Instances       Size
     62/100      9.59G     0.9057     0.5296      1.238          5        640: 100%|██████████| 56/56 [00:35<00:00,  1.56it/s]
                 Class     Images  Instances      Box(P          R      mAP50  mAP50-95): 100%|██████████| 15/15 [00:06<00:00,  2.37it/s]
                   all        230        243      0.982      0.922      0.957      0.795

      Epoch    GPU_mem   box_loss   cls_loss   dfl_loss  Instances       Size
     63/100       9.6G     0.8824     0.5353      1.223          1        640: 100%|██████████| 56/56 [00:35<00:00,  1.56it/s]
                 Class     Images  Instances      Box(P          R      mAP50  mAP50-95): 100%|██████████| 15/15 [00:06<00:00,  2.35it/s]
                   all        230        243      0.981      0.926      0.955      0.789

      Epoch    GPU_mem   box_loss   cls_loss   dfl_loss  Instances       Size
     64/100      9.52G     0.8375      0.488      1.217          3        640: 100%|██████████| 56/56 [00:35<00:00,  1.56it/s]
                 Class     Images  Instances      Box(P          R      mAP50  mAP50-95): 100%|██████████| 15/15 [00:06<00:00,  2.38it/s]
                   all        230        243      0.973       0.93      0.957      0.792

      Epoch    GPU_mem   box_loss   cls_loss   dfl_loss  Instances       Size
     65/100      9.59G     0.9163     0.5157      1.231          1        640: 100%|██████████| 56/56 [00:35<00:00,  1.57it/s]
                 Class     Images  Instances      Box(P          R      mAP50  mAP50-95): 100%|██████████| 15/15 [00:06<00:00,  2.39it/s]
                   all        230        243      0.952      0.926      0.952      0.801

      Epoch    GPU_mem   box_loss   cls_loss   dfl_loss  Instances       Size
     66/100      9.52G     0.8623     0.5055      1.217          1        640: 100%|██████████| 56/56 [00:35<00:00,  1.57it/s]
                 Class     Images  Instances      Box(P          R      mAP50  mAP50-95): 100%|██████████| 15/15 [00:06<00:00,  2.38it/s]
                   all        230        243      0.974       0.93      0.962      0.799

      Epoch    GPU_mem   box_loss   cls_loss   dfl_loss  Instances       Size
     67/100      9.52G     0.8936     0.5009      1.183          3        640: 100%|██████████| 56/56 [00:35<00:00,  1.57it/s]
                 Class     Images  Instances      Box(P          R      mAP50  mAP50-95): 100%|██████████| 15/15 [00:06<00:00,  2.38it/s]
                   all        230        243      0.974      0.925      0.963      0.798

      Epoch    GPU_mem   box_loss   cls_loss   dfl_loss  Instances       Size
     68/100      9.59G     0.8607     0.4895      1.193          4        640: 100%|██████████| 56/56 [00:35<00:00,  1.57it/s]
                 Class     Images  Instances      Box(P          R      mAP50  mAP50-95): 100%|██████████| 15/15 [00:06<00:00,  2.39it/s]
                   all        230        243      0.982      0.915       0.96      0.805

      Epoch    GPU_mem   box_loss   cls_loss   dfl_loss  Instances       Size
     69/100      9.52G     0.9186     0.5306       1.21          2        640: 100%|██████████| 56/56 [00:35<00:00,  1.57it/s]
                 Class     Images  Instances      Box(P          R      mAP50  mAP50-95): 100%|██████████| 15/15 [00:06<00:00,  2.39it/s]
                   all        230        243      0.974      0.934      0.962      0.798

      Epoch    GPU_mem   box_loss   cls_loss   dfl_loss  Instances       Size
     70/100      9.58G     0.8431     0.5064      1.216          5        640: 100%|██████████| 56/56 [00:35<00:00,  1.57it/s]
                 Class     Images  Instances      Box(P          R      mAP50  mAP50-95): 100%|██████████| 15/15 [00:06<00:00,  2.38it/s]
                   all        230        243      0.979      0.938      0.962      0.811

      Epoch    GPU_mem   box_loss   cls_loss   dfl_loss  Instances       Size
     71/100      9.61G     0.8613     0.5145      1.214          3        640: 100%|██████████| 56/56 [00:35<00:00,  1.57it/s]
                 Class     Images  Instances      Box(P          R      mAP50  mAP50-95): 100%|██████████| 15/15 [00:06<00:00,  2.39it/s]
                   all        230        243      0.987      0.942       0.96      0.807

      Epoch    GPU_mem   box_loss   cls_loss   dfl_loss  Instances       Size
     72/100      9.52G     0.8183     0.4685      1.193          2        640: 100%|██████████| 56/56 [00:35<00:00,  1.57it/s]
                 Class     Images  Instances      Box(P          R      mAP50  mAP50-95): 100%|██████████| 15/15 [00:06<00:00,  2.38it/s]
                   all        230        243      0.984       0.93      0.961      0.808

      Epoch    GPU_mem   box_loss   cls_loss   dfl_loss  Instances       Size
     73/100      9.52G     0.8625     0.4842      1.183          2        640: 100%|██████████| 56/56 [00:35<00:00,  1.56it/s]
                 Class     Images  Instances      Box(P          R      mAP50  mAP50-95): 100%|██████████| 15/15 [00:06<00:00,  2.33it/s]
                   all        230        243      0.979      0.942      0.961      0.807

      Epoch    GPU_mem   box_loss   cls_loss   dfl_loss  Instances       Size
     74/100      9.52G     0.8528     0.4728      1.161          3        640: 100%|██████████| 56/56 [00:36<00:00,  1.55it/s]
                 Class     Images  Instances      Box(P          R      mAP50  mAP50-95): 100%|██████████| 15/15 [00:06<00:00,  2.33it/s]
                   all        230        243      0.985       0.93      0.962      0.819

      Epoch    GPU_mem   box_loss   cls_loss   dfl_loss  Instances       Size
     75/100      9.52G     0.8455     0.4892      1.194          3        640: 100%|██████████| 56/56 [00:36<00:00,  1.55it/s]
                 Class     Images  Instances      Box(P          R      mAP50  mAP50-95): 100%|██████████| 15/15 [00:06<00:00,  2.33it/s]
                   all        230        243      0.978      0.915      0.958      0.807

      Epoch    GPU_mem   box_loss   cls_loss   dfl_loss  Instances       Size
     76/100      9.52G     0.8167     0.4661       1.16          4        640: 100%|██████████| 56/56 [00:36<00:00,  1.55it/s]
                 Class     Images  Instances      Box(P          R      mAP50  mAP50-95): 100%|██████████| 15/15 [00:06<00:00,  2.33it/s]
                   all        230        243      0.984      0.926      0.961      0.805

      Epoch    GPU_mem   box_loss   cls_loss   dfl_loss  Instances       Size
     77/100      9.52G      0.841     0.4594      1.164          2        640: 100%|██████████| 56/56 [00:36<00:00,  1.55it/s]
                 Class     Images  Instances      Box(P          R      mAP50  mAP50-95): 100%|██████████| 15/15 [00:06<00:00,  2.33it/s]
                   all        230        243      0.991       0.93      0.962      0.812

      Epoch    GPU_mem   box_loss   cls_loss   dfl_loss  Instances       Size
     78/100      9.52G     0.8366     0.4575      1.181          4        640: 100%|██████████| 56/56 [00:36<00:00,  1.55it/s]
                 Class     Images  Instances      Box(P          R      mAP50  mAP50-95): 100%|██████████| 15/15 [00:06<00:00,  2.32it/s]
                   all        230        243       0.98       0.93      0.963      0.802

      Epoch    GPU_mem   box_loss   cls_loss   dfl_loss  Instances       Size
     79/100      9.52G     0.8178     0.4549      1.149          2        640: 100%|██████████| 56/56 [00:36<00:00,  1.55it/s]
                 Class     Images  Instances      Box(P          R      mAP50  mAP50-95): 100%|██████████| 15/15 [00:06<00:00,  2.33it/s]
                   all        230        243      0.982      0.934      0.962      0.822

      Epoch    GPU_mem   box_loss   cls_loss   dfl_loss  Instances       Size
     80/100      9.52G     0.7907     0.4612      1.142          6        640: 100%|██████████| 56/56 [00:36<00:00,  1.55it/s]
                 Class     Images  Instances      Box(P          R      mAP50  mAP50-95): 100%|██████████| 15/15 [00:06<00:00,  2.39it/s]
                   all        230        243      0.978      0.928      0.963      0.813

      Epoch    GPU_mem   box_loss   cls_loss   dfl_loss  Instances       Size
     81/100       9.6G     0.7581     0.4345       1.16          4        640: 100%|██████████| 56/56 [00:35<00:00,  1.57it/s]
                 Class     Images  Instances      Box(P          R      mAP50  mAP50-95): 100%|██████████| 15/15 [00:06<00:00,  2.39it/s]
                   all        230        243      0.978      0.926      0.961      0.817

      Epoch    GPU_mem   box_loss   cls_loss   dfl_loss  Instances       Size
     82/100      9.59G     0.8126     0.4385      1.142          7        640: 100%|██████████| 56/56 [00:35<00:00,  1.57it/s]
                 Class     Images  Instances      Box(P          R      mAP50  mAP50-95): 100%|██████████| 15/15 [00:06<00:00,  2.39it/s]
                   all        230        243       0.99      0.934      0.963      0.817

      Epoch    GPU_mem   box_loss   cls_loss   dfl_loss  Instances       Size
     83/100      9.36G     0.7971     0.4325      1.131          5        640: 100%|██████████| 56/56 [00:35<00:00,  1.57it/s]
                 Class     Images  Instances      Box(P          R      mAP50  mAP50-95): 100%|██████████| 15/15 [00:06<00:00,  2.33it/s]
                   all        230        243      0.983      0.928      0.961      0.819

      Epoch    GPU_mem   box_loss   cls_loss   dfl_loss  Instances       Size
     84/100      9.59G     0.7782     0.4431      1.134          1        640: 100%|██████████| 56/56 [00:36<00:00,  1.55it/s]
                 Class     Images  Instances      Box(P          R      mAP50  mAP50-95): 100%|██████████| 15/15 [00:06<00:00,  2.33it/s]
                   all        230        243      0.977      0.926      0.959      0.816

      Epoch    GPU_mem   box_loss   cls_loss   dfl_loss  Instances       Size
     85/100      9.52G     0.7694     0.4294      1.128          7        640: 100%|██████████| 56/56 [00:36<00:00,  1.55it/s]
                 Class     Images  Instances      Box(P          R      mAP50  mAP50-95): 100%|██████████| 15/15 [00:06<00:00,  2.33it/s]
                   all        230        243       0.98       0.93      0.963      0.825

      Epoch    GPU_mem   box_loss   cls_loss   dfl_loss  Instances       Size
     86/100      9.59G     0.7642     0.4247      1.128          5        640: 100%|██████████| 56/56 [00:36<00:00,  1.55it/s]
                 Class     Images  Instances      Box(P          R      mAP50  mAP50-95): 100%|██████████| 15/15 [00:06<00:00,  2.33it/s]
                   all        230        243      0.974      0.938      0.963      0.826

      Epoch    GPU_mem   box_loss   cls_loss   dfl_loss  Instances       Size
     87/100      9.59G     0.7702     0.4316      1.177          1        640: 100%|██████████| 56/56 [00:36<00:00,  1.55it/s]
                 Class     Images  Instances      Box(P          R      mAP50  mAP50-95): 100%|██████████| 15/15 [00:06<00:00,  2.38it/s]
                   all        230        243      0.974      0.931      0.962       0.82

      Epoch    GPU_mem   box_loss   cls_loss   dfl_loss  Instances       Size
     88/100      9.59G     0.7892     0.4438      1.147          3        640: 100%|██████████| 56/56 [00:35<00:00,  1.57it/s]
                 Class     Images  Instances      Box(P          R      mAP50  mAP50-95): 100%|██████████| 15/15 [00:06<00:00,  2.39it/s]
                   all        230        243      0.991      0.925      0.963      0.825

      Epoch    GPU_mem   box_loss   cls_loss   dfl_loss  Instances       Size
     89/100      9.52G     0.8231     0.4405       1.14          3        640: 100%|██████████| 56/56 [00:35<00:00,  1.57it/s]
                 Class     Images  Instances      Box(P          R      mAP50  mAP50-95): 100%|██████████| 15/15 [00:06<00:00,  2.39it/s]
                   all        230        243      0.974      0.934      0.962      0.819

      Epoch    GPU_mem   box_loss   cls_loss   dfl_loss  Instances       Size
     90/100      9.59G     0.8107     0.4307      1.121          2        640: 100%|██████████| 56/56 [00:35<00:00,  1.56it/s]
                 Class     Images  Instances      Box(P          R      mAP50  mAP50-95): 100%|██████████| 15/15 [00:06<00:00,  2.39it/s]
                   all        230        243      0.987      0.938      0.963      0.824
Closing dataloader mosaic

      Epoch    GPU_mem   box_loss   cls_loss   dfl_loss  Instances       Size
     91/100      9.52G     0.7858     0.4005      1.114          2        640: 100%|██████████| 56/56 [00:35<00:00,  1.57it/s]
                 Class     Images  Instances      Box(P          R      mAP50  mAP50-95): 100%|██████████| 15/15 [00:06<00:00,  2.38it/s]
                   all        230        243      0.977       0.93      0.961      0.821

      Epoch    GPU_mem   box_loss   cls_loss   dfl_loss  Instances       Size
     92/100      9.53G     0.7683     0.3848      1.114          2        640: 100%|██████████| 56/56 [00:35<00:00,  1.58it/s]
                 Class     Images  Instances      Box(P          R      mAP50  mAP50-95): 100%|██████████| 15/15 [00:06<00:00,  2.38it/s]
                   all        230        243      0.985      0.922      0.963      0.823

      Epoch    GPU_mem   box_loss   cls_loss   dfl_loss  Instances       Size
     93/100      9.52G     0.7404     0.3724      1.085          2        640: 100%|██████████| 56/56 [00:35<00:00,  1.58it/s]
                 Class     Images  Instances      Box(P          R      mAP50  mAP50-95): 100%|██████████| 15/15 [00:06<00:00,  2.39it/s]
                   all        230        243      0.991      0.937      0.965      0.827

      Epoch    GPU_mem   box_loss   cls_loss   dfl_loss  Instances       Size
     94/100      9.52G     0.7225     0.3652      1.088          2        640: 100%|██████████| 56/56 [00:35<00:00,  1.58it/s]
                 Class     Images  Instances      Box(P          R      mAP50  mAP50-95): 100%|██████████| 15/15 [00:06<00:00,  2.38it/s]
                   all        230        243      0.979      0.937      0.965      0.827

      Epoch    GPU_mem   box_loss   cls_loss   dfl_loss  Instances       Size
     95/100      9.52G     0.7622     0.3669      1.106          2        640: 100%|██████████| 56/56 [00:35<00:00,  1.58it/s]
                 Class     Images  Instances      Box(P          R      mAP50  mAP50-95): 100%|██████████| 15/15 [00:06<00:00,  2.38it/s]
                   all        230        243      0.974       0.94      0.965      0.828

      Epoch    GPU_mem   box_loss   cls_loss   dfl_loss  Instances       Size
     96/100      9.53G     0.7809     0.3791      1.065          2        640: 100%|██████████| 56/56 [00:35<00:00,  1.58it/s]
                 Class     Images  Instances      Box(P          R      mAP50  mAP50-95): 100%|██████████| 15/15 [00:06<00:00,  2.38it/s]
                   all        230        243      0.979      0.942      0.966      0.834

      Epoch    GPU_mem   box_loss   cls_loss   dfl_loss  Instances       Size
     97/100      9.52G     0.7092     0.3585      1.057          2        640: 100%|██████████| 56/56 [00:35<00:00,  1.58it/s]
                 Class     Images  Instances      Box(P          R      mAP50  mAP50-95): 100%|██████████| 15/15 [00:06<00:00,  2.38it/s]
                   all        230        243      0.983      0.934      0.966      0.835

      Epoch    GPU_mem   box_loss   cls_loss   dfl_loss  Instances       Size
     98/100      9.52G     0.7213     0.3616      1.062          1        640: 100%|██████████| 56/56 [00:35<00:00,  1.58it/s]
                 Class     Images  Instances      Box(P          R      mAP50  mAP50-95): 100%|██████████| 15/15 [00:06<00:00,  2.38it/s]
                   all        230        243      0.983      0.926      0.966      0.834

      Epoch    GPU_mem   box_loss   cls_loss   dfl_loss  Instances       Size
     99/100      9.52G     0.7653     0.3633      1.086          2        640: 100%|██████████| 56/56 [00:35<00:00,  1.58it/s]
                 Class     Images  Instances      Box(P          R      mAP50  mAP50-95): 100%|██████████| 15/15 [00:06<00:00,  2.38it/s]
                   all        230        243      0.979      0.934      0.965      0.832

      Epoch    GPU_mem   box_loss   cls_loss   dfl_loss  Instances       Size
    100/100      9.52G     0.7264     0.3585       1.06          2        640: 100%|██████████| 56/56 [00:35<00:00,  1.58it/s]
                 Class     Images  Instances      Box(P          R      mAP50  mAP50-95): 100%|██████████| 15/15 [00:06<00:00,  2.38it/s]
                   all        230        243      0.987       0.93      0.965      0.834

100 epochs completed in 1.199 hours.
Optimizer stripped from .yolo-out-lpd2/yolo11a-lpd2-2/weights/last.pt, 27.5MB
Optimizer stripped from .yolo-out-lpd2/yolo11a-lpd2-2/weights/best.pt, 27.5MB

Validating .yolo-out-lpd2/yolo11a-lpd2-2/weights/best.pt...
Ultralytics 8.3.150 🚀 Python-3.13.2 torch-2.6.0+cu118 CUDA:0 (Tesla T4, 14913MiB)
                                                       CUDA:1 (Tesla T4, 14913MiB)
model summary (fused): 125 layers, 13,118,355 parameters, 0 gradients, 91.7 GFLOPs
                 Class     Images  Instances      Box(P          R      mAP50  mAP50-95): 100%|██████████| 15/15 [00:05<00:00,  2.55it/s]
                   all        230        243      0.983      0.934      0.966      0.835
Speed: 0.2ms preprocess, 22.3ms inference, 0.0ms loss, 1.0ms postprocess per image
Results saved to .yolo-out-lpd2/yolo11a-lpd2-2
