Overriding model.yaml nc=80 with nc=1
WARNING ⚠️ no model scale passed. Assuming scale='m'.
Freezing layer 'model.23.dfl.conv.weight'
AMP: running Automatic Mixed Precision (AMP) checks...
AMP: checks passed ✅
train: Fast image access ✅ (ping: 0.0±0.0 ms, read: 203.4±232.5 MB/s, size: 29.9 KB)
train: Scanning /data2/jd1/datasets/lpr/train/labels.cache... 7057 images, 5 backgrounds, 0 corrupt: 100%|██████████| 7057/7057 [00:00<?, ?it/s]
val: Fast image access ✅ (ping: 0.1±0.0 ms, read: 128.1±23.7 MB/s, size: 31.5 KB)
val: Scanning /data2/jd1/datasets/lpr/valid/labels.cache... 2048 images, 3 backgrounds, 0 corrupt: 100%|██████████| 2048/2048 [00:00<?, ?it/s]
Plotting labels to .yolo-out-lpr/yolo11-lpr-abl-branch-a-2/labels.jpg...
optimizer: 'optimizer=auto' found, ignoring 'lr0=0.01' and 'momentum=0.937' and determining best 'optimizer', 'lr0' and 'momentum' automatically...
optimizer: SGD(lr=0.01, momentum=0.9) with parameter groups 104 weight(decay=0.0), 111 weight(decay=0.0005), 110 bias(decay=0.0)
Image sizes 640 train, 640 val
Using 16 dataloader workers
Logging results to .yolo-out-lpr/yolo11-lpr-abl-branch-a-2
Starting training for 100 epochs...

      Epoch    GPU_mem   box_loss   cls_loss   dfl_loss  Instances       Size
      1/100      9.46G      3.359      5.022      4.363          1        640: 100%|██████████| 442/442 [05:26<00:00,  1.35it/s]
                 Class     Images  Instances      Box(P          R      mAP50  mAP50-95): 100%|██████████| 128/128 [00:45<00:00,  2.79it/s]
                   all       2048       2195      0.149      0.147      0.072     0.0149

      Epoch    GPU_mem   box_loss   cls_loss   dfl_loss  Instances       Size
      2/100      9.57G       2.32      2.661      3.092          3        640: 100%|██████████| 442/442 [05:25<00:00,  1.36it/s]
                 Class     Images  Instances      Box(P          R      mAP50  mAP50-95): 100%|██████████| 128/128 [00:43<00:00,  2.94it/s]
                   all       2048       2195      0.832      0.624      0.737      0.441

      Epoch    GPU_mem   box_loss   cls_loss   dfl_loss  Instances       Size
      3/100      9.56G      1.724      1.558      2.314          4        640: 100%|██████████| 442/442 [05:24<00:00,  1.36it/s]
                 Class     Images  Instances      Box(P          R      mAP50  mAP50-95): 100%|██████████| 128/128 [00:45<00:00,  2.83it/s]
                   all       2048       2195      0.844      0.689      0.766       0.46

      Epoch    GPU_mem   box_loss   cls_loss   dfl_loss  Instances       Size
      4/100      9.58G      1.578      1.233      2.073          1        640: 100%|██████████| 442/442 [05:21<00:00,  1.37it/s]
                 Class     Images  Instances      Box(P          R      mAP50  mAP50-95): 100%|██████████| 128/128 [00:45<00:00,  2.84it/s]
                   all       2048       2195      0.939      0.801      0.866      0.531

      Epoch    GPU_mem   box_loss   cls_loss   dfl_loss  Instances       Size
      5/100      9.53G      1.455      1.041      1.929          1        640: 100%|██████████| 442/442 [05:20<00:00,  1.38it/s]
                 Class     Images  Instances      Box(P          R      mAP50  mAP50-95): 100%|██████████| 128/128 [00:43<00:00,  2.92it/s]
                   all       2048       2195      0.912      0.812      0.873      0.553

      Epoch    GPU_mem   box_loss   cls_loss   dfl_loss  Instances       Size
      6/100      9.56G      1.425     0.9513      1.862          1        640: 100%|██████████| 442/442 [05:22<00:00,  1.37it/s]
                 Class     Images  Instances      Box(P          R      mAP50  mAP50-95): 100%|██████████| 128/128 [00:45<00:00,  2.84it/s]
                   all       2048       2195      0.919      0.828      0.884      0.572

      Epoch    GPU_mem   box_loss   cls_loss   dfl_loss  Instances       Size
      7/100      9.54G      1.389     0.8822      1.833          2        640: 100%|██████████| 442/442 [05:19<00:00,  1.38it/s]
                 Class     Images  Instances      Box(P          R      mAP50  mAP50-95): 100%|██████████| 128/128 [00:44<00:00,  2.85it/s]
                   all       2048       2195      0.959      0.853      0.909      0.593

      Epoch    GPU_mem   box_loss   cls_loss   dfl_loss  Instances       Size
      8/100      9.56G      1.349     0.8513      1.785          1        640: 100%|██████████| 442/442 [05:21<00:00,  1.37it/s]
                 Class     Images  Instances      Box(P          R      mAP50  mAP50-95): 100%|██████████| 128/128 [00:42<00:00,  3.01it/s]
                   all       2048       2195       0.95      0.851      0.905      0.596

      Epoch    GPU_mem   box_loss   cls_loss   dfl_loss  Instances       Size
      9/100      9.53G      1.338     0.8062      1.769          2        640: 100%|██████████| 442/442 [05:23<00:00,  1.37it/s]
                 Class     Images  Instances      Box(P          R      mAP50  mAP50-95): 100%|██████████| 128/128 [00:44<00:00,  2.86it/s]
                   all       2048       2195      0.951        0.8      0.888      0.577

      Epoch    GPU_mem   box_loss   cls_loss   dfl_loss  Instances       Size
     10/100      9.56G      1.318     0.7869      1.747          1        640: 100%|██████████| 442/442 [05:21<00:00,  1.38it/s]
                 Class     Images  Instances      Box(P          R      mAP50  mAP50-95): 100%|██████████| 128/128 [00:44<00:00,  2.85it/s]
                   all       2048       2195       0.97      0.849      0.914      0.601

      Epoch    GPU_mem   box_loss   cls_loss   dfl_loss  Instances       Size
     11/100      9.53G       1.32     0.7723      1.737          1        640: 100%|██████████| 442/442 [05:21<00:00,  1.38it/s]
                 Class     Images  Instances      Box(P          R      mAP50  mAP50-95): 100%|██████████| 128/128 [00:43<00:00,  2.98it/s]
                   all       2048       2195      0.959      0.856      0.912      0.595

      Epoch    GPU_mem   box_loss   cls_loss   dfl_loss  Instances       Size
     12/100      9.55G      1.299     0.7388      1.719          3        640: 100%|██████████| 442/442 [05:22<00:00,  1.37it/s]
                 Class     Images  Instances      Box(P          R      mAP50  mAP50-95): 100%|██████████| 128/128 [00:44<00:00,  2.85it/s]
                   all       2048       2195      0.961      0.859      0.917      0.609

      Epoch    GPU_mem   box_loss   cls_loss   dfl_loss  Instances       Size
     13/100      9.56G        1.3     0.7314      1.703          4        640: 100%|██████████| 442/442 [05:18<00:00,  1.39it/s]
                 Class     Images  Instances      Box(P          R      mAP50  mAP50-95): 100%|██████████| 128/128 [00:44<00:00,  2.85it/s]
                   all       2048       2195      0.962      0.862      0.912      0.597

      Epoch    GPU_mem   box_loss   cls_loss   dfl_loss  Instances       Size
     14/100      9.49G      1.261      0.703       1.68          1        640: 100%|██████████| 442/442 [05:22<00:00,  1.37it/s]
                 Class     Images  Instances      Box(P          R      mAP50  mAP50-95): 100%|██████████| 128/128 [00:42<00:00,  3.02it/s]
                   all       2048       2195      0.969      0.869      0.921      0.613

      Epoch    GPU_mem   box_loss   cls_loss   dfl_loss  Instances       Size
     15/100      9.54G       1.26     0.6934      1.675          1        640: 100%|██████████| 442/442 [05:22<00:00,  1.37it/s]
                 Class     Images  Instances      Box(P          R      mAP50  mAP50-95): 100%|██████████| 128/128 [00:44<00:00,  2.85it/s]
                   all       2048       2195      0.971      0.876      0.928      0.617

      Epoch    GPU_mem   box_loss   cls_loss   dfl_loss  Instances       Size
     16/100      9.57G      1.268     0.7007      1.683          3        640: 100%|██████████| 442/442 [05:19<00:00,  1.38it/s]
                 Class     Images  Instances      Box(P          R      mAP50  mAP50-95): 100%|██████████| 128/128 [00:44<00:00,  2.86it/s]
                   all       2048       2195      0.972      0.873      0.924      0.611

      Epoch    GPU_mem   box_loss   cls_loss   dfl_loss  Instances       Size
     17/100      9.54G      1.269     0.6956      1.671          4        640: 100%|██████████| 442/442 [05:24<00:00,  1.36it/s]
                 Class     Images  Instances      Box(P          R      mAP50  mAP50-95): 100%|██████████| 128/128 [00:42<00:00,  3.02it/s]
                   all       2048       2195      0.965       0.87      0.926      0.616

      Epoch    GPU_mem   box_loss   cls_loss   dfl_loss  Instances       Size
     18/100      9.56G      1.255     0.6819      1.672          4        640: 100%|██████████| 442/442 [05:22<00:00,  1.37it/s]
                 Class     Images  Instances      Box(P          R      mAP50  mAP50-95): 100%|██████████| 128/128 [00:44<00:00,  2.86it/s]
                   all       2048       2195      0.964      0.877      0.933      0.625

      Epoch    GPU_mem   box_loss   cls_loss   dfl_loss  Instances       Size
     19/100      9.53G      1.252     0.6764      1.667          1        640: 100%|██████████| 442/442 [05:20<00:00,  1.38it/s]
                 Class     Images  Instances      Box(P          R      mAP50  mAP50-95): 100%|██████████| 128/128 [00:44<00:00,  2.86it/s]
                   all       2048       2195      0.967      0.868      0.923      0.618

      Epoch    GPU_mem   box_loss   cls_loss   dfl_loss  Instances       Size
     20/100      9.56G      1.249     0.6632      1.647          1        640: 100%|██████████| 442/442 [05:03<00:00,  1.46it/s]
                 Class     Images  Instances      Box(P          R      mAP50  mAP50-95): 100%|██████████| 128/128 [00:39<00:00,  3.23it/s]
                   all       2048       2195      0.973      0.884      0.933      0.624

      Epoch    GPU_mem   box_loss   cls_loss   dfl_loss  Instances       Size
     21/100      9.53G      1.245     0.6522      1.661          2        640: 100%|██████████| 442/442 [04:45<00:00,  1.55it/s]
                 Class     Images  Instances      Box(P          R      mAP50  mAP50-95): 100%|██████████| 128/128 [00:39<00:00,  3.28it/s]
                   all       2048       2195      0.981      0.874       0.93      0.627

      Epoch    GPU_mem   box_loss   cls_loss   dfl_loss  Instances       Size
     22/100      9.49G      1.236     0.6464       1.63          1        640: 100%|██████████| 442/442 [04:45<00:00,  1.55it/s]
                 Class     Images  Instances      Box(P          R      mAP50  mAP50-95): 100%|██████████| 128/128 [00:38<00:00,  3.30it/s]
                   all       2048       2195      0.967      0.881      0.934      0.625

      Epoch    GPU_mem   box_loss   cls_loss   dfl_loss  Instances       Size
     23/100      9.54G      1.217     0.6273      1.624          2        640: 100%|██████████| 442/442 [04:44<00:00,  1.55it/s]
                 Class     Images  Instances      Box(P          R      mAP50  mAP50-95): 100%|██████████| 128/128 [00:40<00:00,  3.18it/s]
                   all       2048       2195      0.976      0.873      0.936      0.636

      Epoch    GPU_mem   box_loss   cls_loss   dfl_loss  Instances       Size
     24/100      9.55G      1.214     0.6276       1.62          2        640: 100%|██████████| 442/442 [04:45<00:00,  1.55it/s]
                 Class     Images  Instances      Box(P          R      mAP50  mAP50-95): 100%|██████████| 128/128 [00:38<00:00,  3.29it/s]
                   all       2048       2195      0.982      0.874      0.939      0.633

      Epoch    GPU_mem   box_loss   cls_loss   dfl_loss  Instances       Size
     25/100      9.54G       1.22     0.6284      1.637          2        640: 100%|██████████| 442/442 [04:44<00:00,  1.55it/s]
                 Class     Images  Instances      Box(P          R      mAP50  mAP50-95): 100%|██████████| 128/128 [00:38<00:00,  3.30it/s]
                   all       2048       2195      0.966      0.895      0.938      0.631

      Epoch    GPU_mem   box_loss   cls_loss   dfl_loss  Instances       Size
     26/100      9.56G      1.239     0.6275      1.654          2        640: 100%|██████████| 442/442 [04:44<00:00,  1.55it/s]
                 Class     Images  Instances      Box(P          R      mAP50  mAP50-95): 100%|██████████| 128/128 [00:38<00:00,  3.30it/s]
                   all       2048       2195      0.962      0.888      0.937      0.637

      Epoch    GPU_mem   box_loss   cls_loss   dfl_loss  Instances       Size
     27/100      9.54G      1.207     0.6038      1.616          2        640: 100%|██████████| 442/442 [04:44<00:00,  1.55it/s]
                 Class     Images  Instances      Box(P          R      mAP50  mAP50-95): 100%|██████████| 128/128 [00:38<00:00,  3.30it/s]
                   all       2048       2195      0.974      0.884      0.938      0.645

      Epoch    GPU_mem   box_loss   cls_loss   dfl_loss  Instances       Size
     28/100      9.49G      1.216     0.6153      1.631          1        640: 100%|██████████| 442/442 [04:44<00:00,  1.56it/s]
                 Class     Images  Instances      Box(P          R      mAP50  mAP50-95): 100%|██████████| 128/128 [00:39<00:00,  3.26it/s]
                   all       2048       2195      0.974      0.893      0.942      0.648

      Epoch    GPU_mem   box_loss   cls_loss   dfl_loss  Instances       Size
     29/100      9.46G      1.216     0.6086      1.628          1        640: 100%|██████████| 442/442 [04:45<00:00,  1.55it/s]
                 Class     Images  Instances      Box(P          R      mAP50  mAP50-95): 100%|██████████| 128/128 [00:39<00:00,  3.20it/s]
                   all       2048       2195      0.982      0.882      0.941      0.643

      Epoch    GPU_mem   box_loss   cls_loss   dfl_loss  Instances       Size
     30/100      9.55G      1.219     0.6093      1.619          3        640: 100%|██████████| 442/442 [04:46<00:00,  1.54it/s]
                 Class     Images  Instances      Box(P          R      mAP50  mAP50-95): 100%|██████████| 128/128 [00:39<00:00,  3.23it/s]
                   all       2048       2195      0.977      0.896      0.944      0.648

      Epoch    GPU_mem   box_loss   cls_loss   dfl_loss  Instances       Size
     31/100      9.47G      1.201     0.6002      1.606          1        640: 100%|██████████| 442/442 [04:44<00:00,  1.55it/s]
                 Class     Images  Instances      Box(P          R      mAP50  mAP50-95): 100%|██████████| 128/128 [00:38<00:00,  3.30it/s]
                   all       2048       2195      0.975      0.894      0.944      0.648

      Epoch    GPU_mem   box_loss   cls_loss   dfl_loss  Instances       Size
     32/100      9.55G        1.2     0.5833       1.61          1        640: 100%|██████████| 442/442 [04:44<00:00,  1.55it/s]
                 Class     Images  Instances      Box(P          R      mAP50  mAP50-95): 100%|██████████| 128/128 [00:39<00:00,  3.24it/s]
                   all       2048       2195      0.972      0.893      0.942      0.641

      Epoch    GPU_mem   box_loss   cls_loss   dfl_loss  Instances       Size
     33/100      9.46G      1.182     0.5864      1.587          3        640: 100%|██████████| 442/442 [04:45<00:00,  1.55it/s]
                 Class     Images  Instances      Box(P          R      mAP50  mAP50-95): 100%|██████████| 128/128 [00:39<00:00,  3.23it/s]
                   all       2048       2195      0.978      0.896      0.943      0.648

      Epoch    GPU_mem   box_loss   cls_loss   dfl_loss  Instances       Size
     34/100      9.56G      1.203     0.5925      1.605          4        640: 100%|██████████| 442/442 [04:44<00:00,  1.55it/s]
                 Class     Images  Instances      Box(P          R      mAP50  mAP50-95): 100%|██████████| 128/128 [00:40<00:00,  3.18it/s]
                   all       2048       2195      0.979      0.901      0.944      0.653

      Epoch    GPU_mem   box_loss   cls_loss   dfl_loss  Instances       Size
     35/100      9.53G      1.198      0.586      1.595          1        640: 100%|██████████| 442/442 [04:45<00:00,  1.55it/s]
                 Class     Images  Instances      Box(P          R      mAP50  mAP50-95): 100%|██████████| 128/128 [00:39<00:00,  3.20it/s]
                   all       2048       2195      0.978      0.898      0.947      0.655

      Epoch    GPU_mem   box_loss   cls_loss   dfl_loss  Instances       Size
     36/100      9.48G       1.18      0.585      1.584          4        640: 100%|██████████| 442/442 [04:45<00:00,  1.55it/s]
                 Class     Images  Instances      Box(P          R      mAP50  mAP50-95): 100%|██████████| 128/128 [00:38<00:00,  3.30it/s]
                   all       2048       2195      0.969      0.892      0.945      0.652

      Epoch    GPU_mem   box_loss   cls_loss   dfl_loss  Instances       Size
     37/100      9.54G       1.17     0.5711      1.586          2        640: 100%|██████████| 442/442 [04:44<00:00,  1.55it/s]
                 Class     Images  Instances      Box(P          R      mAP50  mAP50-95): 100%|██████████| 128/128 [00:38<00:00,  3.28it/s]
                   all       2048       2195       0.97      0.899      0.946      0.653

      Epoch    GPU_mem   box_loss   cls_loss   dfl_loss  Instances       Size
     38/100      9.55G      1.172     0.5744      1.576          1        640: 100%|██████████| 442/442 [04:45<00:00,  1.55it/s]
                 Class     Images  Instances      Box(P          R      mAP50  mAP50-95): 100%|██████████| 128/128 [00:39<00:00,  3.21it/s]
                   all       2048       2195      0.973      0.892      0.947      0.657

      Epoch    GPU_mem   box_loss   cls_loss   dfl_loss  Instances       Size
     39/100      9.53G      1.183     0.5636      1.595          4        640: 100%|██████████| 442/442 [04:45<00:00,  1.55it/s]
                 Class     Images  Instances      Box(P          R      mAP50  mAP50-95): 100%|██████████| 128/128 [00:40<00:00,  3.19it/s]
                   all       2048       2195      0.977      0.898      0.946      0.654

      Epoch    GPU_mem   box_loss   cls_loss   dfl_loss  Instances       Size
     40/100      9.56G      1.179     0.5653       1.59          1        640: 100%|██████████| 442/442 [04:45<00:00,  1.55it/s]
                 Class     Images  Instances      Box(P          R      mAP50  mAP50-95): 100%|██████████| 128/128 [00:38<00:00,  3.29it/s]
                   all       2048       2195       0.97      0.905      0.948      0.654

      Epoch    GPU_mem   box_loss   cls_loss   dfl_loss  Instances       Size
     41/100      9.53G      1.168     0.5528       1.57          0        640: 100%|██████████| 442/442 [04:46<00:00,  1.54it/s]
                 Class     Images  Instances      Box(P          R      mAP50  mAP50-95): 100%|██████████| 128/128 [00:38<00:00,  3.29it/s]
                   all       2048       2195      0.978      0.903      0.948      0.656

      Epoch    GPU_mem   box_loss   cls_loss   dfl_loss  Instances       Size
     42/100      9.56G      1.167      0.562      1.578          2        640: 100%|██████████| 442/442 [04:45<00:00,  1.55it/s]
                 Class     Images  Instances      Box(P          R      mAP50  mAP50-95): 100%|██████████| 128/128 [00:40<00:00,  3.18it/s]
                   all       2048       2195      0.976        0.9      0.946      0.654

      Epoch    GPU_mem   box_loss   cls_loss   dfl_loss  Instances       Size
     43/100      9.53G      1.179      0.557      1.585          2        640: 100%|██████████| 442/442 [04:46<00:00,  1.54it/s]
                 Class     Images  Instances      Box(P          R      mAP50  mAP50-95): 100%|██████████| 128/128 [00:39<00:00,  3.24it/s]
                   all       2048       2195       0.98      0.901      0.949      0.662

      Epoch    GPU_mem   box_loss   cls_loss   dfl_loss  Instances       Size
     44/100      9.49G      1.159     0.5461      1.586          1        640: 100%|██████████| 442/442 [04:45<00:00,  1.55it/s]
                 Class     Images  Instances      Box(P          R      mAP50  mAP50-95): 100%|██████████| 128/128 [00:38<00:00,  3.31it/s]
                   all       2048       2195      0.975      0.908       0.95      0.664

      Epoch    GPU_mem   box_loss   cls_loss   dfl_loss  Instances       Size
     45/100      9.46G      1.149     0.5369       1.57          0        640: 100%|██████████| 442/442 [04:45<00:00,  1.55it/s]
                 Class     Images  Instances      Box(P          R      mAP50  mAP50-95): 100%|██████████| 128/128 [00:38<00:00,  3.30it/s]
                   all       2048       2195      0.979      0.907      0.951      0.662

      Epoch    GPU_mem   box_loss   cls_loss   dfl_loss  Instances       Size
     46/100      9.58G      1.165     0.5396      1.576          2        640: 100%|██████████| 442/442 [04:44<00:00,  1.55it/s]
                 Class     Images  Instances      Box(P          R      mAP50  mAP50-95): 100%|██████████| 128/128 [00:38<00:00,  3.30it/s]
                   all       2048       2195      0.983      0.904      0.953      0.668

      Epoch    GPU_mem   box_loss   cls_loss   dfl_loss  Instances       Size
     47/100      9.54G      1.154     0.5362      1.566          2        640: 100%|██████████| 442/442 [04:44<00:00,  1.55it/s]
                 Class     Images  Instances      Box(P          R      mAP50  mAP50-95): 100%|██████████| 128/128 [00:40<00:00,  3.19it/s]
                   all       2048       2195      0.974      0.906      0.951      0.663

      Epoch    GPU_mem   box_loss   cls_loss   dfl_loss  Instances       Size
     48/100      9.55G      1.144     0.5306      1.567          5        640: 100%|██████████| 442/442 [04:46<00:00,  1.54it/s]
                 Class     Images  Instances      Box(P          R      mAP50  mAP50-95): 100%|██████████| 128/128 [00:38<00:00,  3.29it/s]
                   all       2048       2195      0.979      0.906      0.948       0.66

      Epoch    GPU_mem   box_loss   cls_loss   dfl_loss  Instances       Size
     49/100      9.53G      1.143     0.5377      1.566          2        640: 100%|██████████| 442/442 [04:46<00:00,  1.54it/s]
                 Class     Images  Instances      Box(P          R      mAP50  mAP50-95): 100%|██████████| 128/128 [00:40<00:00,  3.18it/s]
                   all       2048       2195      0.979      0.903      0.951      0.666

      Epoch    GPU_mem   box_loss   cls_loss   dfl_loss  Instances       Size
     50/100      9.56G      1.131     0.5244      1.543          4        640: 100%|██████████| 442/442 [04:46<00:00,  1.55it/s]
                 Class     Images  Instances      Box(P          R      mAP50  mAP50-95): 100%|██████████| 128/128 [00:38<00:00,  3.31it/s]
                   all       2048       2195      0.981      0.898      0.951      0.663

      Epoch    GPU_mem   box_loss   cls_loss   dfl_loss  Instances       Size
     51/100      9.53G      1.155      0.535      1.558          3        640: 100%|██████████| 442/442 [04:45<00:00,  1.55it/s]
                 Class     Images  Instances      Box(P          R      mAP50  mAP50-95): 100%|██████████| 128/128 [00:38<00:00,  3.31it/s]
                   all       2048       2195      0.979      0.903      0.949      0.667

      Epoch    GPU_mem   box_loss   cls_loss   dfl_loss  Instances       Size
     52/100      9.33G      1.159     0.5249       1.56          1        640: 100%|██████████| 442/442 [04:45<00:00,  1.55it/s]
                 Class     Images  Instances      Box(P          R      mAP50  mAP50-95): 100%|██████████| 128/128 [00:38<00:00,  3.31it/s]
                   all       2048       2195      0.987      0.903       0.95      0.669

      Epoch    GPU_mem   box_loss   cls_loss   dfl_loss  Instances       Size
     53/100      9.46G      1.142     0.5246      1.563          4        640: 100%|██████████| 442/442 [04:44<00:00,  1.55it/s]
                 Class     Images  Instances      Box(P          R      mAP50  mAP50-95): 100%|██████████| 128/128 [00:38<00:00,  3.31it/s]
                   all       2048       2195       0.97      0.914      0.952      0.669

      Epoch    GPU_mem   box_loss   cls_loss   dfl_loss  Instances       Size
     54/100      9.55G      1.146     0.5166      1.562          1        640: 100%|██████████| 442/442 [04:45<00:00,  1.55it/s]
                 Class     Images  Instances      Box(P          R      mAP50  mAP50-95): 100%|██████████| 128/128 [00:38<00:00,  3.29it/s]
                   all       2048       2195      0.981      0.907      0.951      0.675

      Epoch    GPU_mem   box_loss   cls_loss   dfl_loss  Instances       Size
     55/100      9.54G      1.149     0.5228      1.551          4        640: 100%|██████████| 442/442 [04:45<00:00,  1.55it/s]
                 Class     Images  Instances      Box(P          R      mAP50  mAP50-95): 100%|██████████| 128/128 [00:38<00:00,  3.31it/s]
                   all       2048       2195      0.981      0.905      0.951       0.67

      Epoch    GPU_mem   box_loss   cls_loss   dfl_loss  Instances       Size
     56/100      9.57G      1.147     0.5152      1.555          3        640: 100%|██████████| 442/442 [04:45<00:00,  1.55it/s]
                 Class     Images  Instances      Box(P          R      mAP50  mAP50-95): 100%|██████████| 128/128 [00:39<00:00,  3.22it/s]
                   all       2048       2195      0.979       0.91      0.953       0.67

      Epoch    GPU_mem   box_loss   cls_loss   dfl_loss  Instances       Size
     57/100      9.53G       1.13     0.5105      1.536          0        640: 100%|██████████| 442/442 [04:45<00:00,  1.55it/s]
                 Class     Images  Instances      Box(P          R      mAP50  mAP50-95): 100%|██████████| 128/128 [00:40<00:00,  3.20it/s]
                   all       2048       2195      0.975      0.908      0.952      0.667

      Epoch    GPU_mem   box_loss   cls_loss   dfl_loss  Instances       Size
     58/100      9.56G       1.13     0.5086      1.541          1        640: 100%|██████████| 442/442 [04:45<00:00,  1.55it/s]
                 Class     Images  Instances      Box(P          R      mAP50  mAP50-95): 100%|██████████| 128/128 [00:40<00:00,  3.19it/s]
                   all       2048       2195      0.985      0.903      0.954      0.675

      Epoch    GPU_mem   box_loss   cls_loss   dfl_loss  Instances       Size
     59/100      9.53G      1.125     0.5011      1.542          2        640: 100%|██████████| 442/442 [04:46<00:00,  1.54it/s]
                 Class     Images  Instances      Box(P          R      mAP50  mAP50-95): 100%|██████████| 128/128 [00:38<00:00,  3.30it/s]
                   all       2048       2195      0.973      0.914      0.953      0.671

      Epoch    GPU_mem   box_loss   cls_loss   dfl_loss  Instances       Size
     60/100      9.33G      1.127     0.5126       1.54          3        640: 100%|██████████| 442/442 [04:45<00:00,  1.55it/s]
                 Class     Images  Instances      Box(P          R      mAP50  mAP50-95): 100%|██████████| 128/128 [00:39<00:00,  3.23it/s]
                   all       2048       2195      0.981      0.908      0.955      0.676

      Epoch    GPU_mem   box_loss   cls_loss   dfl_loss  Instances       Size
     61/100      9.53G      1.124     0.4965      1.551          1        640: 100%|██████████| 442/442 [04:45<00:00,  1.55it/s]
                 Class     Images  Instances      Box(P          R      mAP50  mAP50-95): 100%|██████████| 128/128 [00:38<00:00,  3.29it/s]
                   all       2048       2195      0.978       0.91      0.953      0.674

      Epoch    GPU_mem   box_loss   cls_loss   dfl_loss  Instances       Size
     62/100      9.55G      1.111     0.5047       1.53          2        640: 100%|██████████| 442/442 [04:46<00:00,  1.54it/s]
                 Class     Images  Instances      Box(P          R      mAP50  mAP50-95): 100%|██████████| 128/128 [00:39<00:00,  3.24it/s]
                   all       2048       2195      0.973      0.917      0.954      0.677

      Epoch    GPU_mem   box_loss   cls_loss   dfl_loss  Instances       Size
     63/100      9.54G      1.115     0.4956      1.527          1        640: 100%|██████████| 442/442 [04:46<00:00,  1.54it/s]
                 Class     Images  Instances      Box(P          R      mAP50  mAP50-95): 100%|██████████| 128/128 [00:38<00:00,  3.29it/s]
                   all       2048       2195      0.978      0.913      0.953      0.678

      Epoch    GPU_mem   box_loss   cls_loss   dfl_loss  Instances       Size
     64/100      9.55G      1.114     0.4972      1.545          3        640: 100%|██████████| 442/442 [04:47<00:00,  1.54it/s]
                 Class     Images  Instances      Box(P          R      mAP50  mAP50-95): 100%|██████████| 128/128 [00:38<00:00,  3.30it/s]
                   all       2048       2195      0.982      0.908      0.953      0.676

      Epoch    GPU_mem   box_loss   cls_loss   dfl_loss  Instances       Size
     65/100      9.56G      1.126     0.4976      1.527          2        640: 100%|██████████| 442/442 [04:47<00:00,  1.54it/s]
                 Class     Images  Instances      Box(P          R      mAP50  mAP50-95): 100%|██████████| 128/128 [00:38<00:00,  3.29it/s]
                   all       2048       2195       0.98      0.912      0.956      0.676

      Epoch    GPU_mem   box_loss   cls_loss   dfl_loss  Instances       Size
     66/100      9.49G      1.102      0.482      1.521          1        640: 100%|██████████| 442/442 [04:47<00:00,  1.54it/s]
                 Class     Images  Instances      Box(P          R      mAP50  mAP50-95): 100%|██████████| 128/128 [00:38<00:00,  3.29it/s]
                   all       2048       2195      0.983      0.912      0.954      0.674

      Epoch    GPU_mem   box_loss   cls_loss   dfl_loss  Instances       Size
     67/100      9.56G      1.103     0.4849      1.523          4        640: 100%|██████████| 442/442 [04:47<00:00,  1.54it/s]
                 Class     Images  Instances      Box(P          R      mAP50  mAP50-95): 100%|██████████| 128/128 [00:38<00:00,  3.29it/s]
                   all       2048       2195      0.984      0.912      0.955      0.677

      Epoch    GPU_mem   box_loss   cls_loss   dfl_loss  Instances       Size
     68/100      9.55G      1.083     0.4788      1.521          1        640: 100%|██████████| 442/442 [04:47<00:00,  1.54it/s]
                 Class     Images  Instances      Box(P          R      mAP50  mAP50-95): 100%|██████████| 128/128 [00:38<00:00,  3.29it/s]
                   all       2048       2195       0.98      0.914      0.956      0.677

      Epoch    GPU_mem   box_loss   cls_loss   dfl_loss  Instances       Size
     69/100      9.54G      1.096     0.4886      1.505          1        640: 100%|██████████| 442/442 [04:47<00:00,  1.54it/s]
                 Class     Images  Instances      Box(P          R      mAP50  mAP50-95): 100%|██████████| 128/128 [00:38<00:00,  3.29it/s]
                   all       2048       2195       0.98      0.912      0.955      0.679

      Epoch    GPU_mem   box_loss   cls_loss   dfl_loss  Instances       Size
     70/100      9.59G      1.101     0.4779      1.518          1        640: 100%|██████████| 442/442 [04:47<00:00,  1.54it/s]
                 Class     Images  Instances      Box(P          R      mAP50  mAP50-95): 100%|██████████| 128/128 [00:38<00:00,  3.29it/s]
                   all       2048       2195      0.983      0.911      0.955      0.676

      Epoch    GPU_mem   box_loss   cls_loss   dfl_loss  Instances       Size
     71/100      9.53G      1.094     0.4756      1.515          4        640: 100%|██████████| 442/442 [04:47<00:00,  1.54it/s]
                 Class     Images  Instances      Box(P          R      mAP50  mAP50-95): 100%|██████████| 128/128 [00:38<00:00,  3.29it/s]
                   all       2048       2195       0.98      0.913      0.955      0.677

      Epoch    GPU_mem   box_loss   cls_loss   dfl_loss  Instances       Size
     72/100      9.49G      1.102     0.4781      1.522          1        640: 100%|██████████| 442/442 [04:47<00:00,  1.54it/s]
                 Class     Images  Instances      Box(P          R      mAP50  mAP50-95): 100%|██████████| 128/128 [00:38<00:00,  3.29it/s]
                   all       2048       2195      0.978      0.923      0.956      0.678

      Epoch    GPU_mem   box_loss   cls_loss   dfl_loss  Instances       Size
     73/100      9.53G       1.09     0.4722      1.495          1        640: 100%|██████████| 442/442 [04:47<00:00,  1.54it/s]
                 Class     Images  Instances      Box(P          R      mAP50  mAP50-95): 100%|██████████| 128/128 [00:40<00:00,  3.18it/s]
                   all       2048       2195       0.98      0.918      0.955      0.676

      Epoch    GPU_mem   box_loss   cls_loss   dfl_loss  Instances       Size
     74/100      9.56G      1.074     0.4725      1.486          4        640: 100%|██████████| 442/442 [04:47<00:00,  1.54it/s]
                 Class     Images  Instances      Box(P          R      mAP50  mAP50-95): 100%|██████████| 128/128 [00:38<00:00,  3.29it/s]
                   all       2048       2195      0.974      0.918      0.956      0.676

      Epoch    GPU_mem   box_loss   cls_loss   dfl_loss  Instances       Size
     75/100      9.46G      1.079     0.4628      1.499          1        640: 100%|██████████| 442/442 [04:47<00:00,  1.54it/s]
                 Class     Images  Instances      Box(P          R      mAP50  mAP50-95): 100%|██████████| 128/128 [00:38<00:00,  3.29it/s]
                   all       2048       2195      0.975      0.925      0.955      0.677

      Epoch    GPU_mem   box_loss   cls_loss   dfl_loss  Instances       Size
     76/100      9.55G      1.075     0.4691       1.49          2        640: 100%|██████████| 442/442 [04:47<00:00,  1.54it/s]
                 Class     Images  Instances      Box(P          R      mAP50  mAP50-95): 100%|██████████| 128/128 [00:38<00:00,  3.29it/s]
                   all       2048       2195      0.983      0.913      0.955      0.678

      Epoch    GPU_mem   box_loss   cls_loss   dfl_loss  Instances       Size
     77/100      9.46G      1.074     0.4637      1.505          2        640: 100%|██████████| 442/442 [04:47<00:00,  1.54it/s]
                 Class     Images  Instances      Box(P          R      mAP50  mAP50-95): 100%|██████████| 128/128 [00:38<00:00,  3.29it/s]
                   all       2048       2195      0.979      0.917      0.955       0.68

      Epoch    GPU_mem   box_loss   cls_loss   dfl_loss  Instances       Size
     78/100      9.55G      1.078     0.4584      1.493          1        640: 100%|██████████| 442/442 [04:48<00:00,  1.53it/s]
                 Class     Images  Instances      Box(P          R      mAP50  mAP50-95): 100%|██████████| 128/128 [00:38<00:00,  3.29it/s]
                   all       2048       2195      0.981       0.92      0.957      0.681

      Epoch    GPU_mem   box_loss   cls_loss   dfl_loss  Instances       Size
     79/100      9.54G      1.073     0.4635      1.489          1        640: 100%|██████████| 442/442 [04:47<00:00,  1.54it/s]
                 Class     Images  Instances      Box(P          R      mAP50  mAP50-95): 100%|██████████| 128/128 [00:38<00:00,  3.29it/s]
                   all       2048       2195      0.982      0.921      0.957       0.68

      Epoch    GPU_mem   box_loss   cls_loss   dfl_loss  Instances       Size
     80/100      9.55G      1.075     0.4617       1.49          2        640: 100%|██████████| 442/442 [04:45<00:00,  1.55it/s]
                 Class     Images  Instances      Box(P          R      mAP50  mAP50-95): 100%|██████████| 128/128 [00:39<00:00,  3.20it/s]
                   all       2048       2195      0.983      0.918      0.957      0.681

      Epoch    GPU_mem   box_loss   cls_loss   dfl_loss  Instances       Size
     81/100      9.53G      1.063     0.4528      1.494          3        640: 100%|██████████| 442/442 [05:07<00:00,  1.44it/s]
                 Class     Images  Instances      Box(P          R      mAP50  mAP50-95): 100%|██████████| 128/128 [00:44<00:00,  2.90it/s]
                   all       2048       2195      0.979       0.92      0.956      0.681

      Epoch    GPU_mem   box_loss   cls_loss   dfl_loss  Instances       Size
     82/100      9.57G      1.057     0.4485       1.48          2        640: 100%|██████████| 442/442 [05:15<00:00,  1.40it/s]
                 Class     Images  Instances      Box(P          R      mAP50  mAP50-95): 100%|██████████| 128/128 [00:44<00:00,  2.90it/s]
                   all       2048       2195      0.981      0.919      0.957      0.679

      Epoch    GPU_mem   box_loss   cls_loss   dfl_loss  Instances       Size
     83/100      9.53G      1.063     0.4486      1.476          1        640: 100%|██████████| 442/442 [05:17<00:00,  1.39it/s]
                 Class     Images  Instances      Box(P          R      mAP50  mAP50-95): 100%|██████████| 128/128 [00:44<00:00,  2.89it/s]
                   all       2048       2195      0.976      0.923      0.957      0.679

      Epoch    GPU_mem   box_loss   cls_loss   dfl_loss  Instances       Size
     84/100      9.55G      1.054      0.447      1.471          2        640: 100%|██████████| 442/442 [05:18<00:00,  1.39it/s]
                 Class     Images  Instances      Box(P          R      mAP50  mAP50-95): 100%|██████████| 128/128 [00:43<00:00,  2.91it/s]
                   all       2048       2195      0.979       0.92      0.956      0.677

      Epoch    GPU_mem   box_loss   cls_loss   dfl_loss  Instances       Size
     85/100      9.54G      1.037     0.4367      1.471          1        640: 100%|██████████| 442/442 [05:16<00:00,  1.40it/s]
                 Class     Images  Instances      Box(P          R      mAP50  mAP50-95): 100%|██████████| 128/128 [00:43<00:00,  2.92it/s]
                   all       2048       2195      0.978      0.922      0.955      0.679

      Epoch    GPU_mem   box_loss   cls_loss   dfl_loss  Instances       Size
     86/100      9.55G       1.05     0.4429       1.47          3        640: 100%|██████████| 442/442 [05:19<00:00,  1.38it/s]
                 Class     Images  Instances      Box(P          R      mAP50  mAP50-95): 100%|██████████| 128/128 [00:45<00:00,  2.81it/s]
                   all       2048       2195      0.977      0.926      0.956      0.681

      Epoch    GPU_mem   box_loss   cls_loss   dfl_loss  Instances       Size
     87/100      9.53G      1.049     0.4399      1.461          4        640: 100%|██████████| 442/442 [05:19<00:00,  1.38it/s]
                 Class     Images  Instances      Box(P          R      mAP50  mAP50-95): 100%|██████████| 128/128 [00:44<00:00,  2.87it/s]
                   all       2048       2195      0.979      0.922      0.957      0.681

      Epoch    GPU_mem   box_loss   cls_loss   dfl_loss  Instances       Size
     88/100      9.56G      1.035     0.4427      1.451          1        640: 100%|██████████| 442/442 [05:18<00:00,  1.39it/s]
                 Class     Images  Instances      Box(P          R      mAP50  mAP50-95): 100%|██████████| 128/128 [00:41<00:00,  3.06it/s]
                   all       2048       2195      0.979      0.924      0.957       0.68

      Epoch    GPU_mem   box_loss   cls_loss   dfl_loss  Instances       Size
     89/100      9.53G      1.035     0.4318      1.461          2        640: 100%|██████████| 442/442 [05:20<00:00,  1.38it/s]
                 Class     Images  Instances      Box(P          R      mAP50  mAP50-95): 100%|██████████| 128/128 [00:44<00:00,  2.87it/s]
                   all       2048       2195      0.981      0.921      0.957      0.681

      Epoch    GPU_mem   box_loss   cls_loss   dfl_loss  Instances       Size
     90/100       9.5G      1.038     0.4426      1.456          1        640: 100%|██████████| 442/442 [05:19<00:00,  1.38it/s]
                 Class     Images  Instances      Box(P          R      mAP50  mAP50-95): 100%|██████████| 128/128 [00:44<00:00,  2.86it/s]
                   all       2048       2195      0.982      0.921      0.956      0.681
Closing dataloader mosaic

      Epoch    GPU_mem   box_loss   cls_loss   dfl_loss  Instances       Size
     91/100      9.46G      1.023     0.3815      1.445          1        640: 100%|██████████| 442/442 [05:11<00:00,  1.42it/s]
                 Class     Images  Instances      Box(P          R      mAP50  mAP50-95): 100%|██████████| 128/128 [00:44<00:00,  2.87it/s]
                   all       2048       2195      0.982       0.92      0.958      0.681

      Epoch    GPU_mem   box_loss   cls_loss   dfl_loss  Instances       Size
     92/100      9.49G      1.024     0.3773      1.449          1        640: 100%|██████████| 442/442 [05:17<00:00,  1.39it/s]
                 Class     Images  Instances      Box(P          R      mAP50  mAP50-95): 100%|██████████| 128/128 [00:44<00:00,  2.88it/s]
                   all       2048       2195       0.98       0.92      0.957      0.682

      Epoch    GPU_mem   box_loss   cls_loss   dfl_loss  Instances       Size
     93/100      9.46G      1.016     0.3774      1.446          1        640: 100%|██████████| 442/442 [05:17<00:00,  1.39it/s]
                 Class     Images  Instances      Box(P          R      mAP50  mAP50-95): 100%|██████████| 128/128 [00:44<00:00,  2.87it/s]
                   all       2048       2195       0.98      0.917      0.956      0.682

      Epoch    GPU_mem   box_loss   cls_loss   dfl_loss  Instances       Size
     94/100      9.49G      1.006     0.3692      1.434          1        640: 100%|██████████| 442/442 [05:17<00:00,  1.39it/s]
                 Class     Images  Instances      Box(P          R      mAP50  mAP50-95): 100%|██████████| 128/128 [00:44<00:00,  2.88it/s]
                   all       2048       2195      0.981      0.918      0.958      0.682

      Epoch    GPU_mem   box_loss   cls_loss   dfl_loss  Instances       Size
     95/100      9.47G     0.9935     0.3692      1.412          1        640: 100%|██████████| 442/442 [05:16<00:00,  1.39it/s]
                 Class     Images  Instances      Box(P          R      mAP50  mAP50-95): 100%|██████████| 128/128 [00:42<00:00,  2.99it/s]
                   all       2048       2195      0.982      0.918      0.957      0.684

      Epoch    GPU_mem   box_loss   cls_loss   dfl_loss  Instances       Size
     96/100      9.49G      1.007     0.3648      1.442          1        640: 100%|██████████| 442/442 [05:18<00:00,  1.39it/s]
                 Class     Images  Instances      Box(P          R      mAP50  mAP50-95): 100%|██████████| 128/128 [00:44<00:00,  2.87it/s]
                   all       2048       2195       0.98      0.919      0.957      0.683

      Epoch    GPU_mem   box_loss   cls_loss   dfl_loss  Instances       Size
     97/100      9.46G     0.9821     0.3619      1.411          1        640: 100%|██████████| 442/442 [05:17<00:00,  1.39it/s]
                 Class     Images  Instances      Box(P          R      mAP50  mAP50-95): 100%|██████████| 128/128 [00:44<00:00,  2.87it/s]
                   all       2048       2195      0.979      0.918      0.957      0.683

      Epoch    GPU_mem   box_loss   cls_loss   dfl_loss  Instances       Size
     98/100      9.49G     0.9785     0.3612       1.41          1        640: 100%|██████████| 442/442 [05:17<00:00,  1.39it/s]
                 Class     Images  Instances      Box(P          R      mAP50  mAP50-95): 100%|██████████| 128/128 [00:44<00:00,  2.87it/s]
                   all       2048       2195      0.979      0.918      0.956      0.684

      Epoch    GPU_mem   box_loss   cls_loss   dfl_loss  Instances       Size
     99/100      9.46G     0.9871      0.363      1.408          1        640: 100%|██████████| 442/442 [05:18<00:00,  1.39it/s]
                 Class     Images  Instances      Box(P          R      mAP50  mAP50-95): 100%|██████████| 128/128 [00:44<00:00,  2.85it/s]
                   all       2048       2195       0.98      0.917      0.957      0.683

      Epoch    GPU_mem   box_loss   cls_loss   dfl_loss  Instances       Size
    100/100      9.49G     0.9793     0.3581      1.398          1        640: 100%|██████████| 442/442 [05:18<00:00,  1.39it/s]
                 Class     Images  Instances      Box(P          R      mAP50  mAP50-95): 100%|██████████| 128/128 [00:44<00:00,  2.88it/s]
                   all       2048       2195       0.98      0.915      0.956      0.683

100 epochs completed in 9.481 hours.
Optimizer stripped from .yolo-out-lpr/yolo11-lpr-abl-branch-a-2/weights/last.pt, 27.3MB
Optimizer stripped from .yolo-out-lpr/yolo11-lpr-abl-branch-a-2/weights/best.pt, 27.3MB

Validating .yolo-out-lpr/yolo11-lpr-abl-branch-a-2/weights/best.pt...
Ultralytics 8.3.150 🚀 Python-3.13.2 torch-2.6.0+cu118 CUDA:0 (Tesla T4, 14913MiB)
                                                       CUDA:1 (Tesla T4, 14913MiB)
model summary (fused): 125 layers, 13,118,355 parameters, 0 gradients, 91.7 GFLOPs
                 Class     Images  Instances      Box(P          R      mAP50  mAP50-95): 100%|██████████| 128/128 [00:37<00:00,  3.39it/s]
                   all       2048       2195      0.982      0.917      0.957      0.684
Speed: 0.1ms preprocess, 15.5ms inference, 0.0ms loss, 0.8ms postprocess per image
Results saved to .yolo-out-lpr/yolo11-lpr-abl-branch-a-2
