Overriding model.yaml nc=80 with nc=5
WARNING ⚠️ no model scale passed. Assuming scale='m'.
Freezing layer 'model.23.dfl.conv.weight'
AMP: running Automatic Mixed Precision (AMP) checks...
AMP: checks passed ✅
train: Fast image access ✅ (ping: 0.1±0.1 ms, read: 838.1±362.3 MB/s, size: 450.2 KB)
train: Scanning /data2/jd1/datasets/sds-ds/sds/labels/train.cache... 8930 images
val: Fast image access ✅ (ping: 0.1±0.0 ms, read: 1257.4±453.9 MB/s, size: 940.5 KB)
val: Scanning /data2/jd1/datasets/sds-ds/sds/labels/val.cache... 1547 images, 0 
Plotting labels to .yolo-out-sds3/yolo11a-sds-3/labels.jpg...
optimizer: 'optimizer=auto' found, ignoring 'lr0=0.01' and 'momentum=0.937' and determining best 'optimizer', 'lr0' and 'momentum' automatically...
optimizer: SGD(lr=0.01, momentum=0.9) with parameter groups 104 weight(decay=0.0), 111 weight(decay=0.0005), 110 bias(decay=0.0)
Image sizes 640 train, 640 val
Using 16 dataloader workers
Logging results to .yolo-out-sds3/yolo11a-sds-3
Starting training for 100 epochs...

      Epoch    GPU_mem   box_loss   cls_loss   dfl_loss  Instances       Size
      1/100      3.46G      3.853      5.503       3.98          2        640: 1
                 Class     Images  Instances      Box(P          R      mAP50  m
                   all       1547       9630      0.367      0.193      0.101     0.0333

      Epoch    GPU_mem   box_loss   cls_loss   dfl_loss  Instances       Size
      2/100      3.86G      2.532      2.651      2.151         17        640: 1
                 Class     Images  Instances      Box(P          R      mAP50  m
                   all       1547       9630       0.54      0.333      0.263      0.123

      Epoch    GPU_mem   box_loss   cls_loss   dfl_loss  Instances       Size
      3/100      3.86G      2.227       2.08      1.887         19        640: 1
                 Class     Images  Instances      Box(P          R      mAP50  m
                   all       1547       9630      0.666      0.363      0.322      0.155

      Epoch    GPU_mem   box_loss   cls_loss   dfl_loss  Instances       Size
      4/100      3.86G      2.081      1.712      1.752          6        640: 1
                 Class     Images  Instances      Box(P          R      mAP50  m
                   all       1547       9630      0.707      0.452      0.461      0.237

      Epoch    GPU_mem   box_loss   cls_loss   dfl_loss  Instances       Size
      5/100      4.05G      1.977      1.463      1.681          2        640: 1
                 Class     Images  Instances      Box(P          R      mAP50  m
                   all       1547       9630        0.7      0.494      0.515      0.261

      Epoch    GPU_mem   box_loss   cls_loss   dfl_loss  Instances       Size
      6/100      4.05G      1.894       1.33      1.623         22        640: 1
                 Class     Images  Instances      Box(P          R      mAP50  m
                   all       1547       9630      0.782       0.52      0.615      0.318

      Epoch    GPU_mem   box_loss   cls_loss   dfl_loss  Instances       Size
      7/100      4.05G       1.84      1.228      1.575          5        640: 1
                 Class     Images  Instances      Box(P          R      mAP50  m
                   all       1547       9630      0.804      0.529      0.612      0.312

      Epoch    GPU_mem   box_loss   cls_loss   dfl_loss  Instances       Size
      8/100      4.06G      1.809      1.183      1.555          4        640: 1
                 Class     Images  Instances      Box(P          R      mAP50  m
                   all       1547       9630      0.719      0.574      0.577      0.305

      Epoch    GPU_mem   box_loss   cls_loss   dfl_loss  Instances       Size
      9/100      4.06G       1.78      1.133      1.546          9        640: 1
                 Class     Images  Instances      Box(P          R      mAP50  m
                   all       1547       9630       0.79      0.592      0.661      0.347

      Epoch    GPU_mem   box_loss   cls_loss   dfl_loss  Instances       Size
     10/100      4.26G      1.767      1.101      1.533          4        640: 1
                 Class     Images  Instances      Box(P          R      mAP50  m
                   all       1547       9630      0.717      0.601      0.627      0.328

      Epoch    GPU_mem   box_loss   cls_loss   dfl_loss  Instances       Size
     11/100      4.26G      1.745      1.078      1.514          8        640: 1
                 Class     Images  Instances      Box(P          R      mAP50  m
                   all       1547       9630      0.794      0.589      0.654      0.342

      Epoch    GPU_mem   box_loss   cls_loss   dfl_loss  Instances       Size
     12/100      4.26G      1.716      1.041      1.495         25        640: 1
                 Class     Images  Instances      Box(P          R      mAP50  m
                   all       1547       9630        0.8      0.587      0.661      0.359

      Epoch    GPU_mem   box_loss   cls_loss   dfl_loss  Instances       Size
     13/100      4.26G      1.703      1.034      1.487          1        640: 1
                 Class     Images  Instances      Box(P          R      mAP50  m
                   all       1547       9630      0.774      0.626       0.68      0.359

      Epoch    GPU_mem   box_loss   cls_loss   dfl_loss  Instances       Size
     14/100      4.26G       1.71      1.031        1.5         29        640: 1
                 Class     Images  Instances      Box(P          R      mAP50  m
                   all       1547       9630      0.821       0.61      0.703      0.378

      Epoch    GPU_mem   box_loss   cls_loss   dfl_loss  Instances       Size
     15/100      4.26G      1.666     0.9914       1.47          6        640: 1
                 Class     Images  Instances      Box(P          R      mAP50  m
                   all       1547       9630      0.813      0.644      0.718      0.387

      Epoch    GPU_mem   box_loss   cls_loss   dfl_loss  Instances       Size
     16/100      4.26G      1.653      0.976      1.452          6        640: 1
                 Class     Images  Instances      Box(P          R      mAP50  m
                   all       1547       9630      0.804      0.651      0.724      0.391

      Epoch    GPU_mem   box_loss   cls_loss   dfl_loss  Instances       Size
     17/100      4.26G      1.645     0.9509      1.459          3        640: 1
                 Class     Images  Instances      Box(P          R      mAP50  m
                   all       1547       9630      0.834      0.646      0.724      0.403

      Epoch    GPU_mem   box_loss   cls_loss   dfl_loss  Instances       Size
     18/100      4.47G      1.625     0.9509      1.447          6        640: 1
                 Class     Images  Instances      Box(P          R      mAP50  m
                   all       1547       9630      0.803      0.653      0.722      0.401

      Epoch    GPU_mem   box_loss   cls_loss   dfl_loss  Instances       Size
     19/100      4.47G      1.621     0.9294      1.432          7        640: 1
                 Class     Images  Instances      Box(P          R      mAP50  m
                   all       1547       9630      0.808      0.657      0.719      0.393

      Epoch    GPU_mem   box_loss   cls_loss   dfl_loss  Instances       Size
     20/100      4.47G      1.607     0.9139       1.42          7        640: 1
                 Class     Images  Instances      Box(P          R      mAP50  m
                   all       1547       9630      0.783      0.691      0.734      0.394

      Epoch    GPU_mem   box_loss   cls_loss   dfl_loss  Instances       Size
     21/100      4.47G      1.607     0.9211      1.418          5        640: 1
                 Class     Images  Instances      Box(P          R      mAP50  m
                   all       1547       9630      0.835      0.677      0.739      0.416

      Epoch    GPU_mem   box_loss   cls_loss   dfl_loss  Instances       Size
     22/100      4.47G      1.587     0.8963      1.411          5        640: 1
                 Class     Images  Instances      Box(P          R      mAP50  m
                   all       1547       9630      0.841      0.673      0.727      0.412

      Epoch    GPU_mem   box_loss   cls_loss   dfl_loss  Instances       Size
     23/100      4.47G      1.593     0.9141      1.413         12        640: 1
                 Class     Images  Instances      Box(P          R      mAP50  m
                   all       1547       9630      0.837      0.714       0.76      0.426

      Epoch    GPU_mem   box_loss   cls_loss   dfl_loss  Instances       Size
     24/100      4.47G      1.583     0.8851        1.4          6        640: 1
                 Class     Images  Instances      Box(P          R      mAP50  m
                   all       1547       9630      0.801      0.684      0.727       0.41

      Epoch    GPU_mem   box_loss   cls_loss   dfl_loss  Instances       Size
     25/100      4.47G      1.588     0.8887      1.408         18        640: 1
                 Class     Images  Instances      Box(P          R      mAP50  m
                   all       1547       9630      0.802      0.712      0.751      0.418

      Epoch    GPU_mem   box_loss   cls_loss   dfl_loss  Instances       Size
     26/100      4.47G      1.563     0.8772      1.398          7        640: 1
                 Class     Images  Instances      Box(P          R      mAP50  m
                   all       1547       9630      0.822      0.694       0.76      0.429

      Epoch    GPU_mem   box_loss   cls_loss   dfl_loss  Instances       Size
     27/100      4.47G      1.555     0.8811      1.397          9        640: 1
                 Class     Images  Instances      Box(P          R      mAP50  m
                   all       1547       9630      0.819       0.72      0.765      0.433

      Epoch    GPU_mem   box_loss   cls_loss   dfl_loss  Instances       Size
     28/100      4.47G      1.538     0.8557       1.38         11        640: 1
                 Class     Images  Instances      Box(P          R      mAP50  m
                   all       1547       9630      0.808      0.697      0.739      0.423

      Epoch    GPU_mem   box_loss   cls_loss   dfl_loss  Instances       Size
     29/100      4.47G      1.536     0.8465      1.378          7        640: 1
                 Class     Images  Instances      Box(P          R      mAP50  m
                   all       1547       9630      0.798      0.697      0.743      0.421

      Epoch    GPU_mem   box_loss   cls_loss   dfl_loss  Instances       Size
     30/100      4.47G      1.538     0.8447      1.377         11        640: 1
                 Class     Images  Instances      Box(P          R      mAP50  m
                   all       1547       9630      0.791      0.729      0.772      0.431

      Epoch    GPU_mem   box_loss   cls_loss   dfl_loss  Instances       Size
     31/100      4.47G      1.514     0.8187      1.371          1        640: 1
                 Class     Images  Instances      Box(P          R      mAP50  m
                   all       1547       9630      0.812      0.743      0.787      0.445

      Epoch    GPU_mem   box_loss   cls_loss   dfl_loss  Instances       Size
     32/100      4.47G       1.53     0.8384      1.365         15        640: 1
                 Class     Images  Instances      Box(P          R      mAP50  m
                   all       1547       9630      0.816      0.723      0.778      0.443

      Epoch    GPU_mem   box_loss   cls_loss   dfl_loss  Instances       Size
     33/100      4.47G      1.517     0.8355      1.365         12        640: 1
                 Class     Images  Instances      Box(P          R      mAP50  m
                   all       1547       9630      0.771      0.725      0.749      0.431

      Epoch    GPU_mem   box_loss   cls_loss   dfl_loss  Instances       Size
     34/100      4.47G      1.511     0.8252       1.37          4        640: 1
                 Class     Images  Instances      Box(P          R      mAP50  m
                   all       1547       9630      0.807      0.716      0.772      0.443

      Epoch    GPU_mem   box_loss   cls_loss   dfl_loss  Instances       Size
     35/100      4.47G      1.523     0.8227      1.368         37        640: 1
                 Class     Images  Instances      Box(P          R      mAP50  m
                   all       1547       9630       0.85       0.72      0.789      0.451

      Epoch    GPU_mem   box_loss   cls_loss   dfl_loss  Instances       Size
     36/100      4.47G      1.496      0.808      1.358         21        640: 1
                 Class     Images  Instances      Box(P          R      mAP50  m
                   all       1547       9630      0.843      0.722      0.775       0.44

      Epoch    GPU_mem   box_loss   cls_loss   dfl_loss  Instances       Size
     37/100      4.47G      1.493     0.8203      1.353          6        640: 1
                 Class     Images  Instances      Box(P          R      mAP50  m
                   all       1547       9630      0.818      0.738      0.784      0.444

      Epoch    GPU_mem   box_loss   cls_loss   dfl_loss  Instances       Size
     38/100      4.47G      1.489     0.8054      1.345         20        640: 1
                 Class     Images  Instances      Box(P          R      mAP50  m
                   all       1547       9630      0.817      0.755      0.788       0.45

      Epoch    GPU_mem   box_loss   cls_loss   dfl_loss  Instances       Size
     39/100      4.47G      1.486     0.7953      1.344          4        640: 1
                 Class     Images  Instances      Box(P          R      mAP50  m
                   all       1547       9630      0.835      0.736      0.789      0.456

      Epoch    GPU_mem   box_loss   cls_loss   dfl_loss  Instances       Size
     40/100      4.47G      1.471     0.7879      1.345          4        640: 1
                 Class     Images  Instances      Box(P          R      mAP50  m
                   all       1547       9630      0.858      0.741      0.789      0.451

      Epoch    GPU_mem   box_loss   cls_loss   dfl_loss  Instances       Size
     41/100      4.47G      1.482       0.79      1.352          2        640: 1
                 Class     Images  Instances      Box(P          R      mAP50  m
                   all       1547       9630      0.862      0.739      0.784      0.447

      Epoch    GPU_mem   box_loss   cls_loss   dfl_loss  Instances       Size
     42/100      4.47G      1.469      0.781      1.351          7        640: 1
                 Class     Images  Instances      Box(P          R      mAP50  m
                   all       1547       9630      0.853      0.743      0.785       0.45

      Epoch    GPU_mem   box_loss   cls_loss   dfl_loss  Instances       Size
     43/100      4.47G      1.465     0.7781      1.327          0        640: 1
                 Class     Images  Instances      Box(P          R      mAP50  m
                   all       1547       9630       0.84      0.743      0.793      0.456

      Epoch    GPU_mem   box_loss   cls_loss   dfl_loss  Instances       Size
     44/100      4.47G      1.464     0.7771      1.334          2        640: 1
                 Class     Images  Instances      Box(P          R      mAP50  m
                   all       1547       9630      0.867      0.726      0.791      0.452

      Epoch    GPU_mem   box_loss   cls_loss   dfl_loss  Instances       Size
     45/100      4.47G      1.459     0.7678      1.327          7        640: 1
                 Class     Images  Instances      Box(P          R      mAP50  m
                   all       1547       9630       0.87      0.737      0.794      0.455

      Epoch    GPU_mem   box_loss   cls_loss   dfl_loss  Instances       Size
     46/100      4.47G      1.436     0.7439      1.315          6        640: 1
                 Class     Images  Instances      Box(P          R      mAP50  m
                   all       1547       9630      0.868      0.753      0.801      0.464

      Epoch    GPU_mem   box_loss   cls_loss   dfl_loss  Instances       Size
     47/100      4.47G      1.436      0.753      1.322          7        640: 1
                 Class     Images  Instances      Box(P          R      mAP50  m
                   all       1547       9630       0.88       0.74      0.796      0.458

      Epoch    GPU_mem   box_loss   cls_loss   dfl_loss  Instances       Size
     48/100      4.47G      1.438     0.7446      1.316          8        640: 1
                 Class     Images  Instances      Box(P          R      mAP50  m
                   all       1547       9630      0.878      0.739      0.797      0.464

      Epoch    GPU_mem   box_loss   cls_loss   dfl_loss  Instances       Size
     49/100      4.47G      1.438     0.7421      1.325         19        640: 1
                 Class     Images  Instances      Box(P          R      mAP50  m
                   all       1547       9630      0.873      0.762      0.815      0.468

      Epoch    GPU_mem   box_loss   cls_loss   dfl_loss  Instances       Size
     50/100      4.47G      1.435     0.7466      1.318          8        640: 1
                 Class     Images  Instances      Box(P          R      mAP50  m
                   all       1547       9630      0.863      0.743      0.797      0.458

      Epoch    GPU_mem   box_loss   cls_loss   dfl_loss  Instances       Size
     51/100      4.47G      1.421     0.7436      1.308         13        640: 1
                 Class     Images  Instances      Box(P          R      mAP50  m
                   all       1547       9630      0.859       0.75        0.8      0.466

      Epoch    GPU_mem   box_loss   cls_loss   dfl_loss  Instances       Size
     52/100      4.47G      1.411     0.7346      1.295         16        640: 1
                 Class     Images  Instances      Box(P          R      mAP50  m
                   all       1547       9630      0.846      0.746      0.797      0.466

      Epoch    GPU_mem   box_loss   cls_loss   dfl_loss  Instances       Size
     53/100      4.47G      1.408       0.73        1.3         12        640: 1
                 Class     Images  Instances      Box(P          R      mAP50  m
                   all       1547       9630      0.875      0.749      0.808      0.467

      Epoch    GPU_mem   box_loss   cls_loss   dfl_loss  Instances       Size
     54/100      4.47G      1.422     0.7403      1.304          2        640: 1
                 Class     Images  Instances      Box(P          R      mAP50  m
                   all       1547       9630      0.877      0.751      0.801      0.463

      Epoch    GPU_mem   box_loss   cls_loss   dfl_loss  Instances       Size
     55/100      4.47G      1.397     0.7213      1.292         17        640: 1
                 Class     Images  Instances      Box(P          R      mAP50  m
                   all       1547       9630      0.875       0.75      0.807      0.465

      Epoch    GPU_mem   box_loss   cls_loss   dfl_loss  Instances       Size
     56/100      4.47G      1.395     0.7266      1.291         10        640: 1
                 Class     Images  Instances      Box(P          R      mAP50  m
                   all       1547       9630      0.889      0.743      0.813       0.47

      Epoch    GPU_mem   box_loss   cls_loss   dfl_loss  Instances       Size
     57/100      4.47G      1.386     0.7235      1.284          1        640: 1
                 Class     Images  Instances      Box(P          R      mAP50  m
                   all       1547       9630      0.877      0.745      0.802      0.467

      Epoch    GPU_mem   box_loss   cls_loss   dfl_loss  Instances       Size
     58/100      4.49G      1.399     0.7175       1.29          6        640: 1
                 Class     Images  Instances      Box(P          R      mAP50  m
                   all       1547       9630       0.88      0.748      0.802      0.469

      Epoch    GPU_mem   box_loss   cls_loss   dfl_loss  Instances       Size
     59/100      4.49G      1.373     0.6979      1.275         15        640: 1
                 Class     Images  Instances      Box(P          R      mAP50  m
                   all       1547       9630      0.875      0.757      0.809      0.471

      Epoch    GPU_mem   box_loss   cls_loss   dfl_loss  Instances       Size
     60/100      4.49G      1.376     0.7057      1.272          5        640: 1
                 Class     Images  Instances      Box(P          R      mAP50  m
                   all       1547       9630      0.872      0.753      0.807       0.47

      Epoch    GPU_mem   box_loss   cls_loss   dfl_loss  Instances       Size
     61/100      4.49G      1.372     0.6957      1.281          5        640: 1
                 Class     Images  Instances      Box(P          R      mAP50  m
                   all       1547       9630      0.865      0.754      0.805      0.467

      Epoch    GPU_mem   box_loss   cls_loss   dfl_loss  Instances       Size
     62/100      4.49G      1.378      0.716      1.275         11        640: 1
                 Class     Images  Instances      Box(P          R      mAP50  m
                   all       1547       9630      0.879      0.758      0.807      0.469

      Epoch    GPU_mem   box_loss   cls_loss   dfl_loss  Instances       Size
     63/100      4.71G      1.368     0.7042       1.27         11        640: 1
                 Class     Images  Instances      Box(P          R      mAP50  m
                   all       1547       9630      0.877      0.761      0.811      0.473

      Epoch    GPU_mem   box_loss   cls_loss   dfl_loss  Instances       Size
     64/100      4.71G      1.355     0.6925      1.261         10        640: 1
                 Class     Images  Instances      Box(P          R      mAP50  m
                   all       1547       9630      0.864      0.768      0.814      0.471

      Epoch    GPU_mem   box_loss   cls_loss   dfl_loss  Instances       Size
     65/100      4.71G      1.366     0.6975      1.273         34        640: 1
                 Class     Images  Instances      Box(P          R      mAP50  m
                   all       1547       9630      0.866      0.765      0.809      0.469

      Epoch    GPU_mem   box_loss   cls_loss   dfl_loss  Instances       Size
     66/100      4.71G      1.354     0.6861      1.268         16        640: 1
                 Class     Images  Instances      Box(P          R      mAP50  m
                   all       1547       9630      0.856      0.773      0.808      0.472

      Epoch    GPU_mem   box_loss   cls_loss   dfl_loss  Instances       Size
     67/100      4.71G       1.34     0.6833      1.268         10        640: 1
                 Class     Images  Instances      Box(P          R      mAP50  m
                   all       1547       9630      0.866      0.777      0.817      0.477

      Epoch    GPU_mem   box_loss   cls_loss   dfl_loss  Instances       Size
     68/100      4.71G      1.338     0.6797      1.265          2        640: 1
                 Class     Images  Instances      Box(P          R      mAP50  m
                   all       1547       9630      0.887      0.766      0.815      0.478

      Epoch    GPU_mem   box_loss   cls_loss   dfl_loss  Instances       Size
     69/100      4.71G      1.333     0.6713      1.257          6        640: 1
                 Class     Images  Instances      Box(P          R      mAP50  m
                   all       1547       9630      0.878      0.772      0.817      0.479

      Epoch    GPU_mem   box_loss   cls_loss   dfl_loss  Instances       Size
     70/100      4.71G      1.325     0.6755      1.256          3        640: 1
                 Class     Images  Instances      Box(P          R      mAP50  m
                   all       1547       9630      0.887      0.763      0.814      0.477

      Epoch    GPU_mem   box_loss   cls_loss   dfl_loss  Instances       Size
     71/100      4.71G      1.318     0.6516      1.257         13        640: 1
                 Class     Images  Instances      Box(P          R      mAP50  m
                   all       1547       9630      0.878      0.773      0.816      0.478

      Epoch    GPU_mem   box_loss   cls_loss   dfl_loss  Instances       Size
     72/100      4.71G       1.33     0.6821      1.263          2        640: 1
                 Class     Images  Instances      Box(P          R      mAP50  m
                   all       1547       9630      0.875      0.774      0.811      0.478

      Epoch    GPU_mem   box_loss   cls_loss   dfl_loss  Instances       Size
     73/100      4.71G      1.312     0.6589      1.242          7        640: 1
                 Class     Images  Instances      Box(P          R      mAP50  m
                   all       1547       9630      0.873      0.776      0.815      0.479

      Epoch    GPU_mem   box_loss   cls_loss   dfl_loss  Instances       Size
     74/100      4.71G      1.299     0.6511      1.241         10        640: 1
                 Class     Images  Instances      Box(P          R      mAP50  m
                   all       1547       9630      0.871      0.778      0.811      0.477

      Epoch    GPU_mem   box_loss   cls_loss   dfl_loss  Instances       Size
     75/100      4.71G      1.313     0.6565      1.238         24        640: 1
                 Class     Images  Instances      Box(P          R      mAP50  m
                   all       1547       9630      0.867      0.779      0.812      0.481

      Epoch    GPU_mem   box_loss   cls_loss   dfl_loss  Instances       Size
     76/100      4.71G       1.31     0.6518      1.247          7        640: 1
                 Class     Images  Instances      Box(P          R      mAP50  m
                   all       1547       9630      0.877      0.784      0.814      0.481

      Epoch    GPU_mem   box_loss   cls_loss   dfl_loss  Instances       Size
     77/100      4.71G      1.292     0.6378      1.232          6        640: 1
                 Class     Images  Instances      Box(P          R      mAP50  m
                   all       1547       9630      0.879      0.781      0.819      0.481

      Epoch    GPU_mem   box_loss   cls_loss   dfl_loss  Instances       Size
     78/100      4.71G      1.294     0.6419      1.236         19        640: 1
                 Class     Images  Instances      Box(P          R      mAP50  m
                   all       1547       9630       0.87      0.785      0.818      0.481

      Epoch    GPU_mem   box_loss   cls_loss   dfl_loss  Instances       Size
     79/100      4.71G      1.292     0.6384      1.225          9        640: 1
                 Class     Images  Instances      Box(P          R      mAP50  m
                   all       1547       9630      0.877      0.784      0.818      0.481

      Epoch    GPU_mem   box_loss   cls_loss   dfl_loss  Instances       Size
     80/100      4.71G        1.3     0.6542      1.236          7        640: 1
                 Class     Images  Instances      Box(P          R      mAP50  m
                   all       1547       9630      0.873      0.783      0.817      0.479

      Epoch    GPU_mem   box_loss   cls_loss   dfl_loss  Instances       Size
     81/100      4.71G      1.287      0.636      1.222          3        640: 1
                 Class     Images  Instances      Box(P          R      mAP50  m
                   all       1547       9630      0.869      0.781      0.817      0.479

      Epoch    GPU_mem   box_loss   cls_loss   dfl_loss  Instances       Size
     82/100      4.71G       1.29     0.6383      1.229          3        640: 1
                 Class     Images  Instances      Box(P          R      mAP50  m
                   all       1547       9630      0.875      0.782      0.819       0.48

      Epoch    GPU_mem   box_loss   cls_loss   dfl_loss  Instances       Size
     83/100      4.71G      1.286     0.6415      1.237         24        640: 1
                 Class     Images  Instances      Box(P          R      mAP50  m
                   all       1547       9630      0.871      0.787      0.817      0.479

      Epoch    GPU_mem   box_loss   cls_loss   dfl_loss  Instances       Size
     84/100      4.71G      1.267     0.6272      1.221         11        640: 1
                 Class     Images  Instances      Box(P          R      mAP50  m
                   all       1547       9630       0.87      0.784      0.816       0.48

      Epoch    GPU_mem   box_loss   cls_loss   dfl_loss  Instances       Size
     85/100      4.71G      1.276     0.6282       1.22          4        640: 1
                 Class     Images  Instances      Box(P          R      mAP50  m
                   all       1547       9630      0.879      0.783      0.816      0.481

      Epoch    GPU_mem   box_loss   cls_loss   dfl_loss  Instances       Size
     86/100      4.71G      1.253     0.6223      1.204          4        640: 1
                 Class     Images  Instances      Box(P          R      mAP50  m
                   all       1547       9630      0.875      0.782      0.817      0.481

      Epoch    GPU_mem   box_loss   cls_loss   dfl_loss  Instances       Size
     87/100      4.71G      1.259     0.6385       1.22          6        640: 1
                 Class     Images  Instances      Box(P          R      mAP50  m
                   all       1547       9630       0.88      0.782      0.817      0.481

      Epoch    GPU_mem   box_loss   cls_loss   dfl_loss  Instances       Size
     88/100      4.71G      1.249     0.6148      1.203         28        640: 1
                 Class     Images  Instances      Box(P          R      mAP50  m
                   all       1547       9630      0.874      0.788      0.818       0.48

      Epoch    GPU_mem   box_loss   cls_loss   dfl_loss  Instances       Size
     89/100      4.71G      1.247      0.623      1.213         24        640: 1
                 Class     Images  Instances      Box(P          R      mAP50  m
                   all       1547       9630      0.877       0.79      0.819       0.48

      Epoch    GPU_mem   box_loss   cls_loss   dfl_loss  Instances       Size
     90/100      4.71G      1.243     0.6091      1.196          8        640: 1
                 Class     Images  Instances      Box(P          R      mAP50  m
                   all       1547       9630      0.873      0.791      0.818       0.48
Closing dataloader mosaic

      Epoch    GPU_mem   box_loss   cls_loss   dfl_loss  Instances       Size
     91/100      4.71G      1.218     0.6079      1.209          2        640: 1
                 Class     Images  Instances      Box(P          R      mAP50  m
                   all       1547       9630      0.874      0.794      0.819       0.48

      Epoch    GPU_mem   box_loss   cls_loss   dfl_loss  Instances       Size
     92/100      4.71G      1.203     0.6029      1.203          2        640: 1
                 Class     Images  Instances      Box(P          R      mAP50  m
                   all       1547       9630      0.873      0.792      0.817       0.48

      Epoch    GPU_mem   box_loss   cls_loss   dfl_loss  Instances       Size
     93/100      4.71G      1.203     0.5956      1.204         11        640: 1
                 Class     Images  Instances      Box(P          R      mAP50  m
                   all       1547       9630      0.876      0.791      0.818      0.479

      Epoch    GPU_mem   box_loss   cls_loss   dfl_loss  Instances       Size
     94/100      4.71G      1.193     0.5948      1.194         13        640: 1
                 Class     Images  Instances      Box(P          R      mAP50  m
                   all       1547       9630      0.879       0.79      0.819       0.48

      Epoch    GPU_mem   box_loss   cls_loss   dfl_loss  Instances       Size
     95/100      4.71G      1.182     0.5933      1.193          2        640: 1
                 Class     Images  Instances      Box(P          R      mAP50  m
                   all       1547       9630      0.875      0.793      0.819       0.48

      Epoch    GPU_mem   box_loss   cls_loss   dfl_loss  Instances       Size
     96/100      4.71G      1.184     0.5866      1.186          9        640: 1
                 Class     Images  Instances      Box(P          R      mAP50  m
                   all       1547       9630      0.869      0.793      0.818      0.479

      Epoch    GPU_mem   box_loss   cls_loss   dfl_loss  Instances       Size
     97/100      4.71G      1.192      0.591      1.201          7        640: 1
                 Class     Images  Instances      Box(P          R      mAP50  m
                   all       1547       9630      0.871      0.792      0.818      0.479

      Epoch    GPU_mem   box_loss   cls_loss   dfl_loss  Instances       Size
     98/100      4.71G      1.173     0.5892      1.185          1        640: 1
                 Class     Images  Instances      Box(P          R      mAP50  m
                   all       1547       9630      0.868       0.79      0.816      0.478

      Epoch    GPU_mem   box_loss   cls_loss   dfl_loss  Instances       Size
     99/100      4.71G      1.161     0.5765      1.179          6        640: 1
                 Class     Images  Instances      Box(P          R      mAP50  m
                   all       1547       9630      0.866      0.791      0.815      0.477

      Epoch    GPU_mem   box_loss   cls_loss   dfl_loss  Instances       Size
    100/100      4.71G      1.159      0.579      1.178          8        640: 1
                 Class     Images  Instances      Box(P          R      mAP50  m
                   all       1547       9630      0.867      0.791      0.814      0.476

100 epochs completed in 14.972 hours.
Optimizer stripped from .yolo-out-sds3/yolo11a-sds-3/weights/last.pt, 27.2MB
Optimizer stripped from .yolo-out-sds3/yolo11a-sds-3/weights/best.pt, 27.2MB

Validating .yolo-out-sds3/yolo11a-sds-3/weights/best.pt...
Ultralytics 8.3.150 🚀 Python-3.13.2 torch-2.6.0+cu118 CUDA:0 (Tesla T4, 14913MiB)
                                                       CUDA:1 (Tesla T4, 14913MiB)
model summary (fused): 125 layers, 13,119,135 parameters, 0 gradients, 91.7 GFLOPs
                 Class     Images  Instances      Box(P          R      mAP50  m
                   all       1547       9630      0.869      0.785      0.818      0.481
               swimmer       1286       6206      0.832       0.84      0.824      0.364
                  boat        915       2214      0.926      0.965      0.952      0.698
                jetski        320        320       0.87       0.84      0.849      0.541
life_saving_appliances        191        330      0.789      0.479      0.587      0.289
                  buoy        352        560      0.928      0.801      0.877      0.512
Speed: 0.1ms preprocess, 12.1ms inference, 0.0ms loss, 0.9ms postprocess per image
Results saved to .yolo-out-sds3/yolo11a-sds-3