Overriding model.yaml nc=80 with nc=8
Freezing layer 'model.23.dfl.conv.weight'
AMP: running Automatic Mixed Precision (AMP) checks...
AMP: checks passed ✅
train: Fast image access ✅ (ping: 0.0±0.0 ms, read: 109.6±16.0 MB/s, size: 51.5 KB)
train: Scanning /data2/jd1/datasets/kitti/labels/train... 5985 images, 0 backgrounds, 0 corrupt: 100%|██████████| 5985/5985 [00:07<00:00, 838.60it/s]
train: New cache created: /data2/jd1/datasets/kitti/labels/train.cache
val: Fast image access ✅ (ping: 0.0±0.0 ms, read: 710.1±257.1 MB/s, size: 46.3 KB)
val: Scanning /data2/jd1/datasets/kitti/labels/val... 1496 images, 0 backgrounds, 0 corrupt: 100%|██████████| 1496/1496 [00:01<00:00, 924.01it/s]
val: New cache created: /data2/jd1/datasets/kitti/labels/val.cache
Plotting labels to yolo-kitti/yolo11-kitti-12/labels.jpg...
optimizer: 'optimizer=auto' found, ignoring 'lr0=0.01' and 'momentum=0.937' and determining best 'optimizer', 'lr0' and 'momentum' automatically...
optimizer: AdamW(lr=0.000833, momentum=0.9) with parameter groups 106 weight(decay=0.0), 113 weight(decay=0.0005), 112 bias(decay=0.0)
Image sizes 640 train, 640 val
Using 16 dataloader workers
Logging results to yolo-kitti/yolo11-kitti-12
Starting training for 100 epochs...

      Epoch    GPU_mem   box_loss   cls_loss   dfl_loss  Instances       Size
      1/100      4.29G      3.206      3.339      2.952          6        640: 100%|██████████| 375/375 [01:57<00:00,  3.20it/s]
                 Class     Images  Instances      Box(P          R      mAP50  mAP50-95): 100%|██████████| 94/94 [00:11<00:00,  8.48it/s]
                   all       1496       8128      0.502      0.114     0.0976     0.0412

      Epoch    GPU_mem   box_loss   cls_loss   dfl_loss  Instances       Size
      2/100       4.5G      2.033       1.69      1.658          8        640: 100%|██████████| 375/375 [01:54<00:00,  3.27it/s]
                 Class     Images  Instances      Box(P          R      mAP50  mAP50-95): 100%|██████████| 94/94 [00:10<00:00,  9.32it/s]
                   all       1496       8128      0.607       0.18      0.183     0.0908

      Epoch    GPU_mem   box_loss   cls_loss   dfl_loss  Instances       Size
      3/100      4.64G      1.712      1.362      1.441          4        640: 100%|██████████| 375/375 [01:54<00:00,  3.28it/s]
                 Class     Images  Instances      Box(P          R      mAP50  mAP50-95): 100%|██████████| 94/94 [00:10<00:00,  9.26it/s]
                   all       1496       8128      0.522      0.269      0.278      0.147

      Epoch    GPU_mem   box_loss   cls_loss   dfl_loss  Instances       Size
      4/100      4.76G      1.563      1.222      1.343         14        640: 100%|██████████| 375/375 [01:52<00:00,  3.32it/s]
                 Class     Images  Instances      Box(P          R      mAP50  mAP50-95): 100%|██████████| 94/94 [00:10<00:00,  9.36it/s]
                   all       1496       8128      0.536      0.301      0.343      0.184

      Epoch    GPU_mem   box_loss   cls_loss   dfl_loss  Instances       Size
      5/100      4.82G      1.445      1.106      1.275          6        640: 100%|██████████| 375/375 [01:52<00:00,  3.32it/s]
                 Class     Images  Instances      Box(P          R      mAP50  mAP50-95): 100%|██████████| 94/94 [00:10<00:00,  9.33it/s]
                   all       1496       8128      0.583       0.37      0.395      0.219

      Epoch    GPU_mem   box_loss   cls_loss   dfl_loss  Instances       Size
      6/100      4.89G      1.381      1.025      1.235          5        640: 100%|██████████| 375/375 [01:52<00:00,  3.32it/s]
                 Class     Images  Instances      Box(P          R      mAP50  mAP50-95): 100%|██████████| 94/94 [00:09<00:00,  9.40it/s]
                   all       1496       8128      0.607      0.419       0.45      0.262

      Epoch    GPU_mem   box_loss   cls_loss   dfl_loss  Instances       Size
      7/100      5.05G      1.321     0.9712      1.205         10        640: 100%|██████████| 375/375 [01:53<00:00,  3.32it/s]
                 Class     Images  Instances      Box(P          R      mAP50  mAP50-95): 100%|██████████| 94/94 [00:10<00:00,  9.37it/s]
                   all       1496       8128      0.609      0.477      0.515        0.3

      Epoch    GPU_mem   box_loss   cls_loss   dfl_loss  Instances       Size
      8/100      5.16G      1.281     0.9262      1.184         13        640: 100%|██████████| 375/375 [01:53<00:00,  3.32it/s]
                 Class     Images  Instances      Box(P          R      mAP50  mAP50-95): 100%|██████████| 94/94 [00:10<00:00,  9.36it/s]
                   all       1496       8128      0.608      0.498      0.537      0.309

      Epoch    GPU_mem   box_loss   cls_loss   dfl_loss  Instances       Size
      9/100      5.31G       1.22     0.8786      1.152         18        640: 100%|██████████| 375/375 [01:52<00:00,  3.33it/s]
                 Class     Images  Instances      Box(P          R      mAP50  mAP50-95): 100%|██████████| 94/94 [00:10<00:00,  9.37it/s]
                   all       1496       8128      0.579       0.52      0.546      0.323

      Epoch    GPU_mem   box_loss   cls_loss   dfl_loss  Instances       Size
     10/100      5.35G      1.207       0.85      1.145          9        640: 100%|██████████| 375/375 [01:52<00:00,  3.32it/s]
                 Class     Images  Instances      Box(P          R      mAP50  mAP50-95): 100%|██████████| 94/94 [00:09<00:00,  9.40it/s]
                   all       1496       8128      0.664      0.544      0.595      0.346

      Epoch    GPU_mem   box_loss   cls_loss   dfl_loss  Instances       Size
     11/100      5.49G      1.172      0.825      1.129          5        640: 100%|██████████| 375/375 [01:52<00:00,  3.33it/s]
                 Class     Images  Instances      Box(P          R      mAP50  mAP50-95): 100%|██████████| 94/94 [00:10<00:00,  9.37it/s]
                   all       1496       8128       0.66      0.544      0.601      0.365

      Epoch    GPU_mem   box_loss   cls_loss   dfl_loss  Instances       Size
     12/100      5.62G       1.16     0.8076      1.123         16        640: 100%|██████████| 375/375 [01:52<00:00,  3.34it/s]
                 Class     Images  Instances      Box(P          R      mAP50  mAP50-95): 100%|██████████| 94/94 [00:10<00:00,  9.38it/s]
                   all       1496       8128      0.689      0.563      0.616      0.372

      Epoch    GPU_mem   box_loss   cls_loss   dfl_loss  Instances       Size
     13/100      5.74G      1.132     0.7822      1.108          4        640: 100%|██████████| 375/375 [01:53<00:00,  3.32it/s]
                 Class     Images  Instances      Box(P          R      mAP50  mAP50-95): 100%|██████████| 94/94 [00:10<00:00,  9.34it/s]
                   all       1496       8128      0.701      0.591      0.655      0.402

      Epoch    GPU_mem   box_loss   cls_loss   dfl_loss  Instances       Size
     14/100      5.83G      1.107     0.7646        1.1          7        640: 100%|██████████| 375/375 [01:53<00:00,  3.31it/s]
                 Class     Images  Instances      Box(P          R      mAP50  mAP50-95): 100%|██████████| 94/94 [00:10<00:00,  9.39it/s]
                   all       1496       8128      0.723      0.557      0.647      0.408

      Epoch    GPU_mem   box_loss   cls_loss   dfl_loss  Instances       Size
     15/100      5.96G      1.111     0.7554      1.094          4        640: 100%|██████████| 375/375 [01:52<00:00,  3.32it/s]
                 Class     Images  Instances      Box(P          R      mAP50  mAP50-95): 100%|██████████| 94/94 [00:10<00:00,  9.38it/s]
                   all       1496       8128      0.712       0.62      0.677      0.422

      Epoch    GPU_mem   box_loss   cls_loss   dfl_loss  Instances       Size
     16/100      6.11G      1.072     0.7312       1.08          9        640: 100%|██████████| 375/375 [01:52<00:00,  3.33it/s]
                 Class     Images  Instances      Box(P          R      mAP50  mAP50-95): 100%|██████████| 94/94 [00:10<00:00,  9.34it/s]
                   all       1496       8128      0.727      0.606      0.686      0.439

      Epoch    GPU_mem   box_loss   cls_loss   dfl_loss  Instances       Size
     17/100      6.18G      1.063      0.715      1.075         11        640: 100%|██████████| 375/375 [01:52<00:00,  3.34it/s]
                 Class     Images  Instances      Box(P          R      mAP50  mAP50-95): 100%|██████████| 94/94 [00:09<00:00,  9.45it/s]
                   all       1496       8128      0.732      0.618      0.694      0.449

      Epoch    GPU_mem   box_loss   cls_loss   dfl_loss  Instances       Size
     18/100      6.25G       1.05     0.6993      1.067         17        640: 100%|██████████| 375/375 [01:52<00:00,  3.33it/s]
                 Class     Images  Instances      Box(P          R      mAP50  mAP50-95): 100%|██████████| 94/94 [00:09<00:00,  9.41it/s]
                   all       1496       8128      0.787      0.594      0.698      0.453

      Epoch    GPU_mem   box_loss   cls_loss   dfl_loss  Instances       Size
     19/100      6.41G      1.043     0.6982      1.062          7        640: 100%|██████████| 375/375 [01:52<00:00,  3.34it/s]
                 Class     Images  Instances      Box(P          R      mAP50  mAP50-95): 100%|██████████| 94/94 [00:09<00:00,  9.47it/s]
                   all       1496       8128       0.77      0.618      0.718      0.463

      Epoch    GPU_mem   box_loss   cls_loss   dfl_loss  Instances       Size
     20/100      6.51G      1.031     0.6822      1.058          5        640: 100%|██████████| 375/375 [01:52<00:00,  3.32it/s]
                 Class     Images  Instances      Box(P          R      mAP50  mAP50-95): 100%|██████████| 94/94 [00:09<00:00,  9.40it/s]
                   all       1496       8128      0.782      0.624      0.719      0.464

      Epoch    GPU_mem   box_loss   cls_loss   dfl_loss  Instances       Size
     21/100      6.65G      1.012     0.6712       1.05         10        640: 100%|██████████| 375/375 [01:52<00:00,  3.32it/s]
                 Class     Images  Instances      Box(P          R      mAP50  mAP50-95): 100%|██████████| 94/94 [00:09<00:00,  9.43it/s]
                   all       1496       8128       0.76      0.638      0.729      0.476

      Epoch    GPU_mem   box_loss   cls_loss   dfl_loss  Instances       Size
     22/100      6.74G     0.9986     0.6614      1.046         16        640: 100%|██████████| 375/375 [01:53<00:00,  3.32it/s]
                 Class     Images  Instances      Box(P          R      mAP50  mAP50-95): 100%|██████████| 94/94 [00:09<00:00,  9.46it/s]
                   all       1496       8128      0.803      0.659       0.75      0.489

      Epoch    GPU_mem   box_loss   cls_loss   dfl_loss  Instances       Size
     23/100      6.87G     0.9775     0.6471      1.037          5        640: 100%|██████████| 375/375 [01:52<00:00,  3.33it/s]
                 Class     Images  Instances      Box(P          R      mAP50  mAP50-95): 100%|██████████| 94/94 [00:09<00:00,  9.50it/s]
                   all       1496       8128      0.798      0.647      0.739      0.486

      Epoch    GPU_mem   box_loss   cls_loss   dfl_loss  Instances       Size
     24/100      6.97G     0.9752     0.6347      1.031          6        640: 100%|██████████| 375/375 [01:52<00:00,  3.34it/s]
                 Class     Images  Instances      Box(P          R      mAP50  mAP50-95): 100%|██████████| 94/94 [00:09<00:00,  9.48it/s]
                   all       1496       8128      0.786      0.667      0.756      0.501

      Epoch    GPU_mem   box_loss   cls_loss   dfl_loss  Instances       Size
     25/100      7.07G     0.9616      0.623      1.028         14        640: 100%|██████████| 375/375 [01:52<00:00,  3.34it/s]
                 Class     Images  Instances      Box(P          R      mAP50  mAP50-95): 100%|██████████| 94/94 [00:09<00:00,  9.50it/s]
                   all       1496       8128      0.788      0.686      0.766      0.506

      Epoch    GPU_mem   box_loss   cls_loss   dfl_loss  Instances       Size
     26/100      7.16G     0.9628     0.6211      1.026          9        640: 100%|██████████| 375/375 [01:52<00:00,  3.33it/s]
                 Class     Images  Instances      Box(P          R      mAP50  mAP50-95): 100%|██████████| 94/94 [00:09<00:00,  9.50it/s]
                   all       1496       8128      0.812      0.672      0.771      0.513

      Epoch    GPU_mem   box_loss   cls_loss   dfl_loss  Instances       Size
     27/100      7.32G     0.9504     0.6188      1.019         10        640: 100%|██████████| 375/375 [01:52<00:00,  3.35it/s]
                 Class     Images  Instances      Box(P          R      mAP50  mAP50-95): 100%|██████████| 94/94 [00:10<00:00,  9.34it/s]
                   all       1496       8128      0.811      0.687      0.781      0.522

      Epoch    GPU_mem   box_loss   cls_loss   dfl_loss  Instances       Size
     28/100      4.91G     0.9468     0.6127      1.017         13        640: 100%|██████████| 375/375 [01:52<00:00,  3.33it/s]
                 Class     Images  Instances      Box(P          R      mAP50  mAP50-95): 100%|██████████| 94/94 [00:09<00:00,  9.45it/s]
                   all       1496       8128      0.803      0.676      0.776      0.528

      Epoch    GPU_mem   box_loss   cls_loss   dfl_loss  Instances       Size
     29/100      4.91G     0.9462     0.6041      1.012          8        640: 100%|██████████| 375/375 [01:52<00:00,  3.32it/s]
                 Class     Images  Instances      Box(P          R      mAP50  mAP50-95): 100%|██████████| 94/94 [00:09<00:00,  9.44it/s]
                   all       1496       8128      0.808      0.714      0.797      0.538

      Epoch    GPU_mem   box_loss   cls_loss   dfl_loss  Instances       Size
     30/100      4.91G     0.9256     0.5973       1.01         19        640: 100%|██████████| 375/375 [01:52<00:00,  3.33it/s]
                 Class     Images  Instances      Box(P          R      mAP50  mAP50-95): 100%|██████████| 94/94 [00:09<00:00,  9.47it/s]
                   all       1496       8128      0.822      0.721        0.8      0.542

      Epoch    GPU_mem   box_loss   cls_loss   dfl_loss  Instances       Size
     31/100      4.91G     0.9205     0.5886      1.005         16        640: 100%|██████████| 375/375 [01:52<00:00,  3.32it/s]
                 Class     Images  Instances      Box(P          R      mAP50  mAP50-95): 100%|██████████| 94/94 [00:09<00:00,  9.46it/s]
                   all       1496       8128      0.824      0.706       0.79      0.537

      Epoch    GPU_mem   box_loss   cls_loss   dfl_loss  Instances       Size
     32/100      4.94G     0.9105     0.5778      0.997          7        640: 100%|██████████| 375/375 [01:52<00:00,  3.32it/s]
                 Class     Images  Instances      Box(P          R      mAP50  mAP50-95): 100%|██████████| 94/94 [00:10<00:00,  9.37it/s]
                   all       1496       8128      0.809      0.736      0.812      0.548

      Epoch    GPU_mem   box_loss   cls_loss   dfl_loss  Instances       Size
     33/100      4.98G     0.9135     0.5805      1.001          3        640: 100%|██████████| 375/375 [01:52<00:00,  3.33it/s]
                 Class     Images  Instances      Box(P          R      mAP50  mAP50-95): 100%|██████████| 94/94 [00:09<00:00,  9.45it/s]
                   all       1496       8128      0.804      0.729      0.803      0.548

      Epoch    GPU_mem   box_loss   cls_loss   dfl_loss  Instances       Size
     34/100      5.04G     0.8885      0.561     0.9858          6        640: 100%|██████████| 375/375 [01:52<00:00,  3.34it/s]
                 Class     Images  Instances      Box(P          R      mAP50  mAP50-95): 100%|██████████| 94/94 [00:09<00:00,  9.45it/s]
                   all       1496       8128      0.843      0.715      0.813      0.562

      Epoch    GPU_mem   box_loss   cls_loss   dfl_loss  Instances       Size
     35/100      5.09G     0.8969     0.5622     0.9957         17        640: 100%|██████████| 375/375 [01:52<00:00,  3.34it/s]
                 Class     Images  Instances      Box(P          R      mAP50  mAP50-95): 100%|██████████| 94/94 [00:09<00:00,  9.51it/s]
                   all       1496       8128      0.827      0.735      0.813      0.559

      Epoch    GPU_mem   box_loss   cls_loss   dfl_loss  Instances       Size
     36/100      5.21G     0.8891     0.5615     0.9922          5        640: 100%|██████████| 375/375 [01:52<00:00,  3.33it/s]
                 Class     Images  Instances      Box(P          R      mAP50  mAP50-95): 100%|██████████| 94/94 [00:09<00:00,  9.44it/s]
                   all       1496       8128      0.846      0.737      0.817      0.561

      Epoch    GPU_mem   box_loss   cls_loss   dfl_loss  Instances       Size
     37/100      5.28G       0.86     0.5402     0.9806         20        640: 100%|██████████| 375/375 [01:52<00:00,  3.34it/s]
                 Class     Images  Instances      Box(P          R      mAP50  mAP50-95): 100%|██████████| 94/94 [00:09<00:00,  9.45it/s]
                   all       1496       8128      0.853      0.766      0.832      0.572

      Epoch    GPU_mem   box_loss   cls_loss   dfl_loss  Instances       Size
     38/100      5.42G       0.86     0.5464     0.9781          4        640: 100%|██████████| 375/375 [01:52<00:00,  3.32it/s]
                 Class     Images  Instances      Box(P          R      mAP50  mAP50-95): 100%|██████████| 94/94 [00:09<00:00,  9.47it/s]
                   all       1496       8128      0.818      0.764      0.826      0.579

      Epoch    GPU_mem   box_loss   cls_loss   dfl_loss  Instances       Size
     39/100      5.51G      0.858     0.5384     0.9748          5        640: 100%|██████████| 375/375 [01:52<00:00,  3.33it/s]
                 Class     Images  Instances      Box(P          R      mAP50  mAP50-95): 100%|██████████| 94/94 [00:09<00:00,  9.49it/s]
                   all       1496       8128      0.863      0.746      0.835      0.582

      Epoch    GPU_mem   box_loss   cls_loss   dfl_loss  Instances       Size
     40/100      5.68G     0.8514     0.5344      0.979          8        640: 100%|██████████| 375/375 [01:52<00:00,  3.33it/s]
                 Class     Images  Instances      Box(P          R      mAP50  mAP50-95): 100%|██████████| 94/94 [00:09<00:00,  9.50it/s]
                   all       1496       8128      0.843      0.757      0.827      0.578

      Epoch    GPU_mem   box_loss   cls_loss   dfl_loss  Instances       Size
     41/100      5.75G     0.8577     0.5364     0.9764         19        640: 100%|██████████| 375/375 [01:52<00:00,  3.33it/s]
                 Class     Images  Instances      Box(P          R      mAP50  mAP50-95): 100%|██████████| 94/94 [00:09<00:00,  9.47it/s]
                   all       1496       8128      0.862      0.755      0.841      0.587

      Epoch    GPU_mem   box_loss   cls_loss   dfl_loss  Instances       Size
     42/100      5.85G     0.8432     0.5256     0.9678          7        640: 100%|██████████| 375/375 [01:52<00:00,  3.33it/s]
                 Class     Images  Instances      Box(P          R      mAP50  mAP50-95): 100%|██████████| 94/94 [00:09<00:00,  9.47it/s]
                   all       1496       8128      0.857      0.772      0.845      0.593

      Epoch    GPU_mem   box_loss   cls_loss   dfl_loss  Instances       Size
     43/100      5.98G      0.834     0.5218     0.9672         21        640: 100%|██████████| 375/375 [01:52<00:00,  3.33it/s]
                 Class     Images  Instances      Box(P          R      mAP50  mAP50-95): 100%|██████████| 94/94 [00:09<00:00,  9.41it/s]
                   all       1496       8128      0.843      0.775      0.848      0.594

      Epoch    GPU_mem   box_loss   cls_loss   dfl_loss  Instances       Size
     44/100      6.08G     0.8255     0.5141     0.9622          1        640: 100%|██████████| 375/375 [01:52<00:00,  3.33it/s]
                 Class     Images  Instances      Box(P          R      mAP50  mAP50-95): 100%|██████████| 94/94 [00:09<00:00,  9.47it/s]
                   all       1496       8128      0.844      0.785      0.848        0.6

      Epoch    GPU_mem   box_loss   cls_loss   dfl_loss  Instances       Size
     45/100      6.21G     0.8188     0.5109       0.96          5        640: 100%|██████████| 375/375 [01:52<00:00,  3.34it/s]
                 Class     Images  Instances      Box(P          R      mAP50  mAP50-95): 100%|██████████| 94/94 [00:09<00:00,  9.48it/s]
                   all       1496       8128      0.862      0.772      0.849      0.601

      Epoch    GPU_mem   box_loss   cls_loss   dfl_loss  Instances       Size
     46/100       6.3G     0.8205     0.5076     0.9588          6        640: 100%|██████████| 375/375 [01:52<00:00,  3.34it/s]
                 Class     Images  Instances      Box(P          R      mAP50  mAP50-95): 100%|██████████| 94/94 [00:09<00:00,  9.46it/s]
                   all       1496       8128      0.848      0.799      0.856      0.607

      Epoch    GPU_mem   box_loss   cls_loss   dfl_loss  Instances       Size
     47/100      6.47G     0.8152     0.5058     0.9559         20        640: 100%|██████████| 375/375 [01:52<00:00,  3.34it/s]
                 Class     Images  Instances      Box(P          R      mAP50  mAP50-95): 100%|██████████| 94/94 [00:09<00:00,  9.51it/s]
                   all       1496       8128      0.884      0.782      0.862      0.614

      Epoch    GPU_mem   box_loss   cls_loss   dfl_loss  Instances       Size
     48/100      6.54G     0.8085     0.5005     0.9552          9        640: 100%|██████████| 375/375 [01:52<00:00,  3.34it/s]
                 Class     Images  Instances      Box(P          R      mAP50  mAP50-95): 100%|██████████| 94/94 [00:09<00:00,  9.41it/s]
                   all       1496       8128      0.881      0.796      0.867      0.617

      Epoch    GPU_mem   box_loss   cls_loss   dfl_loss  Instances       Size
     49/100      6.66G     0.8028     0.5012     0.9545         14        640: 100%|██████████| 375/375 [01:52<00:00,  3.33it/s]
                 Class     Images  Instances      Box(P          R      mAP50  mAP50-95): 100%|██████████| 94/94 [00:09<00:00,  9.42it/s]
                   all       1496       8128       0.84      0.808      0.863      0.614

      Epoch    GPU_mem   box_loss   cls_loss   dfl_loss  Instances       Size
     50/100      6.77G     0.8001     0.4955     0.9509         16        640: 100%|██████████| 375/375 [01:52<00:00,  3.32it/s]
                 Class     Images  Instances      Box(P          R      mAP50  mAP50-95): 100%|██████████| 94/94 [00:09<00:00,  9.44it/s]
                   all       1496       8128      0.885      0.793       0.87      0.623

      Epoch    GPU_mem   box_loss   cls_loss   dfl_loss  Instances       Size
     51/100       6.9G     0.7939     0.4945     0.9481          5        640: 100%|██████████| 375/375 [01:52<00:00,  3.34it/s]
                 Class     Images  Instances      Box(P          R      mAP50  mAP50-95): 100%|██████████| 94/94 [00:09<00:00,  9.41it/s]
                   all       1496       8128      0.898       0.77       0.87      0.626

      Epoch    GPU_mem   box_loss   cls_loss   dfl_loss  Instances       Size
     52/100      7.05G     0.7989     0.5025     0.9507         10        640: 100%|██████████| 375/375 [01:52<00:00,  3.33it/s]
                 Class     Images  Instances      Box(P          R      mAP50  mAP50-95): 100%|██████████| 94/94 [00:09<00:00,  9.50it/s]
                   all       1496       8128       0.88      0.797      0.875      0.629

      Epoch    GPU_mem   box_loss   cls_loss   dfl_loss  Instances       Size
     53/100      7.12G      0.793      0.496     0.9449          4        640: 100%|██████████| 375/375 [01:52<00:00,  3.34it/s]
                 Class     Images  Instances      Box(P          R      mAP50  mAP50-95): 100%|██████████| 94/94 [00:09<00:00,  9.48it/s]
                   all       1496       8128      0.873      0.798      0.869      0.629

      Epoch    GPU_mem   box_loss   cls_loss   dfl_loss  Instances       Size
     54/100      7.19G     0.7841     0.4882     0.9413          2        640: 100%|██████████| 375/375 [01:54<00:00,  3.29it/s]
                 Class     Images  Instances      Box(P          R      mAP50  mAP50-95): 100%|██████████| 94/94 [00:09<00:00,  9.45it/s]
                   all       1496       8128      0.881      0.796      0.872       0.63

      Epoch    GPU_mem   box_loss   cls_loss   dfl_loss  Instances       Size
     55/100      7.38G     0.7827      0.489     0.9384          6        640: 100%|██████████| 375/375 [01:52<00:00,  3.33it/s]
                 Class     Images  Instances      Box(P          R      mAP50  mAP50-95): 100%|██████████| 94/94 [00:09<00:00,  9.44it/s]
                   all       1496       8128      0.902      0.792      0.879      0.635

      Epoch    GPU_mem   box_loss   cls_loss   dfl_loss  Instances       Size
     56/100      4.98G     0.7799     0.4874     0.9347          5        640: 100%|██████████| 375/375 [01:52<00:00,  3.33it/s]
                 Class     Images  Instances      Box(P          R      mAP50  mAP50-95): 100%|██████████| 94/94 [00:09<00:00,  9.49it/s]
                   all       1496       8128      0.909      0.789      0.882      0.642

      Epoch    GPU_mem   box_loss   cls_loss   dfl_loss  Instances       Size
     57/100      4.98G     0.7748     0.4829     0.9349         13        640: 100%|██████████| 375/375 [01:52<00:00,  3.33it/s]
                 Class     Images  Instances      Box(P          R      mAP50  mAP50-95): 100%|██████████| 94/94 [00:09<00:00,  9.50it/s]
                   all       1496       8128      0.898      0.778      0.875      0.635

      Epoch    GPU_mem   box_loss   cls_loss   dfl_loss  Instances       Size
     58/100      4.98G      0.767     0.4787     0.9317          9        640: 100%|██████████| 375/375 [01:52<00:00,  3.33it/s]
                 Class     Images  Instances      Box(P          R      mAP50  mAP50-95): 100%|██████████| 94/94 [00:09<00:00,  9.52it/s]
                   all       1496       8128      0.873      0.817      0.875      0.641

      Epoch    GPU_mem   box_loss   cls_loss   dfl_loss  Instances       Size
     59/100      4.98G     0.7555     0.4737     0.9272         17        640: 100%|██████████| 375/375 [01:52<00:00,  3.34it/s]
                 Class     Images  Instances      Box(P          R      mAP50  mAP50-95): 100%|██████████| 94/94 [00:09<00:00,  9.51it/s]
                   all       1496       8128      0.879       0.79      0.869       0.64

      Epoch    GPU_mem   box_loss   cls_loss   dfl_loss  Instances       Size
     60/100      4.98G     0.7504     0.4713      0.928         15        640: 100%|██████████| 375/375 [01:52<00:00,  3.34it/s]
                 Class     Images  Instances      Box(P          R      mAP50  mAP50-95): 100%|██████████| 94/94 [00:09<00:00,  9.53it/s]
                   all       1496       8128      0.886      0.804      0.881      0.645

      Epoch    GPU_mem   box_loss   cls_loss   dfl_loss  Instances       Size
     61/100      5.04G      0.751     0.4725     0.9263         15        640: 100%|██████████| 375/375 [01:52<00:00,  3.33it/s]
                 Class     Images  Instances      Box(P          R      mAP50  mAP50-95): 100%|██████████| 94/94 [00:09<00:00,  9.48it/s]
                   all       1496       8128      0.895      0.803       0.88      0.644

      Epoch    GPU_mem   box_loss   cls_loss   dfl_loss  Instances       Size
     62/100      5.08G      0.751     0.4688     0.9242          2        640: 100%|██████████| 375/375 [01:52<00:00,  3.33it/s]
                 Class     Images  Instances      Box(P          R      mAP50  mAP50-95): 100%|██████████| 94/94 [00:10<00:00,  8.99it/s]
                   all       1496       8128      0.888      0.797      0.871       0.64

      Epoch    GPU_mem   box_loss   cls_loss   dfl_loss  Instances       Size
     63/100      5.11G     0.7384     0.4588      0.916          2        640: 100%|██████████| 375/375 [01:53<00:00,  3.30it/s]
                 Class     Images  Instances      Box(P          R      mAP50  mAP50-95): 100%|██████████| 94/94 [00:09<00:00,  9.48it/s]
                   all       1496       8128      0.891      0.799      0.885      0.655

      Epoch    GPU_mem   box_loss   cls_loss   dfl_loss  Instances       Size
     64/100      5.19G     0.7415      0.464     0.9215         17        640: 100%|██████████| 375/375 [01:52<00:00,  3.34it/s]
                 Class     Images  Instances      Box(P          R      mAP50  mAP50-95): 100%|██████████| 94/94 [00:09<00:00,  9.48it/s]
                   all       1496       8128      0.891      0.812      0.884      0.651

      Epoch    GPU_mem   box_loss   cls_loss   dfl_loss  Instances       Size
     65/100      5.29G     0.7425     0.4634     0.9195         13        640: 100%|██████████| 375/375 [01:52<00:00,  3.34it/s]
                 Class     Images  Instances      Box(P          R      mAP50  mAP50-95): 100%|██████████| 94/94 [00:09<00:00,  9.50it/s]
                   all       1496       8128      0.868      0.829      0.882      0.653

      Epoch    GPU_mem   box_loss   cls_loss   dfl_loss  Instances       Size
     66/100      5.39G     0.7314     0.4589     0.9161          9        640: 100%|██████████| 375/375 [01:53<00:00,  3.32it/s]
                 Class     Images  Instances      Box(P          R      mAP50  mAP50-95): 100%|██████████| 94/94 [00:09<00:00,  9.50it/s]
                   all       1496       8128      0.889      0.802       0.88      0.658

      Epoch    GPU_mem   box_loss   cls_loss   dfl_loss  Instances       Size
     67/100      5.57G     0.7248     0.4547      0.915         14        640: 100%|██████████| 375/375 [01:52<00:00,  3.33it/s]
                 Class     Images  Instances      Box(P          R      mAP50  mAP50-95): 100%|██████████| 94/94 [00:09<00:00,  9.47it/s]
                   all       1496       8128      0.901      0.816      0.886      0.657

      Epoch    GPU_mem   box_loss   cls_loss   dfl_loss  Instances       Size
     68/100      5.63G     0.7245     0.4515     0.9139         22        640: 100%|██████████| 375/375 [01:52<00:00,  3.33it/s]
                 Class     Images  Instances      Box(P          R      mAP50  mAP50-95): 100%|██████████| 94/94 [00:09<00:00,  9.48it/s]
                   all       1496       8128      0.888      0.815      0.884      0.658

      Epoch    GPU_mem   box_loss   cls_loss   dfl_loss  Instances       Size
     69/100      5.77G     0.7224     0.4523     0.9156          7        640: 100%|██████████| 375/375 [01:52<00:00,  3.34it/s]
                 Class     Images  Instances      Box(P          R      mAP50  mAP50-95): 100%|██████████| 94/94 [00:09<00:00,  9.52it/s]
                   all       1496       8128      0.882      0.818      0.881      0.655

      Epoch    GPU_mem   box_loss   cls_loss   dfl_loss  Instances       Size
     70/100      5.85G     0.7095     0.4439     0.9117          4        640: 100%|██████████| 375/375 [01:52<00:00,  3.33it/s]
                 Class     Images  Instances      Box(P          R      mAP50  mAP50-95): 100%|██████████| 94/94 [00:09<00:00,  9.49it/s]
                   all       1496       8128      0.901      0.807      0.885      0.655

      Epoch    GPU_mem   box_loss   cls_loss   dfl_loss  Instances       Size
     71/100      5.99G     0.7138     0.4449     0.9092         26        640: 100%|██████████| 375/375 [01:52<00:00,  3.34it/s]
                 Class     Images  Instances      Box(P          R      mAP50  mAP50-95): 100%|██████████| 94/94 [00:09<00:00,  9.44it/s]
                   all       1496       8128      0.905      0.814       0.89      0.666

      Epoch    GPU_mem   box_loss   cls_loss   dfl_loss  Instances       Size
     72/100       6.1G     0.7021     0.4389     0.9064         15        640: 100%|██████████| 375/375 [01:52<00:00,  3.32it/s]
                 Class     Images  Instances      Box(P          R      mAP50  mAP50-95): 100%|██████████| 94/94 [00:09<00:00,  9.47it/s]
                   all       1496       8128      0.899      0.822       0.89      0.662

      Epoch    GPU_mem   box_loss   cls_loss   dfl_loss  Instances       Size
     73/100       6.2G     0.7014     0.4385     0.9048          6        640: 100%|██████████| 375/375 [01:53<00:00,  3.31it/s]
                 Class     Images  Instances      Box(P          R      mAP50  mAP50-95): 100%|██████████| 94/94 [00:09<00:00,  9.43it/s]
                   all       1496       8128      0.901      0.819      0.891      0.664

      Epoch    GPU_mem   box_loss   cls_loss   dfl_loss  Instances       Size
     74/100      6.31G      0.694     0.4308     0.9032         11        640: 100%|██████████| 375/375 [01:52<00:00,  3.33it/s]
                 Class     Images  Instances      Box(P          R      mAP50  mAP50-95): 100%|██████████| 94/94 [00:09<00:00,  9.51it/s]
                   all       1496       8128      0.901      0.806      0.886      0.661

      Epoch    GPU_mem   box_loss   cls_loss   dfl_loss  Instances       Size
     75/100      6.44G     0.6999     0.4383     0.9074          7        640: 100%|██████████| 375/375 [01:52<00:00,  3.33it/s]
                 Class     Images  Instances      Box(P          R      mAP50  mAP50-95): 100%|██████████| 94/94 [00:09<00:00,  9.48it/s]
                   all       1496       8128      0.899      0.808      0.888      0.667

      Epoch    GPU_mem   box_loss   cls_loss   dfl_loss  Instances       Size
     76/100      6.54G     0.6866     0.4283     0.9008          6        640: 100%|██████████| 375/375 [01:52<00:00,  3.34it/s]
                 Class     Images  Instances      Box(P          R      mAP50  mAP50-95): 100%|██████████| 94/94 [00:09<00:00,  9.49it/s]
                   all       1496       8128      0.895       0.82      0.891      0.672

      Epoch    GPU_mem   box_loss   cls_loss   dfl_loss  Instances       Size
     77/100      6.67G     0.6904     0.4293     0.8983          6        640: 100%|██████████| 375/375 [01:52<00:00,  3.35it/s]
                 Class     Images  Instances      Box(P          R      mAP50  mAP50-95): 100%|██████████| 94/94 [00:09<00:00,  9.50it/s]
                   all       1496       8128      0.905      0.815      0.891       0.67

      Epoch    GPU_mem   box_loss   cls_loss   dfl_loss  Instances       Size
     78/100      6.75G     0.6857     0.4304     0.9001         10        640: 100%|██████████| 375/375 [01:52<00:00,  3.33it/s]
                 Class     Images  Instances      Box(P          R      mAP50  mAP50-95): 100%|██████████| 94/94 [00:09<00:00,  9.43it/s]
                   all       1496       8128      0.887      0.834      0.893      0.673

      Epoch    GPU_mem   box_loss   cls_loss   dfl_loss  Instances       Size
     79/100      6.93G     0.6808     0.4281     0.8991          2        640: 100%|██████████| 375/375 [01:52<00:00,  3.34it/s]
                 Class     Images  Instances      Box(P          R      mAP50  mAP50-95): 100%|██████████| 94/94 [00:09<00:00,  9.49it/s]
                   all       1496       8128      0.901      0.817       0.89      0.672

      Epoch    GPU_mem   box_loss   cls_loss   dfl_loss  Instances       Size
     80/100      7.05G     0.6825     0.4231     0.8965         13        640: 100%|██████████| 375/375 [01:52<00:00,  3.34it/s]
                 Class     Images  Instances      Box(P          R      mAP50  mAP50-95): 100%|██████████| 94/94 [00:09<00:00,  9.48it/s]
                   all       1496       8128      0.891      0.828      0.896      0.675

      Epoch    GPU_mem   box_loss   cls_loss   dfl_loss  Instances       Size
     81/100      7.12G     0.6645     0.4164     0.8929         18        640: 100%|██████████| 375/375 [01:52<00:00,  3.34it/s]
                 Class     Images  Instances      Box(P          R      mAP50  mAP50-95): 100%|██████████| 94/94 [00:09<00:00,  9.45it/s]
                   all       1496       8128      0.915      0.819      0.892      0.673

      Epoch    GPU_mem   box_loss   cls_loss   dfl_loss  Instances       Size
     82/100      7.23G     0.6784      0.423     0.8974          8        640: 100%|██████████| 375/375 [01:52<00:00,  3.34it/s]
                 Class     Images  Instances      Box(P          R      mAP50  mAP50-95): 100%|██████████| 94/94 [00:09<00:00,  9.43it/s]
                   all       1496       8128      0.906      0.814      0.891      0.674

      Epoch    GPU_mem   box_loss   cls_loss   dfl_loss  Instances       Size
     83/100      7.38G     0.6708     0.4199      0.895          2        640: 100%|██████████| 375/375 [01:52<00:00,  3.33it/s]
                 Class     Images  Instances      Box(P          R      mAP50  mAP50-95): 100%|██████████| 94/94 [00:09<00:00,  9.47it/s]
                   all       1496       8128      0.905       0.82      0.893      0.676

      Epoch    GPU_mem   box_loss   cls_loss   dfl_loss  Instances       Size
     84/100      4.93G      0.659     0.4119     0.8904         19        640: 100%|██████████| 375/375 [01:52<00:00,  3.34it/s]
                 Class     Images  Instances      Box(P          R      mAP50  mAP50-95): 100%|██████████| 94/94 [00:09<00:00,  9.50it/s]
                   all       1496       8128      0.921      0.805      0.894      0.675

      Epoch    GPU_mem   box_loss   cls_loss   dfl_loss  Instances       Size
     85/100      4.93G     0.6677     0.4175     0.8936          5        640: 100%|██████████| 375/375 [01:52<00:00,  3.34it/s]
                 Class     Images  Instances      Box(P          R      mAP50  mAP50-95): 100%|██████████| 94/94 [00:09<00:00,  9.51it/s]
                   all       1496       8128      0.886      0.833      0.897      0.678

      Epoch    GPU_mem   box_loss   cls_loss   dfl_loss  Instances       Size
     86/100      4.93G     0.6515     0.4053     0.8885          8        640: 100%|██████████| 375/375 [01:52<00:00,  3.33it/s]
                 Class     Images  Instances      Box(P          R      mAP50  mAP50-95): 100%|██████████| 94/94 [00:09<00:00,  9.50it/s]
                   all       1496       8128      0.911      0.819        0.9      0.682

      Epoch    GPU_mem   box_loss   cls_loss   dfl_loss  Instances       Size
     87/100      4.93G     0.6564       0.41     0.8875         20        640: 100%|██████████| 375/375 [01:53<00:00,  3.32it/s]
                 Class     Images  Instances      Box(P          R      mAP50  mAP50-95): 100%|██████████| 94/94 [00:09<00:00,  9.54it/s]
                   all       1496       8128      0.873      0.841      0.898      0.681

      Epoch    GPU_mem   box_loss   cls_loss   dfl_loss  Instances       Size
     88/100      4.97G     0.6426     0.4025      0.885          1        640: 100%|██████████| 375/375 [01:52<00:00,  3.32it/s]
                 Class     Images  Instances      Box(P          R      mAP50  mAP50-95): 100%|██████████| 94/94 [00:09<00:00,  9.48it/s]
                   all       1496       8128      0.917      0.822      0.901      0.684

      Epoch    GPU_mem   box_loss   cls_loss   dfl_loss  Instances       Size
     89/100      5.01G     0.6421     0.4042     0.8848          2        640: 100%|██████████| 375/375 [01:52<00:00,  3.33it/s]
                 Class     Images  Instances      Box(P          R      mAP50  mAP50-95): 100%|██████████| 94/94 [00:09<00:00,  9.51it/s]
                   all       1496       8128      0.917      0.819      0.897      0.683

      Epoch    GPU_mem   box_loss   cls_loss   dfl_loss  Instances       Size
     90/100      5.05G     0.6426     0.4017     0.8849         20        640: 100%|██████████| 375/375 [01:52<00:00,  3.34it/s]
                 Class     Images  Instances      Box(P          R      mAP50  mAP50-95): 100%|██████████| 94/94 [00:09<00:00,  9.49it/s]
                   all       1496       8128      0.918      0.816      0.899      0.686
Closing dataloader mosaic

      Epoch    GPU_mem   box_loss   cls_loss   dfl_loss  Instances       Size
     91/100      5.05G     0.6207     0.3789      0.871          5        640: 100%|██████████| 375/375 [01:52<00:00,  3.33it/s]
                 Class     Images  Instances      Box(P          R      mAP50  mAP50-95): 100%|██████████| 94/94 [00:09<00:00,  9.42it/s]
                   all       1496       8128      0.911      0.825      0.897      0.681

      Epoch    GPU_mem   box_loss   cls_loss   dfl_loss  Instances       Size
     92/100      5.12G      0.609     0.3742     0.8693          5        640: 100%|██████████| 375/375 [01:52<00:00,  3.33it/s]
                 Class     Images  Instances      Box(P          R      mAP50  mAP50-95): 100%|██████████| 94/94 [00:09<00:00,  9.42it/s]
                   all       1496       8128      0.908      0.816      0.895       0.68

      Epoch    GPU_mem   box_loss   cls_loss   dfl_loss  Instances       Size
     93/100      5.26G     0.6025     0.3695     0.8648          2        640: 100%|██████████| 375/375 [01:52<00:00,  3.34it/s]
                 Class     Images  Instances      Box(P          R      mAP50  mAP50-95): 100%|██████████| 94/94 [00:09<00:00,  9.44it/s]
                   all       1496       8128      0.922      0.809      0.898      0.682

      Epoch    GPU_mem   box_loss   cls_loss   dfl_loss  Instances       Size
     94/100      5.34G     0.6008     0.3665     0.8666          3        640: 100%|██████████| 375/375 [01:52<00:00,  3.35it/s]
                 Class     Images  Instances      Box(P          R      mAP50  mAP50-95): 100%|██████████| 94/94 [00:09<00:00,  9.43it/s]
                   all       1496       8128      0.916      0.822      0.898      0.681

      Epoch    GPU_mem   box_loss   cls_loss   dfl_loss  Instances       Size
     95/100      5.48G     0.5975     0.3676     0.8659          2        640: 100%|██████████| 375/375 [01:51<00:00,  3.35it/s]
                 Class     Images  Instances      Box(P          R      mAP50  mAP50-95): 100%|██████████| 94/94 [00:09<00:00,  9.44it/s]
                   all       1496       8128      0.922      0.811      0.897       0.68

      Epoch    GPU_mem   box_loss   cls_loss   dfl_loss  Instances       Size
     96/100       5.6G       0.59     0.3639     0.8651          2        640: 100%|██████████| 375/375 [01:51<00:00,  3.35it/s]
                 Class     Images  Instances      Box(P          R      mAP50  mAP50-95): 100%|██████████| 94/94 [00:09<00:00,  9.47it/s]
                   all       1496       8128      0.932      0.807      0.895      0.681

      Epoch    GPU_mem   box_loss   cls_loss   dfl_loss  Instances       Size
     97/100       5.7G     0.5818     0.3605     0.8625          8        640: 100%|██████████| 375/375 [01:51<00:00,  3.35it/s]
                 Class     Images  Instances      Box(P          R      mAP50  mAP50-95): 100%|██████████| 94/94 [00:10<00:00,  9.38it/s]
                   all       1496       8128      0.924      0.811      0.894      0.679

      Epoch    GPU_mem   box_loss   cls_loss   dfl_loss  Instances       Size
     98/100      5.79G     0.5792     0.3609     0.8557          0        640: 100%|██████████| 375/375 [01:52<00:00,  3.35it/s]
                 Class     Images  Instances      Box(P          R      mAP50  mAP50-95): 100%|██████████| 94/94 [00:09<00:00,  9.45it/s]
                   all       1496       8128      0.923      0.812      0.894      0.678

      Epoch    GPU_mem   box_loss   cls_loss   dfl_loss  Instances       Size
     99/100      5.94G     0.5736     0.3554     0.8568         10        640: 100%|██████████| 375/375 [01:52<00:00,  3.34it/s]
                 Class     Images  Instances      Box(P          R      mAP50  mAP50-95): 100%|██████████| 94/94 [00:09<00:00,  9.41it/s]
                   all       1496       8128      0.923      0.814      0.896      0.682

      Epoch    GPU_mem   box_loss   cls_loss   dfl_loss  Instances       Size
    100/100      6.05G     0.5737     0.3538     0.8588          1        640: 100%|██████████| 375/375 [01:52<00:00,  3.34it/s]
                 Class     Images  Instances      Box(P          R      mAP50  mAP50-95): 100%|██████████| 94/94 [00:10<00:00,  9.39it/s]
                   all       1496       8128       0.91      0.814      0.894      0.682

100 epochs completed in 3.431 hours.
Optimizer stripped from yolo-kitti/yolo11-kitti-12/weights/last.pt, 40.5MB
Optimizer stripped from yolo-kitti/yolo11-kitti-12/weights/best.pt, 40.5MB

Validating yolo-kitti/yolo11-kitti-12/weights/best.pt...
Ultralytics 8.3.150 🚀 Python-3.13.2 torch-2.6.0+cu118 CUDA:0 (Tesla T4, 14913MiB)
                                                       CUDA:1 (Tesla T4, 14913MiB)
YOLO11m summary (fused): 125 layers, 20,036,200 parameters, 0 gradients, 67.7 GFLOPs
                 Class     Images  Instances      Box(P          R      mAP50  mAP50-95): 100%|██████████| 94/94 [00:10<00:00,  8.87it/s]
                   all       1496       8128      0.918      0.817      0.899      0.686
                   car       1322       5716      0.952      0.919      0.973       0.83
                   van        419        555      0.937      0.901      0.951      0.779
                 truck        212        223      0.976      0.919      0.983      0.857
            pedestrian        377        921      0.911      0.659       0.81      0.482
        Person_sitting         17         36      0.755      0.583      0.702       0.46
               cyclist        252        352      0.928      0.737      0.848      0.568
                  tram         77        117      0.949      0.945      0.983      0.793
                  misc        158        208      0.933      0.873      0.941      0.717
Speed: 0.1ms preprocess, 3.6ms inference, 0.0ms loss, 0.7ms postprocess per image
Results saved to yolo-kitti/yolo11-kitti-12
