Overriding model.yaml nc=80 with nc=10
WARNING ⚠️ no model scale passed. Assuming scale='m'.
Freezing layer 'model.23.dfl.conv.weight'
AMP: running Automatic Mixed Precision (AMP) checks...
AMP: checks passed ✅
train: Fast image access ✅ (ping: 0.1±0.0 ms, read: 623.5±291.2 MB/s, size: 200.3 KB)
train: Scanning /data2/jd1/datasets/VisDrone/labels/train.cache... 6471 images, 0 backgrounds, 0 corrupt: 100%|██████████| 6471/6471 [00:00<?, ?it/s]
train: /data2/jd1/datasets/VisDrone/images/train/0000137_02220_d_0000163.jpg: 1 duplicate labels removed
train: /data2/jd1/datasets/VisDrone/images/train/0000140_00118_d_0000002.jpg: 1 duplicate labels removed
train: /data2/jd1/datasets/VisDrone/images/train/9999945_00000_d_0000114.jpg: 1 duplicate labels removed
train: /data2/jd1/datasets/VisDrone/images/train/9999987_00000_d_0000049.jpg: 1 duplicate labels removed
val: Fast image access ✅ (ping: 0.0±0.0 ms, read: 645.5±302.4 MB/s, size: 124.3 KB)
val: Scanning /data2/jd1/datasets/VisDrone/labels/val.cache... 548 images, 0 backgrounds, 0 corrupt: 100%|██████████| 548/548 [00:00<?, ?it/s]
Plotting labels to .yolo-out/yolo11a-vd-1/labels.jpg...
optimizer: 'optimizer=auto' found, ignoring 'lr0=0.01' and 'momentum=0.937' and determining best 'optimizer', 'lr0' and 'momentum' automatically...
optimizer: SGD(lr=0.01, momentum=0.9) with parameter groups 104 weight(decay=0.0), 111 weight(decay=0.0005), 110 bias(decay=0.0)
Image sizes 640 train, 640 val
Using 16 dataloader workers
Logging results to .yolo-out/yolo11a-vd-1
Starting training for 100 epochs...

      Epoch    GPU_mem   box_loss   cls_loss   dfl_loss  Instances       Size
      1/100      7.42G      3.722      5.189      3.916        186        640: 100%|██████████| 1618/1618 [07:30<00:00,  3.59it/s]
                 Class     Images  Instances      Box(P          R      mAP50  mAP50-95): 100%|██████████| 137/137 [00:27<00:00,  4.93it/s]
                   all        548      38759      0.127     0.0435     0.0161    0.00489

      Epoch    GPU_mem   box_loss   cls_loss   dfl_loss  Instances       Size
      2/100      14.2G      2.754      3.399      2.687        154        640: 100%|██████████| 1618/1618 [07:21<00:00,  3.67it/s]
                 Class     Images  Instances      Box(P          R      mAP50  mAP50-95): 100%|██████████| 137/137 [00:35<00:00,  3.83it/s]
                   all        548      38759      0.279     0.0838     0.0587     0.0241

      Epoch    GPU_mem   box_loss   cls_loss   dfl_loss  Instances       Size
      3/100      10.3G      2.348      2.891      2.258         75        640: 100%|██████████| 1618/1618 [07:18<00:00,  3.69it/s]
                 Class     Images  Instances      Box(P          R      mAP50  mAP50-95): 100%|██████████| 137/137 [00:33<00:00,  4.05it/s]
                   all        548      38759      0.257      0.116     0.0919     0.0461

      Epoch    GPU_mem   box_loss   cls_loss   dfl_loss  Instances       Size
      4/100      6.87G      2.157       2.62      2.066         92        640: 100%|██████████| 1618/1618 [07:16<00:00,  3.71it/s]
                 Class     Images  Instances      Box(P          R      mAP50  mAP50-95): 100%|██████████| 137/137 [00:28<00:00,  4.81it/s]
                   all        548      38759      0.325      0.161      0.128     0.0668

      Epoch    GPU_mem   box_loss   cls_loss   dfl_loss  Instances       Size
      5/100      11.7G      2.029      2.418      1.949        148        640: 100%|██████████| 1618/1618 [07:19<00:00,  3.68it/s]
                 Class     Images  Instances      Box(P          R      mAP50  mAP50-95): 100%|██████████| 137/137 [00:30<00:00,  4.54it/s]
                   all        548      38759      0.196      0.184      0.146     0.0775

      Epoch    GPU_mem   box_loss   cls_loss   dfl_loss  Instances       Size
      6/100        14G      1.945      2.237      1.853        108        640: 100%|██████████| 1618/1618 [07:18<00:00,  3.69it/s]
                 Class     Images  Instances      Box(P          R      mAP50  mAP50-95): 100%|██████████| 137/137 [00:28<00:00,  4.88it/s]
                   all        548      38759       0.22      0.209      0.168     0.0927

      Epoch    GPU_mem   box_loss   cls_loss   dfl_loss  Instances       Size
      7/100      9.47G      1.884      2.129      1.816        167        640: 100%|██████████| 1618/1618 [07:16<00:00,  3.70it/s]
                 Class     Images  Instances      Box(P          R      mAP50  mAP50-95): 100%|██████████| 137/137 [00:25<00:00,  5.29it/s]
                   all        548      38759      0.276      0.237      0.202      0.115

      Epoch    GPU_mem   box_loss   cls_loss   dfl_loss  Instances       Size
      8/100      8.74G      1.844      2.032       1.77         81        640: 100%|██████████| 1618/1618 [07:22<00:00,  3.66it/s]
                 Class     Images  Instances      Box(P          R      mAP50  mAP50-95): 100%|██████████| 137/137 [00:25<00:00,  5.34it/s]
                   all        548      38759      0.308      0.259      0.222      0.127

      Epoch    GPU_mem   box_loss   cls_loss   dfl_loss  Instances       Size
      9/100      6.75G       1.81      1.957       1.73        280        640: 100%|██████████| 1618/1618 [07:14<00:00,  3.72it/s]
                 Class     Images  Instances      Box(P          R      mAP50  mAP50-95): 100%|██████████| 137/137 [00:24<00:00,  5.51it/s]
                   all        548      38759      0.322      0.267      0.242      0.137

      Epoch    GPU_mem   box_loss   cls_loss   dfl_loss  Instances       Size
     10/100       8.6G      1.794        1.9      1.718        223        640: 100%|██████████| 1618/1618 [07:17<00:00,  3.70it/s]
                 Class     Images  Instances      Box(P          R      mAP50  mAP50-95): 100%|██████████| 137/137 [00:22<00:00,  6.16it/s]
                   all        548      38759      0.322      0.279      0.252      0.144

      Epoch    GPU_mem   box_loss   cls_loss   dfl_loss  Instances       Size
     11/100      9.57G      1.767      1.862      1.708        187        640: 100%|██████████| 1618/1618 [07:18<00:00,  3.69it/s]
                 Class     Images  Instances      Box(P          R      mAP50  mAP50-95): 100%|██████████| 137/137 [00:23<00:00,  5.84it/s]
                   all        548      38759      0.349      0.288      0.266      0.151

      Epoch    GPU_mem   box_loss   cls_loss   dfl_loss  Instances       Size
     12/100      13.5G      1.753      1.799      1.679        142        640: 100%|██████████| 1618/1618 [07:16<00:00,  3.71it/s]
                 Class     Images  Instances      Box(P          R      mAP50  mAP50-95): 100%|██████████| 137/137 [00:23<00:00,  5.87it/s]
                   all        548      38759      0.353        0.3      0.279      0.161

      Epoch    GPU_mem   box_loss   cls_loss   dfl_loss  Instances       Size
     13/100      14.1G      1.724      1.747      1.662        142        640: 100%|██████████| 1618/1618 [07:15<00:00,  3.72it/s]
                 Class     Images  Instances      Box(P          R      mAP50  mAP50-95): 100%|██████████| 137/137 [00:22<00:00,  6.20it/s]
                   all        548      38759      0.374       0.31      0.288      0.166

      Epoch    GPU_mem   box_loss   cls_loss   dfl_loss  Instances       Size
     14/100      13.4G      1.713      1.728      1.656        171        640: 100%|██████████| 1618/1618 [07:17<00:00,  3.69it/s]
                 Class     Images  Instances      Box(P          R      mAP50  mAP50-95): 100%|██████████| 137/137 [00:23<00:00,  5.77it/s]
                   all        548      38759      0.393      0.315      0.298      0.171

      Epoch    GPU_mem   box_loss   cls_loss   dfl_loss  Instances       Size
     15/100      9.35G      1.696      1.689      1.641        255        640: 100%|██████████| 1618/1618 [07:19<00:00,  3.68it/s]
                 Class     Images  Instances      Box(P          R      mAP50  mAP50-95): 100%|██████████| 137/137 [00:24<00:00,  5.68it/s]
                   all        548      38759      0.376       0.32      0.303      0.177

      Epoch    GPU_mem   box_loss   cls_loss   dfl_loss  Instances       Size
     16/100      13.3G      1.698      1.673      1.633        268        640: 100%|██████████| 1618/1618 [07:17<00:00,  3.70it/s]
                 Class     Images  Instances      Box(P          R      mAP50  mAP50-95): 100%|██████████| 137/137 [00:23<00:00,  5.76it/s]
                   all        548      38759        0.4       0.32      0.312      0.182

      Epoch    GPU_mem   box_loss   cls_loss   dfl_loss  Instances       Size
     17/100      6.49G      1.667      1.626      1.621        157        640: 100%|██████████| 1618/1618 [07:16<00:00,  3.71it/s]
                 Class     Images  Instances      Box(P          R      mAP50  mAP50-95): 100%|██████████| 137/137 [00:23<00:00,  5.81it/s]
                   all        548      38759      0.417      0.334      0.325      0.189

      Epoch    GPU_mem   box_loss   cls_loss   dfl_loss  Instances       Size
     18/100      13.4G      1.655      1.605      1.613        136        640: 100%|██████████| 1618/1618 [07:18<00:00,  3.69it/s]
                 Class     Images  Instances      Box(P          R      mAP50  mAP50-95): 100%|██████████| 137/137 [00:22<00:00,  6.19it/s]
                   all        548      38759      0.421      0.336      0.329      0.194

      Epoch    GPU_mem   box_loss   cls_loss   dfl_loss  Instances       Size
     19/100      9.14G      1.651       1.58        1.6        300        640: 100%|██████████| 1618/1618 [07:15<00:00,  3.71it/s]
                 Class     Images  Instances      Box(P          R      mAP50  mAP50-95): 100%|██████████| 137/137 [00:22<00:00,  6.13it/s]
                   all        548      38759      0.415      0.341      0.333      0.195

      Epoch    GPU_mem   box_loss   cls_loss   dfl_loss  Instances       Size
     20/100      12.8G      1.641       1.57        1.6        245        640: 100%|██████████| 1618/1618 [07:16<00:00,  3.70it/s]
                 Class     Images  Instances      Box(P          R      mAP50  mAP50-95): 100%|██████████| 137/137 [00:22<00:00,  6.09it/s]
                   all        548      38759       0.43      0.347      0.342      0.201

      Epoch    GPU_mem   box_loss   cls_loss   dfl_loss  Instances       Size
     21/100      7.32G      1.621      1.536      1.581        196        640: 100%|██████████| 1618/1618 [07:18<00:00,  3.69it/s]
                 Class     Images  Instances      Box(P          R      mAP50  mAP50-95): 100%|██████████| 137/137 [00:21<00:00,  6.25it/s]
                   all        548      38759      0.435      0.351       0.35      0.207

      Epoch    GPU_mem   box_loss   cls_loss   dfl_loss  Instances       Size
     22/100      8.23G      1.631      1.533       1.57        224        640: 100%|██████████| 1618/1618 [07:15<00:00,  3.71it/s]
                 Class     Images  Instances      Box(P          R      mAP50  mAP50-95): 100%|██████████| 137/137 [00:22<00:00,  5.96it/s]
                   all        548      38759      0.434       0.36       0.35      0.206

      Epoch    GPU_mem   box_loss   cls_loss   dfl_loss  Instances       Size
     23/100      11.8G      1.606        1.5       1.57         38        640: 100%|██████████| 1618/1618 [07:19<00:00,  3.68it/s]
                 Class     Images  Instances      Box(P          R      mAP50  mAP50-95): 100%|██████████| 137/137 [00:22<00:00,  6.21it/s]
                   all        548      38759      0.452      0.356      0.356      0.211

      Epoch    GPU_mem   box_loss   cls_loss   dfl_loss  Instances       Size
     24/100      12.1G      1.606      1.492       1.56         50        640: 100%|██████████| 1618/1618 [07:18<00:00,  3.69it/s]
                 Class     Images  Instances      Box(P          R      mAP50  mAP50-95): 100%|██████████| 137/137 [00:22<00:00,  6.10it/s]
                   all        548      38759      0.456      0.365      0.362      0.214

      Epoch    GPU_mem   box_loss   cls_loss   dfl_loss  Instances       Size
     25/100      9.31G      1.595      1.479      1.559        171        640: 100%|██████████| 1618/1618 [07:18<00:00,  3.69it/s]
                 Class     Images  Instances      Box(P          R      mAP50  mAP50-95): 100%|██████████| 137/137 [00:21<00:00,  6.30it/s]
                   all        548      38759      0.465      0.359      0.368      0.217

      Epoch    GPU_mem   box_loss   cls_loss   dfl_loss  Instances       Size
     26/100      10.3G      1.602       1.47      1.553         90        640: 100%|██████████| 1618/1618 [07:18<00:00,  3.69it/s]
                 Class     Images  Instances      Box(P          R      mAP50  mAP50-95): 100%|██████████| 137/137 [00:22<00:00,  6.00it/s]
                   all        548      38759      0.465      0.372       0.37      0.219

      Epoch    GPU_mem   box_loss   cls_loss   dfl_loss  Instances       Size
     27/100      12.3G      1.596      1.456      1.542         64        640: 100%|██████████| 1618/1618 [07:24<00:00,  3.64it/s]
                 Class     Images  Instances      Box(P          R      mAP50  mAP50-95): 100%|██████████| 137/137 [00:21<00:00,  6.29it/s]
                   all        548      38759      0.459      0.366      0.369      0.221

      Epoch    GPU_mem   box_loss   cls_loss   dfl_loss  Instances       Size
     28/100      8.96G       1.58      1.445      1.545         83        640: 100%|██████████| 1618/1618 [07:17<00:00,  3.70it/s]
                 Class     Images  Instances      Box(P          R      mAP50  mAP50-95): 100%|██████████| 137/137 [00:22<00:00,  6.15it/s]
                   all        548      38759      0.468      0.372      0.375      0.224

      Epoch    GPU_mem   box_loss   cls_loss   dfl_loss  Instances       Size
     29/100      11.3G      1.578      1.433      1.529        387        640: 100%|██████████| 1618/1618 [07:17<00:00,  3.70it/s]
                 Class     Images  Instances      Box(P          R      mAP50  mAP50-95): 100%|██████████| 137/137 [00:22<00:00,  6.22it/s]
                   all        548      38759      0.456      0.383      0.381      0.228

      Epoch    GPU_mem   box_loss   cls_loss   dfl_loss  Instances       Size
     30/100      8.53G       1.57      1.428      1.534        172        640: 100%|██████████| 1618/1618 [07:19<00:00,  3.68it/s]
                 Class     Images  Instances      Box(P          R      mAP50  mAP50-95): 100%|██████████| 137/137 [00:22<00:00,  6.13it/s]
                   all        548      38759      0.476      0.383      0.384      0.228

      Epoch    GPU_mem   box_loss   cls_loss   dfl_loss  Instances       Size
     31/100      13.6G      1.563      1.409      1.527        274        640: 100%|██████████| 1618/1618 [07:18<00:00,  3.69it/s]
                 Class     Images  Instances      Box(P          R      mAP50  mAP50-95): 100%|██████████| 137/137 [00:22<00:00,  6.11it/s]
                   all        548      38759      0.458      0.383      0.379      0.224

      Epoch    GPU_mem   box_loss   cls_loss   dfl_loss  Instances       Size
     32/100      13.6G      1.555       1.38      1.521        257        640: 100%|██████████| 1618/1618 [07:18<00:00,  3.69it/s]
                 Class     Images  Instances      Box(P          R      mAP50  mAP50-95): 100%|██████████| 137/137 [00:21<00:00,  6.28it/s]
                   all        548      38759      0.466      0.381      0.384       0.23

      Epoch    GPU_mem   box_loss   cls_loss   dfl_loss  Instances       Size
     33/100      11.1G      1.555      1.385      1.516        154        640: 100%|██████████| 1618/1618 [07:19<00:00,  3.68it/s]
                 Class     Images  Instances      Box(P          R      mAP50  mAP50-95): 100%|██████████| 137/137 [00:21<00:00,  6.24it/s]
                   all        548      38759       0.48      0.387      0.394      0.236

      Epoch    GPU_mem   box_loss   cls_loss   dfl_loss  Instances       Size
     34/100      13.4G      1.557      1.382      1.518        105        640: 100%|██████████| 1618/1618 [07:19<00:00,  3.68it/s]
                 Class     Images  Instances      Box(P          R      mAP50  mAP50-95): 100%|██████████| 137/137 [00:21<00:00,  6.24it/s]
                   all        548      38759      0.481      0.393      0.398      0.238

      Epoch    GPU_mem   box_loss   cls_loss   dfl_loss  Instances       Size
     35/100      9.69G      1.551      1.374      1.515        434        640: 100%|██████████| 1618/1618 [07:18<00:00,  3.69it/s]
                 Class     Images  Instances      Box(P          R      mAP50  mAP50-95): 100%|██████████| 137/137 [00:21<00:00,  6.36it/s]
                   all        548      38759      0.481       0.39      0.396      0.237

      Epoch    GPU_mem   box_loss   cls_loss   dfl_loss  Instances       Size
     36/100      9.08G      1.539      1.364      1.509        358        640: 100%|██████████| 1618/1618 [07:21<00:00,  3.67it/s]
                 Class     Images  Instances      Box(P          R      mAP50  mAP50-95): 100%|██████████| 137/137 [00:21<00:00,  6.42it/s]
                   all        548      38759      0.488      0.392        0.4      0.238

      Epoch    GPU_mem   box_loss   cls_loss   dfl_loss  Instances       Size
     37/100      9.44G      1.549      1.371      1.504        274        640: 100%|██████████| 1618/1618 [07:18<00:00,  3.69it/s]
                 Class     Images  Instances      Box(P          R      mAP50  mAP50-95): 100%|██████████| 137/137 [00:21<00:00,  6.45it/s]
                   all        548      38759      0.487      0.397      0.403      0.242

      Epoch    GPU_mem   box_loss   cls_loss   dfl_loss  Instances       Size
     38/100        13G      1.533       1.35      1.502        152        640: 100%|██████████| 1618/1618 [07:15<00:00,  3.71it/s]
                 Class     Images  Instances      Box(P          R      mAP50  mAP50-95): 100%|██████████| 137/137 [00:21<00:00,  6.36it/s]
                   all        548      38759      0.478        0.4        0.4       0.24

      Epoch    GPU_mem   box_loss   cls_loss   dfl_loss  Instances       Size
     39/100       7.5G      1.538      1.341      1.492        209        640: 100%|██████████| 1618/1618 [07:19<00:00,  3.68it/s]
                 Class     Images  Instances      Box(P          R      mAP50  mAP50-95): 100%|██████████| 137/137 [00:21<00:00,  6.32it/s]
                   all        548      38759      0.491      0.398      0.405      0.244

      Epoch    GPU_mem   box_loss   cls_loss   dfl_loss  Instances       Size
     40/100      13.8G      1.542      1.337      1.499         64        640: 100%|██████████| 1618/1618 [07:16<00:00,  3.70it/s]
                 Class     Images  Instances      Box(P          R      mAP50  mAP50-95): 100%|██████████| 137/137 [00:21<00:00,  6.40it/s]
                   all        548      38759      0.498      0.398      0.407      0.245

      Epoch    GPU_mem   box_loss   cls_loss   dfl_loss  Instances       Size
     41/100      6.78G      1.523      1.316      1.488        199        640: 100%|██████████| 1618/1618 [07:17<00:00,  3.70it/s]
                 Class     Images  Instances      Box(P          R      mAP50  mAP50-95): 100%|██████████| 137/137 [00:21<00:00,  6.40it/s]
                   all        548      38759      0.498        0.4      0.409      0.246

      Epoch    GPU_mem   box_loss   cls_loss   dfl_loss  Instances       Size
     42/100      13.5G      1.517       1.31      1.477        233        640: 100%|██████████| 1618/1618 [07:15<00:00,  3.72it/s]
                 Class     Images  Instances      Box(P          R      mAP50  mAP50-95): 100%|██████████| 137/137 [00:21<00:00,  6.36it/s]
                   all        548      38759      0.488      0.412      0.412      0.248

      Epoch    GPU_mem   box_loss   cls_loss   dfl_loss  Instances       Size
     43/100        13G      1.524      1.317      1.489        175        640: 100%|██████████| 1618/1618 [07:18<00:00,  3.69it/s]
                 Class     Images  Instances      Box(P          R      mAP50  mAP50-95): 100%|██████████| 137/137 [00:21<00:00,  6.45it/s]
                   all        548      38759      0.492      0.405      0.412       0.25

      Epoch    GPU_mem   box_loss   cls_loss   dfl_loss  Instances       Size
     44/100      13.3G      1.525      1.312      1.489         89        640: 100%|██████████| 1618/1618 [07:19<00:00,  3.68it/s]
                 Class     Images  Instances      Box(P          R      mAP50  mAP50-95): 100%|██████████| 137/137 [00:21<00:00,  6.37it/s]
                   all        548      38759      0.505       0.41      0.419      0.251

      Epoch    GPU_mem   box_loss   cls_loss   dfl_loss  Instances       Size
     45/100      10.1G       1.51      1.301       1.48        156        640: 100%|██████████| 1618/1618 [07:24<00:00,  3.64it/s]
                 Class     Images  Instances      Box(P          R      mAP50  mAP50-95): 100%|██████████| 137/137 [00:21<00:00,  6.31it/s]
                   all        548      38759      0.507      0.411       0.42      0.254

      Epoch    GPU_mem   box_loss   cls_loss   dfl_loss  Instances       Size
     46/100      10.8G      1.509      1.307       1.48         61        640: 100%|██████████| 1618/1618 [07:25<00:00,  3.63it/s]
                 Class     Images  Instances      Box(P          R      mAP50  mAP50-95): 100%|██████████| 137/137 [00:21<00:00,  6.28it/s]
                   all        548      38759        0.5      0.416       0.42      0.253

      Epoch    GPU_mem   box_loss   cls_loss   dfl_loss  Instances       Size
     47/100      9.01G      1.516      1.294      1.474        212        640: 100%|██████████| 1618/1618 [07:23<00:00,  3.65it/s]
                 Class     Images  Instances      Box(P          R      mAP50  mAP50-95): 100%|██████████| 137/137 [00:21<00:00,  6.26it/s]
                   all        548      38759      0.519      0.415      0.425      0.257

      Epoch    GPU_mem   box_loss   cls_loss   dfl_loss  Instances       Size
     48/100      9.86G      1.504      1.289       1.47        239        640: 100%|██████████| 1618/1618 [07:25<00:00,  3.64it/s]
                 Class     Images  Instances      Box(P          R      mAP50  mAP50-95): 100%|██████████| 137/137 [00:21<00:00,  6.32it/s]
                   all        548      38759      0.514      0.415      0.423      0.257

      Epoch    GPU_mem   box_loss   cls_loss   dfl_loss  Instances       Size
     49/100      11.4G      1.504      1.283      1.466        258        640: 100%|██████████| 1618/1618 [07:25<00:00,  3.63it/s]
                 Class     Images  Instances      Box(P          R      mAP50  mAP50-95): 100%|██████████| 137/137 [00:21<00:00,  6.36it/s]
                   all        548      38759      0.512      0.418      0.426      0.258

      Epoch    GPU_mem   box_loss   cls_loss   dfl_loss  Instances       Size
     50/100      12.3G      1.505      1.278      1.466        257        640: 100%|██████████| 1618/1618 [07:26<00:00,  3.63it/s]
                 Class     Images  Instances      Box(P          R      mAP50  mAP50-95): 100%|██████████| 137/137 [00:21<00:00,  6.38it/s]
                   all        548      38759      0.516      0.416      0.427      0.259

      Epoch    GPU_mem   box_loss   cls_loss   dfl_loss  Instances       Size
     51/100      13.7G      1.497      1.265      1.472         94        640: 100%|██████████| 1618/1618 [07:24<00:00,  3.64it/s]
                 Class     Images  Instances      Box(P          R      mAP50  mAP50-95): 100%|██████████| 137/137 [00:21<00:00,  6.38it/s]
                   all        548      38759      0.511      0.417      0.429       0.26

      Epoch    GPU_mem   box_loss   cls_loss   dfl_loss  Instances       Size
     52/100      11.9G      1.496      1.266      1.466        292        640: 100%|██████████| 1618/1618 [07:25<00:00,  3.63it/s]
                 Class     Images  Instances      Box(P          R      mAP50  mAP50-95): 100%|██████████| 137/137 [00:21<00:00,  6.42it/s]
                   all        548      38759      0.519      0.417      0.431      0.261

      Epoch    GPU_mem   box_loss   cls_loss   dfl_loss  Instances       Size
     53/100      10.6G      1.499      1.264      1.457        141        640: 100%|██████████| 1618/1618 [07:22<00:00,  3.66it/s]
                 Class     Images  Instances      Box(P          R      mAP50  mAP50-95): 100%|██████████| 137/137 [00:21<00:00,  6.31it/s]
                   all        548      38759      0.516      0.415      0.432      0.263

      Epoch    GPU_mem   box_loss   cls_loss   dfl_loss  Instances       Size
     54/100       9.7G       1.49      1.265      1.459        120        640: 100%|██████████| 1618/1618 [07:23<00:00,  3.65it/s]
                 Class     Images  Instances      Box(P          R      mAP50  mAP50-95): 100%|██████████| 137/137 [00:21<00:00,  6.29it/s]
                   all        548      38759      0.524       0.41      0.432      0.263

      Epoch    GPU_mem   box_loss   cls_loss   dfl_loss  Instances       Size
     55/100      11.7G      1.495      1.261      1.458        206        640: 100%|██████████| 1618/1618 [07:25<00:00,  3.64it/s]
                 Class     Images  Instances      Box(P          R      mAP50  mAP50-95): 100%|██████████| 137/137 [00:21<00:00,  6.30it/s]
                   all        548      38759      0.519      0.416      0.436      0.266

      Epoch    GPU_mem   box_loss   cls_loss   dfl_loss  Instances       Size
     56/100      10.3G      1.487      1.253       1.46        115        640: 100%|██████████| 1618/1618 [07:24<00:00,  3.64it/s]
                 Class     Images  Instances      Box(P          R      mAP50  mAP50-95): 100%|██████████| 137/137 [00:21<00:00,  6.28it/s]
                   all        548      38759      0.513      0.427      0.437      0.266

      Epoch    GPU_mem   box_loss   cls_loss   dfl_loss  Instances       Size
     57/100      11.8G      1.483      1.232       1.46         61        640: 100%|██████████| 1618/1618 [07:25<00:00,  3.64it/s]
                 Class     Images  Instances      Box(P          R      mAP50  mAP50-95): 100%|██████████| 137/137 [00:21<00:00,  6.31it/s]
                   all        548      38759      0.516      0.431      0.438      0.267

      Epoch    GPU_mem   box_loss   cls_loss   dfl_loss  Instances       Size
     58/100       9.1G      1.497      1.256       1.46        303        640: 100%|██████████| 1618/1618 [07:22<00:00,  3.66it/s]
                 Class     Images  Instances      Box(P          R      mAP50  mAP50-95): 100%|██████████| 137/137 [00:21<00:00,  6.36it/s]
                   all        548      38759      0.531       0.43      0.443      0.269

      Epoch    GPU_mem   box_loss   cls_loss   dfl_loss  Instances       Size
     59/100      13.4G      1.477       1.23      1.451        107        640: 100%|██████████| 1618/1618 [07:23<00:00,  3.65it/s]
                 Class     Images  Instances      Box(P          R      mAP50  mAP50-95): 100%|██████████| 137/137 [00:21<00:00,  6.35it/s]
                   all        548      38759      0.528      0.424       0.44      0.268

      Epoch    GPU_mem   box_loss   cls_loss   dfl_loss  Instances       Size
     60/100      11.8G      1.477      1.226      1.445        121        640: 100%|██████████| 1618/1618 [07:22<00:00,  3.65it/s]
                 Class     Images  Instances      Box(P          R      mAP50  mAP50-95): 100%|██████████| 137/137 [00:21<00:00,  6.31it/s]
                   all        548      38759      0.538      0.425      0.444       0.27

      Epoch    GPU_mem   box_loss   cls_loss   dfl_loss  Instances       Size
     61/100      11.9G      1.477      1.224      1.451        203        640: 100%|██████████| 1618/1618 [07:24<00:00,  3.64it/s]
                 Class     Images  Instances      Box(P          R      mAP50  mAP50-95): 100%|██████████| 137/137 [00:21<00:00,  6.43it/s]
                   all        548      38759      0.536      0.431      0.448      0.273

      Epoch    GPU_mem   box_loss   cls_loss   dfl_loss  Instances       Size
     62/100      9.14G      1.482      1.231      1.443        166        640: 100%|██████████| 1618/1618 [07:26<00:00,  3.62it/s]
                 Class     Images  Instances      Box(P          R      mAP50  mAP50-95): 100%|██████████| 137/137 [00:21<00:00,  6.39it/s]
                   all        548      38759      0.529      0.434      0.448      0.273

      Epoch    GPU_mem   box_loss   cls_loss   dfl_loss  Instances       Size
     63/100      10.2G      1.473      1.214      1.447         99        640: 100%|██████████| 1618/1618 [07:20<00:00,  3.67it/s]
                 Class     Images  Instances      Box(P          R      mAP50  mAP50-95): 100%|██████████| 137/137 [00:21<00:00,  6.45it/s]
                   all        548      38759      0.532       0.43      0.449      0.275

      Epoch    GPU_mem   box_loss   cls_loss   dfl_loss  Instances       Size
     64/100      11.9G      1.476      1.212      1.449         92        640: 100%|██████████| 1618/1618 [07:25<00:00,  3.63it/s]
                 Class     Images  Instances      Box(P          R      mAP50  mAP50-95): 100%|██████████| 137/137 [00:21<00:00,  6.44it/s]
                   all        548      38759       0.54      0.433      0.449      0.274

      Epoch    GPU_mem   box_loss   cls_loss   dfl_loss  Instances       Size
     65/100      13.9G      1.469      1.209      1.443         86        640: 100%|██████████| 1618/1618 [07:24<00:00,  3.64it/s]
                 Class     Images  Instances      Box(P          R      mAP50  mAP50-95): 100%|██████████| 137/137 [00:21<00:00,  6.32it/s]
                   all        548      38759      0.531      0.438      0.451      0.274

      Epoch    GPU_mem   box_loss   cls_loss   dfl_loss  Instances       Size
     66/100      11.4G      1.462      1.206      1.445        191        640: 100%|██████████| 1618/1618 [07:24<00:00,  3.64it/s]
                 Class     Images  Instances      Box(P          R      mAP50  mAP50-95): 100%|██████████| 137/137 [00:21<00:00,  6.43it/s]
                   all        548      38759      0.535      0.436      0.452      0.276

      Epoch    GPU_mem   box_loss   cls_loss   dfl_loss  Instances       Size
     67/100      13.9G      1.468      1.206      1.435        160        640: 100%|██████████| 1618/1618 [07:26<00:00,  3.62it/s]
                 Class     Images  Instances      Box(P          R      mAP50  mAP50-95): 100%|██████████| 137/137 [00:21<00:00,  6.38it/s]
                   all        548      38759      0.535      0.441      0.452      0.276

      Epoch    GPU_mem   box_loss   cls_loss   dfl_loss  Instances       Size
     68/100      13.6G      1.456       1.19      1.437        226        640: 100%|██████████| 1618/1618 [07:24<00:00,  3.64it/s]
                 Class     Images  Instances      Box(P          R      mAP50  mAP50-95): 100%|██████████| 137/137 [00:21<00:00,  6.37it/s]
                   all        548      38759      0.542      0.433      0.452      0.276

      Epoch    GPU_mem   box_loss   cls_loss   dfl_loss  Instances       Size
     69/100      7.96G      1.463      1.198      1.432         73        640: 100%|██████████| 1618/1618 [07:23<00:00,  3.65it/s]
                 Class     Images  Instances      Box(P          R      mAP50  mAP50-95): 100%|██████████| 137/137 [00:21<00:00,  6.42it/s]
                   all        548      38759      0.544      0.434      0.455      0.279

      Epoch    GPU_mem   box_loss   cls_loss   dfl_loss  Instances       Size
     70/100      13.6G      1.465      1.182       1.43         88        640: 100%|██████████| 1618/1618 [07:21<00:00,  3.66it/s]
                 Class     Images  Instances      Box(P          R      mAP50  mAP50-95): 100%|██████████| 137/137 [00:21<00:00,  6.43it/s]
                   all        548      38759      0.552      0.435      0.455      0.278

      Epoch    GPU_mem   box_loss   cls_loss   dfl_loss  Instances       Size
     71/100        11G      1.458      1.186      1.427         91        640: 100%|██████████| 1618/1618 [07:21<00:00,  3.67it/s]
                 Class     Images  Instances      Box(P          R      mAP50  mAP50-95): 100%|██████████| 137/137 [00:21<00:00,  6.47it/s]
                   all        548      38759      0.542      0.442      0.459      0.281

      Epoch    GPU_mem   box_loss   cls_loss   dfl_loss  Instances       Size
     72/100      6.66G      1.459      1.181      1.434         92        640: 100%|██████████| 1618/1618 [07:18<00:00,  3.69it/s]
                 Class     Images  Instances      Box(P          R      mAP50  mAP50-95): 100%|██████████| 137/137 [00:21<00:00,  6.44it/s]
                   all        548      38759      0.545      0.442      0.459      0.281

      Epoch    GPU_mem   box_loss   cls_loss   dfl_loss  Instances       Size
     73/100      8.78G      1.459      1.179       1.43         45        640: 100%|██████████| 1618/1618 [07:17<00:00,  3.70it/s]
                 Class     Images  Instances      Box(P          R      mAP50  mAP50-95): 100%|██████████| 137/137 [00:21<00:00,  6.46it/s]
                   all        548      38759      0.536      0.442      0.459      0.281

      Epoch    GPU_mem   box_loss   cls_loss   dfl_loss  Instances       Size
     74/100      6.75G      1.447      1.171      1.426        145        640: 100%|██████████| 1618/1618 [07:16<00:00,  3.71it/s]
                 Class     Images  Instances      Box(P          R      mAP50  mAP50-95): 100%|██████████| 137/137 [00:21<00:00,  6.42it/s]
                   all        548      38759       0.54      0.442      0.459      0.281

      Epoch    GPU_mem   box_loss   cls_loss   dfl_loss  Instances       Size
     75/100      14.2G      1.446      1.164      1.425         57        640: 100%|██████████| 1618/1618 [07:16<00:00,  3.71it/s]
                 Class     Images  Instances      Box(P          R      mAP50  mAP50-95): 100%|██████████| 137/137 [00:21<00:00,  6.39it/s]
                   all        548      38759       0.54      0.446       0.46      0.282

      Epoch    GPU_mem   box_loss   cls_loss   dfl_loss  Instances       Size
     76/100      13.5G      1.444      1.165      1.427         57        640: 100%|██████████| 1618/1618 [07:18<00:00,  3.69it/s]
                 Class     Images  Instances      Box(P          R      mAP50  mAP50-95): 100%|██████████| 137/137 [00:21<00:00,  6.41it/s]
                   all        548      38759      0.543      0.442      0.461      0.282

      Epoch    GPU_mem   box_loss   cls_loss   dfl_loss  Instances       Size
     77/100      12.6G      1.436      1.157      1.423        222        640: 100%|██████████| 1618/1618 [07:13<00:00,  3.73it/s]
                 Class     Images  Instances      Box(P          R      mAP50  mAP50-95): 100%|██████████| 137/137 [00:21<00:00,  6.37it/s]
                   all        548      38759      0.543      0.443      0.462      0.283

      Epoch    GPU_mem   box_loss   cls_loss   dfl_loss  Instances       Size
     78/100      8.43G      1.445      1.172      1.417         58        640: 100%|██████████| 1618/1618 [07:23<00:00,  3.65it/s]
                 Class     Images  Instances      Box(P          R      mAP50  mAP50-95): 100%|██████████| 137/137 [00:21<00:00,  6.45it/s]
                   all        548      38759      0.538      0.443      0.461      0.283

      Epoch    GPU_mem   box_loss   cls_loss   dfl_loss  Instances       Size
     79/100      12.9G      1.437      1.155       1.42        135        640: 100%|██████████| 1618/1618 [07:15<00:00,  3.71it/s]
                 Class     Images  Instances      Box(P          R      mAP50  mAP50-95): 100%|██████████| 137/137 [00:21<00:00,  6.42it/s]
                   all        548      38759      0.545      0.445      0.462      0.284

      Epoch    GPU_mem   box_loss   cls_loss   dfl_loss  Instances       Size
     80/100      13.3G      1.433      1.142       1.41        113        640: 100%|██████████| 1618/1618 [07:18<00:00,  3.69it/s]
                 Class     Images  Instances      Box(P          R      mAP50  mAP50-95): 100%|██████████| 137/137 [00:21<00:00,  6.48it/s]
                   all        548      38759      0.552      0.442      0.463      0.283

      Epoch    GPU_mem   box_loss   cls_loss   dfl_loss  Instances       Size
     81/100      6.75G      1.442       1.15      1.423         98        640: 100%|██████████| 1618/1618 [07:20<00:00,  3.67it/s]
                 Class     Images  Instances      Box(P          R      mAP50  mAP50-95): 100%|██████████| 137/137 [00:21<00:00,  6.44it/s]
                   all        548      38759      0.546      0.445      0.463      0.284

      Epoch    GPU_mem   box_loss   cls_loss   dfl_loss  Instances       Size
     82/100      8.87G      1.441      1.153      1.418        109        640: 100%|██████████| 1618/1618 [07:22<00:00,  3.66it/s]
                 Class     Images  Instances      Box(P          R      mAP50  mAP50-95): 100%|██████████| 137/137 [00:21<00:00,  6.28it/s]
                   all        548      38759       0.54       0.45      0.466      0.285

      Epoch    GPU_mem   box_loss   cls_loss   dfl_loss  Instances       Size
     83/100      14.1G      1.426       1.13      1.405        235        640: 100%|██████████| 1618/1618 [07:23<00:00,  3.65it/s]
                 Class     Images  Instances      Box(P          R      mAP50  mAP50-95): 100%|██████████| 137/137 [00:21<00:00,  6.32it/s]
                   all        548      38759       0.55      0.442      0.465      0.285

      Epoch    GPU_mem   box_loss   cls_loss   dfl_loss  Instances       Size
     84/100      12.6G      1.426      1.137      1.412        115        640: 100%|██████████| 1618/1618 [07:21<00:00,  3.67it/s]
                 Class     Images  Instances      Box(P          R      mAP50  mAP50-95): 100%|██████████| 137/137 [00:21<00:00,  6.32it/s]
                   all        548      38759      0.548      0.442      0.464      0.285

      Epoch    GPU_mem   box_loss   cls_loss   dfl_loss  Instances       Size
     85/100      13.2G       1.43      1.139      1.417         81        640: 100%|██████████| 1618/1618 [07:15<00:00,  3.71it/s]
                 Class     Images  Instances      Box(P          R      mAP50  mAP50-95): 100%|██████████| 137/137 [00:21<00:00,  6.45it/s]
                   all        548      38759      0.554      0.444      0.465      0.285

      Epoch    GPU_mem   box_loss   cls_loss   dfl_loss  Instances       Size
     86/100      12.9G      1.427      1.132      1.408         71        640: 100%|██████████| 1618/1618 [07:17<00:00,  3.70it/s]
                 Class     Images  Instances      Box(P          R      mAP50  mAP50-95): 100%|██████████| 137/137 [00:20<00:00,  6.53it/s]
                   all        548      38759      0.547      0.448      0.466      0.287

      Epoch    GPU_mem   box_loss   cls_loss   dfl_loss  Instances       Size
     87/100      9.43G      1.425       1.13      1.412        112        640: 100%|██████████| 1618/1618 [07:18<00:00,  3.69it/s]
                 Class     Images  Instances      Box(P          R      mAP50  mAP50-95): 100%|██████████| 137/137 [00:21<00:00,  6.51it/s]
                   all        548      38759      0.544      0.453      0.467      0.287

      Epoch    GPU_mem   box_loss   cls_loss   dfl_loss  Instances       Size
     88/100      13.9G      1.423      1.124      1.403        119        640: 100%|██████████| 1618/1618 [07:17<00:00,  3.70it/s]
                 Class     Images  Instances      Box(P          R      mAP50  mAP50-95): 100%|██████████| 137/137 [00:21<00:00,  6.49it/s]
                   all        548      38759      0.548      0.452      0.467      0.286

      Epoch    GPU_mem   box_loss   cls_loss   dfl_loss  Instances       Size
     89/100      7.42G      1.425      1.123      1.409        226        640: 100%|██████████| 1618/1618 [07:16<00:00,  3.70it/s]
                 Class     Images  Instances      Box(P          R      mAP50  mAP50-95): 100%|██████████| 137/137 [00:21<00:00,  6.51it/s]
                   all        548      38759      0.543      0.454      0.468      0.287

      Epoch    GPU_mem   box_loss   cls_loss   dfl_loss  Instances       Size
     90/100      10.8G      1.422      1.117      1.405        170        640: 100%|██████████| 1618/1618 [07:15<00:00,  3.71it/s]
                 Class     Images  Instances      Box(P          R      mAP50  mAP50-95): 100%|██████████| 137/137 [00:21<00:00,  6.51it/s]
                   all        548      38759      0.539      0.455      0.468      0.286
Closing dataloader mosaic

      Epoch    GPU_mem   box_loss   cls_loss   dfl_loss  Instances       Size
     91/100      9.71G      1.391      1.076      1.404        141        640: 100%|██████████| 1618/1618 [06:33<00:00,  4.11it/s]
                 Class     Images  Instances      Box(P          R      mAP50  mAP50-95): 100%|██████████| 137/137 [00:21<00:00,  6.51it/s]
                   all        548      38759      0.541      0.445      0.467      0.286

      Epoch    GPU_mem   box_loss   cls_loss   dfl_loss  Instances       Size
     92/100      9.94G      1.387      1.067      1.401        141        640: 100%|██████████| 1618/1618 [06:32<00:00,  4.12it/s]
                 Class     Images  Instances      Box(P          R      mAP50  mAP50-95): 100%|██████████| 137/137 [00:21<00:00,  6.50it/s]
                   all        548      38759      0.545      0.445      0.465      0.285

      Epoch    GPU_mem   box_loss   cls_loss   dfl_loss  Instances       Size
     93/100       9.2G      1.396       1.07      1.405         40        640: 100%|██████████| 1618/1618 [06:32<00:00,  4.12it/s]
                 Class     Images  Instances      Box(P          R      mAP50  mAP50-95): 100%|██████████| 137/137 [00:21<00:00,  6.36it/s]
                   all        548      38759      0.549      0.443      0.464      0.284

      Epoch    GPU_mem   box_loss   cls_loss   dfl_loss  Instances       Size
     94/100      10.3G      1.391      1.062      1.401         54        640: 100%|██████████| 1618/1618 [06:32<00:00,  4.13it/s]
                 Class     Images  Instances      Box(P          R      mAP50  mAP50-95): 100%|██████████| 137/137 [00:21<00:00,  6.49it/s]
                   all        548      38759      0.545      0.446      0.464      0.284

      Epoch    GPU_mem   box_loss   cls_loss   dfl_loss  Instances       Size
     95/100      7.05G      1.384      1.061      1.401         68        640: 100%|██████████| 1618/1618 [06:33<00:00,  4.11it/s]
                 Class     Images  Instances      Box(P          R      mAP50  mAP50-95): 100%|██████████| 137/137 [00:21<00:00,  6.50it/s]
                   all        548      38759      0.546      0.446      0.464      0.283

      Epoch    GPU_mem   box_loss   cls_loss   dfl_loss  Instances       Size
     96/100      9.01G      1.367      1.043      1.394         57        640: 100%|██████████| 1618/1618 [06:34<00:00,  4.10it/s]
                 Class     Images  Instances      Box(P          R      mAP50  mAP50-95): 100%|██████████| 137/137 [00:21<00:00,  6.33it/s]
                   all        548      38759      0.551      0.445      0.465      0.284

      Epoch    GPU_mem   box_loss   cls_loss   dfl_loss  Instances       Size
     97/100      13.1G      1.378      1.052      1.399         51        640: 100%|██████████| 1618/1618 [06:37<00:00,  4.07it/s]
                 Class     Images  Instances      Box(P          R      mAP50  mAP50-95): 100%|██████████| 137/137 [00:20<00:00,  6.53it/s]
                   all        548      38759       0.55      0.447      0.465      0.284

      Epoch    GPU_mem   box_loss   cls_loss   dfl_loss  Instances       Size
     98/100      11.1G       1.38      1.049      1.399         87        640: 100%|██████████| 1618/1618 [06:31<00:00,  4.13it/s]
                 Class     Images  Instances      Box(P          R      mAP50  mAP50-95): 100%|██████████| 137/137 [00:21<00:00,  6.52it/s]
                   all        548      38759      0.548      0.446      0.465      0.284

      Epoch    GPU_mem   box_loss   cls_loss   dfl_loss  Instances       Size
     99/100      11.6G      1.373       1.05      1.399         84        640: 100%|██████████| 1618/1618 [06:33<00:00,  4.11it/s]
                 Class     Images  Instances      Box(P          R      mAP50  mAP50-95): 100%|██████████| 137/137 [00:21<00:00,  6.34it/s]
                   all        548      38759      0.551      0.444      0.465      0.284

      Epoch    GPU_mem   box_loss   cls_loss   dfl_loss  Instances       Size
    100/100      9.43G      1.369       1.04      1.395         69        640: 100%|██████████| 1618/1618 [06:36<00:00,  4.08it/s]
                 Class     Images  Instances      Box(P          R      mAP50  mAP50-95): 100%|██████████| 137/137 [00:20<00:00,  6.55it/s]
                   all        548      38759      0.548      0.446      0.465      0.284

100 epochs completed in 12.743 hours.
Optimizer stripped from .yolo-out/yolo11a-vd-1/weights/last.pt, 27.1MB
Optimizer stripped from .yolo-out/yolo11a-vd-1/weights/best.pt, 27.1MB

Validating .yolo-out/yolo11a-vd-1/weights/best.pt...
Ultralytics 8.3.150 🚀 Python-3.13.2 torch-2.6.0+cu118 CUDA:0 (Tesla T4, 14913MiB)
                                                       CUDA:1 (Tesla T4, 14913MiB)
model summary (fused): 125 layers, 13,120,110 parameters, 0 gradients, 91.8 GFLOPs
                 Class     Images  Instances      Box(P          R      mAP50  mAP50-95): 100%|██████████| 137/137 [00:14<00:00,  9.33it/s]
                   all        548      38759      0.541      0.456      0.467      0.287
            pedestrian        520       8844      0.613      0.523      0.566      0.282
                people        482       5125       0.58      0.403      0.438      0.187
               bicycle        364       1287      0.307       0.23      0.196     0.0923
                   car        515      14064      0.754      0.838      0.859      0.626
                   van        421       1975      0.574      0.504      0.519      0.376
                 truck        266        750      0.487      0.412      0.395      0.262
              tricycle        337       1045      0.485      0.311      0.317      0.185
       awning-tricycle        220        532      0.338      0.226      0.197      0.127
                   bus        131        251      0.676      0.564       0.63      0.458
                 motor        485       4886      0.597      0.546      0.555      0.272
Speed: 0.1ms preprocess, 11.2ms inference, 0.0ms loss, 7.4ms postprocess per image
Results saved to .yolo-out/yolo11a-vd-1