Overriding model.yaml nc=80 with nc=5
WARNING ⚠️ no model scale passed. Assuming scale='m'.
Freezing layer 'model.20.dfl.conv.weight'
AMP: running Automatic Mixed Precision (AMP) checks...
AMP: checks passed ✅
train: Fast image access ✅ (ping: 0.1±0.1 ms, read: 1047.9±584.1 MB/s, size: 450.2 KB)
train: Scanning /data2/jd1/datasets/sds-ds/sds/labels/train.cache... 8930 images
val: Fast image access ✅ (ping: 0.1±0.0 ms, read: 1327.5±473.7 MB/s, size: 940.5 KB)
val: Scanning /data2/jd1/datasets/sds-ds/sds/labels/val.cache... 1547 images, 0 
Plotting labels to .yolo-out-sds3/yolo11-b-sds-3/labels.jpg...
optimizer: 'optimizer=auto' found, ignoring 'lr0=0.01' and 'momentum=0.937' and determining best 'optimizer', 'lr0' and 'momentum' automatically...
optimizer: SGD(lr=0.01, momentum=0.9) with parameter groups 95 weight(decay=0.0), 102 weight(decay=0.0005), 101 bias(decay=0.0)
Image sizes 640 train, 640 val
Using 16 dataloader workers
Logging results to .yolo-out-sds3/yolo11-b-sds-3
Starting training for 100 epochs...

      Epoch    GPU_mem   box_loss   cls_loss   dfl_loss  Instances       Size
      1/100      1.76G      3.746      6.907      3.498          2        640: 1
                 Class     Images  Instances      Box(P          R      mAP50  m
                   all       1547       9630       0.35      0.213      0.093     0.0302

      Epoch    GPU_mem   box_loss   cls_loss   dfl_loss  Instances       Size
      2/100      1.82G      2.463      2.398      1.632         17        640: 1
                 Class     Images  Instances      Box(P          R      mAP50  m
                   all       1547       9630      0.588      0.354      0.309      0.136

      Epoch    GPU_mem   box_loss   cls_loss   dfl_loss  Instances       Size
      3/100      1.82G      2.178      1.728      1.444         19        640: 1
                 Class     Images  Instances      Box(P          R      mAP50  m
                   all       1547       9630      0.629      0.365      0.302      0.149

      Epoch    GPU_mem   box_loss   cls_loss   dfl_loss  Instances       Size
      4/100      1.82G      2.029      1.372      1.346          6        640: 1
                 Class     Images  Instances      Box(P          R      mAP50  m
                   all       1547       9630      0.741      0.475       0.46      0.238

      Epoch    GPU_mem   box_loss   cls_loss   dfl_loss  Instances       Size
      5/100      1.82G      1.884       1.19      1.285          2        640: 1
                 Class     Images  Instances      Box(P          R      mAP50  m
                   all       1547       9630      0.739      0.489      0.478      0.251

      Epoch    GPU_mem   box_loss   cls_loss   dfl_loss  Instances       Size
      6/100      1.82G      1.797      1.084      1.245         22        640: 1
                 Class     Images  Instances      Box(P          R      mAP50  m
                   all       1547       9630      0.799      0.491      0.525       0.28

      Epoch    GPU_mem   box_loss   cls_loss   dfl_loss  Instances       Size
      7/100      1.82G      1.739      1.018      1.206          5        640: 1
                 Class     Images  Instances      Box(P          R      mAP50  m
                   all       1547       9630      0.841      0.549      0.598      0.317

      Epoch    GPU_mem   box_loss   cls_loss   dfl_loss  Instances       Size
      8/100      1.82G      1.704     0.9896      1.192          4        640: 1
                 Class     Images  Instances      Box(P          R      mAP50  m
                   all       1547       9630      0.821      0.539      0.599      0.326

      Epoch    GPU_mem   box_loss   cls_loss   dfl_loss  Instances       Size
      9/100      1.82G      1.668     0.9454      1.191          9        640: 1
                 Class     Images  Instances      Box(P          R      mAP50  m
                   all       1547       9630      0.826       0.57      0.629      0.337

      Epoch    GPU_mem   box_loss   cls_loss   dfl_loss  Instances       Size
     10/100      1.82G      1.656     0.9299      1.182          4        640: 1
                 Class     Images  Instances      Box(P          R      mAP50  m
                   all       1547       9630      0.809      0.576      0.636      0.344

      Epoch    GPU_mem   box_loss   cls_loss   dfl_loss  Instances       Size
     11/100      1.82G      1.639     0.9105       1.17          8        640: 1
                 Class     Images  Instances      Box(P          R      mAP50  m
                   all       1547       9630      0.812      0.558      0.627      0.339

      Epoch    GPU_mem   box_loss   cls_loss   dfl_loss  Instances       Size
     12/100      1.82G      1.609     0.8892      1.156         25        640: 1
                 Class     Images  Instances      Box(P          R      mAP50  m
                   all       1547       9630      0.804      0.602      0.659      0.357

      Epoch    GPU_mem   box_loss   cls_loss   dfl_loss  Instances       Size
     13/100      1.82G      1.599     0.8782      1.159          1        640: 1
                 Class     Images  Instances      Box(P          R      mAP50  m
                   all       1547       9630      0.824      0.613      0.675      0.362

      Epoch    GPU_mem   box_loss   cls_loss   dfl_loss  Instances       Size
     14/100      1.82G      1.602       0.88       1.17         29        640: 1
                 Class     Images  Instances      Box(P          R      mAP50  m
                   all       1547       9630      0.783      0.622      0.665      0.362

      Epoch    GPU_mem   box_loss   cls_loss   dfl_loss  Instances       Size
     15/100      1.82G       1.56     0.8404      1.144          6        640: 1
                 Class     Images  Instances      Box(P          R      mAP50  m
                   all       1547       9630      0.842      0.624      0.673      0.372

      Epoch    GPU_mem   box_loss   cls_loss   dfl_loss  Instances       Size
     16/100      1.82G      1.551     0.8336      1.136          6        640: 1
                 Class     Images  Instances      Box(P          R      mAP50  m
                   all       1547       9630      0.819      0.638      0.692      0.378

      Epoch    GPU_mem   box_loss   cls_loss   dfl_loss  Instances       Size
     17/100      1.82G      1.538     0.8096      1.141          3        640: 1
                 Class     Images  Instances      Box(P          R      mAP50  m
                   all       1547       9630      0.837      0.654      0.714      0.392

      Epoch    GPU_mem   box_loss   cls_loss   dfl_loss  Instances       Size
     18/100      1.82G      1.515     0.8129       1.13          6        640: 1
                 Class     Images  Instances      Box(P          R      mAP50  m
                   all       1547       9630      0.838       0.66      0.711      0.388

      Epoch    GPU_mem   box_loss   cls_loss   dfl_loss  Instances       Size
     19/100      1.82G      1.516     0.7949      1.125          7        640: 1
                 Class     Images  Instances      Box(P          R      mAP50  m
                   all       1547       9630      0.823      0.654      0.706       0.39

      Epoch    GPU_mem   box_loss   cls_loss   dfl_loss  Instances       Size
     20/100      1.82G      1.504     0.7844      1.113          7        640: 1
                 Class     Images  Instances      Box(P          R      mAP50  m
                   all       1547       9630       0.81      0.666      0.718      0.397

      Epoch    GPU_mem   box_loss   cls_loss   dfl_loss  Instances       Size
     21/100      1.82G      1.498     0.7881      1.118          5        640: 1
                 Class     Images  Instances      Box(P          R      mAP50  m
                   all       1547       9630      0.852      0.641      0.719      0.399

      Epoch    GPU_mem   box_loss   cls_loss   dfl_loss  Instances       Size
     22/100      1.82G      1.479     0.7683      1.105          5        640: 1
                 Class     Images  Instances      Box(P          R      mAP50  m
                   all       1547       9630      0.854       0.66      0.715      0.393

      Epoch    GPU_mem   box_loss   cls_loss   dfl_loss  Instances       Size
     23/100      1.82G      1.489     0.7867      1.111         12        640: 1
                 Class     Images  Instances      Box(P          R      mAP50  m
                   all       1547       9630       0.82       0.69       0.74      0.408

      Epoch    GPU_mem   box_loss   cls_loss   dfl_loss  Instances       Size
     24/100      1.82G      1.472     0.7631      1.104          6        640: 1
                 Class     Images  Instances      Box(P          R      mAP50  m
                   all       1547       9630      0.819      0.668      0.725      0.403

      Epoch    GPU_mem   box_loss   cls_loss   dfl_loss  Instances       Size
     25/100      1.82G      1.472     0.7644      1.108         18        640: 1
                 Class     Images  Instances      Box(P          R      mAP50  m
                   all       1547       9630      0.811      0.679      0.726      0.408

      Epoch    GPU_mem   box_loss   cls_loss   dfl_loss  Instances       Size
     26/100      1.82G      1.453     0.7544      1.107          7        640: 1
                 Class     Images  Instances      Box(P          R      mAP50  m
                   all       1547       9630      0.819      0.687      0.742      0.417

      Epoch    GPU_mem   box_loss   cls_loss   dfl_loss  Instances       Size
     27/100      1.82G      1.441     0.7541      1.104          9        640: 1
                 Class     Images  Instances      Box(P          R      mAP50  m
                   all       1547       9630      0.849      0.671      0.742      0.421

      Epoch    GPU_mem   box_loss   cls_loss   dfl_loss  Instances       Size
     28/100      1.82G      1.429     0.7351      1.092         11        640: 1
                 Class     Images  Instances      Box(P          R      mAP50  m
                   all       1547       9630      0.849      0.679      0.744      0.412

      Epoch    GPU_mem   box_loss   cls_loss   dfl_loss  Instances       Size
     29/100      1.82G      1.427     0.7337       1.09          7        640: 1
                 Class     Images  Instances      Box(P          R      mAP50  m
                   all       1547       9630      0.806      0.695      0.741      0.414

      Epoch    GPU_mem   box_loss   cls_loss   dfl_loss  Instances       Size
     30/100      1.82G      1.431      0.733      1.089         11        640: 1
                 Class     Images  Instances      Box(P          R      mAP50  m
                   all       1547       9630      0.799      0.679      0.722      0.405

      Epoch    GPU_mem   box_loss   cls_loss   dfl_loss  Instances       Size
     31/100      1.82G      1.405     0.7091      1.087          1        640: 1
                 Class     Images  Instances      Box(P          R      mAP50  m
                   all       1547       9630      0.803      0.691      0.748      0.417

      Epoch    GPU_mem   box_loss   cls_loss   dfl_loss  Instances       Size
     32/100      1.82G      1.415     0.7289      1.084         15        640: 1
                 Class     Images  Instances      Box(P          R      mAP50  m
                   all       1547       9630      0.829      0.687      0.749      0.424

      Epoch    GPU_mem   box_loss   cls_loss   dfl_loss  Instances       Size
     33/100      1.82G       1.41     0.7287      1.091         12        640: 1
                 Class     Images  Instances      Box(P          R      mAP50  m
                   all       1547       9630       0.82      0.684      0.742      0.421

      Epoch    GPU_mem   box_loss   cls_loss   dfl_loss  Instances       Size
     34/100      1.82G      1.399     0.7177      1.081          4        640: 1
                 Class     Images  Instances      Box(P          R      mAP50  m
                   all       1547       9630      0.823      0.702      0.759      0.429

      Epoch    GPU_mem   box_loss   cls_loss   dfl_loss  Instances       Size
     35/100      1.82G      1.415      0.716      1.083         37        640: 1
                 Class     Images  Instances      Box(P          R      mAP50  m
                   all       1547       9630      0.794      0.684      0.743      0.421

      Epoch    GPU_mem   box_loss   cls_loss   dfl_loss  Instances       Size
     36/100      1.82G      1.387      0.704      1.077         21        640: 1
                 Class     Images  Instances      Box(P          R      mAP50  m
                   all       1547       9630      0.822      0.687      0.742      0.421

      Epoch    GPU_mem   box_loss   cls_loss   dfl_loss  Instances       Size
     37/100      1.82G      1.388      0.709      1.078          6        640: 1
                 Class     Images  Instances      Box(P          R      mAP50  m
                   all       1547       9630      0.806      0.673      0.742      0.419

      Epoch    GPU_mem   box_loss   cls_loss   dfl_loss  Instances       Size
     38/100      1.82G      1.384      0.702      1.066         20        640: 1
                 Class     Images  Instances      Box(P          R      mAP50  m
                   all       1547       9630       0.83      0.705      0.765      0.433

      Epoch    GPU_mem   box_loss   cls_loss   dfl_loss  Instances       Size
     39/100      1.82G      1.373     0.6979      1.067          4        640: 1
                 Class     Images  Instances      Box(P          R      mAP50  m
                   all       1547       9630      0.828      0.714      0.776      0.444

      Epoch    GPU_mem   box_loss   cls_loss   dfl_loss  Instances       Size
     40/100      1.82G      1.366     0.6902      1.075          4        640: 1
                 Class     Images  Instances      Box(P          R      mAP50  m
                   all       1547       9630       0.84      0.694      0.766      0.438

      Epoch    GPU_mem   box_loss   cls_loss   dfl_loss  Instances       Size
     41/100      1.82G      1.376     0.6969      1.076          2        640: 1
                 Class     Images  Instances      Box(P          R      mAP50  m
                   all       1547       9630      0.848      0.684      0.767      0.436

      Epoch    GPU_mem   box_loss   cls_loss   dfl_loss  Instances       Size
     42/100      1.82G      1.365     0.6853      1.075          7        640: 1
                 Class     Images  Instances      Box(P          R      mAP50  m
                   all       1547       9630      0.815      0.691      0.748      0.429

      Epoch    GPU_mem   box_loss   cls_loss   dfl_loss  Instances       Size
     43/100      1.82G      1.361      0.686      1.058          0        640: 1
                 Class     Images  Instances      Box(P          R      mAP50  m
                   all       1547       9630      0.844      0.685      0.756       0.43

      Epoch    GPU_mem   box_loss   cls_loss   dfl_loss  Instances       Size
     44/100      1.82G      1.358     0.6827      1.063          2        640: 1
                 Class     Images  Instances      Box(P          R      mAP50  m
                   all       1547       9630      0.873      0.675      0.766      0.438

      Epoch    GPU_mem   box_loss   cls_loss   dfl_loss  Instances       Size
     45/100      1.82G      1.356     0.6792      1.062          7        640: 1
                 Class     Images  Instances      Box(P          R      mAP50  m
                   all       1547       9630      0.836      0.689      0.751      0.431

      Epoch    GPU_mem   box_loss   cls_loss   dfl_loss  Instances       Size
     46/100      1.82G      1.334     0.6607      1.048          6        640: 1
                 Class     Images  Instances      Box(P          R      mAP50  m
                   all       1547       9630      0.835      0.685      0.747      0.433

      Epoch    GPU_mem   box_loss   cls_loss   dfl_loss  Instances       Size
     47/100      1.82G      1.331     0.6607      1.061          7        640: 1
                 Class     Images  Instances      Box(P          R      mAP50  m
                   all       1547       9630      0.857      0.684      0.754       0.43

      Epoch    GPU_mem   box_loss   cls_loss   dfl_loss  Instances       Size
     48/100      1.82G      1.331     0.6584      1.048          8        640: 1
                 Class     Images  Instances      Box(P          R      mAP50  m
                   all       1547       9630      0.812      0.704      0.763      0.438

      Epoch    GPU_mem   box_loss   cls_loss   dfl_loss  Instances       Size
     49/100      1.82G      1.334     0.6575      1.056         19        640: 1
                 Class     Images  Instances      Box(P          R      mAP50  m
                   all       1547       9630      0.796      0.723      0.768      0.438

      Epoch    GPU_mem   box_loss   cls_loss   dfl_loss  Instances       Size
     50/100      1.82G      1.339     0.6642      1.053          8        640: 1
                 Class     Images  Instances      Box(P          R      mAP50  m
                   all       1547       9630      0.859      0.688      0.767      0.439

      Epoch    GPU_mem   box_loss   cls_loss   dfl_loss  Instances       Size
     51/100      1.82G      1.319     0.6583       1.05         13        640: 1
                 Class     Images  Instances      Box(P          R      mAP50  m
                   all       1547       9630      0.831      0.711      0.772       0.44

      Epoch    GPU_mem   box_loss   cls_loss   dfl_loss  Instances       Size
     52/100      1.82G      1.305     0.6547       1.04         16        640: 1
                 Class     Images  Instances      Box(P          R      mAP50  m
                   all       1547       9630      0.844      0.693      0.762      0.438

      Epoch    GPU_mem   box_loss   cls_loss   dfl_loss  Instances       Size
     53/100      1.82G      1.305     0.6469      1.048         12        640: 1
                 Class     Images  Instances      Box(P          R      mAP50  m
                   all       1547       9630      0.819       0.72      0.777      0.447

      Epoch    GPU_mem   box_loss   cls_loss   dfl_loss  Instances       Size
     54/100      1.82G      1.321     0.6526      1.053          2        640: 1
                 Class     Images  Instances      Box(P          R      mAP50  m
                   all       1547       9630      0.813      0.738      0.782      0.449

      Epoch    GPU_mem   box_loss   cls_loss   dfl_loss  Instances       Size
     55/100      1.82G      1.295     0.6436      1.039         17        640: 1
                 Class     Images  Instances      Box(P          R      mAP50  m
                   all       1547       9630      0.821      0.704      0.766      0.442

      Epoch    GPU_mem   box_loss   cls_loss   dfl_loss  Instances       Size
     56/100      1.82G      1.295     0.6459       1.04         10        640: 1
                 Class     Images  Instances      Box(P          R      mAP50  m
                   all       1547       9630      0.815      0.714      0.772      0.442

      Epoch    GPU_mem   box_loss   cls_loss   dfl_loss  Instances       Size
     57/100      1.82G      1.284      0.644      1.036          1        640: 1
                 Class     Images  Instances      Box(P          R      mAP50  m
                   all       1547       9630      0.834      0.702      0.766       0.44

      Epoch    GPU_mem   box_loss   cls_loss   dfl_loss  Instances       Size
     58/100      1.82G      1.295      0.638      1.043          6        640: 1
                 Class     Images  Instances      Box(P          R      mAP50  m
                   all       1547       9630      0.849      0.699      0.767       0.44

      Epoch    GPU_mem   box_loss   cls_loss   dfl_loss  Instances       Size
     59/100      1.82G      1.269     0.6219      1.029         15        640: 1
                 Class     Images  Instances      Box(P          R      mAP50  m
                   all       1547       9630      0.837      0.712      0.779      0.445

      Epoch    GPU_mem   box_loss   cls_loss   dfl_loss  Instances       Size
     60/100      1.82G      1.268     0.6274      1.034          5        640: 1
                 Class     Images  Instances      Box(P          R      mAP50  m
                   all       1547       9630      0.811      0.724       0.78       0.45

      Epoch    GPU_mem   box_loss   cls_loss   dfl_loss  Instances       Size
     61/100      1.82G      1.268      0.619      1.033          5        640: 1
                 Class     Images  Instances      Box(P          R      mAP50  m
                   all       1547       9630      0.852      0.705      0.773      0.449

      Epoch    GPU_mem   box_loss   cls_loss   dfl_loss  Instances       Size
     62/100      1.82G       1.28      0.637      1.034         11        640: 1
                 Class     Images  Instances      Box(P          R      mAP50  m
                   all       1547       9630      0.853      0.703      0.775       0.45

      Epoch    GPU_mem   box_loss   cls_loss   dfl_loss  Instances       Size
     63/100      1.82G      1.263     0.6228      1.028         11        640: 1
                 Class     Images  Instances      Box(P          R      mAP50  m
                   all       1547       9630      0.843      0.716      0.777      0.449

      Epoch    GPU_mem   box_loss   cls_loss   dfl_loss  Instances       Size
     64/100      1.82G      1.256     0.6211      1.026         10        640: 1
                 Class     Images  Instances      Box(P          R      mAP50  m
                   all       1547       9630      0.834      0.713      0.774      0.447

      Epoch    GPU_mem   box_loss   cls_loss   dfl_loss  Instances       Size
     65/100      1.82G      1.262     0.6209      1.027         34        640: 1
                 Class     Images  Instances      Box(P          R      mAP50  m
                   all       1547       9630      0.828      0.715       0.77      0.446

      Epoch    GPU_mem   box_loss   cls_loss   dfl_loss  Instances       Size
     66/100      1.82G      1.259     0.6151      1.025         16        640: 1
                 Class     Images  Instances      Box(P          R      mAP50  m
                   all       1547       9630      0.828      0.716      0.767      0.444

      Epoch    GPU_mem   box_loss   cls_loss   dfl_loss  Instances       Size
     67/100      1.82G      1.245     0.6146       1.03         10        640: 1
                 Class     Images  Instances      Box(P          R      mAP50  m
                   all       1547       9630      0.834      0.715       0.77      0.446

      Epoch    GPU_mem   box_loss   cls_loss   dfl_loss  Instances       Size
     68/100      1.82G      1.238     0.6079      1.023          2        640: 1
                 Class     Images  Instances      Box(P          R      mAP50  m
                   all       1547       9630      0.844      0.718      0.774      0.449

      Epoch    GPU_mem   box_loss   cls_loss   dfl_loss  Instances       Size
     69/100      1.82G      1.232     0.6049      1.023          6        640: 1
                 Class     Images  Instances      Box(P          R      mAP50  m
                   all       1547       9630      0.844      0.712      0.771      0.447

      Epoch    GPU_mem   box_loss   cls_loss   dfl_loss  Instances       Size
     70/100      1.82G      1.224     0.6007      1.017          3        640: 1
                 Class     Images  Instances      Box(P          R      mAP50  m
                   all       1547       9630       0.84      0.707      0.771      0.446

      Epoch    GPU_mem   box_loss   cls_loss   dfl_loss  Instances       Size
     71/100      1.82G      1.218     0.5898      1.021         13        640: 1
                 Class     Images  Instances      Box(P          R      mAP50  m
                   all       1547       9630      0.831      0.713      0.771      0.445

      Epoch    GPU_mem   box_loss   cls_loss   dfl_loss  Instances       Size
     72/100      1.82G      1.232     0.6118      1.029          2        640: 1
                 Class     Images  Instances      Box(P          R      mAP50  m
                   all       1547       9630      0.827       0.72      0.776       0.45

      Epoch    GPU_mem   box_loss   cls_loss   dfl_loss  Instances       Size
     73/100      1.82G      1.217      0.595       1.01          7        640: 1
                 Class     Images  Instances      Box(P          R      mAP50  m
                   all       1547       9630      0.817      0.723      0.773      0.446

      Epoch    GPU_mem   box_loss   cls_loss   dfl_loss  Instances       Size
     74/100      1.82G      1.199     0.5874      1.008         10        640: 1
                 Class     Images  Instances      Box(P          R      mAP50  m
                   all       1547       9630      0.814      0.722      0.771      0.444

      Epoch    GPU_mem   box_loss   cls_loss   dfl_loss  Instances       Size
     75/100      1.82G      1.212     0.5897      1.011         24        640: 1
                 Class     Images  Instances      Box(P          R      mAP50  m
                   all       1547       9630      0.818      0.719       0.77      0.444

      Epoch    GPU_mem   box_loss   cls_loss   dfl_loss  Instances       Size
     76/100      1.82G      1.209     0.5894      1.014          7        640: 1
                 Class     Images  Instances      Box(P          R      mAP50  m
                   all       1547       9630      0.832      0.713      0.771      0.445

      Epoch    GPU_mem   box_loss   cls_loss   dfl_loss  Instances       Size
     77/100      1.82G      1.193     0.5717      1.002          6        640: 1
                 Class     Images  Instances      Box(P          R      mAP50  m
                   all       1547       9630      0.848      0.705      0.768      0.443

      Epoch    GPU_mem   box_loss   cls_loss   dfl_loss  Instances       Size
     78/100      1.82G      1.201     0.5806      1.005         19        640: 1
                 Class     Images  Instances      Box(P          R      mAP50  m
                   all       1547       9630       0.84      0.709      0.766      0.442

      Epoch    GPU_mem   box_loss   cls_loss   dfl_loss  Instances       Size
     79/100      1.82G      1.192     0.5776     0.9957          9        640: 1
                 Class     Images  Instances      Box(P          R      mAP50  m
                   all       1547       9630      0.848      0.706      0.766      0.444

      Epoch    GPU_mem   box_loss   cls_loss   dfl_loss  Instances       Size
     80/100      1.82G      1.204     0.5901      1.007          7        640: 1
                 Class     Images  Instances      Box(P          R      mAP50  m
                   all       1547       9630      0.842      0.706      0.766      0.444

      Epoch    GPU_mem   box_loss   cls_loss   dfl_loss  Instances       Size
     81/100      1.82G      1.192     0.5761      1.004          3        640: 1
                 Class     Images  Instances      Box(P          R      mAP50  m
                   all       1547       9630      0.848      0.702      0.762      0.443

      Epoch    GPU_mem   box_loss   cls_loss   dfl_loss  Instances       Size
     82/100      1.82G      1.192     0.5772      1.003          3        640: 1
                 Class     Images  Instances      Box(P          R      mAP50  m
                   all       1547       9630      0.852      0.702      0.763      0.444

      Epoch    GPU_mem   box_loss   cls_loss   dfl_loss  Instances       Size
     83/100      1.82G      1.193      0.579      1.012         24        640: 1
                 Class     Images  Instances      Box(P          R      mAP50  m
                   all       1547       9630      0.846      0.703      0.763      0.444

      Epoch    GPU_mem   box_loss   cls_loss   dfl_loss  Instances       Size
     84/100      1.82G      1.171     0.5728     0.9957         11        640: 1
                 Class     Images  Instances      Box(P          R      mAP50  m
                   all       1547       9630       0.83      0.712      0.764      0.444

      Epoch    GPU_mem   box_loss   cls_loss   dfl_loss  Instances       Size
     85/100      1.82G      1.178     0.5684      1.001          4        640: 1
                 Class     Images  Instances      Box(P          R      mAP50  m
                   all       1547       9630      0.839       0.71      0.766      0.445

      Epoch    GPU_mem   box_loss   cls_loss   dfl_loss  Instances       Size
     86/100      1.82G      1.153     0.5617     0.9881          4        640: 1
                 Class     Images  Instances      Box(P          R      mAP50  m
                   all       1547       9630      0.836      0.714      0.769      0.446

      Epoch    GPU_mem   box_loss   cls_loss   dfl_loss  Instances       Size
     87/100      1.82G      1.161     0.5789          1          6        640: 1
                 Class     Images  Instances      Box(P          R      mAP50  m
                   all       1547       9630      0.834      0.712      0.768      0.446

      Epoch    GPU_mem   box_loss   cls_loss   dfl_loss  Instances       Size
     88/100      1.82G      1.151     0.5561     0.9881         28        640: 1
                 Class     Images  Instances      Box(P          R      mAP50  m
                   all       1547       9630      0.834      0.713      0.768      0.446

      Epoch    GPU_mem   box_loss   cls_loss   dfl_loss  Instances       Size
     89/100      1.82G      1.154     0.5628     0.9978         24        640: 1
                 Class     Images  Instances      Box(P          R      mAP50  m
                   all       1547       9630      0.837      0.711       0.77      0.447

      Epoch    GPU_mem   box_loss   cls_loss   dfl_loss  Instances       Size
     90/100      1.82G      1.144     0.5552     0.9818          8        640: 1
                 Class     Images  Instances      Box(P          R      mAP50  m
                   all       1547       9630      0.833      0.713       0.77      0.448
Closing dataloader mosaic

      Epoch    GPU_mem   box_loss   cls_loss   dfl_loss  Instances       Size
     91/100      1.82G      1.136     0.5592     0.9879          2        640: 1
                 Class     Images  Instances      Box(P          R      mAP50  m
                   all       1547       9630      0.832      0.713      0.768      0.446

      Epoch    GPU_mem   box_loss   cls_loss   dfl_loss  Instances       Size
     92/100      1.82G      1.127     0.5548     0.9881          2        640: 1
                 Class     Images  Instances      Box(P          R      mAP50  m
                   all       1547       9630      0.833       0.71      0.768      0.445

      Epoch    GPU_mem   box_loss   cls_loss   dfl_loss  Instances       Size
     93/100      1.82G       1.12     0.5459     0.9807         11        640: 1
                 Class     Images  Instances      Box(P          R      mAP50  m
                   all       1547       9630      0.828      0.711      0.767      0.445

      Epoch    GPU_mem   box_loss   cls_loss   dfl_loss  Instances       Size
     94/100      1.82G      1.118     0.5507     0.9838         13        640: 1
                 Class     Images  Instances      Box(P          R      mAP50  m
                   all       1547       9630      0.833      0.711      0.768      0.444

      Epoch    GPU_mem   box_loss   cls_loss   dfl_loss  Instances       Size
     95/100      1.82G      1.112     0.5477     0.9797          2        640: 1
                 Class     Images  Instances      Box(P          R      mAP50  m
                   all       1547       9630      0.835      0.712      0.767      0.445

      Epoch    GPU_mem   box_loss   cls_loss   dfl_loss  Instances       Size
     96/100      1.82G      1.105     0.5433     0.9723          9        640: 1
                 Class     Images  Instances      Box(P          R      mAP50  m
                   all       1547       9630      0.835      0.711      0.767      0.444

      Epoch    GPU_mem   box_loss   cls_loss   dfl_loss  Instances       Size
     97/100      1.82G      1.108     0.5394     0.9782          7        640: 1
                 Class     Images  Instances      Box(P          R      mAP50  m
                   all       1547       9630      0.842      0.708      0.766      0.444

      Epoch    GPU_mem   box_loss   cls_loss   dfl_loss  Instances       Size
     98/100      1.82G      1.099     0.5481     0.9762          1        640: 1
                 Class     Images  Instances      Box(P          R      mAP50  m
                   all       1547       9630      0.845      0.706      0.764      0.442

      Epoch    GPU_mem   box_loss   cls_loss   dfl_loss  Instances       Size
     99/100      1.82G      1.087     0.5337     0.9716          6        640: 1
                 Class     Images  Instances      Box(P          R      mAP50  m
                   all       1547       9630      0.832      0.713      0.764      0.441

      Epoch    GPU_mem   box_loss   cls_loss   dfl_loss  Instances       Size
    100/100      1.82G      1.086     0.5368     0.9712          8        640: 1
                 Class     Images  Instances      Box(P          R      mAP50  m
                   all       1547       9630      0.828      0.714      0.764      0.441

100 epochs completed in 9.677 hours.
Optimizer stripped from .yolo-out-sds3/yolo11-b-sds-3/weights/last.pt, 27.4MB
Optimizer stripped from .yolo-out-sds3/yolo11-b-sds-3/weights/best.pt, 27.4MB

Validating .yolo-out-sds3/yolo11-b-sds-3/weights/best.pt...
Ultralytics 8.3.150 🚀 Python-3.13.2 torch-2.6.0+cu118 CUDA:0 (Tesla T4, 14913MiB)
                                                       CUDA:1 (Tesla T4, 14913MiB)
model summary (fused): 114 layers, 13,477,855 parameters, 0 gradients, 70.5 GFLOPs
                 Class     Images  Instances      Box(P          R      mAP50  m
                   all       1547       9630       0.81      0.724       0.78       0.45
               swimmer       1286       6206      0.776      0.827      0.796       0.35
                  boat        915       2214      0.911      0.942       0.95      0.686
                jetski        320        320        0.7      0.878      0.858      0.531
life_saving_appliances        191        330      0.745      0.376      0.503      0.224
                  buoy        352        560       0.92      0.597      0.794      0.457
Speed: 0.2ms preprocess, 7.4ms inference, 0.0ms loss, 0.9ms postprocess per image
Results saved to .yolo-out-sds3/yolo11-b-sds-3