Overriding model.yaml nc=80 with nc=5
WARNING ⚠️ no model scale passed. Assuming scale='m'.
Freezing layer 'model.23.dfl.conv.weight'
AMP: running Automatic Mixed Precision (AMP) checks...
AMP: checks passed ✅
train: Fast image access ✅ (ping: 0.0±0.0 ms, read: 230.8±65.8 MB/s, size: 82.2 KB)
train: Scanning /data2/jd1/datasets/humancar_50m/train/labels.cache... 1147 images, 6 backgrounds, 0 corrupt: 100%|██████████| 1147/1147 [00:00<?, ?i
val: Fast image access ✅ (ping: 0.0±0.0 ms, read: 1570.7±897.0 MB/s, size: 84.6 KB)
val: Scanning /data2/jd1/datasets/humancar_50m/valid/labels.cache... 120 images, 0 backgrounds, 0 corrupt: 100%|██████████| 120/120 [00:00<?, ?it/s]
Plotting labels to .yolo-out-hc5/yolo11a-hc5-2/labels.jpg...
optimizer: 'optimizer=auto' found, ignoring 'lr0=0.01' and 'momentum=0.937' and determining best 'optimizer', 'lr0' and 'momentum' automatically...
optimizer: AdamW(lr=0.001111, momentum=0.9) with parameter groups 104 weight(decay=0.0), 111 weight(decay=0.0005), 110 bias(decay=0.0)
Image sizes 640 train, 640 val
Using 16 dataloader workers
Logging results to .yolo-out-hc5/yolo11a-hc5-2
Starting training for 100 epochs...

      Epoch    GPU_mem   box_loss   cls_loss   dfl_loss  Instances       Size
      1/100      13.5G      3.942      5.341      4.244        114        640: 100%|██████████| 72/72 [00:53<00:00,  1.34it/s]
                 Class     Images  Instances      Box(P          R      mAP50  mAP50-95): 100%|██████████| 8/8 [00:03<00:00,  2.02it/s]
                   all        120       1740          0          0          0          0

      Epoch    GPU_mem   box_loss   cls_loss   dfl_loss  Instances       Size
      2/100      13.5G      3.393      3.431      3.313         83        640: 100%|██████████| 72/72 [00:53<00:00,  1.35it/s]
                 Class     Images  Instances      Box(P          R      mAP50  mAP50-95): 100%|██████████| 8/8 [00:04<00:00,  1.75it/s]
                   all        120       1740      0.101      0.253      0.122     0.0374

      Epoch    GPU_mem   box_loss   cls_loss   dfl_loss  Instances       Size
      3/100      11.1G      2.901      2.527      2.634        109        640: 100%|██████████| 72/72 [00:53<00:00,  1.34it/s]
                 Class     Images  Instances      Box(P          R      mAP50  mAP50-95): 100%|██████████| 8/8 [00:04<00:00,  1.87it/s]
                   all        120       1740      0.617      0.347      0.302     0.0924

      Epoch    GPU_mem   box_loss   cls_loss   dfl_loss  Instances       Size
      4/100      13.1G      2.677      2.212       2.38        101        640: 100%|██████████| 72/72 [00:53<00:00,  1.33it/s]
                 Class     Images  Instances      Box(P          R      mAP50  mAP50-95): 100%|██████████| 8/8 [00:04<00:00,  1.83it/s]
                   all        120       1740      0.682      0.338      0.332      0.119

      Epoch    GPU_mem   box_loss   cls_loss   dfl_loss  Instances       Size
      5/100      12.6G      2.558       2.06      2.222         45        640: 100%|██████████| 72/72 [00:53<00:00,  1.34it/s]
                 Class     Images  Instances      Box(P          R      mAP50  mAP50-95): 100%|██████████| 8/8 [00:04<00:00,  1.92it/s]
                   all        120       1740      0.717      0.406      0.399      0.139

      Epoch    GPU_mem   box_loss   cls_loss   dfl_loss  Instances       Size
      6/100      11.5G      2.383      1.917      2.098         95        640: 100%|██████████| 72/72 [00:53<00:00,  1.34it/s]
                 Class     Images  Instances      Box(P          R      mAP50  mAP50-95): 100%|██████████| 8/8 [00:04<00:00,  1.95it/s]
                   all        120       1740      0.774      0.384      0.447      0.209

      Epoch    GPU_mem   box_loss   cls_loss   dfl_loss  Instances       Size
      7/100      14.1G      2.298      1.793      1.988         71        640: 100%|██████████| 72/72 [00:53<00:00,  1.35it/s]
                 Class     Images  Instances      Box(P          R      mAP50  mAP50-95): 100%|██████████| 8/8 [00:04<00:00,  1.86it/s]
                   all        120       1740      0.765       0.42      0.464      0.203

      Epoch    GPU_mem   box_loss   cls_loss   dfl_loss  Instances       Size
      8/100      11.8G      2.237      1.679      1.915        152        640: 100%|██████████| 72/72 [00:53<00:00,  1.35it/s]
                 Class     Images  Instances      Box(P          R      mAP50  mAP50-95): 100%|██████████| 8/8 [00:04<00:00,  1.96it/s]
                   all        120       1740      0.748      0.452      0.504      0.243

      Epoch    GPU_mem   box_loss   cls_loss   dfl_loss  Instances       Size
      9/100      13.6G      2.171      1.635      1.891         89        640: 100%|██████████| 72/72 [00:53<00:00,  1.34it/s]
                 Class     Images  Instances      Box(P          R      mAP50  mAP50-95): 100%|██████████| 8/8 [00:04<00:00,  1.95it/s]
                   all        120       1740      0.808      0.454      0.514      0.235

      Epoch    GPU_mem   box_loss   cls_loss   dfl_loss  Instances       Size
     10/100      11.8G       2.15      1.536      1.842        134        640: 100%|██████████| 72/72 [00:53<00:00,  1.35it/s]
                 Class     Images  Instances      Box(P          R      mAP50  mAP50-95): 100%|██████████| 8/8 [00:04<00:00,  1.96it/s]
                   all        120       1740      0.873      0.521      0.743      0.348

      Epoch    GPU_mem   box_loss   cls_loss   dfl_loss  Instances       Size
     11/100      13.3G      2.071      1.547      1.857        155        640: 100%|██████████| 72/72 [00:53<00:00,  1.35it/s]
                 Class     Images  Instances      Box(P          R      mAP50  mAP50-95): 100%|██████████| 8/8 [00:04<00:00,  1.97it/s]
                   all        120       1740       0.72      0.686      0.742      0.346

      Epoch    GPU_mem   box_loss   cls_loss   dfl_loss  Instances       Size
     12/100      11.6G       2.02      1.432      1.765        139        640: 100%|██████████| 72/72 [00:53<00:00,  1.35it/s]
                 Class     Images  Instances      Box(P          R      mAP50  mAP50-95): 100%|██████████| 8/8 [00:04<00:00,  1.97it/s]
                   all        120       1740      0.651       0.61      0.674      0.336

      Epoch    GPU_mem   box_loss   cls_loss   dfl_loss  Instances       Size
     13/100      13.2G      2.003      1.379      1.766        103        640: 100%|██████████| 72/72 [00:53<00:00,  1.36it/s]
                 Class     Images  Instances      Box(P          R      mAP50  mAP50-95): 100%|██████████| 8/8 [00:04<00:00,  1.97it/s]
                   all        120       1740      0.878      0.564      0.728      0.376

      Epoch    GPU_mem   box_loss   cls_loss   dfl_loss  Instances       Size
     14/100      11.7G      2.004      1.379      1.719         97        640: 100%|██████████| 72/72 [00:53<00:00,  1.35it/s]
                 Class     Images  Instances      Box(P          R      mAP50  mAP50-95): 100%|██████████| 8/8 [00:04<00:00,  1.96it/s]
                   all        120       1740      0.841      0.698      0.791      0.371

      Epoch    GPU_mem   box_loss   cls_loss   dfl_loss  Instances       Size
     15/100        13G       1.96      1.315      1.691         69        640: 100%|██████████| 72/72 [00:53<00:00,  1.34it/s]
                 Class     Images  Instances      Box(P          R      mAP50  mAP50-95): 100%|██████████| 8/8 [00:04<00:00,  1.97it/s]
                   all        120       1740      0.797      0.641      0.737      0.388

      Epoch    GPU_mem   box_loss   cls_loss   dfl_loss  Instances       Size
     16/100      11.4G      1.915      1.312      1.688         75        640: 100%|██████████| 72/72 [00:53<00:00,  1.34it/s]
                 Class     Images  Instances      Box(P          R      mAP50  mAP50-95): 100%|██████████| 8/8 [00:04<00:00,  1.93it/s]
                   all        120       1740      0.657      0.614      0.694      0.368

      Epoch    GPU_mem   box_loss   cls_loss   dfl_loss  Instances       Size
     17/100      12.4G      1.887      1.267      1.664        212        640: 100%|██████████| 72/72 [00:53<00:00,  1.34it/s]
                 Class     Images  Instances      Box(P          R      mAP50  mAP50-95): 100%|██████████| 8/8 [00:04<00:00,  1.97it/s]
                   all        120       1740      0.671      0.583      0.687      0.373

      Epoch    GPU_mem   box_loss   cls_loss   dfl_loss  Instances       Size
     18/100      12.4G      1.865      1.199      1.621         72        640: 100%|██████████| 72/72 [00:53<00:00,  1.34it/s]
                 Class     Images  Instances      Box(P          R      mAP50  mAP50-95): 100%|██████████| 8/8 [00:04<00:00,  1.92it/s]
                   all        120       1740      0.751      0.681      0.703      0.391

      Epoch    GPU_mem   box_loss   cls_loss   dfl_loss  Instances       Size
     19/100      11.7G      1.869      1.212       1.62        165        640: 100%|██████████| 72/72 [00:53<00:00,  1.34it/s]
                 Class     Images  Instances      Box(P          R      mAP50  mAP50-95): 100%|██████████| 8/8 [00:04<00:00,  1.98it/s]
                   all        120       1740      0.757      0.624      0.682       0.39

      Epoch    GPU_mem   box_loss   cls_loss   dfl_loss  Instances       Size
     20/100        13G      1.788      1.204       1.62        123        640: 100%|██████████| 72/72 [00:53<00:00,  1.35it/s]
                 Class     Images  Instances      Box(P          R      mAP50  mAP50-95): 100%|██████████| 8/8 [00:04<00:00,  1.98it/s]
                   all        120       1740      0.747      0.677      0.751      0.405

      Epoch    GPU_mem   box_loss   cls_loss   dfl_loss  Instances       Size
     21/100      11.2G       1.82      1.187      1.613         69        640: 100%|██████████| 72/72 [00:53<00:00,  1.35it/s]
                 Class     Images  Instances      Box(P          R      mAP50  mAP50-95): 100%|██████████| 8/8 [00:04<00:00,  1.98it/s]
                   all        120       1740      0.811      0.724       0.79      0.453

      Epoch    GPU_mem   box_loss   cls_loss   dfl_loss  Instances       Size
     22/100      12.9G      1.787      1.137      1.576         97        640: 100%|██████████| 72/72 [00:53<00:00,  1.34it/s]
                 Class     Images  Instances      Box(P          R      mAP50  mAP50-95): 100%|██████████| 8/8 [00:04<00:00,  1.98it/s]
                   all        120       1740      0.774      0.754      0.815      0.489

      Epoch    GPU_mem   box_loss   cls_loss   dfl_loss  Instances       Size
     23/100      13.4G      1.781      1.116      1.566        139        640: 100%|██████████| 72/72 [00:53<00:00,  1.35it/s]
                 Class     Images  Instances      Box(P          R      mAP50  mAP50-95): 100%|██████████| 8/8 [00:04<00:00,  1.98it/s]
                   all        120       1740      0.875      0.771      0.846      0.464

      Epoch    GPU_mem   box_loss   cls_loss   dfl_loss  Instances       Size
     24/100      12.7G      1.782      1.081      1.519        159        640: 100%|██████████| 72/72 [00:53<00:00,  1.35it/s]
                 Class     Images  Instances      Box(P          R      mAP50  mAP50-95): 100%|██████████| 8/8 [00:04<00:00,  1.98it/s]
                   all        120       1740      0.873      0.782      0.865       0.46

      Epoch    GPU_mem   box_loss   cls_loss   dfl_loss  Instances       Size
     25/100      14.1G      1.728      1.064      1.488        163        640: 100%|██████████| 72/72 [00:53<00:00,  1.34it/s]
                 Class     Images  Instances      Box(P          R      mAP50  mAP50-95): 100%|██████████| 8/8 [00:04<00:00,  1.99it/s]
                   all        120       1740      0.848       0.82      0.869      0.521

      Epoch    GPU_mem   box_loss   cls_loss   dfl_loss  Instances       Size
     26/100      14.2G      1.716       1.06      1.491        143        640: 100%|██████████| 72/72 [00:53<00:00,  1.35it/s]
                 Class     Images  Instances      Box(P          R      mAP50  mAP50-95): 100%|██████████| 8/8 [00:04<00:00,  1.88it/s]
                   all        120       1740       0.75      0.775      0.831      0.466

      Epoch    GPU_mem   box_loss   cls_loss   dfl_loss  Instances       Size
     27/100      13.9G      1.724      1.044      1.482         85        640: 100%|██████████| 72/72 [00:53<00:00,  1.34it/s]
                 Class     Images  Instances      Box(P          R      mAP50  mAP50-95): 100%|██████████| 8/8 [00:04<00:00,  1.98it/s]
                   all        120       1740      0.765      0.826      0.811      0.505

      Epoch    GPU_mem   box_loss   cls_loss   dfl_loss  Instances       Size
     28/100      13.8G      1.714      1.052      1.499        167        640: 100%|██████████| 72/72 [00:53<00:00,  1.34it/s]
                 Class     Images  Instances      Box(P          R      mAP50  mAP50-95): 100%|██████████| 8/8 [00:04<00:00,  1.89it/s]
                   all        120       1740      0.827      0.779      0.797      0.471

      Epoch    GPU_mem   box_loss   cls_loss   dfl_loss  Instances       Size
     29/100      11.6G      1.621      1.021      1.501        160        640: 100%|██████████| 72/72 [00:53<00:00,  1.35it/s]
                 Class     Images  Instances      Box(P          R      mAP50  mAP50-95): 100%|██████████| 8/8 [00:04<00:00,  1.99it/s]
                   all        120       1740      0.768      0.809      0.858      0.489

      Epoch    GPU_mem   box_loss   cls_loss   dfl_loss  Instances       Size
     30/100      13.6G      1.663      1.011      1.467        141        640: 100%|██████████| 72/72 [00:53<00:00,  1.34it/s]
                 Class     Images  Instances      Box(P          R      mAP50  mAP50-95): 100%|██████████| 8/8 [00:04<00:00,  1.99it/s]
                   all        120       1740      0.772      0.859       0.85       0.48

      Epoch    GPU_mem   box_loss   cls_loss   dfl_loss  Instances       Size
     31/100      13.4G       1.71      1.008      1.472        119        640: 100%|██████████| 72/72 [00:53<00:00,  1.35it/s]
                 Class     Images  Instances      Box(P          R      mAP50  mAP50-95): 100%|██████████| 8/8 [00:04<00:00,  1.99it/s]
                   all        120       1740      0.848      0.805      0.853      0.522

      Epoch    GPU_mem   box_loss   cls_loss   dfl_loss  Instances       Size
     32/100      13.7G      1.668      1.018      1.463        103        640: 100%|██████████| 72/72 [00:53<00:00,  1.35it/s]
                 Class     Images  Instances      Box(P          R      mAP50  mAP50-95): 100%|██████████| 8/8 [00:04<00:00,  1.99it/s]
                   all        120       1740      0.838       0.83      0.863      0.545

      Epoch    GPU_mem   box_loss   cls_loss   dfl_loss  Instances       Size
     33/100      14.1G      1.656     0.9804      1.453        209        640: 100%|██████████| 72/72 [00:53<00:00,  1.35it/s]
                 Class     Images  Instances      Box(P          R      mAP50  mAP50-95): 100%|██████████| 8/8 [00:04<00:00,  1.99it/s]
                   all        120       1740      0.832      0.797      0.854      0.532

      Epoch    GPU_mem   box_loss   cls_loss   dfl_loss  Instances       Size
     34/100      12.7G      1.623     0.9651      1.429        122        640: 100%|██████████| 72/72 [00:53<00:00,  1.35it/s]
                 Class     Images  Instances      Box(P          R      mAP50  mAP50-95): 100%|██████████| 8/8 [00:04<00:00,  1.99it/s]
                   all        120       1740       0.85      0.806       0.85      0.532

      Epoch    GPU_mem   box_loss   cls_loss   dfl_loss  Instances       Size
     35/100      13.6G      1.605     0.9452      1.426         60        640: 100%|██████████| 72/72 [00:53<00:00,  1.35it/s]
                 Class     Images  Instances      Box(P          R      mAP50  mAP50-95): 100%|██████████| 8/8 [00:04<00:00,  2.00it/s]
                   all        120       1740      0.842      0.825      0.895      0.546

      Epoch    GPU_mem   box_loss   cls_loss   dfl_loss  Instances       Size
     36/100      12.6G      1.613     0.9549       1.42        200        640: 100%|██████████| 72/72 [00:53<00:00,  1.35it/s]
                 Class     Images  Instances      Box(P          R      mAP50  mAP50-95): 100%|██████████| 8/8 [00:04<00:00,  1.99it/s]
                   all        120       1740      0.812      0.758      0.826      0.484

      Epoch    GPU_mem   box_loss   cls_loss   dfl_loss  Instances       Size
     37/100      12.3G      1.609     0.9428      1.441        109        640: 100%|██████████| 72/72 [00:53<00:00,  1.35it/s]
                 Class     Images  Instances      Box(P          R      mAP50  mAP50-95): 100%|██████████| 8/8 [00:04<00:00,  1.98it/s]
                   all        120       1740      0.885      0.791       0.86      0.534

      Epoch    GPU_mem   box_loss   cls_loss   dfl_loss  Instances       Size
     38/100      11.5G      1.595     0.9357      1.424        139        640: 100%|██████████| 72/72 [00:53<00:00,  1.35it/s]
                 Class     Images  Instances      Box(P          R      mAP50  mAP50-95): 100%|██████████| 8/8 [00:04<00:00,  1.99it/s]
                   all        120       1740      0.823       0.75      0.851      0.501

      Epoch    GPU_mem   box_loss   cls_loss   dfl_loss  Instances       Size
     39/100      12.4G      1.525     0.9046      1.403        147        640: 100%|██████████| 72/72 [00:53<00:00,  1.36it/s]
                 Class     Images  Instances      Box(P          R      mAP50  mAP50-95): 100%|██████████| 8/8 [00:04<00:00,  1.98it/s]
                   all        120       1740      0.828      0.899      0.933      0.562

      Epoch    GPU_mem   box_loss   cls_loss   dfl_loss  Instances       Size
     40/100      12.7G      1.601     0.9223      1.393         60        640: 100%|██████████| 72/72 [00:53<00:00,  1.35it/s]
                 Class     Images  Instances      Box(P          R      mAP50  mAP50-95): 100%|██████████| 8/8 [00:04<00:00,  1.99it/s]
                   all        120       1740      0.799      0.821        0.9      0.558

      Epoch    GPU_mem   box_loss   cls_loss   dfl_loss  Instances       Size
     41/100      13.8G      1.547     0.8904      1.382        132        640: 100%|██████████| 72/72 [00:53<00:00,  1.34it/s]
                 Class     Images  Instances      Box(P          R      mAP50  mAP50-95): 100%|██████████| 8/8 [00:04<00:00,  1.99it/s]
                   all        120       1740       0.75      0.803      0.862      0.523

      Epoch    GPU_mem   box_loss   cls_loss   dfl_loss  Instances       Size
     42/100        13G      1.553     0.8994      1.374        100        640: 100%|██████████| 72/72 [00:53<00:00,  1.35it/s]
                 Class     Images  Instances      Box(P          R      mAP50  mAP50-95): 100%|██████████| 8/8 [00:04<00:00,  1.99it/s]
                   all        120       1740      0.797       0.89      0.896      0.521

      Epoch    GPU_mem   box_loss   cls_loss   dfl_loss  Instances       Size
     43/100      11.7G      1.516     0.8827      1.388         89        640: 100%|██████████| 72/72 [00:53<00:00,  1.35it/s]
                 Class     Images  Instances      Box(P          R      mAP50  mAP50-95): 100%|██████████| 8/8 [00:04<00:00,  1.99it/s]
                   all        120       1740      0.824      0.815      0.861      0.516

      Epoch    GPU_mem   box_loss   cls_loss   dfl_loss  Instances       Size
     44/100      13.2G      1.548     0.8917      1.373        112        640: 100%|██████████| 72/72 [00:53<00:00,  1.35it/s]
                 Class     Images  Instances      Box(P          R      mAP50  mAP50-95): 100%|██████████| 8/8 [00:04<00:00,  1.99it/s]
                   all        120       1740      0.844      0.751      0.871       0.54

      Epoch    GPU_mem   box_loss   cls_loss   dfl_loss  Instances       Size
     45/100      13.3G      1.543     0.8848      1.366         90        640: 100%|██████████| 72/72 [00:53<00:00,  1.35it/s]
                 Class     Images  Instances      Box(P          R      mAP50  mAP50-95): 100%|██████████| 8/8 [00:04<00:00,  1.99it/s]
                   all        120       1740      0.791      0.862      0.904      0.534

      Epoch    GPU_mem   box_loss   cls_loss   dfl_loss  Instances       Size
     46/100        13G      1.496     0.8568      1.362        109        640: 100%|██████████| 72/72 [00:53<00:00,  1.36it/s]
                 Class     Images  Instances      Box(P          R      mAP50  mAP50-95): 100%|██████████| 8/8 [00:04<00:00,  1.99it/s]
                   all        120       1740      0.844      0.807        0.9      0.548

      Epoch    GPU_mem   box_loss   cls_loss   dfl_loss  Instances       Size
     47/100      14.1G      1.518     0.8781      1.389         64        640: 100%|██████████| 72/72 [00:53<00:00,  1.35it/s]
                 Class     Images  Instances      Box(P          R      mAP50  mAP50-95): 100%|██████████| 8/8 [00:04<00:00,  1.99it/s]
                   all        120       1740      0.854      0.843      0.899      0.544

      Epoch    GPU_mem   box_loss   cls_loss   dfl_loss  Instances       Size
     48/100      13.4G      1.536     0.8767      1.382         66        640: 100%|██████████| 72/72 [00:53<00:00,  1.34it/s]
                 Class     Images  Instances      Box(P          R      mAP50  mAP50-95): 100%|██████████| 8/8 [00:04<00:00,  1.99it/s]
                   all        120       1740      0.811      0.862      0.899      0.584

      Epoch    GPU_mem   box_loss   cls_loss   dfl_loss  Instances       Size
     49/100      12.2G      1.477     0.8568      1.361        154        640: 100%|██████████| 72/72 [00:53<00:00,  1.35it/s]
                 Class     Images  Instances      Box(P          R      mAP50  mAP50-95): 100%|██████████| 8/8 [00:04<00:00,  1.99it/s]
                   all        120       1740      0.817      0.872      0.889      0.565

      Epoch    GPU_mem   box_loss   cls_loss   dfl_loss  Instances       Size
     50/100      12.4G        1.5     0.8505      1.353        115        640: 100%|██████████| 72/72 [00:52<00:00,  1.36it/s]
                 Class     Images  Instances      Box(P          R      mAP50  mAP50-95): 100%|██████████| 8/8 [00:04<00:00,  1.99it/s]
                   all        120       1740      0.803      0.929      0.902      0.555

      Epoch    GPU_mem   box_loss   cls_loss   dfl_loss  Instances       Size
     51/100      12.1G      1.512     0.8635      1.352        135        640: 100%|██████████| 72/72 [00:53<00:00,  1.34it/s]
                 Class     Images  Instances      Box(P          R      mAP50  mAP50-95): 100%|██████████| 8/8 [00:04<00:00,  2.00it/s]
                   all        120       1740      0.807      0.906      0.897      0.561

      Epoch    GPU_mem   box_loss   cls_loss   dfl_loss  Instances       Size
     52/100      13.6G      1.446     0.8327      1.337         42        640: 100%|██████████| 72/72 [00:53<00:00,  1.36it/s]
                 Class     Images  Instances      Box(P          R      mAP50  mAP50-95): 100%|██████████| 8/8 [00:04<00:00,  1.99it/s]
                   all        120       1740      0.811      0.914       0.93      0.596

      Epoch    GPU_mem   box_loss   cls_loss   dfl_loss  Instances       Size
     53/100      13.9G      1.465     0.8267      1.326         88        640: 100%|██████████| 72/72 [00:53<00:00,  1.35it/s]
                 Class     Images  Instances      Box(P          R      mAP50  mAP50-95): 100%|██████████| 8/8 [00:04<00:00,  1.99it/s]
                   all        120       1740      0.801      0.877      0.907      0.569

      Epoch    GPU_mem   box_loss   cls_loss   dfl_loss  Instances       Size
     54/100      11.8G      1.481     0.8204      1.322         72        640: 100%|██████████| 72/72 [00:53<00:00,  1.34it/s]
                 Class     Images  Instances      Box(P          R      mAP50  mAP50-95): 100%|██████████| 8/8 [00:04<00:00,  1.99it/s]
                   all        120       1740      0.801      0.925      0.896      0.548

      Epoch    GPU_mem   box_loss   cls_loss   dfl_loss  Instances       Size
     55/100      12.2G      1.521     0.8417      1.314         77        640: 100%|██████████| 72/72 [00:53<00:00,  1.35it/s]
                 Class     Images  Instances      Box(P          R      mAP50  mAP50-95): 100%|██████████| 8/8 [00:04<00:00,  1.99it/s]
                   all        120       1740      0.798      0.893      0.912      0.575

      Epoch    GPU_mem   box_loss   cls_loss   dfl_loss  Instances       Size
     56/100      11.8G      1.461     0.8206      1.334        136        640: 100%|██████████| 72/72 [00:53<00:00,  1.36it/s]
                 Class     Images  Instances      Box(P          R      mAP50  mAP50-95): 100%|██████████| 8/8 [00:04<00:00,  2.00it/s]
                   all        120       1740      0.867      0.897      0.921       0.58

      Epoch    GPU_mem   box_loss   cls_loss   dfl_loss  Instances       Size
     57/100      11.7G      1.451     0.8006      1.306        103        640: 100%|██████████| 72/72 [00:53<00:00,  1.35it/s]
                 Class     Images  Instances      Box(P          R      mAP50  mAP50-95): 100%|██████████| 8/8 [00:04<00:00,  1.99it/s]
                   all        120       1740      0.944      0.788      0.885      0.561

      Epoch    GPU_mem   box_loss   cls_loss   dfl_loss  Instances       Size
     58/100      13.2G      1.408     0.7875      1.315        153        640: 100%|██████████| 72/72 [00:53<00:00,  1.35it/s]
                 Class     Images  Instances      Box(P          R      mAP50  mAP50-95): 100%|██████████| 8/8 [00:04<00:00,  1.99it/s]
                   all        120       1740      0.855      0.844      0.927      0.595

      Epoch    GPU_mem   box_loss   cls_loss   dfl_loss  Instances       Size
     59/100      12.4G      1.479     0.8085        1.3         84        640: 100%|██████████| 72/72 [00:53<00:00,  1.35it/s]
                 Class     Images  Instances      Box(P          R      mAP50  mAP50-95): 100%|██████████| 8/8 [00:04<00:00,  1.99it/s]
                   all        120       1740      0.965       0.86      0.941      0.599

      Epoch    GPU_mem   box_loss   cls_loss   dfl_loss  Instances       Size
     60/100      14.1G      1.405     0.7737      1.304        141        640: 100%|██████████| 72/72 [00:53<00:00,  1.35it/s]
                 Class     Images  Instances      Box(P          R      mAP50  mAP50-95): 100%|██████████| 8/8 [00:04<00:00,  1.99it/s]
                   all        120       1740      0.855        0.9      0.923      0.608

      Epoch    GPU_mem   box_loss   cls_loss   dfl_loss  Instances       Size
     61/100      13.2G      1.488     0.8077       1.31        116        640: 100%|██████████| 72/72 [00:53<00:00,  1.36it/s]
                 Class     Images  Instances      Box(P          R      mAP50  mAP50-95): 100%|██████████| 8/8 [00:04<00:00,  1.99it/s]
                   all        120       1740      0.918      0.856      0.939      0.607

      Epoch    GPU_mem   box_loss   cls_loss   dfl_loss  Instances       Size
     62/100      11.8G       1.47     0.8096        1.3        166        640: 100%|██████████| 72/72 [00:53<00:00,  1.35it/s]
                 Class     Images  Instances      Box(P          R      mAP50  mAP50-95): 100%|██████████| 8/8 [00:04<00:00,  1.99it/s]
                   all        120       1740      0.929      0.915      0.972      0.633

      Epoch    GPU_mem   box_loss   cls_loss   dfl_loss  Instances       Size
     63/100      12.9G      1.404     0.7743      1.304        134        640: 100%|██████████| 72/72 [00:53<00:00,  1.36it/s]
                 Class     Images  Instances      Box(P          R      mAP50  mAP50-95): 100%|██████████| 8/8 [00:04<00:00,  1.99it/s]
                   all        120       1740      0.891      0.804      0.887      0.557

      Epoch    GPU_mem   box_loss   cls_loss   dfl_loss  Instances       Size
     64/100      13.1G      1.409     0.7711      1.288         85        640: 100%|██████████| 72/72 [00:53<00:00,  1.35it/s]
                 Class     Images  Instances      Box(P          R      mAP50  mAP50-95): 100%|██████████| 8/8 [00:04<00:00,  1.89it/s]
                   all        120       1740      0.896      0.906      0.956      0.638

      Epoch    GPU_mem   box_loss   cls_loss   dfl_loss  Instances       Size
     65/100      12.5G      1.348     0.7538      1.286        130        640: 100%|██████████| 72/72 [00:53<00:00,  1.34it/s]
                 Class     Images  Instances      Box(P          R      mAP50  mAP50-95): 100%|██████████| 8/8 [00:04<00:00,  1.99it/s]
                   all        120       1740      0.901       0.91      0.961       0.65

      Epoch    GPU_mem   box_loss   cls_loss   dfl_loss  Instances       Size
     66/100      14.2G      1.383     0.7623      1.281        134        640: 100%|██████████| 72/72 [00:53<00:00,  1.35it/s]
                 Class     Images  Instances      Box(P          R      mAP50  mAP50-95): 100%|██████████| 8/8 [00:04<00:00,  1.99it/s]
                   all        120       1740      0.908      0.776       0.88      0.562

      Epoch    GPU_mem   box_loss   cls_loss   dfl_loss  Instances       Size
     67/100      11.8G      1.367      0.747      1.272         72        640: 100%|██████████| 72/72 [00:53<00:00,  1.35it/s]
                 Class     Images  Instances      Box(P          R      mAP50  mAP50-95): 100%|██████████| 8/8 [00:04<00:00,  2.00it/s]
                   all        120       1740      0.757      0.959      0.905      0.595

      Epoch    GPU_mem   box_loss   cls_loss   dfl_loss  Instances       Size
     68/100      11.3G      1.375     0.7581      1.298        124        640: 100%|██████████| 72/72 [00:53<00:00,  1.35it/s]
                 Class     Images  Instances      Box(P          R      mAP50  mAP50-95): 100%|██████████| 8/8 [00:04<00:00,  1.99it/s]
                   all        120       1740      0.874      0.828      0.901      0.584

      Epoch    GPU_mem   box_loss   cls_loss   dfl_loss  Instances       Size
     69/100      13.2G      1.399     0.7551       1.27        121        640: 100%|██████████| 72/72 [00:53<00:00,  1.35it/s]
                 Class     Images  Instances      Box(P          R      mAP50  mAP50-95): 100%|██████████| 8/8 [00:04<00:00,  2.00it/s]
                   all        120       1740      0.832      0.908      0.942      0.629

      Epoch    GPU_mem   box_loss   cls_loss   dfl_loss  Instances       Size
     70/100      14.3G      1.347     0.7395      1.268        171        640: 100%|██████████| 72/72 [00:53<00:00,  1.35it/s]
                 Class     Images  Instances      Box(P          R      mAP50  mAP50-95): 100%|██████████| 8/8 [00:04<00:00,  2.00it/s]
                   all        120       1740      0.923      0.921      0.977      0.654

      Epoch    GPU_mem   box_loss   cls_loss   dfl_loss  Instances       Size
     71/100      13.2G      1.388     0.7509      1.274        115        640: 100%|██████████| 72/72 [00:53<00:00,  1.35it/s]
                 Class     Images  Instances      Box(P          R      mAP50  mAP50-95): 100%|██████████| 8/8 [00:04<00:00,  1.99it/s]
                   all        120       1740      0.903      0.874      0.932      0.588

      Epoch    GPU_mem   box_loss   cls_loss   dfl_loss  Instances       Size
     72/100        11G      1.381     0.7409      1.274        125        640: 100%|██████████| 72/72 [00:53<00:00,  1.35it/s]
                 Class     Images  Instances      Box(P          R      mAP50  mAP50-95): 100%|██████████| 8/8 [00:04<00:00,  1.99it/s]
                   all        120       1740      0.889      0.834      0.877      0.575

      Epoch    GPU_mem   box_loss   cls_loss   dfl_loss  Instances       Size
     73/100      13.6G      1.386     0.7443      1.251        153        640: 100%|██████████| 72/72 [00:53<00:00,  1.35it/s]
                 Class     Images  Instances      Box(P          R      mAP50  mAP50-95): 100%|██████████| 8/8 [00:04<00:00,  1.99it/s]
                   all        120       1740      0.917      0.798      0.894      0.582

      Epoch    GPU_mem   box_loss   cls_loss   dfl_loss  Instances       Size
     74/100      13.5G       1.33     0.7206      1.248        100        640: 100%|██████████| 72/72 [00:53<00:00,  1.35it/s]
                 Class     Images  Instances      Box(P          R      mAP50  mAP50-95): 100%|██████████| 8/8 [00:04<00:00,  1.99it/s]
                   all        120       1740      0.865      0.947      0.945      0.648

      Epoch    GPU_mem   box_loss   cls_loss   dfl_loss  Instances       Size
     75/100      11.9G      1.332      0.719      1.252        141        640: 100%|██████████| 72/72 [00:53<00:00,  1.35it/s]
                 Class     Images  Instances      Box(P          R      mAP50  mAP50-95): 100%|██████████| 8/8 [00:04<00:00,  1.99it/s]
                   all        120       1740      0.839      0.922      0.929      0.603

      Epoch    GPU_mem   box_loss   cls_loss   dfl_loss  Instances       Size
     76/100      12.2G      1.336     0.7196      1.253         84        640: 100%|██████████| 72/72 [00:53<00:00,  1.35it/s]
                 Class     Images  Instances      Box(P          R      mAP50  mAP50-95): 100%|██████████| 8/8 [00:04<00:00,  1.99it/s]
                   all        120       1740       0.82      0.868      0.914      0.609

      Epoch    GPU_mem   box_loss   cls_loss   dfl_loss  Instances       Size
     77/100      12.8G      1.306     0.7064      1.245        131        640: 100%|██████████| 72/72 [00:53<00:00,  1.36it/s]
                 Class     Images  Instances      Box(P          R      mAP50  mAP50-95): 100%|██████████| 8/8 [00:04<00:00,  1.99it/s]
                   all        120       1740       0.86      0.868      0.918       0.59

      Epoch    GPU_mem   box_loss   cls_loss   dfl_loss  Instances       Size
     78/100      12.2G      1.333     0.7234      1.247         80        640: 100%|██████████| 72/72 [00:53<00:00,  1.35it/s]
                 Class     Images  Instances      Box(P          R      mAP50  mAP50-95): 100%|██████████| 8/8 [00:04<00:00,  1.99it/s]
                   all        120       1740      0.839      0.957      0.947      0.641

      Epoch    GPU_mem   box_loss   cls_loss   dfl_loss  Instances       Size
     79/100      13.1G      1.325     0.7218      1.258        182        640: 100%|██████████| 72/72 [00:53<00:00,  1.35it/s]
                 Class     Images  Instances      Box(P          R      mAP50  mAP50-95): 100%|██████████| 8/8 [00:04<00:00,  1.99it/s]
                   all        120       1740      0.879      0.963       0.95      0.629

      Epoch    GPU_mem   box_loss   cls_loss   dfl_loss  Instances       Size
     80/100      13.6G      1.364     0.7247      1.251        167        640: 100%|██████████| 72/72 [00:53<00:00,  1.34it/s]
                 Class     Images  Instances      Box(P          R      mAP50  mAP50-95): 100%|██████████| 8/8 [00:04<00:00,  2.00it/s]
                   all        120       1740      0.904      0.942      0.967      0.675

      Epoch    GPU_mem   box_loss   cls_loss   dfl_loss  Instances       Size
     81/100        13G      1.307     0.6952      1.238        133        640: 100%|██████████| 72/72 [00:53<00:00,  1.35it/s]
                 Class     Images  Instances      Box(P          R      mAP50  mAP50-95): 100%|██████████| 8/8 [00:04<00:00,  1.99it/s]
                   all        120       1740      0.846      0.923      0.941      0.659

      Epoch    GPU_mem   box_loss   cls_loss   dfl_loss  Instances       Size
     82/100      13.1G        1.3     0.7098      1.237        156        640: 100%|██████████| 72/72 [00:53<00:00,  1.34it/s]
                 Class     Images  Instances      Box(P          R      mAP50  mAP50-95): 100%|██████████| 8/8 [00:04<00:00,  1.99it/s]
                   all        120       1740      0.851      0.875      0.917      0.593

      Epoch    GPU_mem   box_loss   cls_loss   dfl_loss  Instances       Size
     83/100      11.8G      1.311     0.6997      1.223        117        640: 100%|██████████| 72/72 [00:53<00:00,  1.35it/s]
                 Class     Images  Instances      Box(P          R      mAP50  mAP50-95): 100%|██████████| 8/8 [00:04<00:00,  2.00it/s]
                   all        120       1740      0.909      0.951      0.961      0.666

      Epoch    GPU_mem   box_loss   cls_loss   dfl_loss  Instances       Size
     84/100      13.7G      1.291     0.6898      1.211        123        640: 100%|██████████| 72/72 [00:53<00:00,  1.35it/s]
                 Class     Images  Instances      Box(P          R      mAP50  mAP50-95): 100%|██████████| 8/8 [00:04<00:00,  1.99it/s]
                   all        120       1740      0.878      0.951      0.936      0.601

      Epoch    GPU_mem   box_loss   cls_loss   dfl_loss  Instances       Size
     85/100      13.2G      1.311     0.7004      1.226         96        640: 100%|██████████| 72/72 [00:53<00:00,  1.35it/s]
                 Class     Images  Instances      Box(P          R      mAP50  mAP50-95): 100%|██████████| 8/8 [00:04<00:00,  1.90it/s]
                   all        120       1740      0.841      0.958      0.929      0.645

      Epoch    GPU_mem   box_loss   cls_loss   dfl_loss  Instances       Size
     86/100      12.4G      1.311     0.6902      1.226         86        640: 100%|██████████| 72/72 [00:53<00:00,  1.35it/s]
                 Class     Images  Instances      Box(P          R      mAP50  mAP50-95): 100%|██████████| 8/8 [00:03<00:00,  2.00it/s]
                   all        120       1740       0.88      0.969      0.953      0.649

      Epoch    GPU_mem   box_loss   cls_loss   dfl_loss  Instances       Size
     87/100      13.5G      1.313     0.7022      1.216        127        640: 100%|██████████| 72/72 [00:53<00:00,  1.35it/s]
                 Class     Images  Instances      Box(P          R      mAP50  mAP50-95): 100%|██████████| 8/8 [00:04<00:00,  2.00it/s]
                   all        120       1740      0.834      0.982      0.945      0.639

      Epoch    GPU_mem   box_loss   cls_loss   dfl_loss  Instances       Size
     88/100      11.9G      1.265     0.6797      1.218         76        640: 100%|██████████| 72/72 [00:53<00:00,  1.36it/s]
                 Class     Images  Instances      Box(P          R      mAP50  mAP50-95): 100%|██████████| 8/8 [00:04<00:00,  2.00it/s]
                   all        120       1740      0.882      0.978      0.952      0.651

      Epoch    GPU_mem   box_loss   cls_loss   dfl_loss  Instances       Size
     89/100      13.7G      1.323     0.6997      1.234        115        640: 100%|██████████| 72/72 [00:53<00:00,  1.35it/s]
                 Class     Images  Instances      Box(P          R      mAP50  mAP50-95): 100%|██████████| 8/8 [00:03<00:00,  2.00it/s]
                   all        120       1740       0.87      0.975      0.952      0.646

      Epoch    GPU_mem   box_loss   cls_loss   dfl_loss  Instances       Size
     90/100      13.5G      1.315     0.6967      1.208         78        640: 100%|██████████| 72/72 [00:53<00:00,  1.35it/s]
                 Class     Images  Instances      Box(P          R      mAP50  mAP50-95): 100%|██████████| 8/8 [00:03<00:00,  2.01it/s]
                   all        120       1740      0.887      0.942      0.953      0.639
Closing dataloader mosaic

      Epoch    GPU_mem   box_loss   cls_loss   dfl_loss  Instances       Size
     91/100      10.6G      1.254     0.6559      1.223         88        640: 100%|██████████| 72/72 [00:49<00:00,  1.45it/s]
                 Class     Images  Instances      Box(P          R      mAP50  mAP50-95): 100%|██████████| 8/8 [00:03<00:00,  2.00it/s]
                   all        120       1740      0.907      0.897      0.966      0.655

      Epoch    GPU_mem   box_loss   cls_loss   dfl_loss  Instances       Size
     92/100      10.3G      1.235     0.6476       1.22         84        640: 100%|██████████| 72/72 [00:49<00:00,  1.46it/s]
                 Class     Images  Instances      Box(P          R      mAP50  mAP50-95): 100%|██████████| 8/8 [00:04<00:00,  2.00it/s]
                   all        120       1740      0.976       0.89       0.97       0.65

      Epoch    GPU_mem   box_loss   cls_loss   dfl_loss  Instances       Size
     93/100      10.4G      1.273     0.6558      1.235         76        640: 100%|██████████| 72/72 [00:49<00:00,  1.46it/s]
                 Class     Images  Instances      Box(P          R      mAP50  mAP50-95): 100%|██████████| 8/8 [00:04<00:00,  2.00it/s]
                   all        120       1740      0.882      0.962      0.952      0.639

      Epoch    GPU_mem   box_loss   cls_loss   dfl_loss  Instances       Size
     94/100      10.6G      1.282     0.6572      1.205         71        640: 100%|██████████| 72/72 [00:49<00:00,  1.46it/s]
                 Class     Images  Instances      Box(P          R      mAP50  mAP50-95): 100%|██████████| 8/8 [00:03<00:00,  2.00it/s]
                   all        120       1740      0.888      0.964      0.952      0.655

      Epoch    GPU_mem   box_loss   cls_loss   dfl_loss  Instances       Size
     95/100      10.4G      1.232     0.6406      1.208         65        640: 100%|██████████| 72/72 [00:49<00:00,  1.46it/s]
                 Class     Images  Instances      Box(P          R      mAP50  mAP50-95): 100%|██████████| 8/8 [00:04<00:00,  2.00it/s]
                   all        120       1740      0.913      0.938      0.972      0.676

      Epoch    GPU_mem   box_loss   cls_loss   dfl_loss  Instances       Size
     96/100      10.3G      1.238     0.6437      1.205         64        640: 100%|██████████| 72/72 [00:49<00:00,  1.46it/s]
                 Class     Images  Instances      Box(P          R      mAP50  mAP50-95): 100%|██████████| 8/8 [00:03<00:00,  2.00it/s]
                   all        120       1740      0.886      0.883      0.936      0.639

      Epoch    GPU_mem   box_loss   cls_loss   dfl_loss  Instances       Size
     97/100      10.3G      1.236     0.6388      1.199        109        640: 100%|██████████| 72/72 [00:49<00:00,  1.46it/s]
                 Class     Images  Instances      Box(P          R      mAP50  mAP50-95): 100%|██████████| 8/8 [00:03<00:00,  2.00it/s]
                   all        120       1740      0.929       0.92      0.974      0.671

      Epoch    GPU_mem   box_loss   cls_loss   dfl_loss  Instances       Size
     98/100      10.5G      1.254     0.6458      1.209         92        640: 100%|██████████| 72/72 [00:49<00:00,  1.46it/s]
                 Class     Images  Instances      Box(P          R      mAP50  mAP50-95): 100%|██████████| 8/8 [00:03<00:00,  2.00it/s]
                   all        120       1740      0.891      0.948      0.975      0.668

      Epoch    GPU_mem   box_loss   cls_loss   dfl_loss  Instances       Size
     99/100      10.4G       1.21     0.6339      1.202         64        640: 100%|██████████| 72/72 [00:49<00:00,  1.45it/s]
                 Class     Images  Instances      Box(P          R      mAP50  mAP50-95): 100%|██████████| 8/8 [00:04<00:00,  2.00it/s]
                   all        120       1740      0.849      0.933      0.952      0.669

      Epoch    GPU_mem   box_loss   cls_loss   dfl_loss  Instances       Size
    100/100      10.4G      1.198     0.6249      1.185         87        640: 100%|██████████| 72/72 [00:49<00:00,  1.44it/s]
                 Class     Images  Instances      Box(P          R      mAP50  mAP50-95): 100%|██████████| 8/8 [00:04<00:00,  1.98it/s]
                   all        120       1740      0.898      0.941      0.952      0.649

100 epochs completed in 1.610 hours.
Optimizer stripped from .yolo-out-hc5/yolo11a-hc5-2/weights/last.pt, 27.5MB
Optimizer stripped from .yolo-out-hc5/yolo11a-hc5-2/weights/best.pt, 27.5MB

Validating .yolo-out-hc5/yolo11a-hc5-2/weights/best.pt...
Ultralytics 8.3.150 🚀 Python-3.13.2 torch-2.6.0+cu118 CUDA:0 (Tesla T4, 14913MiB)
                                                       CUDA:1 (Tesla T4, 14913MiB)
model summary (fused): 125 layers, 13,119,135 parameters, 0 gradients, 91.7 GFLOPs
                 Class     Images  Instances      Box(P          R      mAP50  mAP50-95): 100%|██████████| 8/8 [00:04<00:00,  1.89it/s]
                   all        120       1740      0.912      0.938      0.972      0.676
                   bus          7         13      0.802      0.923      0.958       0.64
                   car         60        560      0.982       0.97      0.992      0.808
                 human         60       1167      0.954       0.92      0.967       0.58
Speed: 0.2ms preprocess, 22.6ms inference, 0.0ms loss, 6.9ms postprocess per image
Results saved to .yolo-out-hc5/yolo11a-hc5-2
