Overriding model.yaml nc=80 with nc=5
WARNING ⚠️ no model scale passed. Assuming scale='m'.
Freezing layer 'model.20.dfl.conv.weight'
AMP: running Automatic Mixed Precision (AMP) checks...
AMP: checks passed ✅
train: Fast image access ✅ (ping: 0.0±0.0 ms, read: 1322.7±605.8 MB/s, size: 75.5 KB)
train: Scanning /data2/jd1/datasets/humancar_50m/train/labels.cache... 1147 images, 6 backgrounds, 0 corrupt: 100%|██████████| 1147
val: Fast image access ✅ (ping: 0.1±0.0 ms, read: 197.4±65.3 MB/s, size: 77.5 KB)
val: Scanning /data2/jd1/datasets/humancar_50m/valid/labels.cache... 120 images, 0 backgrounds, 0 corrupt: 100%|██████████| 120/120
Plotting labels to .yolo-out-hc5/yolo11-hc5-abl-b-3/labels.jpg...
optimizer: 'optimizer=auto' found, ignoring 'lr0=0.01' and 'momentum=0.937' and determining best 'optimizer', 'lr0' and 'momentum' automatically...
optimizer: AdamW(lr=0.001111, momentum=0.9) with parameter groups 95 weight(decay=0.0), 102 weight(decay=0.0005), 101 bias(decay=0.0)
Image sizes 640 train, 640 val
Using 16 dataloader workers
Logging results to .yolo-out-hc5/yolo11-hc5-abl-b-3
Starting training for 100 epochs...

      Epoch    GPU_mem   box_loss   cls_loss   dfl_loss  Instances       Size
      1/100      6.09G      4.173      5.387      4.134        114        640: 100%|██████████| 72/72 [00:31<00:00,  2.25it/s]
                 Class     Images  Instances      Box(P          R      mAP50  mAP50-95): 100%|██████████| 8/8 [00:01<00:00,  4.09i
                   all        120       1740          0          0          0          0

      Epoch    GPU_mem   box_loss   cls_loss   dfl_loss  Instances       Size
      2/100      6.54G      3.141      3.115      3.061         83        640: 100%|██████████| 72/72 [00:31<00:00,  2.32it/s]
                 Class     Images  Instances      Box(P          R      mAP50  m
                   all        120       1740      0.226     0.0593      0.093     0.0328

      Epoch    GPU_mem   box_loss   cls_loss   dfl_loss  Instances       Size
      3/100      6.57G      2.828      2.355      2.367        109        640: 1
                 Class     Images  Instances      Box(P          R      mAP50  m
                   all        120       1740      0.708      0.375      0.353      0.133

      Epoch    GPU_mem   box_loss   cls_loss   dfl_loss  Instances       Size
      4/100      6.57G      2.632      1.904      1.977        101        640: 1
                 Class     Images  Instances      Box(P          R      mAP50  m
                   all        120       1740      0.226      0.401      0.296      0.119

      Epoch    GPU_mem   box_loss   cls_loss   dfl_loss  Instances       Size
      5/100      6.57G       2.49      1.743      1.814         45        640: 1
                 Class     Images  Instances      Box(P          R      mAP50  m
                   all        120       1740      0.783      0.391      0.438      0.172

      Epoch    GPU_mem   box_loss   cls_loss   dfl_loss  Instances       Size
      6/100      6.62G      2.281      1.553       1.73         95        640: 1
                 Class     Images  Instances      Box(P          R      mAP50  m
                   all        120       1740      0.848      0.476      0.519      0.241

      Epoch    GPU_mem   box_loss   cls_loss   dfl_loss  Instances       Size
      7/100      6.66G      2.193      1.477      1.612         71        640: 1
                 Class     Images  Instances      Box(P          R      mAP50  m
                   all        120       1740      0.777      0.417      0.476      0.237

      Epoch    GPU_mem   box_loss   cls_loss   dfl_loss  Instances       Size
      8/100      6.66G      2.124      1.363      1.545        152        640: 1
                 Class     Images  Instances      Box(P          R      mAP50  m
                   all        120       1740      0.823      0.501      0.599      0.284

      Epoch    GPU_mem   box_loss   cls_loss   dfl_loss  Instances       Size
      9/100      6.66G      2.072      1.322      1.557         89        640: 1
                 Class     Images  Instances      Box(P          R      mAP50  m
                   all        120       1740      0.877       0.51      0.661      0.318

      Epoch    GPU_mem   box_loss   cls_loss   dfl_loss  Instances       Size
     10/100      6.66G      2.001      1.254      1.492        134        640: 1
                 Class     Images  Instances      Box(P          R      mAP50  m
                   all        120       1740      0.659       0.72      0.721       0.36

      Epoch    GPU_mem   box_loss   cls_loss   dfl_loss  Instances       Size
     11/100      6.66G       1.97      1.247      1.538        155        640: 1
                 Class     Images  Instances      Box(P          R      mAP50  m
                   all        120       1740      0.749      0.698        0.8      0.348

      Epoch    GPU_mem   box_loss   cls_loss   dfl_loss  Instances       Size
     12/100      6.66G      1.915      1.181      1.447        139        640: 1
                 Class     Images  Instances      Box(P          R      mAP50  m
                   all        120       1740      0.884       0.53      0.616      0.317

      Epoch    GPU_mem   box_loss   cls_loss   dfl_loss  Instances       Size
     13/100      6.66G      1.864      1.129       1.44        103        640: 1
                 Class     Images  Instances      Box(P          R      mAP50  m
                   all        120       1740      0.906      0.549      0.612      0.342

      Epoch    GPU_mem   box_loss   cls_loss   dfl_loss  Instances       Size
     14/100      6.66G      1.869      1.131      1.387         97        640: 1
                 Class     Images  Instances      Box(P          R      mAP50  m
                   all        120       1740      0.604      0.725      0.728      0.387

      Epoch    GPU_mem   box_loss   cls_loss   dfl_loss  Instances       Size
     15/100      6.66G      1.848      1.072      1.374         69        640: 1
                 Class     Images  Instances      Box(P          R      mAP50  m
                   all        120       1740      0.692      0.742       0.79      0.402

      Epoch    GPU_mem   box_loss   cls_loss   dfl_loss  Instances       Size
     16/100      6.66G      1.809      1.077      1.361         75        640: 1
                 Class     Images  Instances      Box(P          R      mAP50  m
                   all        120       1740      0.734      0.738      0.828      0.411

      Epoch    GPU_mem   box_loss   cls_loss   dfl_loss  Instances       Size
     17/100      6.66G      1.738       1.03      1.348        212        640: 1
                 Class     Images  Instances      Box(P          R      mAP50  m
                   all        120       1740      0.812      0.658      0.789      0.411

      Epoch    GPU_mem   box_loss   cls_loss   dfl_loss  Instances       Size
     18/100      6.66G      1.675     0.9633      1.313         72        640: 1
                 Class     Images  Instances      Box(P          R      mAP50  m
                   all        120       1740       0.85      0.808      0.888      0.474

      Epoch    GPU_mem   box_loss   cls_loss   dfl_loss  Instances       Size
     19/100      6.66G      1.729     0.9826      1.322        165        640: 1
                 Class     Images  Instances      Box(P          R      mAP50  m
                   all        120       1740      0.776      0.788       0.83      0.428

      Epoch    GPU_mem   box_loss   cls_loss   dfl_loss  Instances       Size
     20/100      6.66G      1.645     0.9733      1.332        123        640: 1
                 Class     Images  Instances      Box(P          R      mAP50  m
                   all        120       1740      0.843      0.811       0.85      0.461

      Epoch    GPU_mem   box_loss   cls_loss   dfl_loss  Instances       Size
     21/100      6.66G      1.681     0.9575      1.324         69        640: 1
                 Class     Images  Instances      Box(P          R      mAP50  m
                   all        120       1740      0.802      0.847      0.904      0.468

      Epoch    GPU_mem   box_loss   cls_loss   dfl_loss  Instances       Size
     22/100      6.66G      1.658     0.9277      1.295         97        640: 1
                 Class     Images  Instances      Box(P          R      mAP50  m
                   all        120       1740      0.836      0.829      0.897      0.509

      Epoch    GPU_mem   box_loss   cls_loss   dfl_loss  Instances       Size
     23/100      6.66G      1.648     0.9291      1.286        139        640: 1
                 Class     Images  Instances      Box(P          R      mAP50  m
                   all        120       1740       0.65      0.758      0.803       0.42

      Epoch    GPU_mem   box_loss   cls_loss   dfl_loss  Instances       Size
     24/100      6.66G      1.664     0.9039      1.241        159        640: 1
                 Class     Images  Instances      Box(P          R      mAP50  m
                   all        120       1740      0.932      0.783      0.907      0.479

      Epoch    GPU_mem   box_loss   cls_loss   dfl_loss  Instances       Size
     25/100      6.66G      1.596     0.8712       1.23        163        640: 1
                 Class     Images  Instances      Box(P          R      mAP50  m
                   all        120       1740      0.856      0.841      0.917      0.492

      Epoch    GPU_mem   box_loss   cls_loss   dfl_loss  Instances       Size
     26/100      6.66G      1.595      0.871      1.217        143        640: 1
                 Class     Images  Instances      Box(P          R      mAP50  m
                   all        120       1740      0.883      0.826      0.913       0.53

      Epoch    GPU_mem   box_loss   cls_loss   dfl_loss  Instances       Size
     27/100      6.66G      1.567     0.8645       1.22         85        640: 1
                 Class     Images  Instances      Box(P          R      mAP50  m
                   all        120       1740      0.767      0.822      0.845      0.484

      Epoch    GPU_mem   box_loss   cls_loss   dfl_loss  Instances       Size
     28/100      6.66G      1.583     0.8647      1.261        167        640: 1
                 Class     Images  Instances      Box(P          R      mAP50  m
                   all        120       1740      0.847      0.882      0.935      0.568

      Epoch    GPU_mem   box_loss   cls_loss   dfl_loss  Instances       Size
     29/100      6.66G      1.462     0.8184      1.228        160        640: 1
                 Class     Images  Instances      Box(P          R      mAP50  m
                   all        120       1740      0.746      0.859      0.856       0.49

      Epoch    GPU_mem   box_loss   cls_loss   dfl_loss  Instances       Size
     30/100      6.66G      1.534     0.8381       1.22        141        640: 1
                 Class     Images  Instances      Box(P          R      mAP50  m
                   all        120       1740        0.8      0.885       0.94      0.512

      Epoch    GPU_mem   box_loss   cls_loss   dfl_loss  Instances       Size
     31/100      6.66G      1.576     0.8312      1.222        119        640: 1
                 Class     Images  Instances      Box(P          R      mAP50  m
                   all        120       1740      0.879      0.869      0.951      0.536

      Epoch    GPU_mem   box_loss   cls_loss   dfl_loss  Instances       Size
     32/100      6.66G      1.554      0.852      1.206        103        640: 1
                 Class     Images  Instances      Box(P          R      mAP50  m
                   all        120       1740      0.897      0.879      0.941      0.583

      Epoch    GPU_mem   box_loss   cls_loss   dfl_loss  Instances       Size
     33/100      6.66G      1.506     0.8088      1.187        209        640: 1
                 Class     Images  Instances      Box(P          R      mAP50  m
                   all        120       1740      0.787      0.854      0.878      0.458

      Epoch    GPU_mem   box_loss   cls_loss   dfl_loss  Instances       Size
     34/100      6.66G      1.491     0.8015      1.187        122        640: 1
                 Class     Images  Instances      Box(P          R      mAP50  m
                   all        120       1740      0.819      0.713        0.8      0.491

      Epoch    GPU_mem   box_loss   cls_loss   dfl_loss  Instances       Size
     35/100      6.66G      1.456     0.7842       1.18         60        640: 1
                 Class     Images  Instances      Box(P          R      mAP50  m
                   all        120       1740      0.848      0.899      0.935      0.569

      Epoch    GPU_mem   box_loss   cls_loss   dfl_loss  Instances       Size
     36/100      6.71G      1.474     0.7869      1.176        200        640: 1
                 Class     Images  Instances      Box(P          R      mAP50  m
                   all        120       1740      0.762      0.826       0.85      0.507

      Epoch    GPU_mem   box_loss   cls_loss   dfl_loss  Instances       Size
     37/100      6.71G      1.482      0.792      1.202        109        640: 1
                 Class     Images  Instances      Box(P          R      mAP50  m
                   all        120       1740      0.855      0.813      0.922      0.565

      Epoch    GPU_mem   box_loss   cls_loss   dfl_loss  Instances       Size
     38/100      6.71G      1.457     0.7758      1.171        139        640: 1
                 Class     Images  Instances      Box(P          R      mAP50  m
                   all        120       1740      0.883      0.818      0.917      0.549

      Epoch    GPU_mem   box_loss   cls_loss   dfl_loss  Instances       Size
     39/100      6.71G      1.369     0.7334      1.157        147        640: 1
                 Class     Images  Instances      Box(P          R      mAP50  m
                   all        120       1740      0.916      0.901      0.961      0.567

      Epoch    GPU_mem   box_loss   cls_loss   dfl_loss  Instances       Size
     40/100      6.71G      1.482     0.7805      1.169         60        640: 1
                 Class     Images  Instances      Box(P          R      mAP50  m
                   all        120       1740      0.883      0.904      0.962      0.568

      Epoch    GPU_mem   box_loss   cls_loss   dfl_loss  Instances       Size
     41/100      6.71G      1.394     0.7385       1.15        132        640: 1
                 Class     Images  Instances      Box(P          R      mAP50  m
                   all        120       1740       0.87      0.834      0.868      0.509

      Epoch    GPU_mem   box_loss   cls_loss   dfl_loss  Instances       Size
     42/100      6.71G      1.417      0.751      1.139        100        640: 1
                 Class     Images  Instances      Box(P          R      mAP50  m
                   all        120       1740      0.833      0.893      0.895      0.563

      Epoch    GPU_mem   box_loss   cls_loss   dfl_loss  Instances       Size
     43/100      6.71G      1.377      0.733      1.144         89        640: 1
                 Class     Images  Instances      Box(P          R      mAP50  m
                   all        120       1740      0.861      0.972      0.961      0.598

      Epoch    GPU_mem   box_loss   cls_loss   dfl_loss  Instances       Size
     44/100      6.71G      1.404     0.7424       1.15        112        640: 1
                 Class     Images  Instances      Box(P          R      mAP50  m
                   all        120       1740      0.869      0.889      0.908      0.574

      Epoch    GPU_mem   box_loss   cls_loss   dfl_loss  Instances       Size
     45/100      6.71G      1.403     0.7394      1.136         90        640: 1
                 Class     Images  Instances      Box(P          R      mAP50  m
                   all        120       1740      0.799      0.857      0.891      0.537

      Epoch    GPU_mem   box_loss   cls_loss   dfl_loss  Instances       Size
     46/100      6.71G      1.348     0.7121      1.138        109        640: 1
                 Class     Images  Instances      Box(P          R      mAP50  m
                   all        120       1740      0.854      0.893      0.902      0.539

      Epoch    GPU_mem   box_loss   cls_loss   dfl_loss  Instances       Size
     47/100      6.71G      1.418     0.7478      1.163         64        640: 1
                 Class     Images  Instances      Box(P          R      mAP50  m
                   all        120       1740      0.949      0.813      0.916       0.54

      Epoch    GPU_mem   box_loss   cls_loss   dfl_loss  Instances       Size
     48/100      6.71G      1.392       0.73      1.151         66        640: 1
                 Class     Images  Instances      Box(P          R      mAP50  m
                   all        120       1740      0.899      0.945      0.963      0.592

      Epoch    GPU_mem   box_loss   cls_loss   dfl_loss  Instances       Size
     49/100      6.71G      1.333     0.7132      1.136        154        640: 1
                 Class     Images  Instances      Box(P          R      mAP50  m
                   all        120       1740      0.894      0.892      0.954      0.624

      Epoch    GPU_mem   box_loss   cls_loss   dfl_loss  Instances       Size
     50/100      6.71G      1.341     0.7037       1.12        115        640: 1
                 Class     Images  Instances      Box(P          R      mAP50  m
                   all        120       1740      0.882       0.96      0.962      0.592

      Epoch    GPU_mem   box_loss   cls_loss   dfl_loss  Instances       Size
     51/100      6.71G      1.368     0.7208      1.112        135        640: 1
                 Class     Images  Instances      Box(P          R      mAP50  m
                   all        120       1740      0.938      0.928       0.97      0.617

      Epoch    GPU_mem   box_loss   cls_loss   dfl_loss  Instances       Size
     52/100      6.71G      1.314     0.6936      1.126         42        640: 1
                 Class     Images  Instances      Box(P          R      mAP50  m
                   all        120       1740      0.903      0.859       0.95      0.626

      Epoch    GPU_mem   box_loss   cls_loss   dfl_loss  Instances       Size
     53/100      6.71G      1.321     0.6867      1.115         88        640: 1
                 Class     Images  Instances      Box(P          R      mAP50  m
                   all        120       1740      0.945      0.917       0.97      0.618

      Epoch    GPU_mem   box_loss   cls_loss   dfl_loss  Instances       Size
     54/100      6.71G      1.328     0.6865      1.096         72        640: 1
                 Class     Images  Instances      Box(P          R      mAP50  m
                   all        120       1740      0.852      0.852      0.928       0.58

      Epoch    GPU_mem   box_loss   cls_loss   dfl_loss  Instances       Size
     55/100      6.71G      1.378        0.7      1.102         77        640: 1
                 Class     Images  Instances      Box(P          R      mAP50  m
                   all        120       1740      0.932      0.872      0.951      0.596

      Epoch    GPU_mem   box_loss   cls_loss   dfl_loss  Instances       Size
     56/100      6.71G      1.316     0.6906      1.121        136        640: 1
                 Class     Images  Instances      Box(P          R      mAP50  m
                   all        120       1740      0.908      0.818      0.926      0.577

      Epoch    GPU_mem   box_loss   cls_loss   dfl_loss  Instances       Size
     57/100      6.71G      1.324     0.6777      1.091        103        640: 1
                 Class     Images  Instances      Box(P          R      mAP50  m
                   all        120       1740      0.914      0.933      0.975      0.636

      Epoch    GPU_mem   box_loss   cls_loss   dfl_loss  Instances       Size
     58/100      6.71G      1.268     0.6602      1.098        153        640: 1
                 Class     Images  Instances      Box(P          R      mAP50  m
                   all        120       1740      0.893      0.959      0.971      0.618

      Epoch    GPU_mem   box_loss   cls_loss   dfl_loss  Instances       Size
     59/100      6.71G      1.328     0.6787      1.079         84        640: 1
                 Class     Images  Instances      Box(P          R      mAP50  m
                   all        120       1740      0.971      0.934       0.98      0.624

      Epoch    GPU_mem   box_loss   cls_loss   dfl_loss  Instances       Size
     60/100      6.71G      1.274     0.6539      1.094        141        640: 1
                 Class     Images  Instances      Box(P          R      mAP50  m
                   all        120       1740      0.915      0.913      0.972      0.676

      Epoch    GPU_mem   box_loss   cls_loss   dfl_loss  Instances       Size
     61/100      6.71G      1.358     0.6892      1.089        116        640: 1
                 Class     Images  Instances      Box(P          R      mAP50  m
                   all        120       1740      0.959      0.966      0.983      0.635

      Epoch    GPU_mem   box_loss   cls_loss   dfl_loss  Instances       Size
     62/100      6.71G      1.335     0.6875      1.078        166        640: 1
                 Class     Images  Instances      Box(P          R      mAP50  m
                   all        120       1740      0.923      0.912      0.975      0.624

      Epoch    GPU_mem   box_loss   cls_loss   dfl_loss  Instances       Size
     63/100      6.71G      1.275     0.6629      1.094        134        640: 1
                 Class     Images  Instances      Box(P          R      mAP50  m
                   all        120       1740      0.951      0.948      0.981      0.629

      Epoch    GPU_mem   box_loss   cls_loss   dfl_loss  Instances       Size
     64/100      6.71G      1.286     0.6622       1.09         85        640: 1
                 Class     Images  Instances      Box(P          R      mAP50  m
                   all        120       1740      0.958      0.918      0.977      0.637

      Epoch    GPU_mem   box_loss   cls_loss   dfl_loss  Instances       Size
     65/100      6.71G      1.197     0.6284       1.08        130        640: 1
                 Class     Images  Instances      Box(P          R      mAP50  m
                   all        120       1740      0.904      0.965      0.968      0.646

      Epoch    GPU_mem   box_loss   cls_loss   dfl_loss  Instances       Size
     66/100      6.71G      1.232     0.6404      1.078        134        640: 1
                 Class     Images  Instances      Box(P          R      mAP50  m
                   all        120       1740      0.904       0.97      0.965       0.67

      Epoch    GPU_mem   box_loss   cls_loss   dfl_loss  Instances       Size
     67/100      6.71G      1.226     0.6389      1.059         72        640: 1
                 Class     Images  Instances      Box(P          R      mAP50  m
                   all        120       1740      0.911      0.962      0.968      0.657

      Epoch    GPU_mem   box_loss   cls_loss   dfl_loss  Instances       Size
     68/100      6.71G      1.242     0.6493      1.083        124        640: 1
                 Class     Images  Instances      Box(P          R      mAP50  m
                   all        120       1740      0.949      0.927      0.976      0.652

      Epoch    GPU_mem   box_loss   cls_loss   dfl_loss  Instances       Size
     69/100      6.71G      1.251     0.6379      1.068        121        640: 1
                 Class     Images  Instances      Box(P          R      mAP50  m
                   all        120       1740       0.93      0.936      0.972      0.665

      Epoch    GPU_mem   box_loss   cls_loss   dfl_loss  Instances       Size
     70/100      6.71G      1.212     0.6267       1.06        171        640: 1
                 Class     Images  Instances      Box(P          R      mAP50  m
                   all        120       1740      0.887      0.967      0.961       0.66

      Epoch    GPU_mem   box_loss   cls_loss   dfl_loss  Instances       Size
     71/100      6.71G      1.233      0.631       1.07        115        640: 1
                 Class     Images  Instances      Box(P          R      mAP50  m
                   all        120       1740      0.909      0.942      0.967      0.677

      Epoch    GPU_mem   box_loss   cls_loss   dfl_loss  Instances       Size
     72/100      6.71G      1.229     0.6311      1.063        125        640: 1
                 Class     Images  Instances      Box(P          R      mAP50  m
                   all        120       1740      0.926      0.932      0.969       0.66

      Epoch    GPU_mem   box_loss   cls_loss   dfl_loss  Instances       Size
     73/100      6.71G      1.245     0.6368      1.049        153        640: 1
                 Class     Images  Instances      Box(P          R      mAP50  m
                   all        120       1740      0.891      0.965      0.968      0.676

      Epoch    GPU_mem   box_loss   cls_loss   dfl_loss  Instances       Size
     74/100      6.71G      1.182     0.6017      1.047        100        640: 1
                 Class     Images  Instances      Box(P          R      mAP50  m
                   all        120       1740      0.911      0.958      0.972      0.676

      Epoch    GPU_mem   box_loss   cls_loss   dfl_loss  Instances       Size
     75/100      6.71G      1.187     0.6031      1.058        141        640: 1
                 Class     Images  Instances      Box(P          R      mAP50  m
                   all        120       1740      0.956      0.936      0.976      0.633

      Epoch    GPU_mem   box_loss   cls_loss   dfl_loss  Instances       Size
     76/100      6.71G      1.186     0.6108      1.063         84        640: 1
                 Class     Images  Instances      Box(P          R      mAP50  m
                   all        120       1740      0.877      0.874      0.928      0.632

      Epoch    GPU_mem   box_loss   cls_loss   dfl_loss  Instances       Size
     77/100      6.71G      1.151     0.5928      1.042        131        640: 1
                 Class     Images  Instances      Box(P          R      mAP50  m
                   all        120       1740       0.98      0.876      0.967      0.657

      Epoch    GPU_mem   box_loss   cls_loss   dfl_loss  Instances       Size
     78/100      6.71G      1.208     0.6179       1.05         80        640: 1
                 Class     Images  Instances      Box(P          R      mAP50  m
                   all        120       1740      0.884      0.975      0.964      0.677

      Epoch    GPU_mem   box_loss   cls_loss   dfl_loss  Instances       Size
     79/100      6.71G      1.192     0.6096      1.063        182        640: 1
                 Class     Images  Instances      Box(P          R      mAP50  m
                   all        120       1740      0.881      0.955      0.962      0.676

      Epoch    GPU_mem   box_loss   cls_loss   dfl_loss  Instances       Size
     80/100      6.71G      1.206     0.6142      1.036        167        640: 1
                 Class     Images  Instances      Box(P          R      mAP50  m
                   all        120       1740       0.89      0.943      0.966      0.692

      Epoch    GPU_mem   box_loss   cls_loss   dfl_loss  Instances       Size
     81/100      6.71G      1.153     0.5918      1.042        133        640: 1
                 Class     Images  Instances      Box(P          R      mAP50  m
                   all        120       1740      0.963      0.907      0.973      0.677

      Epoch    GPU_mem   box_loss   cls_loss   dfl_loss  Instances       Size
     82/100      6.71G      1.176     0.6082      1.042        156        640: 1
                 Class     Images  Instances      Box(P          R      mAP50  m
                   all        120       1740      0.974      0.891      0.971      0.683

      Epoch    GPU_mem   box_loss   cls_loss   dfl_loss  Instances       Size
     83/100      6.71G      1.172     0.5976      1.027        117        640: 1
                 Class     Images  Instances      Box(P          R      mAP50  m
                   all        120       1740      0.896      0.968      0.975       0.69

      Epoch    GPU_mem   box_loss   cls_loss   dfl_loss  Instances       Size
     84/100      6.71G      1.154     0.5862      1.023        123        640: 1
                 Class     Images  Instances      Box(P          R      mAP50  m
                   all        120       1740      0.941      0.915      0.967       0.64

      Epoch    GPU_mem   box_loss   cls_loss   dfl_loss  Instances       Size
     85/100      6.71G       1.18     0.5982      1.027         96        640: 1
                 Class     Images  Instances      Box(P          R      mAP50  m
                   all        120       1740      0.938      0.883      0.953      0.639

      Epoch    GPU_mem   box_loss   cls_loss   dfl_loss  Instances       Size
     86/100      6.71G      1.167     0.5857      1.026         86        640: 1
                 Class     Images  Instances      Box(P          R      mAP50  m
                   all        120       1740      0.872      0.984       0.97      0.648

      Epoch    GPU_mem   box_loss   cls_loss   dfl_loss  Instances       Size
     87/100      6.71G      1.156     0.5896      1.029        127        640: 1
                 Class     Images  Instances      Box(P          R      mAP50  m
                   all        120       1740      0.971      0.915      0.979      0.638

      Epoch    GPU_mem   box_loss   cls_loss   dfl_loss  Instances       Size
     88/100      6.71G      1.134     0.5849      1.027         76        640: 1
                 Class     Images  Instances      Box(P          R      mAP50  m
                   all        120       1740      0.975      0.917      0.977      0.673

      Epoch    GPU_mem   box_loss   cls_loss   dfl_loss  Instances       Size
     89/100      6.71G      1.184     0.5967      1.021        115        640: 1
                 Class     Images  Instances      Box(P          R      mAP50  m
                   all        120       1740      0.922      0.969      0.978      0.681

      Epoch    GPU_mem   box_loss   cls_loss   dfl_loss  Instances       Size
     90/100      6.71G      1.167     0.5915      1.008         78        640: 1
                 Class     Images  Instances      Box(P          R      mAP50  m
                   all        120       1740      0.901      0.975      0.973      0.683
Closing dataloader mosaic

      Epoch    GPU_mem   box_loss   cls_loss   dfl_loss  Instances       Size
     91/100      6.71G      1.133      0.576      1.027         88        640: 1
                 Class     Images  Instances      Box(P          R      mAP50  m
                   all        120       1740      0.945      0.956      0.982      0.706

      Epoch    GPU_mem   box_loss   cls_loss   dfl_loss  Instances       Size
     92/100      6.71G      1.112     0.5666      1.021         84        640: 1
                 Class     Images  Instances      Box(P          R      mAP50  m
                   all        120       1740      0.975      0.956      0.985      0.697

      Epoch    GPU_mem   box_loss   cls_loss   dfl_loss  Instances       Size
     93/100      6.71G      1.159      0.578      1.009         76        640: 1
                 Class     Images  Instances      Box(P          R      mAP50  m
                   all        120       1740      0.925      0.971      0.981      0.679

      Epoch    GPU_mem   box_loss   cls_loss   dfl_loss  Instances       Size
     94/100      6.71G      1.165     0.5814       1.01         71        640: 1
                 Class     Images  Instances      Box(P          R      mAP50  m
                   all        120       1740       0.94      0.946      0.977      0.694

      Epoch    GPU_mem   box_loss   cls_loss   dfl_loss  Instances       Size
     95/100      6.71G      1.121     0.5639      1.009         65        640: 1
                 Class     Images  Instances      Box(P          R      mAP50  m
                   all        120       1740      0.918      0.956      0.978      0.707

      Epoch    GPU_mem   box_loss   cls_loss   dfl_loss  Instances       Size
     96/100      6.71G      1.136       0.57      1.014         64        640: 1
                 Class     Images  Instances      Box(P          R      mAP50  m
                   all        120       1740      0.953      0.951      0.982      0.688

      Epoch    GPU_mem   box_loss   cls_loss   dfl_loss  Instances       Size
     97/100      6.71G      1.129     0.5655      1.008        109        640: 1
                 Class     Images  Instances      Box(P          R      mAP50  m
                   all        120       1740      0.921      0.965      0.983      0.691

      Epoch    GPU_mem   box_loss   cls_loss   dfl_loss  Instances       Size
     98/100      6.71G       1.15     0.5711      1.016         92        640: 1
                 Class     Images  Instances      Box(P          R      mAP50  m
                   all        120       1740      0.927      0.968      0.979      0.689

      Epoch    GPU_mem   box_loss   cls_loss   dfl_loss  Instances       Size
     99/100      6.71G      1.092     0.5592      1.007         64        640: 1
                 Class     Images  Instances      Box(P          R      mAP50  m
                   all        120       1740      0.938      0.966       0.98      0.698

      Epoch    GPU_mem   box_loss   cls_loss   dfl_loss  Instances       Size
    100/100      6.71G      1.084     0.5485      1.002         87        640: 1
                 Class     Images  Instances      Box(P          R      mAP50  m
                   all        120       1740      0.916      0.971      0.977      0.698

100 epochs completed in 0.941 hours.
Optimizer stripped from .yolo-out-hc5/yolo11-hc5-abl-b-3/weights/last.pt, 27.5MB
Optimizer stripped from .yolo-out-hc5/yolo11-hc5-abl-b-3/weights/best.pt, 27.5MB

Validating .yolo-out-hc5/yolo11-hc5-abl-b-3/weights/best.pt...
Ultralytics 8.3.150 🚀 Python-3.13.2 torch-2.6.0+cu118 CUDA:0 (Tesla T4, 14913MiB)
                                                       CUDA:1 (Tesla T4, 14913MiB)
model summary (fused): 114 layers, 13,477,855 parameters, 0 gradients, 70.5 GFLOPs
                 Class     Images  Instances      Box(P          R      mAP50  m
                   all        120       1740      0.919      0.956      0.978      0.706
                   bus          7         13        0.8          1      0.975      0.729
                   car         60        560      0.987      0.968      0.994      0.823
                 human         60       1167       0.97        0.9      0.965      0.566
Speed: 0.2ms preprocess, 14.2ms inference, 0.0ms loss, 7.5ms postprocess per image
Results saved to .yolo-out-hc5/yolo11-hc5-abl-b-3
